inf-bench env-check
  PROBE                RESULT
  git-dirty-tree       FAIL  dirty git tree: 7 uncommitted entries
  cpufreq-governor     FAIL  scaling_governor != performance on 24 cpus: cpu0=powersave, cpu1=powersave, cpu10=powersave, cpu11=powersave (+20 more)
  cpufreq-epp          PASS
  thermal-throttle     FAIL  thermal throttling occurred: cpu0/package_throttle_count=30, cpu1/package_throttle_count=30, cpu10/core_throttle_count=27, cpu10/package_throttle_count=30
  power-source         SKIP  macos-only probe (this host: linux)
  low-power-mode       SKIP  macos-only probe (this host: linux)

  *** DIRTY TREE — dev run only, output is not citation-grade ***
gate-run: CONTINUING WITH FAILED ENV-CHECK — results are not citation-grade
  s35: 5s drive-state idle before s37 ticketed-DEL A rep0
  s37 rep0 A cycle0 keys@0: sets=12288 tickets=0 (0.000/set) set_fallbacks=0 dels=12288 forced=0 (0.000/del) refused=0 pending_after=0 reads_fg=0 del_ops/s=84148 del_p50_us=615 del_p99_us=1515 del_p999_us=2567 del_max_us=2602 rss_before_del=280973312 rss_peak_del=280973312 rss_after_del=280973312 (growth 0)
  s37 rep0 A cycle1 keys@12288: sets=12288 tickets=0 (0.000/set) set_fallbacks=0 dels=12288 forced=0 (0.000/del) refused=0 pending_after=0 reads_fg=0 del_ops/s=74327 del_p50_us=657 del_p99_us=2079 del_p999_us=2943 del_max_us=3359 rss_before_del=279560192 rss_peak_del=279560192 rss_after_del=279560192 (growth 0)
  s37 rep0 A cycle2 keys@24576: sets=12288 tickets=0 (0.000/set) set_fallbacks=0 dels=12288 forced=0 (0.000/del) refused=0 pending_after=0 reads_fg=0 del_ops/s=73056 del_p50_us=723 del_p99_us=1791 del_p999_us=2495 del_max_us=2842 rss_before_del=278089728 rss_peak_del=278089728 rss_after_del=278089728 (growth 0)
  s37 rep0 A cycle3 keys@36864: sets=12288 tickets=0 (0.000/set) set_fallbacks=0 dels=12288 forced=0 (0.000/del) refused=0 pending_after=0 reads_fg=0 del_ops/s=66878 del_p50_us=819 del_p99_us=1947 del_p999_us=2367 del_max_us=2568 rss_before_del=281145344 rss_peak_del=281145344 rss_after_del=281145344 (growth 0)
  s37 rep0 A leg: cycles=4 sets=49152 tickets=0 set_fallbacks=0 dels=49152 forced=0 (0.000/del) refused=0 pending_after=0 reads_fg=0 del_ops/s=74327 del_p50_us=723 del_p99_us=1947 del_p999_us=2567 del_max_us=3359 del_rss_growth=0 rss_base=280539136 rss_end=281145344 (delta 606208)
  s35: 5s drive-state idle before s37 ticketed-DEL B rep0
  s37 rep0 B cycle0 keys@0: sets=12288 tickets=12288 (1.000/set) set_fallbacks=0 dels=12288 forced=12288 (1.000/del) refused=0 pending_after=0 reads_fg=0 del_ops/s=10292 del_p50_us=3087 del_p99_us=27263 del_p999_us=30143 del_max_us=33663 rss_before_del=280895488 rss_peak_del=280895488 rss_after_del=280895488 (growth 0)
  s37 rep0 B cycle1 keys@12288: sets=12288 tickets=10487 (0.853/set) set_fallbacks=0 dels=12288 forced=10487 (0.853/del) refused=0 pending_after=0 reads_fg=0 del_ops/s=8793 del_p50_us=2999 del_p99_us=28223 del_p999_us=32639 del_max_us=33472 rss_before_del=279396352 rss_peak_del=279396352 rss_after_del=279396352 (growth 0)
  s37 rep0 B cycle2 keys@24576: sets=12288 tickets=10797 (0.879/set) set_fallbacks=0 dels=12288 forced=10797 (0.879/del) refused=0 pending_after=0 reads_fg=0 del_ops/s=9689 del_p50_us=2879 del_p99_us=28351 del_p999_us=32383 del_max_us=33741 rss_before_del=278126592 rss_peak_del=278126592 rss_after_del=278126592 (growth 0)
  s37 rep0 B cycle3 keys@36864: sets=12288 tickets=10725 (0.873/set) set_fallbacks=0 dels=12288 forced=10725 (0.873/del) refused=0 pending_after=0 reads_fg=0 del_ops/s=9342 del_p50_us=2759 del_p99_us=27583 del_p999_us=29375 del_max_us=30728 rss_before_del=281165824 rss_peak_del=281165824 rss_after_del=281165824 (growth 0)
  s37 rep0 B leg: cycles=4 sets=49152 tickets=44297 set_fallbacks=0 dels=49152 forced=44297 (0.901/del) refused=0 pending_after=0 reads_fg=0 del_ops/s=9689 del_p50_us=2999 del_p99_us=28223 del_p999_us=32383 del_max_us=33741 del_rss_growth=0 rss_base=280535040 rss_end=281165824 (delta 630784)
  s35: 5s drive-state idle before s37 ticketed-DEL B rep1
  s37 rep1 B cycle0 keys@0: sets=12288 tickets=12288 (1.000/set) set_fallbacks=0 dels=12288 forced=12288 (1.000/del) refused=0 pending_after=0 reads_fg=0 del_ops/s=18238 del_p50_us=2847 del_p99_us=7311 del_p999_us=8607 del_max_us=10905 rss_before_del=280924160 rss_peak_del=280924160 rss_after_del=280924160 (growth 0)
  s37 rep1 B cycle1 keys@12288: sets=12288 tickets=10487 (0.853/set) set_fallbacks=0 dels=12288 forced=10487 (0.853/del) refused=0 pending_after=0 reads_fg=0 del_ops/s=17040 del_p50_us=2847 del_p99_us=8767 del_p999_us=14143 del_max_us=19851 rss_before_del=279482368 rss_peak_del=279482368 rss_after_del=279482368 (growth 0)
  s37 rep1 B cycle2 keys@24576: sets=12288 tickets=10798 (0.879/set) set_fallbacks=0 dels=12288 forced=10798 (0.879/del) refused=0 pending_after=0 reads_fg=0 del_ops/s=17788 del_p50_us=2847 del_p99_us=6735 del_p999_us=8287 del_max_us=9037 rss_before_del=278241280 rss_peak_del=278241280 rss_after_del=278241280 (growth 0)
  s37 rep1 B cycle3 keys@36864: sets=12288 tickets=10955 (0.892/set) set_fallbacks=0 dels=12288 forced=10955 (0.892/del) refused=0 pending_after=0 reads_fg=0 del_ops/s=9252 del_p50_us=3047 del_p99_us=25919 del_p999_us=36223 del_max_us=36798 rss_before_del=277303296 rss_peak_del=277303296 rss_after_del=277303296 (growth 0)
  s37 rep1 B leg: cycles=4 sets=49152 tickets=44528 set_fallbacks=0 dels=49152 forced=44528 (0.906/del) refused=0 pending_after=0 reads_fg=0 del_ops/s=17788 del_p50_us=2847 del_p99_us=8767 del_p999_us=14143 del_max_us=36798 del_rss_growth=0 rss_base=280563712 rss_end=277303296 (delta -3260416)
  s35: 5s drive-state idle before s37 ticketed-DEL A rep1
  s37 rep1 A cycle0 keys@0: sets=12288 tickets=0 (0.000/set) set_fallbacks=0 dels=12288 forced=0 (0.000/del) refused=0 pending_after=0 reads_fg=0 del_ops/s=63789 del_p50_us=781 del_p99_us=2663 del_p999_us=10399 del_max_us=10732 rss_before_del=280977408 rss_peak_del=280977408 rss_after_del=280977408 (growth 0)
  s37 rep1 A cycle1 keys@12288: sets=12288 tickets=0 (0.000/set) set_fallbacks=0 dels=12288 forced=0 (0.000/del) refused=0 pending_after=0 reads_fg=0 del_ops/s=73437 del_p50_us=711 del_p99_us=1895 del_p999_us=2727 del_max_us=2858 rss_before_del=279568384 rss_peak_del=279568384 rss_after_del=279568384 (growth 0)
  s37 rep1 A cycle2 keys@24576: sets=12288 tickets=0 (0.000/set) set_fallbacks=0 dels=12288 forced=0 (0.000/del) refused=0 pending_after=0 reads_fg=0 del_ops/s=65128 del_p50_us=761 del_p99_us=2071 del_p999_us=2543 del_max_us=2910 rss_before_del=278310912 rss_peak_del=278310912 rss_after_del=278310912 (growth 0)
  s37 rep1 A cycle3 keys@36864: sets=12288 tickets=0 (0.000/set) set_fallbacks=0 dels=12288 forced=0 (0.000/del) refused=0 pending_after=0 reads_fg=0 del_ops/s=69724 del_p50_us=729 del_p99_us=1807 del_p999_us=2183 del_max_us=3447 rss_before_del=277168128 rss_peak_del=277168128 rss_after_del=277168128 (growth 0)
  s37 rep1 A leg: cycles=4 sets=49152 tickets=0 set_fallbacks=0 dels=49152 forced=0 (0.000/del) refused=0 pending_after=0 reads_fg=0 del_ops/s=69724 del_p50_us=761 del_p99_us=2071 del_p999_us=2727 del_max_us=10732 del_rss_growth=0 rss_base=280682496 rss_end=277168128 (delta -3514368)
  s35: 5s drive-state idle before s37 ticketed-DEL A rep2
  s37 rep2 A cycle0 keys@0: sets=12288 tickets=0 (0.000/set) set_fallbacks=0 dels=12288 forced=0 (0.000/del) refused=0 pending_after=0 reads_fg=0 del_ops/s=75002 del_p50_us=739 del_p99_us=1691 del_p999_us=2543 del_max_us=2605 rss_before_del=281006080 rss_peak_del=281006080 rss_after_del=281006080 (growth 0)
  s37 rep2 A cycle1 keys@12288: sets=12288 tickets=0 (0.000/set) set_fallbacks=0 dels=12288 forced=0 (0.000/del) refused=0 pending_after=0 reads_fg=0 del_ops/s=74149 del_p50_us=735 del_p99_us=2079 del_p999_us=2511 del_max_us=2540 rss_before_del=279613440 rss_peak_del=279613440 rss_after_del=279613440 (growth 0)
  s37 rep2 A cycle2 keys@24576: sets=12288 tickets=0 (0.000/set) set_fallbacks=0 dels=12288 forced=0 (0.000/del) refused=0 pending_after=0 reads_fg=0 del_ops/s=54904 del_p50_us=871 del_p99_us=4607 del_p999_us=9855 del_max_us=10251 rss_before_del=278355968 rss_peak_del=278355968 rss_after_del=278355968 (growth 0)
  s37 rep2 A cycle3 keys@36864: sets=12288 tickets=0 (0.000/set) set_fallbacks=0 dels=12288 forced=0 (0.000/del) refused=0 pending_after=0 reads_fg=0 del_ops/s=68923 del_p50_us=735 del_p99_us=2071 del_p999_us=2711 del_max_us=2851 rss_before_del=277286912 rss_peak_del=277286912 rss_after_del=277286912 (growth 0)
  s37 rep2 A leg: cycles=4 sets=49152 tickets=0 set_fallbacks=0 dels=49152 forced=0 (0.000/del) refused=0 pending_after=0 reads_fg=0 del_ops/s=74149 del_p50_us=739 del_p99_us=2079 del_p999_us=2711 del_max_us=10251 del_rss_growth=0 rss_base=280637440 rss_end=277286912 (delta -3350528)
  s35: 5s drive-state idle before s37 ticketed-DEL B rep2
  s37 rep2 B cycle0 keys@0: sets=12288 tickets=12288 (1.000/set) set_fallbacks=0 dels=12288 forced=12288 (1.000/del) refused=0 pending_after=0 reads_fg=0 del_ops/s=17962 del_p50_us=3039 del_p99_us=7311 del_p999_us=9247 del_max_us=11027 rss_before_del=281038848 rss_peak_del=281038848 rss_after_del=281038848 (growth 0)
  s37 rep2 B cycle1 keys@12288: sets=12288 tickets=10660 (0.868/set) set_fallbacks=0 dels=12288 forced=10660 (0.868/del) refused=0 pending_after=0 reads_fg=0 del_ops/s=18625 del_p50_us=2703 del_p99_us=6671 del_p999_us=7903 del_max_us=9461 rss_before_del=279646208 rss_peak_del=279646208 rss_after_del=279646208 (growth 0)
  s37 rep2 B cycle2 keys@24576: sets=12288 tickets=10798 (0.879/set) set_fallbacks=0 dels=12288 forced=10798 (0.879/del) refused=0 pending_after=0 reads_fg=0 del_ops/s=19552 del_p50_us=2839 del_p99_us=6319 del_p999_us=7503 del_max_us=8431 rss_before_del=278384640 rss_peak_del=278384640 rss_after_del=278384640 (growth 0)
  s37 rep2 B cycle3 keys@36864: sets=12288 tickets=10917 (0.888/set) set_fallbacks=0 dels=12288 forced=10917 (0.888/del) refused=0 pending_after=0 reads_fg=0 del_ops/s=18629 del_p50_us=2735 del_p99_us=6319 del_p999_us=7935 del_max_us=9181 rss_before_del=277385216 rss_peak_del=277385216 rss_after_del=277385216 (growth 0)
  s37 rep2 B leg: cycles=4 sets=49152 tickets=44663 set_fallbacks=0 dels=49152 forced=44663 (0.909/del) refused=0 pending_after=0 reads_fg=0 del_ops/s=18629 del_p50_us=2839 del_p99_us=6671 del_p999_us=7935 del_max_us=11027 del_rss_growth=0 rss_base=280743936 rss_end=277385216 (delta -3358720)

== gate verdicts ==
  S29: tiered always scaling slope (c256/c64) PENDING (tooling)
  S29: tiered:flat always parity at 64 conns PENDING (tooling)
  S29: tiered:flat always parity at 256 conns PENDING (tooling)
  S29: tiered:flat always p99 ratio at 256 conns PENDING (tooling)
  S27: client-visible -BUSY refusals under provoked staging pressure PENDING (tooling)
  S27: last:first throughput across back-to-back write repeats PENDING (tooling)
  S27: worst per-leg max latency at everysec under provoked pressure PENDING (tooling)
  S35: always p50 over the barrier p50 at 32 conns PENDING (tooling)
  S35: N-cell vs 1-cell barrier p50 ratio (device characterization — informational since the ADR-0087 fourth amendment, 2026-08-22) PENDING (tooling)
  S35: N-cell vs 1-cell always client p50 ratio (informational since 2026-08-22 — carries the pipeline's seal wait at K ≥ 2) PENDING (tooling)
  S36: server CPU across the pure-write everysec leg PENDING (tooling)
  S36: everysec pure-write throughput vs the same-session tmpfs control PENDING (tooling)
  S36: checkpoint + MANIFEST bytes over log frame bytes (the derived trigger's 1/α bound) PENDING (tooling)
  S36: log + checkpoint write amplification (informational — the padding term is shape-dependent) PENDING (tooling)
  S36: everysec max latency at the comparator-matched offered rate (S27 D5) PENDING (tooling)
  S39b: warmed zero-fill bytes per log frame byte under recycling (arm) PENDING (tooling)
  S39b: rotations not served by the pool over the warmed window, worst cell PENDING (tooling)
  S39b: padding share moved by recycling (the S39c control) PENDING (tooling)
  S39b: always c32 p50 under recycling over baseline PENDING (tooling)
  S39b: always c32 p99 under recycling over baseline PENDING (tooling)
  S39b: read leg under recycling over baseline (the E4.7 ±2 % rule) PENDING (tooling)
  S39b: first crash-restart recovery boot on the recycled log over baseline PENDING (tooling)
  S39b: rotations per cell the row actually performed (validity) PENDING (tooling)
  S39b/D9: pool waits fed before the bound over waits ended (arm) PENDING (tooling)
  S39b/D9: rotations onto an un-zeroed segment on the arm, worst replicate PENDING (tooling)
  S39b/D9: rotations that found no next segment on the arm, worst replicate PENDING (tooling)
  S39b/D9: preallocs refused for space on the arm, worst replicate PENDING (tooling)
  S39b: accounted host bytes per log frame byte under recycling (informational) PENDING (tooling)
  S39b: block-device sectors written per log frame byte under recycling (informational) PENDING (tooling)
  S39d: fixed-work first-boot recovery, slowest cell's engine total, arm over baseline PENDING (tooling)
  S39d: absolute first-boot recovery wall on the recycled log (the S18 < 15 s STOP gate re-read) PENDING (tooling)
  S39d: both arms recovered exactly the records written (fixed-work validity) PENDING (tooling)
  S39d: slack-audit phase time over the cell sums, arm over baseline (the recycling term, informational) PENDING (tooling)
  S40: everysec max latency at the memtier shape, worst leg (S27 D5) PENDING (tooling)
  S40: achieved over offered rate, worst leg (validity — a saturated leg's max is a saturation number) PENDING (tooling)
  S40: seconds whose per-second maximum exceeded 50 ms, summed over legs (informational) PENDING (tooling)
  S37 step 1: blind-overwrite ceiling throughput over the shipping path at 256 conns PENDING (tooling)
  S37 step 1: blind-overwrite ceiling p99 gain at 256 conns PENDING (tooling)
  S37 step 1: share of arm B's SETs that skipped a cold read (validity — 0 = the instrument never engaged) PENDING (tooling)
  S37 step 2 discriminator: widest COLD-READ-QD arm throughput over the baseline cap at 256 conns PENDING (tooling)
  S37 step 2 discriminator: widest COLD-READ-QD arm p99 over the baseline cap at 256 conns (the tail the wider cap charges) PENDING (tooling)
  S37 step 2 discriminator: the baseline's device QD p99 at issue (≈ the cap = the cap bound; validity of the discriminator) PENDING (tooling)
  S42: first boot over second boot of a fresh data directory (the in-boot probe's cost) PENDING (tooling)
  S42: every first boot reported io_properties_source=probed-at-boot on every cell (validity) PENDING (tooling)
  S42: every second boot reported io_properties_source=file with the identity verified (validity) PENDING (tooling)
  S42: the file the first boot wrote is schema 3 (identity-bound) PENDING (tooling)
  S42: always p50 over the barrier p50 at 32 conns on the directory the first boot probed (S35's bar on the stock boot) PENDING (tooling)
  S42: always c32 ops/s on the stock boot (informational — read against the probed arm's replicate spread) PENDING (tooling)
  S39d: replay-phase rate on the slowest cell, arm (C38b's statistic on the loop clock, this row's shape — informational) PENDING (tooling)
  S39d: replay-phase rate on the slowest cell, baseline (informational) PENDING (tooling)
  S37: shadow arm ops/s over the shipping path at 256 conns (ADR-0093 D9 hypothesis ≥ 1.5 ×) PENDING (tooling)
  S37: shadow arm p50 over the shipping path at 256 conns (ADR-0093 D9 hypothesis ≤ 0.5 ×) PENDING (tooling)
  S37: share of the shadow arm's SETs that fell back to the synchronous verify (ADR-0093 D9 falsifier at 0.5) PENDING (tooling)

gate-run: report written to .artifacts/m4.5/s29/1789165645-gate-run/report.md
