2026-08-22T23:57:01-04:00
infinityd e123e83 (git e123e835d3f8, x86_64-unknown-linux-gnu)
e123e83
dirty=0
performance
infinityd running: 0 redis running: 1
 1257930    36313 294489095  1158731 90406044  2787910 2706644650 80610050        0  5441504 82024014   105384        0 367302032    64630   205967   190601
inf-bench env-check
  PROBE                RESULT
  git-dirty-tree       PASS
  cpufreq-governor     PASS
  cpufreq-epp          PASS
  thermal-throttle     PASS
  power-source         SKIP  macos-only probe (this host: linux)
  low-power-mode       SKIP  macos-only probe (this host: linux)

env-check: OK
  s35: 40s drive-state idle before s40 rep0
  s40 rep0: rep0 achieved=100000 (1.000 of offered) p50_us=68 p99_us=120 p999_us=5567 max_us=17438 max_at_s=20.24 seconds_over_50ms=0 top_seconds=[(20, 17438), (48, 16616), (3, 12742), (5, 11575), (0, 4084)] cpu_pct=394 ckpts=16 ckpt_bytes=3537313792 stall_p99_us=22015 stall_p999_us=40959 parked=0 dev_mib=10935 attribution=unattributed [no engine event in the window; device: +32 MiB written, 52 ms writing, io busy 11 % of the 253 ms window]
  s35: 40s drive-state idle before s40 rep1
  s40 rep1: rep1 achieved=100000 (1.000 of offered) p50_us=68 p99_us=1466367 p999_us=2052095 max_us=2225943 max_at_s=0.00 seconds_over_50ms=3 top_seconds=[(0, 2225943), (1, 1500542), (2, 694832), (37, 17239), (20, 16664)] cpu_pct=374 ckpts=16 ckpt_bytes=3581403136 stall_p99_us=9727 stall_p999_us=41983 parked=328 dev_mib=11104 attribution=admission-park [admission parks (+42), frame waits (+5 barrier, +0 rotation, +0 pace); device: +11 MiB written, 18490 ms writing, io busy 92 % of the 253 ms window]
  s35: 40s drive-state idle before s40 rep2
  s40 rep2: rep2 achieved=100000 (1.000 of offered) p50_us=67 p99_us=111 p999_us=3127 max_us=16982 max_at_s=20.23 seconds_over_50ms=0 top_seconds=[(20, 16982), (3, 12709), (5, 7586), (38, 5959), (0, 4476)] cpu_pct=394 ckpts=16 ckpt_bytes=3522322432 stall_p99_us=8447 stall_p999_us=39935 parked=0 dev_mib=11144 attribution=unattributed [no engine event in the window; device: +32 MiB written, 62 ms writing, io busy 10 % of the 252 ms window]

== gate verdicts ==
  S29: tiered always scaling slope (c256/c64) PENDING (tooling)
  S29: tiered:flat always parity at 64 conns PENDING (tooling)
  S29: tiered:flat always parity at 256 conns PENDING (tooling)
  S29: tiered:flat always p99 ratio at 256 conns PENDING (tooling)
  S27: client-visible -BUSY refusals under provoked staging pressure PENDING (tooling)
  S27: last:first throughput across back-to-back write repeats PENDING (tooling)
  S27: worst per-leg max latency at everysec under provoked pressure PENDING (tooling)
  S35: always p50 over the barrier p50 at 32 conns PENDING (tooling)
  S35: N-cell vs 1-cell barrier p50 ratio (device characterization — informational since the ADR-0087 fourth amendment, 2026-08-22) PENDING (tooling)
  S35: N-cell vs 1-cell always client p50 ratio (informational since 2026-08-22 — carries the pipeline's seal wait at K ≥ 2) PENDING (tooling)
  S36: server CPU across the pure-write everysec leg PENDING (tooling)
  S36: everysec pure-write throughput vs the same-session tmpfs control PENDING (tooling)
  S36: checkpoint + MANIFEST bytes over log frame bytes (the derived trigger's 1/α bound) PENDING (tooling)
  S36: log + checkpoint write amplification (informational — the padding term is shape-dependent) PENDING (tooling)
  S36: everysec max latency at the comparator-matched offered rate (S27 D5) PENDING (tooling)
  S39b: warmed zero-fill bytes per log frame byte under recycling (arm) PENDING (tooling)
  S39b: rotations not served by the pool over the warmed window, worst cell PENDING (tooling)
  S39b: padding share moved by recycling (the S39c control) PENDING (tooling)
  S39b: always c32 p50 under recycling over baseline PENDING (tooling)
  S39b: always c32 p99 under recycling over baseline PENDING (tooling)
  S39b: read leg under recycling over baseline (the E4.7 ±2 % rule) PENDING (tooling)
  S39b: first crash-restart recovery boot on the recycled log over baseline PENDING (tooling)
  S39b: rotations per cell the row actually performed (validity) PENDING (tooling)
  S39b/D9: pool waits fed before the bound over waits ended (arm) PENDING (tooling)
  S39b/D9: rotations onto an un-zeroed segment on the arm, worst replicate PENDING (tooling)
  S39b/D9: rotations that found no next segment on the arm, worst replicate PENDING (tooling)
  S39b/D9: preallocs refused for space on the arm, worst replicate PENDING (tooling)
  S39b: accounted host bytes per log frame byte under recycling (informational) PENDING (tooling)
  S39b: block-device sectors written per log frame byte under recycling (informational) PENDING (tooling)
  S39d: fixed-work first-boot recovery, slowest cell's engine total, arm over baseline PENDING (tooling)
  S39d: absolute first-boot recovery wall on the recycled log (the S18 < 15 s STOP gate re-read) PENDING (tooling)
  S39d: both arms recovered exactly the records written (fixed-work validity) PENDING (tooling)
  S39d: slack-audit phase time over the cell sums, arm over baseline (the recycling term, informational) PENDING (tooling)
  S40: everysec max latency at the memtier shape, worst leg (S27 D5) FAIL
  S40: achieved over offered rate, worst leg (validity — a saturated leg's max is a saturation number) PASS
  S40: seconds whose per-second maximum exceeded 50 ms, summed over legs (informational) FAIL (informational)
  S37 step 1: blind-overwrite ceiling throughput over the shipping path at 256 conns PENDING (tooling)
  S37 step 1: blind-overwrite ceiling p99 gain at 256 conns PENDING (tooling)
  S37 step 1: share of arm B's SETs that skipped a cold read (validity — 0 = the instrument never engaged) PENDING (tooling)

gate-run: report written to /home/kcaicedo/bench-data/s40/campaign-I/run/1787457727-gate-run/report.md
inf-bench: 1 binding gate(s) FAILED
