   Compiling inf-server v0.0.0 (/home/kcaicedo/Documents/Projects/databases/infinitydb/crates/inf-server)
    Finished `test` profile [unoptimized + debuginfo] target(s) in 1.57s
     Running tests/node_e2e.rs (target/debug/deps/node_e2e-a1d69910f64808e6)

running 3 tests
test fabric_apply_bound_covers_every_client_argv ... FAILED
test named_ns_wide_mset_ships_whole_to_its_remote_owner ... FAILED
test tiered_scan_batches_its_cold_key_reads ... FAILED

failures:

---- fabric_apply_bound_covers_every_client_argv stdout ----

thread 'fabric_apply_bound_covers_every_client_argv' (17817) panicked at crates/inf-server/tests/node_e2e.rs:1843:5:
fabric apply bound 16 < client argv bound 1024: a client-legal command can be refused by slot ownership (F-L17-15)
note: run with `RUST_BACKTRACE=1` environment variable to display a backtrace

---- named_ns_wide_mset_ships_whole_to_its_remote_owner stdout ----
control: cell 0 recovered (0 segments, 0 bytes, 0 records; phases ms: start 0.0, ckpt 0.0 [0 B], replay 0.0 [0 B], audit 0.0 [0 B], finish 0.0, total 0.0)
control: cell 1 recovered (0 segments, 0 bytes, 0 records; phases ms: start 0.0, ckpt 0.0 [0 B], replay 0.0 [0 B], audit 0.0 [0 B], finish 0.0, total 0.0)
control: recovery complete — 2 cells serving (2 ms)

thread 'named_ns_wide_mset_ships_whole_to_its_remote_owner' (17818) panicked at crates/inf-server/tests/node_e2e.rs:665:5:
assertion `left == right` failed: reply mismatch: got "-ERR " want "+OK\r\n"
  left: [45, 69, 82, 82, 32]
 right: [43, 79, 75, 13, 10]

---- tiered_scan_batches_its_cold_key_reads stdout ----
control: cell 0 recovered (0 segments, 0 bytes, 0 records; phases ms: start 0.0, ckpt 0.0 [0 B], replay 0.0 [0 B], audit 0.0 [0 B], finish 0.0, total 0.0)
control: recovery complete — 1 cells serving (2 ms)

thread 'tiered_scan_batches_its_cold_key_reads' (17819) panicked at crates/inf-server/tests/node_e2e.rs:2667:5:
demotion never released (flushed 2097168, decommitted pages 2)


failures:
    fabric_apply_bound_covers_every_client_argv
    named_ns_wide_mset_ships_whole_to_its_remote_owner
    tiered_scan_batches_its_cold_key_reads

test result: FAILED. 0 passed; 3 failed; 0 ignored; 0 measured; 72 filtered out; finished in 32.85s

error: test failed, to rerun pass `-p inf-server --test node_e2e`
