I0707 10:56:47.281245   21718 init.cc:144] dragonfly running in opt mode.
                   .--::--.                   
   :+*=:          =@@@@@@@@=          :+*+:   
  %@@@@@@%*=.     =@@@@@@@@-     .=*%@@@@@@#  
  @@@@@@@@@@@@#+-. .%@@@@#. .-+#@@@@@@@@@@@%  
  -@@@@@@@@@@@@@@@@*:#@@#:*@@@@@@@@@@@@@@@@-  
    :+*********####-%@%%@%-####********++.    
   .%@@@@@@@@@@@@@%:@@@@@@:@@@@@@@@@@@@@@%    
   .@@@@@@@@%*+-:   =@@@@=  .:-+*%@@@@@@@%.   
     =*+-:           ###*          .:-+*=     
                     %@@%                     
                     *@@*                     
                     +@@=                     
                     :##:                     
                     :@@:                     
                      @@                      
                      ..                      
* Logs will be written to the first available of the following paths:
* For the available flags type dragonfly [--help | --helpfull]
* Documentation can be found at: https://www.dragonflydb.io/docs
I0707 10:56:47.281318   21718 dfly_main.cc:1096] Starting dragonfly df-v1.39.0-699862e5da7cb29bf5642a1da422c4c78cefae38
I0707 10:56:47.281471   21718 dfly_main.cc:1137] Using proactor_threads=4 (overriding cgroup-derived 0)
W0707 10:56:47.281482   21718 dfly_main.cc:1144] SWAP is enabled. Consider disabling it when running Dragonfly.
I0707 10:56:47.281489   21718 dfly_main.cc:1150] maxmemory has not been specified. Deciding myself....
I0707 10:56:47.281493   21718 dfly_main.cc:1159] Found 25.14GiB available memory. Setting maxmemory to 20.11GiB
I0707 10:56:47.282288   21719 uring_proactor.cc:263] IORing with 1024 entries, allocated 98368 bytes, cq_entries is 2048
I0707 10:56:47.282583   21718 proactor_pool.cc:149] Running 4 io threads
I0707 10:56:47.283898   21718 dragonfly_listener.cc:152] SSL version: OpenSSL 3.4.5 7 Apr 2026
W0707 10:56:47.283938   21718 dfly_main.cc:350] Protected mode enabled. Binding to localhost only because no password is set. To accept remote connections, set a password with --requirepass or specify a bind address with --bind.
I0707 10:56:47.284841   21718 server_family.cc:1221] Host OS: Linux 7.0.0-27-generic x86_64 with 4 threads
I0707 10:56:47.292008   21720 listener_interface.cc:102] sock[11] AcceptServer - listening on 127.0.0.1:7001
