    Finished `release` profile [optimized + debuginfo] target(s) in 0.02s
    Finished `release` profile [optimized + debuginfo] target(s) in 0.01s
     Running `target/x86_64-unknown-linux-gnu/release/path_program -artifact_prefix=/home/kcaicedo/Documents/Projects/databases/infinitydb/crates/inf-doc/fuzz/artifacts/path_program/ -max_total_time=300 corpus/path_program corpora/path_program`
INFO: Running with entropic power schedule (0xFF, 100).
INFO: Seed: 1618584377
INFO: Loaded 1 modules   (8326 inline 8-bit counters): 8326 [0x5b89d0d86190, 0x5b89d0d88216), 
INFO: Loaded 1 PC tables (8326 PCs): 8326 [0x5b89d0d88218,0x5b89d0da8a78), 
INFO:     4406 files found in corpus/path_program
INFO:        8 files found in corpora/path_program
INFO: -max_len is not provided; libFuzzer will not generate inputs larger than 4096 bytes
INFO: seed corpus: files: 4414 min: 1b max: 4063b total: 617012b rss: 37Mb
#4096	pulse  cov: 2238 ft: 11006 corp: 1656/80Kb exec/s: 682 rss: 440Mb
#4415	INITED cov: 2242 ft: 11394 corp: 1745/173Kb exec/s: 630 rss: 445Mb
#8192	pulse  cov: 2242 ft: 11394 corp: 1745/173Kb lim: 4096 exec/s: 1170 rss: 449Mb
#9006	REDUCE cov: 2242 ft: 11394 corp: 1745/173Kb lim: 4096 exec/s: 1286 rss: 450Mb L: 93/4063 MS: 1 EraseBytes-
#9742	REDUCE cov: 2242 ft: 11394 corp: 1745/173Kb lim: 4096 exec/s: 1391 rss: 450Mb L: 459/4063 MS: 1 EraseBytes-
#10643	REDUCE cov: 2242 ft: 11394 corp: 1745/173Kb lim: 4096 exec/s: 1520 rss: 451Mb L: 126/4063 MS: 1 EraseBytes-
#11074	REDUCE cov: 2242 ft: 11394 corp: 1745/173Kb lim: 4096 exec/s: 1582 rss: 451Mb L: 305/4063 MS: 1 EraseBytes-
#15090	REDUCE cov: 2242 ft: 11394 corp: 1745/173Kb lim: 4096 exec/s: 2155 rss: 455Mb L: 37/4063 MS: 1 EraseBytes-
#15166	NEW    cov: 2242 ft: 11397 corp: 1746/174Kb lim: 4096 exec/s: 2166 rss: 456Mb L: 100/4063 MS: 1 EraseBytes-
#15593	REDUCE cov: 2242 ft: 11397 corp: 1746/173Kb lim: 4096 exec/s: 2227 rss: 457Mb L: 631/4063 MS: 2 ShuffleBytes-EraseBytes-
#16384	pulse  cov: 2242 ft: 11397 corp: 1746/173Kb lim: 4096 exec/s: 2340 rss: 457Mb
#17456	REDUCE cov: 2242 ft: 11397 corp: 1746/173Kb lim: 4096 exec/s: 2493 rss: 459Mb L: 154/4063 MS: 3 ChangeASCIIInt-ChangeASCIIInt-EraseBytes-
#17919	REDUCE cov: 2242 ft: 11397 corp: 1746/173Kb lim: 4096 exec/s: 2239 rss: 459Mb L: 94/4063 MS: 3 InsertByte-EraseBytes-CopyPart-
#18891	REDUCE cov: 2242 ft: 11397 corp: 1746/173Kb lim: 4096 exec/s: 2361 rss: 461Mb L: 71/4063 MS: 2 ChangeASCIIInt-EraseBytes-
#20152	REDUCE cov: 2242 ft: 11397 corp: 1746/173Kb lim: 4096 exec/s: 2519 rss: 462Mb L: 28/4063 MS: 1 EraseBytes-
#20958	REDUCE cov: 2242 ft: 11397 corp: 1746/173Kb lim: 4096 exec/s: 2619 rss: 463Mb L: 47/4063 MS: 1 EraseBytes-
#22429	REDUCE cov: 2242 ft: 11397 corp: 1746/173Kb lim: 4096 exec/s: 2803 rss: 465Mb L: 75/4063 MS: 1 EraseBytes-
#23001	REDUCE cov: 2242 ft: 11397 corp: 1746/173Kb lim: 4096 exec/s: 2875 rss: 465Mb L: 76/4063 MS: 2 ShuffleBytes-EraseBytes-
#24752	REDUCE cov: 2242 ft: 11397 corp: 1746/173Kb lim: 4096 exec/s: 3094 rss: 467Mb L: 23/4063 MS: 1 EraseBytes-
#26283	REDUCE cov: 2242 ft: 11397 corp: 1746/173Kb lim: 4096 exec/s: 3285 rss: 468Mb L: 163/4063 MS: 1 EraseBytes-
#26384	REDUCE cov: 2242 ft: 11397 corp: 1746/173Kb lim: 4096 exec/s: 3298 rss: 468Mb L: 455/4063 MS: 1 EraseBytes-
#29015	REDUCE cov: 2242 ft: 11397 corp: 1746/173Kb lim: 4096 exec/s: 3626 rss: 473Mb L: 19/4063 MS: 1 EraseBytes-
#29363	REDUCE cov: 2242 ft: 11397 corp: 1746/173Kb lim: 4096 exec/s: 3670 rss: 473Mb L: 53/4063 MS: 3 ChangeASCIIInt-ChangeASCIIInt-EraseBytes-
#30934	NEW    cov: 2242 ft: 11399 corp: 1747/173Kb lim: 4096 exec/s: 3866 rss: 475Mb L: 100/4063 MS: 1 ChangeASCIIInt-
#32340	NEW    cov: 2242 ft: 11400 corp: 1748/174Kb lim: 4096 exec/s: 3593 rss: 480Mb L: 134/4063 MS: 1 CopyPart-
#32768	pulse  cov: 2242 ft: 11400 corp: 1748/174Kb lim: 4096 exec/s: 3640 rss: 482Mb
#42254	NEW    cov: 2242 ft: 11401 corp: 1749/174Kb lim: 4096 exec/s: 4225 rss: 520Mb L: 517/4063 MS: 3 ChangeASCIIInt-ChangeASCIIInt-CopyPart-
#50941	REDUCE cov: 2242 ft: 11401 corp: 1749/174Kb lim: 4096 exec/s: 5094 rss: 520Mb L: 95/4063 MS: 2 ChangeBit-EraseBytes-
#51182	REDUCE cov: 2242 ft: 11401 corp: 1749/174Kb lim: 4096 exec/s: 4652 rss: 520Mb L: 152/4063 MS: 1 EraseBytes-
#52173	REDUCE cov: 2242 ft: 11401 corp: 1749/174Kb lim: 4096 exec/s: 4743 rss: 520Mb L: 19/4063 MS: 1 EraseBytes-
#53011	REDUCE cov: 2242 ft: 11401 corp: 1749/174Kb lim: 4096 exec/s: 4819 rss: 520Mb L: 27/4063 MS: 3 EraseBytes-CMP-CopyPart- DE: "\200\201\201\200\200\001\201\201"-
#61153	REDUCE cov: 2242 ft: 11401 corp: 1749/174Kb lim: 4096 exec/s: 5559 rss: 520Mb L: 130/4063 MS: 2 EraseBytes-CopyPart-
#65154	NEW    cov: 2242 ft: 11440 corp: 1750/174Kb lim: 4096 exec/s: 5429 rss: 520Mb L: 124/4063 MS: 1 ChangeASCIIInt-
#65536	pulse  cov: 2242 ft: 11440 corp: 1750/174Kb lim: 4096 exec/s: 5461 rss: 520Mb
#66145	REDUCE cov: 2242 ft: 11440 corp: 1750/174Kb lim: 4096 exec/s: 5512 rss: 520Mb L: 11/4063 MS: 1 EraseBytes-
#68066	REDUCE cov: 2242 ft: 11440 corp: 1750/174Kb lim: 4096 exec/s: 5672 rss: 520Mb L: 40/4063 MS: 1 EraseBytes-
#68622	REDUCE cov: 2242 ft: 11440 corp: 1750/174Kb lim: 4096 exec/s: 5718 rss: 520Mb L: 125/4063 MS: 1 EraseBytes-
#68638	REDUCE cov: 2242 ft: 11440 corp: 1750/174Kb lim: 4096 exec/s: 5719 rss: 520Mb L: 14/4063 MS: 1 EraseBytes-
#71309	REDUCE cov: 2242 ft: 11440 corp: 1750/174Kb lim: 4096 exec/s: 5942 rss: 520Mb L: 63/4063 MS: 1 EraseBytes-
#74905	NEW    cov: 2243 ft: 11467 corp: 1751/174Kb lim: 4096 exec/s: 5761 rss: 520Mb L: 124/4063 MS: 1 ChangeBit-
#75431	NEW    cov: 2243 ft: 11470 corp: 1752/174Kb lim: 4096 exec/s: 5802 rss: 520Mb L: 90/4063 MS: 1 ChangeASCIIInt-
#76922	NEW    cov: 2243 ft: 11472 corp: 1753/175Kb lim: 4096 exec/s: 5917 rss: 520Mb L: 124/4063 MS: 1 ChangeASCIIInt-
#79133	REDUCE cov: 2243 ft: 11472 corp: 1753/174Kb lim: 4096 exec/s: 6087 rss: 520Mb L: 197/4063 MS: 1 EraseBytes-
#79359	REDUCE cov: 2243 ft: 11472 corp: 1753/174Kb lim: 4096 exec/s: 6104 rss: 520Mb L: 27/4063 MS: 1 EraseBytes-
#80765	REDUCE cov: 2243 ft: 11472 corp: 1753/174Kb lim: 4096 exec/s: 6212 rss: 520Mb L: 36/4063 MS: 1 EraseBytes-
#81131	REDUCE cov: 2243 ft: 11472 corp: 1753/174Kb lim: 4096 exec/s: 6240 rss: 520Mb L: 20/4063 MS: 1 EraseBytes-
#81747	REDUCE cov: 2243 ft: 11472 corp: 1753/174Kb lim: 4096 exec/s: 6288 rss: 520Mb L: 65/4063 MS: 1 EraseBytes-
#81884	REDUCE cov: 2243 ft: 11472 corp: 1753/174Kb lim: 4096 exec/s: 6298 rss: 520Mb L: 52/4063 MS: 2 EraseBytes-CopyPart-
#83430	REDUCE cov: 2243 ft: 11472 corp: 1753/174Kb lim: 4096 exec/s: 5959 rss: 520Mb L: 39/4063 MS: 1 EraseBytes-
#87742	REDUCE cov: 2243 ft: 11472 corp: 1753/174Kb lim: 4096 exec/s: 6267 rss: 520Mb L: 32/4063 MS: 2 ChangeASCIIInt-EraseBytes-
#88658	REDUCE cov: 2243 ft: 11472 corp: 1753/174Kb lim: 4096 exec/s: 6332 rss: 520Mb L: 62/4063 MS: 1 EraseBytes-
#89694	REDUCE cov: 2243 ft: 11472 corp: 1753/174Kb lim: 4096 exec/s: 6406 rss: 520Mb L: 13/4063 MS: 1 EraseBytes-
#94145	NEW    cov: 2243 ft: 11500 corp: 1754/175Kb lim: 4096 exec/s: 6724 rss: 520Mb L: 125/4063 MS: 1 InsertByte-
#95011	REDUCE cov: 2243 ft: 11500 corp: 1754/175Kb lim: 4096 exec/s: 6786 rss: 520Mb L: 6/4063 MS: 1 EraseBytes-
#95552	REDUCE cov: 2243 ft: 11500 corp: 1754/175Kb lim: 4096 exec/s: 6370 rss: 520Mb L: 79/4063 MS: 1 EraseBytes-
#96509	NEW    cov: 2243 ft: 11507 corp: 1755/175Kb lim: 4096 exec/s: 6433 rss: 520Mb L: 105/4063 MS: 2 ShuffleBytes-EraseBytes-
#100350	NEW    cov: 2243 ft: 11517 corp: 1756/175Kb lim: 4096 exec/s: 6690 rss: 520Mb L: 52/4063 MS: 1 EraseBytes-
#102322	REDUCE cov: 2243 ft: 11517 corp: 1756/175Kb lim: 4096 exec/s: 6821 rss: 520Mb L: 173/4063 MS: 2 ChangeBit-EraseBytes-
#103458	NEW    cov: 2243 ft: 11528 corp: 1757/175Kb lim: 4096 exec/s: 6897 rss: 520Mb L: 125/4063 MS: 1 ChangeASCIIInt-
#106120	REDUCE cov: 2243 ft: 11528 corp: 1757/175Kb lim: 4096 exec/s: 6632 rss: 520Mb L: 41/4063 MS: 2 ChangeASCIIInt-EraseBytes-
#106446	NEW    cov: 2243 ft: 11548 corp: 1758/175Kb lim: 4096 exec/s: 6652 rss: 520Mb L: 121/4063 MS: 1 EraseBytes-
#107447	NEW    cov: 2243 ft: 11556 corp: 1759/175Kb lim: 4096 exec/s: 6715 rss: 520Mb L: 124/4063 MS: 1 ShuffleBytes-
#108913	REDUCE cov: 2243 ft: 11556 corp: 1759/175Kb lim: 4096 exec/s: 6807 rss: 520Mb L: 12/4063 MS: 1 EraseBytes-
#113024	REDUCE cov: 2243 ft: 11556 corp: 1759/175Kb lim: 4096 exec/s: 7064 rss: 520Mb L: 39/4063 MS: 1 EraseBytes-
#114070	REDUCE cov: 2243 ft: 11556 corp: 1759/175Kb lim: 4096 exec/s: 7129 rss: 520Mb L: 125/4063 MS: 1 EraseBytes-
#118731	REDUCE cov: 2243 ft: 11556 corp: 1759/175Kb lim: 4096 exec/s: 6984 rss: 520Mb L: 92/4063 MS: 1 EraseBytes-
#119412	REDUCE cov: 2243 ft: 11556 corp: 1759/175Kb lim: 4096 exec/s: 7024 rss: 520Mb L: 45/4063 MS: 1 EraseBytes-
#120928	REDUCE cov: 2243 ft: 11556 corp: 1759/175Kb lim: 4096 exec/s: 7113 rss: 520Mb L: 34/4063 MS: 1 EraseBytes-
#121989	REDUCE cov: 2243 ft: 11556 corp: 1759/175Kb lim: 4096 exec/s: 7175 rss: 520Mb L: 8/4063 MS: 1 EraseBytes-
#122140	NEW    cov: 2245 ft: 11573 corp: 1760/175Kb lim: 4096 exec/s: 7184 rss: 520Mb L: 124/4063 MS: 1 ChangeASCIIInt-
#123546	REDUCE cov: 2245 ft: 11573 corp: 1760/175Kb lim: 4096 exec/s: 7267 rss: 520Mb L: 79/4063 MS: 1 EraseBytes-
#125487	REDUCE cov: 2245 ft: 11573 corp: 1760/175Kb lim: 4096 exec/s: 6971 rss: 520Mb L: 1501/4063 MS: 1 EraseBytes-
#126618	NEW    cov: 2245 ft: 11578 corp: 1761/175Kb lim: 4096 exec/s: 7034 rss: 520Mb L: 121/4063 MS: 1 ChangeASCIIInt-
#126641	NEW    cov: 2245 ft: 11579 corp: 1762/175Kb lim: 4096 exec/s: 7035 rss: 520Mb L: 134/4063 MS: 3 ShuffleBytes-ShuffleBytes-ChangeASCIIInt-
#128907	NEW    cov: 2245 ft: 11580 corp: 1763/175Kb lim: 4096 exec/s: 7161 rss: 520Mb L: 90/4063 MS: 1 CopyPart-
#130083	REDUCE cov: 2245 ft: 11580 corp: 1763/175Kb lim: 4096 exec/s: 7226 rss: 520Mb L: 9/4063 MS: 1 EraseBytes-
#131072	pulse  cov: 2245 ft: 11580 corp: 1763/175Kb lim: 4096 exec/s: 7281 rss: 520Mb
#133224	REDUCE cov: 2245 ft: 11580 corp: 1763/175Kb lim: 4096 exec/s: 7401 rss: 520Mb L: 12/4063 MS: 1 EraseBytes-
#133715	NEW    cov: 2247 ft: 11590 corp: 1764/175Kb lim: 4096 exec/s: 7428 rss: 520Mb L: 125/4063 MS: 1 ChangeASCIIInt-
#135302	REDUCE cov: 2247 ft: 11590 corp: 1764/175Kb lim: 4096 exec/s: 7121 rss: 520Mb L: 16/4063 MS: 2 ChangeASCIIInt-EraseBytes-
#136593	NEW    cov: 2247 ft: 11592 corp: 1765/176Kb lim: 4096 exec/s: 7189 rss: 520Mb L: 93/4063 MS: 1 ChangeASCIIInt-
#138499	REDUCE cov: 2247 ft: 11592 corp: 1765/176Kb lim: 4096 exec/s: 7289 rss: 520Mb L: 47/4063 MS: 1 EraseBytes-
#138775	NEW    cov: 2247 ft: 11596 corp: 1766/176Kb lim: 4096 exec/s: 7303 rss: 520Mb L: 125/4063 MS: 1 ChangeASCIIInt-
#140526	NEW    cov: 2247 ft: 11601 corp: 1767/176Kb lim: 4096 exec/s: 7396 rss: 520Mb L: 125/4063 MS: 1 ChangeBinInt-
#140912	REDUCE cov: 2247 ft: 11601 corp: 1767/176Kb lim: 4096 exec/s: 7416 rss: 520Mb L: 29/4063 MS: 1 EraseBytes-
#142698	REDUCE cov: 2247 ft: 11601 corp: 1767/176Kb lim: 4096 exec/s: 7510 rss: 520Mb L: 77/4063 MS: 1 EraseBytes-
#144759	REDUCE cov: 2247 ft: 11601 corp: 1767/176Kb lim: 4096 exec/s: 7237 rss: 520Mb L: 566/4063 MS: 1 EraseBytes-
#145086	REDUCE cov: 2247 ft: 11601 corp: 1767/176Kb lim: 4096 exec/s: 7254 rss: 520Mb L: 70/4063 MS: 2 EraseBytes-InsertByte-
#146828	NEW    cov: 2247 ft: 11605 corp: 1768/176Kb lim: 4096 exec/s: 7341 rss: 520Mb L: 112/4063 MS: 2 EraseBytes-EraseBytes-
#147769	NEW    cov: 2247 ft: 11630 corp: 1769/176Kb lim: 4096 exec/s: 7388 rss: 520Mb L: 124/4063 MS: 1 CopyPart-
#152645	REDUCE cov: 2247 ft: 11630 corp: 1769/176Kb lim: 4096 exec/s: 7268 rss: 520Mb L: 47/4063 MS: 1 EraseBytes-
#156901	NEW    cov: 2247 ft: 11632 corp: 1770/176Kb lim: 4096 exec/s: 7471 rss: 520Mb L: 112/4063 MS: 1 ChangeByte-
#157153	NEW    cov: 2247 ft: 11634 corp: 1771/176Kb lim: 4096 exec/s: 7483 rss: 520Mb L: 125/4063 MS: 2 ShuffleBytes-ChangeBit-
#158999	NEW    cov: 2247 ft: 11635 corp: 1772/176Kb lim: 4096 exec/s: 7227 rss: 520Mb L: 125/4063 MS: 1 ChangeASCIIInt-
#164205	REDUCE cov: 2247 ft: 11635 corp: 1772/176Kb lim: 4096 exec/s: 7463 rss: 520Mb L: 281/4063 MS: 1 EraseBytes-
#165521	NEW    cov: 2247 ft: 11636 corp: 1773/176Kb lim: 4096 exec/s: 7196 rss: 520Mb L: 67/4063 MS: 1 EraseBytes-
#167022	REDUCE cov: 2247 ft: 11636 corp: 1773/176Kb lim: 4096 exec/s: 7261 rss: 520Mb L: 68/4063 MS: 1 EraseBytes-
#172153	REDUCE cov: 2247 ft: 11636 corp: 1773/176Kb lim: 4096 exec/s: 7484 rss: 520Mb L: 41/4063 MS: 1 EraseBytes-
#175494	NEW    cov: 2247 ft: 11651 corp: 1774/177Kb lim: 4096 exec/s: 7630 rss: 520Mb L: 124/4063 MS: 1 ChangeByte-
#183030	REDUCE cov: 2247 ft: 11651 corp: 1774/177Kb lim: 4096 exec/s: 7626 rss: 520Mb L: 23/4063 MS: 1 EraseBytes-
#183276	REDUCE cov: 2247 ft: 11651 corp: 1774/177Kb lim: 4096 exec/s: 7636 rss: 520Mb L: 37/4063 MS: 1 EraseBytes-
#186247	NEW    cov: 2247 ft: 11652 corp: 1775/177Kb lim: 4096 exec/s: 7449 rss: 520Mb L: 147/4063 MS: 1 CrossOver-
#186513	REDUCE cov: 2247 ft: 11652 corp: 1775/177Kb lim: 4096 exec/s: 7460 rss: 520Mb L: 43/4063 MS: 1 EraseBytes-
#187184	NEW    cov: 2247 ft: 11654 corp: 1776/177Kb lim: 4096 exec/s: 7487 rss: 520Mb L: 125/4063 MS: 1 ChangeASCIIInt-
#190970	REDUCE cov: 2247 ft: 11654 corp: 1776/177Kb lim: 4096 exec/s: 7345 rss: 520Mb L: 123/4063 MS: 1 EraseBytes-
#192121	NEW    cov: 2247 ft: 11655 corp: 1777/177Kb lim: 4096 exec/s: 7389 rss: 520Mb L: 112/4063 MS: 1 ShuffleBytes-
#192298	REDUCE cov: 2247 ft: 11655 corp: 1777/177Kb lim: 4096 exec/s: 7396 rss: 520Mb L: 286/4063 MS: 2 EraseBytes-PersAutoDict- DE: "\200\201\201\200\200\001\201\201"-
#195424	REDUCE cov: 2247 ft: 11655 corp: 1777/177Kb lim: 4096 exec/s: 7237 rss: 520Mb L: 16/4063 MS: 1 EraseBytes-
#197010	REDUCE cov: 2247 ft: 11655 corp: 1777/177Kb lim: 4096 exec/s: 7296 rss: 520Mb L: 35/4063 MS: 1 EraseBytes-
#197281	NEW    cov: 2247 ft: 11657 corp: 1778/177Kb lim: 4096 exec/s: 7306 rss: 520Mb L: 124/4063 MS: 1 ChangeBit-
#197679	REDUCE cov: 2247 ft: 11657 corp: 1778/177Kb lim: 4096 exec/s: 7321 rss: 520Mb L: 210/4063 MS: 3 ChangeBinInt-ChangeASCIIInt-EraseBytes-
#199321	REDUCE cov: 2247 ft: 11657 corp: 1778/177Kb lim: 4096 exec/s: 7382 rss: 520Mb L: 7/4063 MS: 2 ChangeBit-EraseBytes-
#202697	REDUCE cov: 2247 ft: 11657 corp: 1778/177Kb lim: 4096 exec/s: 7507 rss: 520Mb L: 31/4063 MS: 1 EraseBytes-
#202839	NEW    cov: 2247 ft: 11661 corp: 1779/177Kb lim: 4096 exec/s: 7512 rss: 520Mb L: 83/4063 MS: 2 CopyPart-EraseBytes-
#205555	REDUCE cov: 2247 ft: 11661 corp: 1779/177Kb lim: 4096 exec/s: 7613 rss: 520Mb L: 22/4063 MS: 1 EraseBytes-
#207416	NEW    cov: 2247 ft: 11663 corp: 1780/177Kb lim: 4096 exec/s: 7407 rss: 520Mb L: 86/4063 MS: 1 EraseBytes-
#209232	REDUCE cov: 2247 ft: 11663 corp: 1780/177Kb lim: 4096 exec/s: 7472 rss: 520Mb L: 15/4063 MS: 1 EraseBytes-
#212614	REDUCE cov: 2247 ft: 11663 corp: 1780/177Kb lim: 4096 exec/s: 7593 rss: 520Mb L: 1267/4063 MS: 2 ChangeByte-EraseBytes-
#213105	REDUCE cov: 2247 ft: 11663 corp: 1780/177Kb lim: 4096 exec/s: 7610 rss: 520Mb L: 807/4063 MS: 1 EraseBytes-
#214756	NEW    cov: 2247 ft: 11664 corp: 1781/177Kb lim: 4096 exec/s: 7405 rss: 520Mb L: 216/4063 MS: 1 EraseBytes-
#214917	REDUCE cov: 2247 ft: 11664 corp: 1781/177Kb lim: 4096 exec/s: 7410 rss: 520Mb L: 22/4063 MS: 1 EraseBytes-
#215883	NEW    cov: 2247 ft: 11665 corp: 1782/177Kb lim: 4096 exec/s: 7444 rss: 520Mb L: 126/4063 MS: 1 InsertByte-
#217364	NEW    cov: 2247 ft: 11695 corp: 1783/178Kb lim: 4096 exec/s: 7495 rss: 520Mb L: 124/4063 MS: 1 ShuffleBytes-
#219555	REDUCE cov: 2247 ft: 11695 corp: 1783/178Kb lim: 4096 exec/s: 7570 rss: 520Mb L: 71/4063 MS: 1 EraseBytes-
#221454	NEW    cov: 2247 ft: 11696 corp: 1784/178Kb lim: 4096 exec/s: 7381 rss: 520Mb L: 121/4063 MS: 4 InsertByte-EraseBytes-CrossOver-CopyPart-
#223825	REDUCE cov: 2247 ft: 11696 corp: 1784/178Kb lim: 4096 exec/s: 7460 rss: 520Mb L: 1266/4063 MS: 1 EraseBytes-
#223916	REDUCE cov: 2247 ft: 11696 corp: 1784/178Kb lim: 4096 exec/s: 7463 rss: 520Mb L: 30/4063 MS: 1 EraseBytes-
#226208	NEW    cov: 2247 ft: 11701 corp: 1785/178Kb lim: 4096 exec/s: 7297 rss: 520Mb L: 158/4063 MS: 2 CrossOver-ChangeBinInt-
#232679	REDUCE cov: 2247 ft: 11701 corp: 1785/178Kb lim: 4096 exec/s: 7271 rss: 520Mb L: 48/4063 MS: 1 EraseBytes-
#233145	NEW    cov: 2247 ft: 11703 corp: 1786/178Kb lim: 4096 exec/s: 7285 rss: 520Mb L: 124/4063 MS: 1 ChangeASCIIInt-
#235606	NEW    cov: 2247 ft: 11704 corp: 1787/178Kb lim: 4096 exec/s: 7139 rss: 520Mb L: 125/4063 MS: 1 ChangeASCIIInt-
#236402	REDUCE cov: 2247 ft: 11704 corp: 1787/178Kb lim: 4096 exec/s: 7163 rss: 520Mb L: 381/4063 MS: 1 EraseBytes-
#236473	NEW    cov: 2247 ft: 11705 corp: 1788/178Kb lim: 4096 exec/s: 7165 rss: 520Mb L: 125/4063 MS: 1 ChangeASCIIInt-
#236541	NEW    cov: 2247 ft: 11706 corp: 1789/178Kb lim: 4096 exec/s: 7167 rss: 520Mb L: 138/4063 MS: 3 CrossOver-ChangeASCIIInt-EraseBytes-
#236557	NEW    cov: 2247 ft: 11713 corp: 1790/178Kb lim: 4096 exec/s: 7168 rss: 520Mb L: 124/4063 MS: 1 ChangeASCIIInt-
#243753	NEW    cov: 2247 ft: 11720 corp: 1791/179Kb lim: 4096 exec/s: 6964 rss: 520Mb L: 105/4063 MS: 1 CMP- DE: "empty"-
#246654	REDUCE cov: 2247 ft: 11720 corp: 1791/178Kb lim: 4096 exec/s: 7047 rss: 520Mb L: 11/4063 MS: 1 EraseBytes-
#248560	NEW    cov: 2247 ft: 11722 corp: 1792/179Kb lim: 4096 exec/s: 7101 rss: 520Mb L: 124/4063 MS: 1 ChangeBit-
#249056	REDUCE cov: 2247 ft: 11722 corp: 1792/179Kb lim: 4096 exec/s: 7115 rss: 520Mb L: 27/4063 MS: 1 EraseBytes-
#251757	NEW    cov: 2247 ft: 11723 corp: 1793/179Kb lim: 4096 exec/s: 6993 rss: 520Mb L: 125/4063 MS: 1 ChangeBinInt-
#252868	REDUCE cov: 2247 ft: 11723 corp: 1793/179Kb lim: 4096 exec/s: 7024 rss: 520Mb L: 78/4063 MS: 1 EraseBytes-
#252969	NEW    cov: 2247 ft: 11726 corp: 1794/182Kb lim: 4096 exec/s: 7026 rss: 520Mb L: 3473/4063 MS: 1 CopyPart-
#254610	REDUCE cov: 2247 ft: 11726 corp: 1794/182Kb lim: 4096 exec/s: 7072 rss: 520Mb L: 25/4063 MS: 1 EraseBytes-
#257191	NEW    cov: 2247 ft: 11727 corp: 1795/182Kb lim: 4096 exec/s: 6951 rss: 520Mb L: 124/4063 MS: 1 ChangeASCIIInt-
#257297	NEW    cov: 2247 ft: 11751 corp: 1796/182Kb lim: 4096 exec/s: 6953 rss: 520Mb L: 114/4063 MS: 1 CopyPart-
#257338	REDUCE cov: 2247 ft: 11751 corp: 1796/182Kb lim: 4096 exec/s: 6955 rss: 520Mb L: 20/4063 MS: 1 EraseBytes-
#259844	REDUCE cov: 2247 ft: 11751 corp: 1796/182Kb lim: 4096 exec/s: 7022 rss: 520Mb L: 60/4063 MS: 1 EraseBytes-
#261040	REDUCE cov: 2247 ft: 11751 corp: 1796/182Kb lim: 4096 exec/s: 7055 rss: 520Mb L: 12/4063 MS: 1 EraseBytes-
#262144	pulse  cov: 2247 ft: 11751 corp: 1796/182Kb lim: 4096 exec/s: 7084 rss: 520Mb
#263971	NEW    cov: 2247 ft: 11753 corp: 1797/182Kb lim: 4096 exec/s: 7134 rss: 520Mb L: 125/4063 MS: 1 InsertByte-
#264062	NEW    cov: 2247 ft: 11754 corp: 1798/183Kb lim: 4096 exec/s: 7136 rss: 520Mb L: 86/4063 MS: 1 ChangeASCIIInt-
#265208	REDUCE cov: 2247 ft: 11754 corp: 1798/183Kb lim: 4096 exec/s: 6979 rss: 520Mb L: 69/4063 MS: 1 EraseBytes-
#265629	REDUCE cov: 2247 ft: 11754 corp: 1798/183Kb lim: 4096 exec/s: 6990 rss: 520Mb L: 10/4063 MS: 1 EraseBytes-
#267350	REDUCE cov: 2247 ft: 11754 corp: 1798/183Kb lim: 4096 exec/s: 7035 rss: 520Mb L: 39/4063 MS: 1 EraseBytes-
#267366	REDUCE cov: 2247 ft: 11754 corp: 1798/183Kb lim: 4096 exec/s: 7035 rss: 520Mb L: 186/4063 MS: 1 EraseBytes-
#267933	NEW    cov: 2247 ft: 11756 corp: 1799/183Kb lim: 4096 exec/s: 7050 rss: 520Mb L: 115/4063 MS: 2 EraseBytes-CopyPart-
#274479	REDUCE cov: 2247 ft: 11756 corp: 1799/183Kb lim: 4096 exec/s: 7037 rss: 520Mb L: 57/4063 MS: 1 EraseBytes-
#274975	REDUCE cov: 2247 ft: 11756 corp: 1799/183Kb lim: 4096 exec/s: 7050 rss: 520Mb L: 10/4063 MS: 1 EraseBytes-
#282406	REDUCE cov: 2247 ft: 11756 corp: 1799/183Kb lim: 4096 exec/s: 7060 rss: 520Mb L: 57/4063 MS: 1 EraseBytes-
#283222	NEW    cov: 2247 ft: 11757 corp: 1800/183Kb lim: 4096 exec/s: 6907 rss: 520Mb L: 124/4063 MS: 1 ChangeASCIIInt-
#283298	NEW    cov: 2247 ft: 11759 corp: 1801/183Kb lim: 4096 exec/s: 6909 rss: 520Mb L: 125/4063 MS: 1 ChangeASCIIInt-
#289199	NEW    cov: 2247 ft: 11761 corp: 1802/183Kb lim: 4096 exec/s: 6885 rss: 520Mb L: 126/4063 MS: 1 InsertByte-
#291215	REDUCE cov: 2247 ft: 11761 corp: 1802/183Kb lim: 4096 exec/s: 6933 rss: 520Mb L: 565/4063 MS: 1 EraseBytes-
#292446	REDUCE cov: 2247 ft: 11761 corp: 1802/183Kb lim: 4096 exec/s: 6963 rss: 520Mb L: 66/4063 MS: 1 EraseBytes-
#293082	REDUCE cov: 2247 ft: 11761 corp: 1802/183Kb lim: 4096 exec/s: 6978 rss: 520Mb L: 65/4063 MS: 1 EraseBytes-
#293369	NEW    cov: 2247 ft: 11762 corp: 1803/183Kb lim: 4096 exec/s: 6822 rss: 520Mb L: 79/4063 MS: 2 ChangeBinInt-EraseBytes-
#293650	NEW    cov: 2247 ft: 11785 corp: 1804/183Kb lim: 4096 exec/s: 6829 rss: 520Mb L: 125/4063 MS: 1 ChangeASCIIInt-
#294331	REDUCE cov: 2247 ft: 11785 corp: 1804/183Kb lim: 4096 exec/s: 6844 rss: 520Mb L: 17/4063 MS: 1 EraseBytes-
#295412	REDUCE cov: 2247 ft: 11785 corp: 1804/183Kb lim: 4096 exec/s: 6870 rss: 520Mb L: 39/4063 MS: 1 EraseBytes-
#296854	NEW    cov: 2247 ft: 11786 corp: 1805/183Kb lim: 4096 exec/s: 6746 rss: 520Mb L: 105/4063 MS: 2 EraseBytes-ChangeASCIIInt-
#298726	REDUCE cov: 2247 ft: 11786 corp: 1805/183Kb lim: 4096 exec/s: 6789 rss: 520Mb L: 186/4063 MS: 2 ChangeBit-EraseBytes-
#299322	NEW    cov: 2248 ft: 11787 corp: 1806/183Kb lim: 4096 exec/s: 6802 rss: 520Mb L: 106/4063 MS: 1 InsertRepeatedBytes-
#300373	REDUCE cov: 2248 ft: 11787 corp: 1806/183Kb lim: 4096 exec/s: 6826 rss: 520Mb L: 27/4063 MS: 1 EraseBytes-
#305680	REDUCE cov: 2248 ft: 11787 corp: 1806/183Kb lim: 4096 exec/s: 6792 rss: 520Mb L: 991/4063 MS: 2 CopyPart-EraseBytes-
#310276	NEW    cov: 2248 ft: 11788 corp: 1807/183Kb lim: 4096 exec/s: 6895 rss: 520Mb L: 125/4063 MS: 1 ChangeBinInt-
#313107	REDUCE cov: 2248 ft: 11788 corp: 1807/183Kb lim: 4096 exec/s: 6806 rss: 520Mb L: 8/4063 MS: 1 EraseBytes-
#317543	NEW    cov: 2250 ft: 11790 corp: 1808/184Kb lim: 4096 exec/s: 6756 rss: 520Mb L: 138/4063 MS: 1 ChangeBit-
#320464	REDUCE cov: 2250 ft: 11790 corp: 1808/184Kb lim: 4096 exec/s: 6818 rss: 520Mb L: 54/4063 MS: 1 EraseBytes-
#320745	NEW    cov: 2250 ft: 11814 corp: 1809/184Kb lim: 4096 exec/s: 6824 rss: 520Mb L: 124/4063 MS: 1 ChangeASCIIInt-
#323097	NEW    cov: 2250 ft: 11815 corp: 1810/184Kb lim: 4096 exec/s: 6731 rss: 520Mb L: 126/4063 MS: 2 InsertByte-ChangeASCIIInt-
#326223	REDUCE cov: 2250 ft: 11815 corp: 1810/184Kb lim: 4096 exec/s: 6796 rss: 520Mb L: 136/4063 MS: 1 EraseBytes-
#327764	REDUCE cov: 2250 ft: 11815 corp: 1810/184Kb lim: 4096 exec/s: 6828 rss: 520Mb L: 17/4063 MS: 1 EraseBytes-
#327840	REDUCE cov: 2250 ft: 11815 corp: 1810/184Kb lim: 4096 exec/s: 6830 rss: 520Mb L: 93/4063 MS: 1 EraseBytes-
#329756	REDUCE cov: 2250 ft: 11815 corp: 1810/184Kb lim: 4096 exec/s: 6729 rss: 520Mb L: 26/4063 MS: 1 EraseBytes-
#329897	NEW    cov: 2250 ft: 11817 corp: 1811/184Kb lim: 4096 exec/s: 6732 rss: 520Mb L: 124/4063 MS: 1 ChangeBit-
#330513	REDUCE cov: 2250 ft: 11817 corp: 1811/184Kb lim: 4096 exec/s: 6745 rss: 520Mb L: 87/4063 MS: 1 EraseBytes-
#333439	NEW    cov: 2250 ft: 11818 corp: 1812/184Kb lim: 4096 exec/s: 6804 rss: 520Mb L: 112/4063 MS: 1 ChangeASCIIInt-
#341630	REDUCE cov: 2250 ft: 11818 corp: 1812/184Kb lim: 4096 exec/s: 6698 rss: 520Mb L: 67/4063 MS: 1 EraseBytes-
#343416	NEW    cov: 2250 ft: 11819 corp: 1813/184Kb lim: 4096 exec/s: 6733 rss: 520Mb L: 107/4063 MS: 1 CrossOver-
#343493	REDUCE cov: 2250 ft: 11819 corp: 1813/184Kb lim: 4096 exec/s: 6735 rss: 520Mb L: 51/4063 MS: 2 CopyPart-EraseBytes-
#343929	NEW    cov: 2250 ft: 11835 corp: 1814/184Kb lim: 4096 exec/s: 6743 rss: 520Mb L: 118/4063 MS: 1 EraseBytes-
#346390	REDUCE cov: 2250 ft: 11835 corp: 1814/184Kb lim: 4096 exec/s: 6661 rss: 520Mb L: 205/4063 MS: 1 EraseBytes-
#351356	REDUCE cov: 2250 ft: 11835 corp: 1814/184Kb lim: 4096 exec/s: 6756 rss: 520Mb L: 165/4063 MS: 1 EraseBytes-
#354322	REDUCE cov: 2250 ft: 11835 corp: 1814/184Kb lim: 4096 exec/s: 6685 rss: 520Mb L: 50/4063 MS: 1 EraseBytes-
#361573	REDUCE cov: 2250 ft: 11835 corp: 1814/184Kb lim: 4096 exec/s: 6695 rss: 520Mb L: 74/4063 MS: 1 EraseBytes-
#363089	NEW    cov: 2250 ft: 11837 corp: 1815/184Kb lim: 4096 exec/s: 6723 rss: 520Mb L: 112/4063 MS: 1 ChangeASCIIInt-
#364900	NEW    cov: 2250 ft: 11840 corp: 1816/184Kb lim: 4096 exec/s: 6634 rss: 520Mb L: 34/4063 MS: 1 EraseBytes-
#365252	NEW    cov: 2250 ft: 11841 corp: 1817/184Kb lim: 4096 exec/s: 6640 rss: 520Mb L: 126/4063 MS: 2 CopyPart-InsertByte-
#366068	REDUCE cov: 2250 ft: 11841 corp: 1817/184Kb lim: 4096 exec/s: 6655 rss: 520Mb L: 626/4063 MS: 1 EraseBytes-
#366609	NEW    cov: 2250 ft: 11846 corp: 1818/185Kb lim: 4096 exec/s: 6665 rss: 520Mb L: 125/4063 MS: 1 ChangeASCIIInt-
#367195	REDUCE cov: 2250 ft: 11846 corp: 1818/185Kb lim: 4096 exec/s: 6676 rss: 520Mb L: 28/4063 MS: 1 EraseBytes-
#367326	NEW    cov: 2250 ft: 11848 corp: 1819/185Kb lim: 4096 exec/s: 6678 rss: 520Mb L: 107/4063 MS: 1 ChangeBinInt-
#372660	REDUCE cov: 2250 ft: 11848 corp: 1819/184Kb lim: 4096 exec/s: 6537 rss: 520Mb L: 3600/3600 MS: 4 CopyPart-CopyPart-ShuffleBytes-EraseBytes-
#373882	REDUCE cov: 2250 ft: 11848 corp: 1819/184Kb lim: 4096 exec/s: 6559 rss: 520Mb L: 253/3600 MS: 2 ChangeASCIIInt-EraseBytes-
#374223	NEW    cov: 2250 ft: 11850 corp: 1820/184Kb lim: 4096 exec/s: 6565 rss: 520Mb L: 125/3600 MS: 1 ChangeASCIIInt-
#374269	NEW    cov: 2250 ft: 11876 corp: 1821/184Kb lim: 4096 exec/s: 6566 rss: 520Mb L: 86/3600 MS: 1 ChangeASCIIInt-
#374535	NEW    cov: 2250 ft: 11884 corp: 1822/184Kb lim: 4096 exec/s: 6570 rss: 520Mb L: 134/3600 MS: 1 CrossOver-
#376706	REDUCE cov: 2250 ft: 11884 corp: 1822/184Kb lim: 4096 exec/s: 6494 rss: 520Mb L: 77/3600 MS: 1 EraseBytes-
#376737	NEW    cov: 2250 ft: 11885 corp: 1823/185Kb lim: 4096 exec/s: 6495 rss: 520Mb L: 125/3600 MS: 1 CMP- DE: "etpmy"-
#376843	REDUCE cov: 2250 ft: 11885 corp: 1823/185Kb lim: 4096 exec/s: 6497 rss: 520Mb L: 472/3600 MS: 1 EraseBytes-
#377769	NEW    cov: 2250 ft: 11887 corp: 1824/185Kb lim: 4096 exec/s: 6513 rss: 520Mb L: 109/3600 MS: 1 EraseBytes-
#378246	NEW    cov: 2250 ft: 11888 corp: 1825/185Kb lim: 4096 exec/s: 6410 rss: 520Mb L: 124/3600 MS: 2 ChangeASCIIInt-ChangeASCIIInt-
#378997	REDUCE cov: 2250 ft: 11888 corp: 1825/185Kb lim: 4096 exec/s: 6423 rss: 520Mb L: 98/3600 MS: 1 EraseBytes-
#384229	REDUCE cov: 2250 ft: 11888 corp: 1825/185Kb lim: 4096 exec/s: 6403 rss: 520Mb L: 2974/3600 MS: 2 ChangeBinInt-EraseBytes-
#386446	REDUCE cov: 2250 ft: 11888 corp: 1825/185Kb lim: 4096 exec/s: 6440 rss: 520Mb L: 38/3600 MS: 2 CMP-EraseBytes- DE: "\001\000"-
#390718	NEW    cov: 2250 ft: 11890 corp: 1826/185Kb lim: 4096 exec/s: 6405 rss: 520Mb L: 187/3600 MS: 2 InsertRepeatedBytes-ChangeASCIIInt-
#392004	NEW    cov: 2250 ft: 11892 corp: 1827/185Kb lim: 4096 exec/s: 6426 rss: 520Mb L: 113/3600 MS: 1 InsertByte-
#392650	REDUCE cov: 2250 ft: 11892 corp: 1827/185Kb lim: 4096 exec/s: 6436 rss: 520Mb L: 95/3600 MS: 1 EraseBytes-
#393776	NEW    cov: 2250 ft: 11894 corp: 1828/185Kb lim: 4096 exec/s: 6455 rss: 520Mb L: 124/3600 MS: 1 ChangeBit-
#395267	REDUCE cov: 2250 ft: 11894 corp: 1828/185Kb lim: 4096 exec/s: 6479 rss: 520Mb L: 396/3600 MS: 1 EraseBytes-
#400098	NEW    cov: 2251 ft: 11895 corp: 1829/185Kb lim: 4096 exec/s: 6350 rss: 520Mb L: 129/3600 MS: 1 PersAutoDict- DE: "etpmy"-
#402039	REDUCE cov: 2251 ft: 11895 corp: 1829/185Kb lim: 4096 exec/s: 6381 rss: 520Mb L: 80/3600 MS: 1 EraseBytes-
#404095	NEW    cov: 2251 ft: 11903 corp: 1830/185Kb lim: 4096 exec/s: 6313 rss: 520Mb L: 113/3600 MS: 1 ChangeASCIIInt-
#404956	REDUCE cov: 2251 ft: 11903 corp: 1830/185Kb lim: 4096 exec/s: 6327 rss: 520Mb L: 66/3600 MS: 1 EraseBytes-
#407112	REDUCE cov: 2251 ft: 11903 corp: 1830/185Kb lim: 4096 exec/s: 6361 rss: 520Mb L: 10/3600 MS: 1 EraseBytes-
#410383	NEW    cov: 2252 ft: 11904 corp: 1831/185Kb lim: 4096 exec/s: 6313 rss: 520Mb L: 109/3600 MS: 1 ChangeBinInt-
#411034	NEW    cov: 2253 ft: 11905 corp: 1832/185Kb lim: 4096 exec/s: 6323 rss: 520Mb L: 86/3600 MS: 1 ChangeASCIIInt-
#412565	REDUCE cov: 2253 ft: 11905 corp: 1832/185Kb lim: 4096 exec/s: 6250 rss: 520Mb L: 72/3600 MS: 1 EraseBytes-
#413131	NEW    cov: 2253 ft: 11908 corp: 1833/185Kb lim: 4096 exec/s: 6259 rss: 520Mb L: 39/3600 MS: 1 PersAutoDict- DE: "empty"-
#416357	NEW    cov: 2253 ft: 11909 corp: 1834/185Kb lim: 4096 exec/s: 6308 rss: 520Mb L: 126/3600 MS: 1 ChangeASCIIInt-
#420633	NEW    cov: 2253 ft: 11910 corp: 1835/186Kb lim: 4096 exec/s: 6278 rss: 520Mb L: 123/3600 MS: 1 EraseBytes-
#422039	REDUCE cov: 2253 ft: 11910 corp: 1835/186Kb lim: 4096 exec/s: 6206 rss: 520Mb L: 236/3600 MS: 1 EraseBytes-
#423925	NEW    cov: 2253 ft: 11934 corp: 1836/186Kb lim: 4096 exec/s: 6234 rss: 520Mb L: 105/3600 MS: 1 CopyPart-
#424341	NEW    cov: 2253 ft: 11935 corp: 1837/186Kb lim: 4096 exec/s: 6240 rss: 520Mb L: 115/3600 MS: 1 PersAutoDict- DE: "empty"-
#424347	REDUCE cov: 2253 ft: 11935 corp: 1837/186Kb lim: 4096 exec/s: 6240 rss: 520Mb L: 103/3600 MS: 1 EraseBytes-
#427118	NEW    cov: 2253 ft: 11936 corp: 1838/186Kb lim: 4096 exec/s: 6190 rss: 520Mb L: 98/3600 MS: 1 EraseBytes-
#428073	NEW    cov: 2253 ft: 11937 corp: 1839/186Kb lim: 4096 exec/s: 6203 rss: 520Mb L: 48/3600 MS: 5 CMP-CopyPart-PersAutoDict-PersAutoDict-EraseBytes- DE: "\004\000"-"\200\201\201\200\200\001\201\201"-"\001\000"-
#433139	REDUCE cov: 2253 ft: 11937 corp: 1839/186Kb lim: 4096 exec/s: 6187 rss: 520Mb L: 110/3600 MS: 1 EraseBytes-
#433880	REDUCE cov: 2253 ft: 11937 corp: 1839/186Kb lim: 4096 exec/s: 6198 rss: 520Mb L: 60/3600 MS: 1 EraseBytes-
#434991	REDUCE cov: 2253 ft: 11937 corp: 1839/186Kb lim: 4096 exec/s: 6214 rss: 520Mb L: 51/3600 MS: 1 EraseBytes-
#436328	NEW    cov: 2253 ft: 11939 corp: 1840/186Kb lim: 4096 exec/s: 6233 rss: 520Mb L: 116/3600 MS: 2 InsertByte-ChangeASCIIInt-
#439672	REDUCE cov: 2253 ft: 11939 corp: 1840/186Kb lim: 4096 exec/s: 6192 rss: 520Mb L: 37/3600 MS: 4 EraseBytes-ChangeBit-CopyPart-ChangeByte-
#440168	NEW    cov: 2253 ft: 11940 corp: 1841/186Kb lim: 4096 exec/s: 6199 rss: 520Mb L: 187/3600 MS: 1 ChangeASCIIInt-
#443886	REDUCE cov: 2253 ft: 11940 corp: 1841/186Kb lim: 4096 exec/s: 6165 rss: 520Mb L: 32/3600 MS: 3 ShuffleBytes-ShuffleBytes-EraseBytes-
#446409	REDUCE cov: 2253 ft: 11940 corp: 1841/186Kb lim: 4096 exec/s: 6200 rss: 520Mb L: 125/3600 MS: 3 CopyPart-ShuffleBytes-EraseBytes-
#452217	NEW    cov: 2253 ft: 11941 corp: 1842/186Kb lim: 4096 exec/s: 6111 rss: 520Mb L: 126/3600 MS: 3 CrossOver-CopyPart-ChangeASCIIInt-
#454013	REDUCE cov: 2253 ft: 11941 corp: 1842/186Kb lim: 4096 exec/s: 6053 rss: 520Mb L: 173/3600 MS: 1 EraseBytes-
#459719	REDUCE cov: 2253 ft: 11941 corp: 1842/186Kb lim: 4096 exec/s: 6048 rss: 520Mb L: 15/3600 MS: 1 EraseBytes-
#461855	REDUCE cov: 2253 ft: 11941 corp: 1842/186Kb lim: 4096 exec/s: 6077 rss: 520Mb L: 134/3600 MS: 1 EraseBytes-
#465826	REDUCE cov: 2253 ft: 11941 corp: 1842/186Kb lim: 4096 exec/s: 6049 rss: 520Mb L: 60/3600 MS: 1 EraseBytes-
#467742	NEW    cov: 2253 ft: 11959 corp: 1843/186Kb lim: 4096 exec/s: 6074 rss: 520Mb L: 125/3600 MS: 1 CopyPart-
#468453	NEW    cov: 2253 ft: 11961 corp: 1844/186Kb lim: 4096 exec/s: 6083 rss: 520Mb L: 52/3600 MS: 1 ShuffleBytes-
#469454	NEW    cov: 2253 ft: 11962 corp: 1845/187Kb lim: 4096 exec/s: 6018 rss: 520Mb L: 117/3600 MS: 1 EraseBytes-
#470415	NEW    cov: 2253 ft: 11963 corp: 1846/187Kb lim: 4096 exec/s: 6030 rss: 520Mb L: 100/3600 MS: 1 EraseBytes-
#471277	REDUCE cov: 2253 ft: 11963 corp: 1846/187Kb lim: 4096 exec/s: 6042 rss: 520Mb L: 148/3600 MS: 2 InsertByte-EraseBytes-
#472778	NEW    cov: 2253 ft: 11965 corp: 1847/187Kb lim: 4096 exec/s: 6061 rss: 520Mb L: 47/3600 MS: 1 EraseBytes-
#473694	REDUCE cov: 2253 ft: 11965 corp: 1847/187Kb lim: 4096 exec/s: 6073 rss: 520Mb L: 55/3600 MS: 1 EraseBytes-
#476345	REDUCE cov: 2253 ft: 11965 corp: 1847/187Kb lim: 4096 exec/s: 6029 rss: 520Mb L: 74/3600 MS: 1 EraseBytes-
#479116	REDUCE cov: 2253 ft: 11965 corp: 1847/187Kb lim: 4096 exec/s: 5988 rss: 520Mb L: 4/3600 MS: 1 EraseBytes-
#479577	NEW    cov: 2254 ft: 11966 corp: 1848/187Kb lim: 4096 exec/s: 5994 rss: 520Mb L: 125/3600 MS: 1 ChangeASCIIInt-
#479613	NEW    cov: 2254 ft: 11974 corp: 1849/187Kb lim: 4096 exec/s: 5921 rss: 520Mb L: 162/3600 MS: 1 InsertRepeatedBytes-
#480189	NEW    cov: 2254 ft: 11983 corp: 1850/187Kb lim: 4096 exec/s: 5928 rss: 520Mb L: 125/3600 MS: 1 PersAutoDict- DE: "etpmy"-
#481052	REDUCE cov: 2254 ft: 11983 corp: 1850/187Kb lim: 4096 exec/s: 5938 rss: 520Mb L: 43/3600 MS: 3 ShuffleBytes-EraseBytes-CopyPart-
#482013	NEW    cov: 2254 ft: 11984 corp: 1851/187Kb lim: 4096 exec/s: 5950 rss: 520Mb L: 122/3600 MS: 1 InsertByte-
#487174	NEW    cov: 2254 ft: 11985 corp: 1852/187Kb lim: 4096 exec/s: 5941 rss: 520Mb L: 124/3600 MS: 1 CopyPart-
#493166	NEW    cov: 2254 ft: 11986 corp: 1853/187Kb lim: 4096 exec/s: 5871 rss: 520Mb L: 104/3600 MS: 2 ChangeBit-EraseBytes-
#496543	REDUCE cov: 2254 ft: 11986 corp: 1853/187Kb lim: 4096 exec/s: 5841 rss: 520Mb L: 51/3600 MS: 2 ShuffleBytes-EraseBytes-
#496754	NEW    cov: 2254 ft: 11987 corp: 1854/188Kb lim: 4096 exec/s: 5844 rss: 520Mb L: 125/3600 MS: 1 CrossOver-
#498566	REDUCE cov: 2254 ft: 11987 corp: 1854/188Kb lim: 4096 exec/s: 5865 rss: 520Mb L: 259/3600 MS: 2 ChangeASCIIInt-EraseBytes-
#499642	REDUCE cov: 2254 ft: 11987 corp: 1854/187Kb lim: 4096 exec/s: 5809 rss: 520Mb L: 24/3600 MS: 1 EraseBytes-
#500069	REDUCE cov: 2254 ft: 11987 corp: 1854/187Kb lim: 4096 exec/s: 5814 rss: 520Mb L: 74/3600 MS: 2 ShuffleBytes-EraseBytes-
#503245	NEW    cov: 2254 ft: 11989 corp: 1855/188Kb lim: 4096 exec/s: 5784 rss: 520Mb L: 108/3600 MS: 1 EraseBytes-
#508411	REDUCE cov: 2254 ft: 11989 corp: 1855/188Kb lim: 4096 exec/s: 5777 rss: 520Mb L: 69/3600 MS: 1 EraseBytes-
#512068	NEW    cov: 2254 ft: 11991 corp: 1856/188Kb lim: 4096 exec/s: 5753 rss: 520Mb L: 69/3600 MS: 2 EraseBytes-ChangeASCIIInt-
#512630	NEW    cov: 2254 ft: 11992 corp: 1857/188Kb lim: 4096 exec/s: 5759 rss: 520Mb L: 55/3600 MS: 2 ChangeByte-EraseBytes-
#513641	REDUCE cov: 2254 ft: 11992 corp: 1857/188Kb lim: 4096 exec/s: 5771 rss: 520Mb L: 3003/3600 MS: 1 EraseBytes-
#516252	REDUCE cov: 2254 ft: 11992 corp: 1857/188Kb lim: 4096 exec/s: 5736 rss: 520Mb L: 65/3600 MS: 1 EraseBytes-
#518718	REDUCE cov: 2254 ft: 11992 corp: 1857/188Kb lim: 4096 exec/s: 5700 rss: 520Mb L: 28/3600 MS: 1 EraseBytes-
#518828	REDUCE cov: 2254 ft: 11992 corp: 1857/188Kb lim: 4096 exec/s: 5701 rss: 520Mb L: 661/3600 MS: 5 EraseBytes-ChangeBinInt-CopyPart-ChangeBit-EraseBytes-
#518904	REDUCE cov: 2254 ft: 11992 corp: 1857/187Kb lim: 4096 exec/s: 5702 rss: 520Mb L: 58/3600 MS: 1 EraseBytes-
#520007	REDUCE cov: 2254 ft: 11992 corp: 1857/187Kb lim: 4096 exec/s: 5714 rss: 520Mb L: 35/3600 MS: 3 EraseBytes-CopyPart-CopyPart-
#520138	NEW    cov: 2254 ft: 11993 corp: 1858/188Kb lim: 4096 exec/s: 5715 rss: 520Mb L: 124/3600 MS: 1 CrossOver-
#523624	NEW    cov: 2254 ft: 11994 corp: 1859/188Kb lim: 4096 exec/s: 5691 rss: 520Mb L: 125/3600 MS: 1 InsertByte-
#524288	pulse  cov: 2254 ft: 11994 corp: 1859/188Kb lim: 4096 exec/s: 5698 rss: 520Mb
#524995	REDUCE cov: 2254 ft: 11994 corp: 1859/188Kb lim: 4096 exec/s: 5706 rss: 520Mb L: 72/3600 MS: 1 EraseBytes-
#525646	REDUCE cov: 2254 ft: 11994 corp: 1859/188Kb lim: 4096 exec/s: 5713 rss: 520Mb L: 9/3600 MS: 1 EraseBytes-
#526947	NEW    cov: 2254 ft: 11995 corp: 1860/188Kb lim: 4096 exec/s: 5666 rss: 520Mb L: 172/3600 MS: 1 CopyPart-
#526973	REDUCE cov: 2254 ft: 11995 corp: 1860/188Kb lim: 4096 exec/s: 5666 rss: 520Mb L: 9/3600 MS: 1 EraseBytes-
#527041	NEW    cov: 2254 ft: 11997 corp: 1861/188Kb lim: 4096 exec/s: 5667 rss: 520Mb L: 119/3600 MS: 3 ChangeASCIIInt-EraseBytes-ChangeASCIIInt-
#527662	NEW    cov: 2254 ft: 11998 corp: 1862/188Kb lim: 4096 exec/s: 5673 rss: 520Mb L: 104/3600 MS: 1 ChangeASCIIInt-
#528008	NEW    cov: 2254 ft: 12004 corp: 1863/188Kb lim: 4096 exec/s: 5617 rss: 520Mb L: 129/3600 MS: 1 CMP- DE: "empty"-
#528819	REDUCE cov: 2254 ft: 12004 corp: 1863/188Kb lim: 4096 exec/s: 5625 rss: 520Mb L: 38/3600 MS: 1 EraseBytes-
#531575	REDUCE cov: 2254 ft: 12004 corp: 1863/188Kb lim: 4096 exec/s: 5655 rss: 520Mb L: 37/3600 MS: 1 EraseBytes-
#535517	REDUCE cov: 2254 ft: 12004 corp: 1863/188Kb lim: 4096 exec/s: 5637 rss: 520Mb L: 2971/3600 MS: 2 EraseBytes-CopyPart-
#538623	NEW    cov: 2254 ft: 12006 corp: 1864/188Kb lim: 4096 exec/s: 5552 rss: 520Mb L: 125/3600 MS: 1 ChangeASCIIInt-
#539574	NEW    cov: 2254 ft: 12008 corp: 1865/188Kb lim: 4096 exec/s: 5562 rss: 520Mb L: 124/3600 MS: 1 ChangeASCIIInt-
#540445	REDUCE cov: 2254 ft: 12008 corp: 1865/188Kb lim: 4096 exec/s: 5571 rss: 520Mb L: 42/3600 MS: 1 EraseBytes-
#542011	REDUCE cov: 2254 ft: 12008 corp: 1865/188Kb lim: 4096 exec/s: 5530 rss: 520Mb L: 5/3600 MS: 1 EraseBytes-
#542412	REDUCE cov: 2254 ft: 12008 corp: 1865/188Kb lim: 4096 exec/s: 5534 rss: 520Mb L: 247/3600 MS: 1 EraseBytes-
#542823	REDUCE cov: 2254 ft: 12008 corp: 1865/188Kb lim: 4096 exec/s: 5539 rss: 520Mb L: 172/3600 MS: 1 EraseBytes-
#543639	NEW    cov: 2254 ft: 12009 corp: 1866/189Kb lim: 4096 exec/s: 5547 rss: 520Mb L: 125/3600 MS: 1 ChangeBinInt-
#547856	REDUCE cov: 2254 ft: 12009 corp: 1866/189Kb lim: 4096 exec/s: 5533 rss: 520Mb L: 12/3600 MS: 2 ChangeBit-EraseBytes-
#548202	NEW    cov: 2254 ft: 12018 corp: 1867/189Kb lim: 4096 exec/s: 5482 rss: 520Mb L: 125/3600 MS: 1 ShuffleBytes-
#550270	REDUCE cov: 2254 ft: 12018 corp: 1867/189Kb lim: 4096 exec/s: 5502 rss: 520Mb L: 33/3600 MS: 3 CopyPart-EraseBytes-EraseBytes-
#551281	REDUCE cov: 2254 ft: 12018 corp: 1867/189Kb lim: 4096 exec/s: 5512 rss: 520Mb L: 118/3600 MS: 1 EraseBytes-
#551933	REDUCE cov: 2254 ft: 12018 corp: 1867/189Kb lim: 4096 exec/s: 5464 rss: 520Mb L: 11/3600 MS: 2 CMP-EraseBytes- DE: "\200\000"-
#552444	REDUCE cov: 2254 ft: 12018 corp: 1867/189Kb lim: 4096 exec/s: 5469 rss: 520Mb L: 208/3600 MS: 1 EraseBytes-
#553935	NEW    cov: 2254 ft: 12019 corp: 1868/190Kb lim: 4096 exec/s: 5484 rss: 520Mb L: 1752/3600 MS: 1 CrossOver-
#560746	NEW    cov: 2254 ft: 12020 corp: 1869/190Kb lim: 4096 exec/s: 5391 rss: 520Mb L: 124/3600 MS: 1 ChangeBinInt-
#561387	NEW    cov: 2254 ft: 12021 corp: 1870/191Kb lim: 4096 exec/s: 5397 rss: 520Mb L: 86/3600 MS: 1 EraseBytes-
#561643	NEW    cov: 2254 ft: 12022 corp: 1871/191Kb lim: 4096 exec/s: 5400 rss: 520Mb L: 107/3600 MS: 1 ChangeASCIIInt-
#562559	REDUCE cov: 2254 ft: 12022 corp: 1871/191Kb lim: 4096 exec/s: 5409 rss: 520Mb L: 115/3600 MS: 1 EraseBytes-
#564125	REDUCE cov: 2254 ft: 12022 corp: 1871/191Kb lim: 4096 exec/s: 5424 rss: 520Mb L: 1499/3600 MS: 1 EraseBytes-
#566841	REDUCE cov: 2254 ft: 12022 corp: 1871/191Kb lim: 4096 exec/s: 5398 rss: 520Mb L: 57/3600 MS: 1 EraseBytes-
#567907	REDUCE cov: 2254 ft: 12022 corp: 1871/191Kb lim: 4096 exec/s: 5408 rss: 520Mb L: 8/3600 MS: 1 EraseBytes-
#568363	REDUCE cov: 2254 ft: 12022 corp: 1871/191Kb lim: 4096 exec/s: 5361 rss: 520Mb L: 84/3600 MS: 1 EraseBytes-
#570640	NEW    cov: 2254 ft: 12023 corp: 1872/191Kb lim: 4096 exec/s: 5383 rss: 520Mb L: 92/3600 MS: 2 ChangeASCIIInt-EraseBytes-
#571567	REDUCE cov: 2254 ft: 12023 corp: 1872/191Kb lim: 4096 exec/s: 5392 rss: 520Mb L: 26/3600 MS: 2 ChangeBit-EraseBytes-
#572803	NEW    cov: 2254 ft: 12025 corp: 1873/191Kb lim: 4096 exec/s: 5353 rss: 520Mb L: 130/3600 MS: 1 PersAutoDict- DE: "empty"-
#574054	NEW    cov: 2254 ft: 12027 corp: 1874/191Kb lim: 4096 exec/s: 5364 rss: 520Mb L: 96/3600 MS: 1 EraseBytes-
#578960	NEW    cov: 2254 ft: 12029 corp: 1875/191Kb lim: 4096 exec/s: 5360 rss: 520Mb L: 172/3600 MS: 1 ChangeByte-
#578976	NEW    cov: 2254 ft: 12030 corp: 1876/191Kb lim: 4096 exec/s: 5360 rss: 520Mb L: 125/3600 MS: 1 ChangeASCIIInt-
#579682	REDUCE cov: 2254 ft: 12030 corp: 1876/191Kb lim: 4096 exec/s: 5318 rss: 520Mb L: 116/3600 MS: 1 EraseBytes-
#583473	REDUCE cov: 2254 ft: 12030 corp: 1876/191Kb lim: 4096 exec/s: 5304 rss: 520Mb L: 12/3600 MS: 1 EraseBytes-
#585779	REDUCE cov: 2254 ft: 12031 corp: 1877/191Kb lim: 4096 exec/s: 5325 rss: 520Mb L: 81/3600 MS: 1 InsertByte-
#586230	NEW    cov: 2254 ft: 12032 corp: 1878/192Kb lim: 4096 exec/s: 5329 rss: 520Mb L: 347/3600 MS: 1 CrossOver-
#588787	REDUCE cov: 2254 ft: 12032 corp: 1878/192Kb lim: 4096 exec/s: 5257 rss: 520Mb L: 683/3600 MS: 2 ChangeASCIIInt-EraseBytes-
#590405	REDUCE cov: 2254 ft: 12032 corp: 1878/191Kb lim: 4096 exec/s: 5271 rss: 520Mb L: 1309/3600 MS: 3 ShuffleBytes-ChangeASCIIInt-EraseBytes-
#595616	REDUCE cov: 2254 ft: 12032 corp: 1878/191Kb lim: 4096 exec/s: 5270 rss: 520Mb L: 651/3600 MS: 1 EraseBytes-
#595622	NEW    cov: 2254 ft: 12035 corp: 1879/191Kb lim: 4096 exec/s: 5270 rss: 520Mb L: 68/3600 MS: 1 ChangeASCIIInt-
#598849	REDUCE cov: 2254 ft: 12035 corp: 1879/191Kb lim: 4096 exec/s: 5253 rss: 520Mb L: 59/3600 MS: 2 ChangeASCIIInt-EraseBytes-
#600195	REDUCE cov: 2254 ft: 12035 corp: 1879/191Kb lim: 4096 exec/s: 5219 rss: 520Mb L: 24/3600 MS: 1 EraseBytes-
#601896	REDUCE cov: 2254 ft: 12035 corp: 1879/191Kb lim: 4096 exec/s: 5233 rss: 520Mb L: 7/3600 MS: 1 EraseBytes-
#603377	REDUCE cov: 2254 ft: 12035 corp: 1879/191Kb lim: 4096 exec/s: 5201 rss: 520Mb L: 18/3600 MS: 1 EraseBytes-
#604828	REDUCE cov: 2254 ft: 12035 corp: 1879/191Kb lim: 4096 exec/s: 5214 rss: 520Mb L: 104/3600 MS: 1 EraseBytes-
#606745	REDUCE cov: 2254 ft: 12035 corp: 1879/191Kb lim: 4096 exec/s: 5185 rss: 520Mb L: 81/3600 MS: 2 ChangeBinInt-EraseBytes-
#613801	REDUCE cov: 2254 ft: 12035 corp: 1879/191Kb lim: 4096 exec/s: 5157 rss: 520Mb L: 76/3600 MS: 1 EraseBytes-
#614297	REDUCE cov: 2254 ft: 12035 corp: 1879/191Kb lim: 4096 exec/s: 5119 rss: 520Mb L: 31/3600 MS: 1 EraseBytes-
#614580	REDUCE cov: 2254 ft: 12035 corp: 1879/191Kb lim: 4096 exec/s: 5121 rss: 520Mb L: 2962/3600 MS: 3 CopyPart-InsertRepeatedBytes-EraseBytes-
#617942	REDUCE cov: 2254 ft: 12035 corp: 1879/191Kb lim: 4096 exec/s: 5149 rss: 520Mb L: 120/3600 MS: 2 PersAutoDict-EraseBytes- DE: "\001\000"-
#619029	REDUCE cov: 2254 ft: 12035 corp: 1879/191Kb lim: 4096 exec/s: 5115 rss: 520Mb L: 76/3600 MS: 2 InsertByte-EraseBytes-
#620150	NEW    cov: 2254 ft: 12036 corp: 1880/191Kb lim: 4096 exec/s: 5125 rss: 520Mb L: 125/3600 MS: 1 CopyPart-
#621533	REDUCE cov: 2254 ft: 12036 corp: 1880/191Kb lim: 4096 exec/s: 5136 rss: 520Mb L: 91/3600 MS: 3 ShuffleBytes-ChangeBit-EraseBytes-
#622629	REDUCE cov: 2254 ft: 12036 corp: 1880/191Kb lim: 4096 exec/s: 5103 rss: 520Mb L: 14/3600 MS: 1 EraseBytes-
#627295	REDUCE cov: 2254 ft: 12036 corp: 1880/191Kb lim: 4096 exec/s: 5099 rss: 520Mb L: 122/3600 MS: 1 EraseBytes-
#634406	NEW    cov: 2254 ft: 12044 corp: 1881/191Kb lim: 4096 exec/s: 5034 rss: 520Mb L: 125/3600 MS: 1 ChangeASCIIInt-
#634637	REDUCE cov: 2254 ft: 12044 corp: 1881/191Kb lim: 4096 exec/s: 5036 rss: 520Mb L: 948/3600 MS: 1 EraseBytes-
#636303	REDUCE cov: 2254 ft: 12044 corp: 1881/191Kb lim: 4096 exec/s: 5050 rss: 520Mb L: 255/3600 MS: 1 EraseBytes-
#637044	REDUCE cov: 2254 ft: 12044 corp: 1881/191Kb lim: 4096 exec/s: 5016 rss: 520Mb L: 72/3600 MS: 1 EraseBytes-
#639501	NEW    cov: 2254 ft: 12068 corp: 1882/191Kb lim: 4096 exec/s: 5035 rss: 520Mb L: 70/3600 MS: 2 ChangeByte-EraseBytes-
#641052	NEW    cov: 2254 ft: 12069 corp: 1883/191Kb lim: 4096 exec/s: 5047 rss: 520Mb L: 51/3600 MS: 1 EraseBytes-
#641559	REDUCE cov: 2254 ft: 12069 corp: 1883/191Kb lim: 4096 exec/s: 5012 rss: 520Mb L: 24/3600 MS: 2 ShuffleBytes-EraseBytes-
#642630	NEW    cov: 2254 ft: 12072 corp: 1884/192Kb lim: 4096 exec/s: 5020 rss: 520Mb L: 112/3600 MS: 1 ChangeBinInt-
#645462	REDUCE cov: 2254 ft: 12072 corp: 1884/192Kb lim: 4096 exec/s: 5003 rss: 520Mb L: 36/3600 MS: 2 InsertByte-EraseBytes-
#645788	REDUCE cov: 2254 ft: 12072 corp: 1884/192Kb lim: 4096 exec/s: 5006 rss: 520Mb L: 118/3600 MS: 1 EraseBytes-
#648964	REDUCE cov: 2254 ft: 12072 corp: 1884/192Kb lim: 4096 exec/s: 4992 rss: 520Mb L: 39/3600 MS: 1 EraseBytes-
#649285	REDUCE cov: 2254 ft: 12072 corp: 1884/192Kb lim: 4096 exec/s: 4994 rss: 520Mb L: 27/3600 MS: 1 EraseBytes-
#649486	REDUCE cov: 2254 ft: 12072 corp: 1884/192Kb lim: 4096 exec/s: 4996 rss: 520Mb L: 15/3600 MS: 1 EraseBytes-
#650292	NEW    cov: 2254 ft: 12073 corp: 1885/192Kb lim: 4096 exec/s: 4964 rss: 520Mb L: 89/3600 MS: 1 EraseBytes-
#651728	REDUCE cov: 2254 ft: 12073 corp: 1885/192Kb lim: 4096 exec/s: 4975 rss: 520Mb L: 83/3600 MS: 1 EraseBytes-
#653084	NEW    cov: 2254 ft: 12075 corp: 1886/192Kb lim: 4096 exec/s: 4947 rss: 520Mb L: 124/3600 MS: 1 ChangeASCIIInt-
#658032	REDUCE cov: 2254 ft: 12077 corp: 1887/192Kb lim: 4096 exec/s: 4910 rss: 520Mb L: 87/3600 MS: 3 ShuffleBytes-CopyPart-EraseBytes-
#659964	REDUCE cov: 2254 ft: 12077 corp: 1887/192Kb lim: 4096 exec/s: 4888 rss: 520Mb L: 1370/3600 MS: 2 CrossOver-EraseBytes-
#660370	NEW    cov: 2254 ft: 12078 corp: 1888/192Kb lim: 4096 exec/s: 4891 rss: 520Mb L: 158/3600 MS: 1 ChangeASCIIInt-
#660586	REDUCE cov: 2254 ft: 12078 corp: 1888/192Kb lim: 4096 exec/s: 4893 rss: 520Mb L: 105/3600 MS: 1 EraseBytes-
#661557	REDUCE cov: 2254 ft: 12078 corp: 1888/192Kb lim: 4096 exec/s: 4864 rss: 520Mb L: 44/3600 MS: 1 EraseBytes-
#664498	NEW    cov: 2254 ft: 12079 corp: 1889/192Kb lim: 4096 exec/s: 4815 rss: 524Mb L: 122/3600 MS: 1 ChangeBinInt-
#664754	REDUCE cov: 2254 ft: 12079 corp: 1889/192Kb lim: 4096 exec/s: 4817 rss: 524Mb L: 109/3600 MS: 1 EraseBytes-
#667475	NEW    cov: 2254 ft: 12080 corp: 1890/192Kb lim: 4096 exec/s: 4801 rss: 534Mb L: 125/3600 MS: 1 ChangeBinInt-
#667511	REDUCE cov: 2254 ft: 12080 corp: 1890/192Kb lim: 4096 exec/s: 4802 rss: 534Mb L: 764/3600 MS: 1 EraseBytes-
#668428	REDUCE cov: 2254 ft: 12080 corp: 1890/192Kb lim: 4096 exec/s: 4808 rss: 534Mb L: 124/3600 MS: 2 EraseBytes-CopyPart-
#669649	NEW    cov: 2255 ft: 12081 corp: 1891/192Kb lim: 4096 exec/s: 4783 rss: 534Mb L: 125/3600 MS: 1 PersAutoDict- DE: "etpmy"-
#672976	REDUCE cov: 2255 ft: 12081 corp: 1891/192Kb lim: 4096 exec/s: 4772 rss: 534Mb L: 96/3600 MS: 2 EraseBytes-ChangeBit-
#676077	NEW    cov: 2255 ft: 12085 corp: 1892/192Kb lim: 4096 exec/s: 4761 rss: 534Mb L: 72/3600 MS: 1 EraseBytes-
#676273	REDUCE cov: 2255 ft: 12085 corp: 1892/192Kb lim: 4096 exec/s: 4762 rss: 534Mb L: 29/3600 MS: 1 EraseBytes-
#678904	REDUCE cov: 2255 ft: 12085 corp: 1892/192Kb lim: 4096 exec/s: 4747 rss: 534Mb L: 1285/3600 MS: 1 EraseBytes-
#679975	REDUCE cov: 2255 ft: 12085 corp: 1892/192Kb lim: 4096 exec/s: 4722 rss: 534Mb L: 70/3600 MS: 1 EraseBytes-
#681071	REDUCE cov: 2255 ft: 12085 corp: 1892/192Kb lim: 4096 exec/s: 4729 rss: 534Mb L: 829/3600 MS: 1 EraseBytes-
#688404	REDUCE cov: 2255 ft: 12085 corp: 1892/192Kb lim: 4096 exec/s: 4715 rss: 534Mb L: 163/3600 MS: 3 ShuffleBytes-ShuffleBytes-EraseBytes-
#689325	REDUCE cov: 2255 ft: 12085 corp: 1892/192Kb lim: 4096 exec/s: 4721 rss: 534Mb L: 12/3600 MS: 1 EraseBytes-
#689948	REDUCE cov: 2255 ft: 12085 corp: 1892/192Kb lim: 4096 exec/s: 4725 rss: 534Mb L: 64/3600 MS: 3 InsertByte-ChangeBinInt-EraseBytes-
#690019	REDUCE cov: 2255 ft: 12085 corp: 1892/192Kb lim: 4096 exec/s: 4694 rss: 534Mb L: 3460/3473 MS: 1 EraseBytes-
#691847	REDUCE cov: 2255 ft: 12085 corp: 1892/192Kb lim: 4096 exec/s: 4706 rss: 534Mb L: 28/3473 MS: 3 InsertByte-ChangeBinInt-EraseBytes-
#695753	REDUCE cov: 2255 ft: 12085 corp: 1892/192Kb lim: 4096 exec/s: 4669 rss: 534Mb L: 453/3473 MS: 1 EraseBytes-
#699414	REDUCE cov: 2255 ft: 12085 corp: 1892/192Kb lim: 4096 exec/s: 4662 rss: 534Mb L: 25/3473 MS: 1 EraseBytes-
#700240	NEW    cov: 2255 ft: 12094 corp: 1893/192Kb lim: 4096 exec/s: 4637 rss: 534Mb L: 125/3473 MS: 1 CrossOver-
#700906	REDUCE cov: 2255 ft: 12094 corp: 1893/192Kb lim: 4096 exec/s: 4641 rss: 534Mb L: 92/3473 MS: 1 EraseBytes-
#714777	REDUCE cov: 2255 ft: 12096 corp: 1894/192Kb lim: 4096 exec/s: 4641 rss: 534Mb L: 116/3473 MS: 1 ChangeByte-
#715153	REDUCE cov: 2255 ft: 12096 corp: 1894/192Kb lim: 4096 exec/s: 4643 rss: 534Mb L: 39/3473 MS: 1 EraseBytes-
#719314	REDUCE cov: 2255 ft: 12096 corp: 1894/192Kb lim: 4096 exec/s: 4640 rss: 534Mb L: 183/3473 MS: 1 EraseBytes-
#719350	REDUCE cov: 2255 ft: 12096 corp: 1894/192Kb lim: 4096 exec/s: 4640 rss: 534Mb L: 26/3473 MS: 1 EraseBytes-
#720357	NEW    cov: 2255 ft: 12097 corp: 1895/192Kb lim: 4096 exec/s: 4617 rss: 534Mb L: 175/3473 MS: 2 ChangeASCIIInt-InsertRepeatedBytes-
#721183	NEW    cov: 2255 ft: 12098 corp: 1896/192Kb lim: 4096 exec/s: 4593 rss: 534Mb L: 31/3473 MS: 1 EraseBytes-
#724950	NEW    cov: 2255 ft: 12099 corp: 1897/193Kb lim: 4096 exec/s: 4617 rss: 534Mb L: 347/3473 MS: 2 ChangeASCIIInt-ChangeASCIIInt-
#728466	REDUCE cov: 2255 ft: 12099 corp: 1897/193Kb lim: 4096 exec/s: 4581 rss: 534Mb L: 1708/3473 MS: 1 EraseBytes-
#728802	REDUCE cov: 2255 ft: 12099 corp: 1897/193Kb lim: 4096 exec/s: 4583 rss: 534Mb L: 160/3473 MS: 1 EraseBytes-
#729418	REDUCE cov: 2255 ft: 12099 corp: 1897/193Kb lim: 4096 exec/s: 4587 rss: 534Mb L: 112/3473 MS: 1 EraseBytes-
#730311	REDUCE cov: 2255 ft: 12099 corp: 1897/193Kb lim: 4096 exec/s: 4593 rss: 534Mb L: 26/3473 MS: 3 ChangeASCIIInt-CopyPart-EraseBytes-
#735202	REDUCE cov: 2255 ft: 12099 corp: 1897/193Kb lim: 4096 exec/s: 4538 rss: 534Mb L: 25/3473 MS: 1 EraseBytes-
#735588	REDUCE cov: 2255 ft: 12099 corp: 1897/193Kb lim: 4096 exec/s: 4540 rss: 534Mb L: 10/3473 MS: 1 EraseBytes-
#736679	REDUCE cov: 2255 ft: 12099 corp: 1897/193Kb lim: 4096 exec/s: 4547 rss: 534Mb L: 27/3473 MS: 1 EraseBytes-
#737731	REDUCE cov: 2255 ft: 12099 corp: 1897/193Kb lim: 4096 exec/s: 4525 rss: 534Mb L: 75/3473 MS: 2 ChangeASCIIInt-EraseBytes-
#739507	REDUCE cov: 2255 ft: 12099 corp: 1897/193Kb lim: 4096 exec/s: 4509 rss: 534Mb L: 76/3473 MS: 1 EraseBytes-
#742473	REDUCE cov: 2255 ft: 12099 corp: 1897/193Kb lim: 4096 exec/s: 4499 rss: 534Mb L: 104/3473 MS: 1 EraseBytes-
#746761	NEW    cov: 2255 ft: 12105 corp: 1898/193Kb lim: 4096 exec/s: 4498 rss: 534Mb L: 132/3473 MS: 3 ShuffleBytes-CrossOver-ChangeASCIIInt-
#748642	REDUCE cov: 2255 ft: 12105 corp: 1898/193Kb lim: 4096 exec/s: 4482 rss: 534Mb L: 257/3473 MS: 1 EraseBytes-
#750078	REDUCE cov: 2255 ft: 12105 corp: 1898/193Kb lim: 4096 exec/s: 4491 rss: 534Mb L: 120/3473 MS: 1 EraseBytes-
#753462	REDUCE cov: 2255 ft: 12105 corp: 1898/193Kb lim: 4096 exec/s: 4484 rss: 534Mb L: 7/3473 MS: 4 ShuffleBytes-PersAutoDict-ShuffleBytes-EraseBytes- DE: "\200\000"-
#755433	NEW    cov: 2255 ft: 12112 corp: 1899/193Kb lim: 4096 exec/s: 4470 rss: 534Mb L: 126/3473 MS: 1 CopyPart-
#761239	REDUCE cov: 2255 ft: 12112 corp: 1899/193Kb lim: 4096 exec/s: 4451 rss: 534Mb L: 127/3473 MS: 1 EraseBytes-
#761285	REDUCE cov: 2255 ft: 12112 corp: 1899/193Kb lim: 4096 exec/s: 4451 rss: 534Mb L: 19/3473 MS: 1 EraseBytes-
#762176	REDUCE cov: 2255 ft: 12112 corp: 1899/193Kb lim: 4096 exec/s: 4431 rss: 534Mb L: 50/3473 MS: 1 EraseBytes-
#762987	REDUCE cov: 2255 ft: 12112 corp: 1899/193Kb lim: 4096 exec/s: 4435 rss: 534Mb L: 121/3473 MS: 1 EraseBytes-
#767625	REDUCE cov: 2255 ft: 12112 corp: 1899/193Kb lim: 4096 exec/s: 4411 rss: 534Mb L: 18/3473 MS: 3 InsertByte-EraseBytes-CopyPart-
#770838	REDUCE cov: 2255 ft: 12112 corp: 1899/193Kb lim: 4096 exec/s: 4404 rss: 534Mb L: 1880/3473 MS: 3 InsertByte-ChangeBit-EraseBytes-
#776224	REDUCE cov: 2255 ft: 12112 corp: 1899/193Kb lim: 4096 exec/s: 4385 rss: 534Mb L: 50/3473 MS: 1 EraseBytes-
#777245	REDUCE cov: 2255 ft: 12112 corp: 1899/193Kb lim: 4096 exec/s: 4366 rss: 534Mb L: 35/3473 MS: 1 EraseBytes-
#781817	NEW    cov: 2255 ft: 12115 corp: 1900/193Kb lim: 4096 exec/s: 4367 rss: 534Mb L: 87/3473 MS: 2 ChangeBit-ChangeBit-
#783888	REDUCE cov: 2255 ft: 12115 corp: 1900/193Kb lim: 4096 exec/s: 4354 rss: 534Mb L: 458/3473 MS: 1 EraseBytes-
#783940	REDUCE cov: 2255 ft: 12115 corp: 1900/193Kb lim: 4096 exec/s: 4355 rss: 534Mb L: 118/3473 MS: 2 CMP-EraseBytes- DE: "\241\001"-
#785516	REDUCE cov: 2255 ft: 12115 corp: 1900/193Kb lim: 4096 exec/s: 4339 rss: 534Mb L: 13/3473 MS: 1 EraseBytes-
#789747	REDUCE cov: 2255 ft: 12115 corp: 1900/193Kb lim: 4096 exec/s: 4339 rss: 534Mb L: 150/3473 MS: 1 EraseBytes-
#801938	REDUCE cov: 2255 ft: 12117 corp: 1901/193Kb lim: 4096 exec/s: 4288 rss: 534Mb L: 38/3473 MS: 1 CopyPart-
#805264	NEW    cov: 2255 ft: 12119 corp: 1902/193Kb lim: 4096 exec/s: 4260 rss: 534Mb L: 122/3473 MS: 1 ChangeBit-
#811020	REDUCE cov: 2255 ft: 12119 corp: 1902/193Kb lim: 4096 exec/s: 4246 rss: 534Mb L: 16/3473 MS: 1 EraseBytes-
#811131	REDUCE cov: 2255 ft: 12119 corp: 1902/193Kb lim: 4096 exec/s: 4246 rss: 534Mb L: 70/3473 MS: 1 EraseBytes-
#811852	REDUCE cov: 2255 ft: 12119 corp: 1902/193Kb lim: 4096 exec/s: 4250 rss: 534Mb L: 434/3473 MS: 1 EraseBytes-
#813138	REDUCE cov: 2255 ft: 12119 corp: 1902/193Kb lim: 4096 exec/s: 4257 rss: 534Mb L: 137/3473 MS: 1 EraseBytes-
#818169	REDUCE cov: 2255 ft: 12119 corp: 1902/192Kb lim: 4096 exec/s: 4217 rss: 534Mb L: 670/3473 MS: 1 EraseBytes-
#818401	REDUCE cov: 2255 ft: 12119 corp: 1902/192Kb lim: 4096 exec/s: 4218 rss: 534Mb L: 56/3473 MS: 2 ChangeASCIIInt-EraseBytes-
#818967	REDUCE cov: 2255 ft: 12119 corp: 1902/192Kb lim: 4096 exec/s: 4221 rss: 534Mb L: 117/3473 MS: 1 EraseBytes-
#819118	REDUCE cov: 2255 ft: 12119 corp: 1902/192Kb lim: 4096 exec/s: 4222 rss: 534Mb L: 24/3473 MS: 1 EraseBytes-
#822659	REDUCE cov: 2255 ft: 12119 corp: 1902/192Kb lim: 4096 exec/s: 4218 rss: 534Mb L: 64/3473 MS: 1 EraseBytes-
#823255	NEW    cov: 2255 ft: 12120 corp: 1903/193Kb lim: 4096 exec/s: 4200 rss: 534Mb L: 134/3473 MS: 1 PersAutoDict- DE: "etpmy"-
#828871	REDUCE cov: 2255 ft: 12120 corp: 1903/193Kb lim: 4096 exec/s: 4207 rss: 534Mb L: 16/3473 MS: 1 EraseBytes-
#831177	NEW    cov: 2255 ft: 12121 corp: 1904/194Kb lim: 4096 exec/s: 4197 rss: 534Mb L: 1728/3473 MS: 1 EraseBytes-
#831249	NEW    cov: 2255 ft: 12122 corp: 1905/194Kb lim: 4096 exec/s: 4198 rss: 534Mb L: 88/3473 MS: 2 CrossOver-EraseBytes-
#834121	REDUCE cov: 2255 ft: 12122 corp: 1905/194Kb lim: 4096 exec/s: 4212 rss: 534Mb L: 95/3473 MS: 2 ShuffleBytes-EraseBytes-
#834957	REDUCE cov: 2255 ft: 12122 corp: 1905/194Kb lim: 4096 exec/s: 4195 rss: 534Mb L: 67/3473 MS: 1 EraseBytes-
#840649	REDUCE cov: 2255 ft: 12122 corp: 1905/194Kb lim: 4096 exec/s: 4182 rss: 534Mb L: 72/3473 MS: 2 ShuffleBytes-EraseBytes-
#843920	REDUCE cov: 2255 ft: 12122 corp: 1905/194Kb lim: 4096 exec/s: 4198 rss: 534Mb L: 82/3473 MS: 1 EraseBytes-
#845581	REDUCE cov: 2255 ft: 12122 corp: 1905/194Kb lim: 4096 exec/s: 4186 rss: 534Mb L: 157/3473 MS: 1 EraseBytes-
#851187	REDUCE cov: 2255 ft: 12122 corp: 1905/194Kb lim: 4096 exec/s: 4172 rss: 534Mb L: 123/3473 MS: 1 EraseBytes-
#851603	REDUCE cov: 2255 ft: 12122 corp: 1905/194Kb lim: 4096 exec/s: 4174 rss: 534Mb L: 1147/3473 MS: 1 EraseBytes-
#852434	REDUCE cov: 2255 ft: 12122 corp: 1905/194Kb lim: 4096 exec/s: 4178 rss: 534Mb L: 30/3473 MS: 1 EraseBytes-
#853136	REDUCE cov: 2255 ft: 12122 corp: 1905/194Kb lim: 4096 exec/s: 4182 rss: 534Mb L: 192/3473 MS: 2 CMP-EraseBytes- DE: "\001\000\000\000\000\000\000-"-
#853702	REDUCE cov: 2255 ft: 12122 corp: 1905/194Kb lim: 4096 exec/s: 4164 rss: 534Mb L: 170/3473 MS: 1 EraseBytes-
#858758	REDUCE cov: 2255 ft: 12122 corp: 1905/194Kb lim: 4096 exec/s: 4168 rss: 534Mb L: 107/3473 MS: 1 EraseBytes-
#860979	REDUCE cov: 2255 ft: 12122 corp: 1905/194Kb lim: 4096 exec/s: 4159 rss: 534Mb L: 6/3473 MS: 1 EraseBytes-
#865155	NEW    cov: 2255 ft: 12123 corp: 1906/194Kb lim: 4096 exec/s: 4159 rss: 534Mb L: 88/3473 MS: 1 EraseBytes-
#865522	REDUCE cov: 2255 ft: 12123 corp: 1906/194Kb lim: 4096 exec/s: 4161 rss: 534Mb L: 78/3473 MS: 2 ChangeBit-EraseBytes-
#867849	REDUCE cov: 2255 ft: 12123 corp: 1906/194Kb lim: 4096 exec/s: 4172 rss: 534Mb L: 144/3473 MS: 2 ShuffleBytes-EraseBytes-
#869205	NEW    cov: 2255 ft: 12125 corp: 1907/194Kb lim: 4096 exec/s: 4158 rss: 534Mb L: 124/3473 MS: 1 ChangeByte-
#869736	NEW    cov: 2255 ft: 12126 corp: 1908/195Kb lim: 4096 exec/s: 4161 rss: 534Mb L: 124/3473 MS: 1 ChangeASCIIInt-
#869807	NEW    cov: 2255 ft: 12127 corp: 1909/195Kb lim: 4096 exec/s: 4161 rss: 534Mb L: 131/3473 MS: 1 CopyPart-
#871184	REDUCE cov: 2255 ft: 12127 corp: 1909/195Kb lim: 4096 exec/s: 4148 rss: 534Mb L: 2953/3473 MS: 2 ChangeBit-EraseBytes-
#873650	REDUCE cov: 2255 ft: 12127 corp: 1909/195Kb lim: 4096 exec/s: 4140 rss: 534Mb L: 90/3473 MS: 1 EraseBytes-
#877736	REDUCE cov: 2255 ft: 12127 corp: 1909/195Kb lim: 4096 exec/s: 4140 rss: 534Mb L: 59/3473 MS: 1 EraseBytes-
#884222	REDUCE cov: 2255 ft: 12127 corp: 1909/195Kb lim: 4096 exec/s: 4112 rss: 534Mb L: 33/3473 MS: 1 EraseBytes-
#886608	REDUCE cov: 2255 ft: 12127 corp: 1909/195Kb lim: 4096 exec/s: 4104 rss: 534Mb L: 42/3473 MS: 1 EraseBytes-
#887699	REDUCE cov: 2255 ft: 12127 corp: 1909/195Kb lim: 4096 exec/s: 4090 rss: 534Mb L: 28/3473 MS: 1 EraseBytes-
#888097	NEW    cov: 2255 ft: 12129 corp: 1910/195Kb lim: 4096 exec/s: 4092 rss: 534Mb L: 111/3473 MS: 3 ChangeASCIIInt-ChangeASCIIInt-EraseBytes-
#888630	REDUCE cov: 2255 ft: 12129 corp: 1910/195Kb lim: 4096 exec/s: 4076 rss: 534Mb L: 576/3473 MS: 3 ChangeByte-ChangeASCIIInt-EraseBytes-
#889666	REDUCE cov: 2255 ft: 12129 corp: 1910/195Kb lim: 4096 exec/s: 4081 rss: 534Mb L: 138/3473 MS: 1 EraseBytes-
#891143	REDUCE cov: 2255 ft: 12129 corp: 1910/195Kb lim: 4096 exec/s: 4087 rss: 534Mb L: 77/3473 MS: 2 ChangeASCIIInt-EraseBytes-
#892965	REDUCE cov: 2255 ft: 12129 corp: 1910/195Kb lim: 4096 exec/s: 4077 rss: 534Mb L: 119/3473 MS: 2 CMP-EraseBytes- DE: "empty"-
#893091	REDUCE cov: 2255 ft: 12129 corp: 1910/195Kb lim: 4096 exec/s: 4078 rss: 534Mb L: 17/3473 MS: 1 EraseBytes-
#897472	REDUCE cov: 2255 ft: 12130 corp: 1911/195Kb lim: 4096 exec/s: 4042 rss: 534Mb L: 31/3473 MS: 1 ShuffleBytes-
#901074	REDUCE cov: 2255 ft: 12130 corp: 1911/195Kb lim: 4096 exec/s: 4040 rss: 534Mb L: 158/3473 MS: 2 ChangeASCIIInt-EraseBytes-
#901226	REDUCE cov: 2255 ft: 12130 corp: 1911/195Kb lim: 4096 exec/s: 4041 rss: 534Mb L: 14/3473 MS: 2 ShuffleBytes-EraseBytes-
#901952	REDUCE cov: 2255 ft: 12130 corp: 1911/195Kb lim: 4096 exec/s: 4026 rss: 534Mb L: 17/3473 MS: 1 EraseBytes-
#902493	REDUCE cov: 2255 ft: 12130 corp: 1911/195Kb lim: 4096 exec/s: 4028 rss: 534Mb L: 36/3473 MS: 1 EraseBytes-
#907200	REDUCE cov: 2255 ft: 12130 corp: 1911/195Kb lim: 4096 exec/s: 4032 rss: 534Mb L: 95/3473 MS: 2 ChangeASCIIInt-EraseBytes-
#908906	REDUCE cov: 2255 ft: 12130 corp: 1911/195Kb lim: 4096 exec/s: 4039 rss: 534Mb L: 134/3473 MS: 1 EraseBytes-
#914667	REDUCE cov: 2255 ft: 12130 corp: 1911/195Kb lim: 4096 exec/s: 4029 rss: 534Mb L: 24/3473 MS: 1 EraseBytes-
#919943	REDUCE cov: 2255 ft: 12130 corp: 1911/195Kb lim: 4096 exec/s: 4034 rss: 534Mb L: 23/3473 MS: 1 EraseBytes-
#920780	NEW    cov: 2255 ft: 12131 corp: 1912/195Kb lim: 4096 exec/s: 4020 rss: 534Mb L: 125/3473 MS: 2 ChangeASCIIInt-ChangeBinInt-
#924227	REDUCE cov: 2255 ft: 12131 corp: 1912/195Kb lim: 4096 exec/s: 4018 rss: 534Mb L: 665/3473 MS: 1 EraseBytes-
#934693	REDUCE cov: 2255 ft: 12131 corp: 1912/195Kb lim: 4096 exec/s: 3994 rss: 534Mb L: 56/3473 MS: 1 EraseBytes-
#935174	REDUCE cov: 2255 ft: 12131 corp: 1912/195Kb lim: 4096 exec/s: 3996 rss: 534Mb L: 54/3473 MS: 1 EraseBytes-
#935635	REDUCE cov: 2255 ft: 12131 corp: 1912/195Kb lim: 4096 exec/s: 3981 rss: 534Mb L: 17/3473 MS: 1 EraseBytes-
#938766	NEW    cov: 2255 ft: 12132 corp: 1913/195Kb lim: 4096 exec/s: 3977 rss: 534Mb L: 125/3473 MS: 1 ChangeBit-
#940782	REDUCE cov: 2255 ft: 12132 corp: 1913/195Kb lim: 4096 exec/s: 3986 rss: 534Mb L: 33/3473 MS: 1 EraseBytes-
#942739	REDUCE cov: 2255 ft: 12132 corp: 1913/195Kb lim: 4096 exec/s: 3977 rss: 534Mb L: 30/3473 MS: 2 ChangeByte-EraseBytes-
#944835	REDUCE cov: 2255 ft: 12132 corp: 1913/195Kb lim: 4096 exec/s: 3986 rss: 534Mb L: 72/3473 MS: 1 EraseBytes-
#948406	REDUCE cov: 2255 ft: 12132 corp: 1913/195Kb lim: 4096 exec/s: 3968 rss: 534Mb L: 32/3473 MS: 1 EraseBytes-
#949802	REDUCE cov: 2255 ft: 12132 corp: 1913/195Kb lim: 4096 exec/s: 3974 rss: 534Mb L: 9/3473 MS: 1 EraseBytes-
#957453	REDUCE cov: 2255 ft: 12132 corp: 1913/195Kb lim: 4096 exec/s: 3956 rss: 534Mb L: 111/3473 MS: 1 EraseBytes-
#957939	REDUCE cov: 2255 ft: 12132 corp: 1913/195Kb lim: 4096 exec/s: 3958 rss: 534Mb L: 65/3473 MS: 1 EraseBytes-
#963420	REDUCE cov: 2255 ft: 12132 corp: 1913/195Kb lim: 4096 exec/s: 3948 rss: 534Mb L: 52/3473 MS: 1 EraseBytes-
#964126	REDUCE cov: 2255 ft: 12133 corp: 1914/195Kb lim: 4096 exec/s: 3951 rss: 534Mb L: 123/3473 MS: 1 ChangeBinInt-
#972378	REDUCE cov: 2255 ft: 12133 corp: 1914/195Kb lim: 4096 exec/s: 3936 rss: 534Mb L: 156/3473 MS: 2 ChangeASCIIInt-EraseBytes-
#976229	REDUCE cov: 2255 ft: 12133 corp: 1914/195Kb lim: 4096 exec/s: 3936 rss: 534Mb L: 116/3473 MS: 1 EraseBytes-
#978471	NEW    cov: 2255 ft: 12141 corp: 1915/195Kb lim: 4096 exec/s: 3929 rss: 534Mb L: 117/3473 MS: 2 ChangeASCIIInt-ChangeASCIIInt-
#978903	REDUCE cov: 2255 ft: 12141 corp: 1915/195Kb lim: 4096 exec/s: 3931 rss: 534Mb L: 73/3473 MS: 2 ChangeBinInt-EraseBytes-
#984014	NEW    cov: 2255 ft: 12142 corp: 1916/195Kb lim: 4096 exec/s: 3936 rss: 534Mb L: 158/3473 MS: 1 CrossOver-
#984960	REDUCE cov: 2255 ft: 12142 corp: 1916/195Kb lim: 4096 exec/s: 3924 rss: 534Mb L: 661/3473 MS: 1 EraseBytes-
#985594	REDUCE cov: 2255 ft: 12142 corp: 1916/195Kb lim: 4096 exec/s: 3926 rss: 534Mb L: 184/3473 MS: 4 CopyPart-ShuffleBytes-ShuffleBytes-EraseBytes-
#993240	REDUCE cov: 2255 ft: 12142 corp: 1916/195Kb lim: 4096 exec/s: 3910 rss: 534Mb L: 108/3473 MS: 1 EraseBytes-
#994716	REDUCE cov: 2255 ft: 12142 corp: 1916/195Kb lim: 4096 exec/s: 3900 rss: 534Mb L: 66/3473 MS: 1 EraseBytes-
#997942	REDUCE cov: 2255 ft: 12142 corp: 1916/195Kb lim: 4096 exec/s: 3883 rss: 534Mb L: 171/3473 MS: 1 EraseBytes-
#1000603	REDUCE cov: 2255 ft: 12142 corp: 1916/195Kb lim: 4096 exec/s: 3878 rss: 534Mb L: 72/3473 MS: 1 EraseBytes-
#1000914	REDUCE cov: 2255 ft: 12142 corp: 1916/195Kb lim: 4096 exec/s: 3879 rss: 534Mb L: 34/3473 MS: 1 EraseBytes-
#1001560	REDUCE cov: 2255 ft: 12142 corp: 1916/195Kb lim: 4096 exec/s: 3882 rss: 534Mb L: 169/3473 MS: 1 EraseBytes-
#1005716	REDUCE cov: 2255 ft: 12142 corp: 1916/195Kb lim: 4096 exec/s: 3868 rss: 534Mb L: 169/3473 MS: 1 EraseBytes-
#1007304	REDUCE cov: 2255 ft: 12142 corp: 1916/195Kb lim: 4096 exec/s: 3859 rss: 534Mb L: 158/3473 MS: 3 CMP-ShuffleBytes-EraseBytes- DE: "\377)"-
#1007465	REDUCE cov: 2255 ft: 12142 corp: 1916/195Kb lim: 4096 exec/s: 3860 rss: 534Mb L: 64/3473 MS: 1 EraseBytes-
#1007511	REDUCE cov: 2255 ft: 12142 corp: 1916/195Kb lim: 4096 exec/s: 3860 rss: 534Mb L: 33/3473 MS: 1 EraseBytes-
#1008777	REDUCE cov: 2255 ft: 12142 corp: 1916/195Kb lim: 4096 exec/s: 3850 rss: 534Mb L: 72/3473 MS: 1 EraseBytes-
#1014738	REDUCE cov: 2255 ft: 12142 corp: 1916/195Kb lim: 4096 exec/s: 3843 rss: 534Mb L: 40/3473 MS: 1 EraseBytes-
#1015984	REDUCE cov: 2255 ft: 12142 corp: 1916/195Kb lim: 4096 exec/s: 3833 rss: 534Mb L: 143/3473 MS: 1 EraseBytes-
#1017485	REDUCE cov: 2255 ft: 12142 corp: 1916/195Kb lim: 4096 exec/s: 3825 rss: 534Mb L: 8/3473 MS: 1 EraseBytes-
#1018186	REDUCE cov: 2255 ft: 12142 corp: 1916/195Kb lim: 4096 exec/s: 3827 rss: 534Mb L: 66/3473 MS: 1 EraseBytes-
#1019683	REDUCE cov: 2255 ft: 12142 corp: 1916/195Kb lim: 4096 exec/s: 3833 rss: 534Mb L: 40/3473 MS: 2 EraseBytes-CopyPart-
#1019784	REDUCE cov: 2255 ft: 12142 corp: 1916/195Kb lim: 4096 exec/s: 3819 rss: 534Mb L: 115/3473 MS: 1 EraseBytes-
#1022125	REDUCE cov: 2255 ft: 12142 corp: 1916/195Kb lim: 4096 exec/s: 3828 rss: 534Mb L: 42/3473 MS: 1 EraseBytes-
#1022191	REDUCE cov: 2255 ft: 12142 corp: 1916/195Kb lim: 4096 exec/s: 3828 rss: 534Mb L: 2030/3473 MS: 1 EraseBytes-
#1028692	REDUCE cov: 2255 ft: 12142 corp: 1916/195Kb lim: 4096 exec/s: 3824 rss: 534Mb L: 42/3473 MS: 1 EraseBytes-
#1029993	REDUCE cov: 2255 ft: 12142 corp: 1916/195Kb lim: 4096 exec/s: 3828 rss: 534Mb L: 17/3473 MS: 1 EraseBytes-
#1030144	NEW    cov: 2255 ft: 12143 corp: 1917/195Kb lim: 4096 exec/s: 3829 rss: 534Mb L: 116/3473 MS: 1 EraseBytes-
#1030465	REDUCE cov: 2255 ft: 12143 corp: 1917/195Kb lim: 4096 exec/s: 3816 rss: 534Mb L: 14/3473 MS: 1 EraseBytes-
#1030646	REDUCE cov: 2255 ft: 12143 corp: 1917/195Kb lim: 4096 exec/s: 3817 rss: 534Mb L: 44/3473 MS: 1 EraseBytes-
#1031587	REDUCE cov: 2255 ft: 12143 corp: 1917/195Kb lim: 4096 exec/s: 3820 rss: 534Mb L: 107/3473 MS: 1 EraseBytes-
#1032513	REDUCE cov: 2255 ft: 12143 corp: 1917/195Kb lim: 4096 exec/s: 3810 rss: 534Mb L: 69/3473 MS: 1 EraseBytes-
#1034484	REDUCE cov: 2255 ft: 12143 corp: 1917/195Kb lim: 4096 exec/s: 3803 rss: 534Mb L: 195/3473 MS: 1 EraseBytes-
#1034947	REDUCE cov: 2255 ft: 12143 corp: 1917/195Kb lim: 4096 exec/s: 3804 rss: 534Mb L: 20/3473 MS: 3 CrossOver-ChangeASCIIInt-EraseBytes-
#1038428	REDUCE cov: 2255 ft: 12143 corp: 1917/195Kb lim: 4096 exec/s: 3803 rss: 534Mb L: 82/3473 MS: 1 EraseBytes-
#1043294	REDUCE cov: 2255 ft: 12143 corp: 1917/195Kb lim: 4096 exec/s: 3807 rss: 534Mb L: 93/3473 MS: 1 EraseBytes-
#1043305	REDUCE cov: 2255 ft: 12143 corp: 1917/195Kb lim: 4096 exec/s: 3807 rss: 534Mb L: 65/3473 MS: 1 EraseBytes-
#1048346	REDUCE cov: 2255 ft: 12143 corp: 1917/195Kb lim: 4096 exec/s: 3798 rss: 534Mb L: 569/3473 MS: 1 EraseBytes-
#1048576	pulse  cov: 2255 ft: 12143 corp: 1917/195Kb lim: 4096 exec/s: 3799 rss: 534Mb
#1052588	REDUCE cov: 2255 ft: 12143 corp: 1917/195Kb lim: 4096 exec/s: 3786 rss: 534Mb L: 64/3473 MS: 2 CopyPart-EraseBytes-
#1054371	REDUCE cov: 2255 ft: 12143 corp: 1917/195Kb lim: 4096 exec/s: 3792 rss: 534Mb L: 326/3473 MS: 3 ShuffleBytes-CMP-EraseBytes- DE: "/\002\000\000\000\000\000\000"-
#1056522	NEW    cov: 2255 ft: 12144 corp: 1918/195Kb lim: 4096 exec/s: 3786 rss: 534Mb L: 130/3473 MS: 1 PersAutoDict- DE: "etpmy"-
#1057238	NEW    cov: 2255 ft: 12145 corp: 1919/195Kb lim: 4096 exec/s: 3789 rss: 534Mb L: 124/3473 MS: 1 CopyPart-
#1060639	REDUCE cov: 2255 ft: 12145 corp: 1919/195Kb lim: 4096 exec/s: 3787 rss: 534Mb L: 11/3473 MS: 1 EraseBytes-
#1062522	REDUCE cov: 2255 ft: 12145 corp: 1919/195Kb lim: 4096 exec/s: 3781 rss: 534Mb L: 280/3473 MS: 3 ChangeASCIIInt-CopyPart-EraseBytes-
#1064433	REDUCE cov: 2255 ft: 12145 corp: 1919/195Kb lim: 4096 exec/s: 3774 rss: 534Mb L: 319/3473 MS: 1 EraseBytes-
#1065064	NEW    cov: 2255 ft: 12146 corp: 1920/195Kb lim: 4096 exec/s: 3776 rss: 534Mb L: 125/3473 MS: 1 ChangeByte-
#1068300	REDUCE cov: 2255 ft: 12146 corp: 1920/195Kb lim: 4096 exec/s: 3761 rss: 534Mb L: 232/3473 MS: 1 EraseBytes-
#1069691	REDUCE cov: 2255 ft: 12146 corp: 1920/195Kb lim: 4096 exec/s: 3766 rss: 534Mb L: 37/3473 MS: 1 EraseBytes-
#1073673	REDUCE cov: 2255 ft: 12146 corp: 1920/195Kb lim: 4096 exec/s: 3754 rss: 534Mb L: 81/3473 MS: 2 EraseBytes-ChangeASCIIInt-
#1079209	NEW    cov: 2256 ft: 12148 corp: 1921/195Kb lim: 4096 exec/s: 3760 rss: 534Mb L: 56/3473 MS: 1 EraseBytes-
#1080995	REDUCE cov: 2256 ft: 12148 corp: 1921/195Kb lim: 4096 exec/s: 3753 rss: 534Mb L: 2668/3473 MS: 1 EraseBytes-
#1081324	REDUCE cov: 2256 ft: 12148 corp: 1921/195Kb lim: 4096 exec/s: 3754 rss: 534Mb L: 239/3473 MS: 4 ShuffleBytes-ChangeBinInt-EraseBytes-CopyPart-
#1088842	REDUCE cov: 2256 ft: 12148 corp: 1921/195Kb lim: 4096 exec/s: 3728 rss: 534Mb L: 195/3473 MS: 3 CrossOver-InsertByte-EraseBytes-
#1089239	REDUCE cov: 2256 ft: 12148 corp: 1921/195Kb lim: 4096 exec/s: 3730 rss: 534Mb L: 115/3473 MS: 2 CrossOver-EraseBytes-
#1089395	REDUCE cov: 2256 ft: 12148 corp: 1921/195Kb lim: 4096 exec/s: 3730 rss: 534Mb L: 24/3473 MS: 1 EraseBytes-
#1090621	NEW    cov: 2256 ft: 12149 corp: 1922/195Kb lim: 4096 exec/s: 3722 rss: 534Mb L: 124/3473 MS: 1 ChangeASCIIInt-
#1101412	REDUCE cov: 2256 ft: 12149 corp: 1922/195Kb lim: 4096 exec/s: 3720 rss: 534Mb L: 87/3473 MS: 1 EraseBytes-
#1102333	NEW    cov: 2256 ft: 12150 corp: 1923/195Kb lim: 4096 exec/s: 3711 rss: 534Mb L: 56/3473 MS: 1 ChangeASCIIInt-
#1102534	REDUCE cov: 2256 ft: 12150 corp: 1923/195Kb lim: 4096 exec/s: 3712 rss: 534Mb L: 54/3473 MS: 1 EraseBytes-
#1107385	REDUCE cov: 2256 ft: 12150 corp: 1923/195Kb lim: 4096 exec/s: 3728 rss: 534Mb L: 73/3473 MS: 1 EraseBytes-
#1108601	REDUCE cov: 2256 ft: 12150 corp: 1923/195Kb lim: 4096 exec/s: 3720 rss: 534Mb L: 66/3473 MS: 1 EraseBytes-
#1108912	REDUCE cov: 2256 ft: 12150 corp: 1923/195Kb lim: 4096 exec/s: 3721 rss: 534Mb L: 105/3473 MS: 1 EraseBytes-
#1109728	REDUCE cov: 2256 ft: 12150 corp: 1923/195Kb lim: 4096 exec/s: 3723 rss: 534Mb L: 114/3473 MS: 1 EraseBytes-
#1110345	REDUCE cov: 2256 ft: 12150 corp: 1923/195Kb lim: 4096 exec/s: 3725 rss: 534Mb L: 106/3473 MS: 2 EraseBytes-CopyPart-
#1111531	REDUCE cov: 2256 ft: 12150 corp: 1923/195Kb lim: 4096 exec/s: 3717 rss: 534Mb L: 14/3473 MS: 1 EraseBytes-
#1112267	REDUCE cov: 2256 ft: 12150 corp: 1923/195Kb lim: 4096 exec/s: 3719 rss: 534Mb L: 51/3473 MS: 1 EraseBytes-
#1117107	DONE   cov: 2256 ft: 12150 corp: 1923/195Kb lim: 4096 exec/s: 3711 rss: 534Mb
###### Recommended dictionary. ######
"\200\201\201\200\200\001\201\201" # Uses: 31599
"empty" # Uses: 16216
"etpmy" # Uses: 10231
"\001\000" # Uses: 10466
"\004\000" # Uses: 9425
"\200\000" # Uses: 7119
"\241\001" # Uses: 3624
"\001\000\000\000\000\000\000-" # Uses: 2563
"\377)" # Uses: 995
"/\002\000\000\000\000\000\000" # Uses: 542
###### End of recommended dictionary. ######
Done 1117107 runs in 301 second(s)
fuzz exit 0
