     Running unittests src/lib.rs (target/debug/deps/inf_doc-f05dfcf617d00fee)
test result: ok. 29 passed; 0 failed; 0 ignored; 0 measured; 0 filtered out; finished in 0.63s
     Running tests/array_slack.rs (target/debug/deps/array_slack-411d01fac8499dea)
test result: ok. 5 passed; 0 failed; 0 ignored; 0 measured; 0 filtered out; finished in 0.56s
     Running tests/density.rs (target/debug/deps/density-769c6c2dddbc050b)
test result: ok. 4 passed; 0 failed; 0 ignored; 0 measured; 0 filtered out; finished in 0.53s
     Running tests/golden.rs (target/debug/deps/golden-9c4dd00c06038e67)
test result: ok. 2 passed; 0 failed; 0 ignored; 0 measured; 0 filtered out; finished in 0.00s
     Running tests/intern_equiv.rs (target/debug/deps/intern_equiv-d79b98f848c83e49)
test result: ok. 0 passed; 0 failed; 0 ignored; 0 measured; 0 filtered out; finished in 0.00s
     Running tests/json_apply.rs (target/debug/deps/json_apply-d12f256834aa2c2d)
test result: ok. 40 passed; 0 failed; 0 ignored; 0 measured; 0 filtered out; finished in 0.08s
     Running tests/json_differential.rs (target/debug/deps/json_differential-af3d8f376d2fa050)
test result: ok. 4 passed; 0 failed; 0 ignored; 0 measured; 0 filtered out; finished in 0.14s
     Running tests/json_edges.rs (target/debug/deps/json_edges-50815b752e8e83ea)
test result: ok. 13 passed; 0 failed; 0 ignored; 0 measured; 0 filtered out; finished in 0.00s
     Running tests/json_fixpoint.rs (target/debug/deps/json_fixpoint-b0711f60fd0e4a23)
test result: ok. 9 passed; 0 failed; 0 ignored; 0 measured; 0 filtered out; finished in 0.14s
     Running tests/json_limits.rs (target/debug/deps/json_limits-9143b5009a868f82)
test result: ok. 7 passed; 0 failed; 1 ignored; 0 measured; 0 filtered out; finished in 2.23s
     Running tests/path_eval.rs (target/debug/deps/path_eval-817bd00cec074d05)
test result: ok. 13 passed; 0 failed; 0 ignored; 0 measured; 0 filtered out; finished in 0.06s
     Running tests/path_grammar.rs (target/debug/deps/path_grammar-cbbdf6bd27254837)
test result: ok. 11 passed; 0 failed; 0 ignored; 0 measured; 0 filtered out; finished in 0.05s
     Running tests/path_yield_alloc.rs (target/debug/deps/path_yield_alloc-64f358339a1ffb2f)
test result: ok. 2 passed; 0 failed; 0 ignored; 0 measured; 0 filtered out; finished in 1.12s
     Running tests/roundtrip.rs (target/debug/deps/roundtrip-022c05822686f928)
test result: ok. 5 passed; 0 failed; 0 ignored; 0 measured; 0 filtered out; finished in 0.11s
     Running tests/scalar_patch_alloc.rs (target/debug/deps/scalar_patch_alloc-2abd991401d41aef)
test result: ok. 1 passed; 0 failed; 0 ignored; 0 measured; 0 filtered out; finished in 0.01s
test result: ok. 0 passed; 0 failed; 0 ignored; 0 measured; 0 filtered out; finished in 0.00s
