2026-08-22T23:36:46-04:00
infinityd 3bb32df (git 3bb32df29c59, x86_64-unknown-linux-gnu)
3bb32df
dirty=4
performance
infinityd running: 0 redis running: 1
 1016726    36243 232863207  1005426 88622837  2693681 2531265562 77149318        0  5204699 78404464   105384        0 367302032    64630   200021   185089
inf-bench env-check
  PROBE                RESULT
  git-dirty-tree       FAIL  dirty git tree: 4 uncommitted entries
  cpufreq-governor     PASS
  cpufreq-epp          PASS
  thermal-throttle     PASS
  power-source         SKIP  macos-only probe (this host: linux)
  low-power-mode       SKIP  macos-only probe (this host: linux)
inf-bench: env-check failed: git-dirty-tree
gate-run refuses to run (pass --unsafe-env to record a non-citable dev run)
2026-08-22T23:43:07-04:00
infinityd e123e83 (git e123e835d3f8, x86_64-unknown-linux-gnu)
e123e83
dirty=0
performance
infinityd running: 0 redis running: 1
 1016948    36283 232888239  1005472 88629409  2697221 2532472722 77155465        0  5205264 78410691   105384        0 367302032    64630   200066   185123
inf-bench env-check
  PROBE                RESULT
  git-dirty-tree       PASS
  cpufreq-governor     PASS
  cpufreq-epp          PASS
  thermal-throttle     PASS
  power-source         SKIP  macos-only probe (this host: linux)
  low-power-mode       SKIP  macos-only probe (this host: linux)

env-check: OK
  s35: 40s drive-state idle before s39d base rep0
  s39d base: warm 3000000 records at 106864 ops/s, boundary checkpoint 10.5 s, truncated 16 recycled 0 rotations_min_cell 4 (warmed=true)
  s35: 40s drive-state idle before s39d base fresh-image recovery boot
  s39d rep0 base: rep0 base warm_ops=106864 tail_ops=36636 warmed=true warm[rotations=16 recycled=0 truncated=16 rotations_min_cell=4 waits_expired=0] end[rotations=16 recycled=0 truncated=16 frame_bytes=3768107008 zero_fill=5254414336] boot_wall_s=3.530 proc_read_bytes=5193039872 records_recovered=3200000 slowest_cell[total_ms=3495.0 start_ms=3.7 ckpt_ms=2053.5 replay_ms=420.5 audit_ms=1017.2 finish_ms=0.0 dominating=ckpt] sum_cells[total_ms=13916.6 ckpt_ms=8200.8 replay_ms=1666.8 audit_ms=4034.3 finish_ms=0.2 ckpt_bytes=3160240128 replay_bytes=445886464 replay_frames=28902 audit_bytes=1701597184 audit_valid_frames=0 audit_foreign_frames=0 stale_files=0 residue_slacks=0 residue_stops=0]
  s35: 40s drive-state idle before s39d arm rep0
  s39d arm: warm 3000000 records at 97970 ops/s, boundary checkpoint 15.9 s, truncated 16 recycled 4 rotations_min_cell 4 (warmed=true)
  s35: 40s drive-state idle before s39d arm fresh-image recovery boot
  s39d rep0 arm: rep0 arm warm_ops=97970 tail_ops=283281 warmed=true warm[rotations=16 recycled=4 truncated=16 rotations_min_cell=4 waits_expired=8] end[rotations=16 recycled=4 truncated=16 frame_bytes=3768774656 zero_fill=4294967296] boot_wall_s=4.278 proc_read_bytes=5307330560 records_recovered=3200000 slowest_cell[total_ms=4170.2 start_ms=4.1 ckpt_ms=2112.8 replay_ms=420.9 audit_ms=1632.3 finish_ms=0.1 dominating=ckpt] sum_cells[total_ms=15377.3 ckpt_ms=8432.1 replay_ms=1651.8 audit_ms=5276.4 finish_ms=0.6 ckpt_bytes=3160240128 replay_bytes=449363968 replay_frames=28873 audit_bytes=1698119680 audit_valid_frames=0 audit_foreign_frames=52050 stale_files=4 residue_slacks=4 residue_stops=4]
  s35: 40s drive-state idle before s39d arm rep1
  s39d arm: warm 3000000 records at 96390 ops/s, boundary checkpoint 13.5 s, truncated 16 recycled 4 rotations_min_cell 4 (warmed=true)
  s35: 40s drive-state idle before s39d arm fresh-image recovery boot
  s39d rep1 arm: rep1 arm warm_ops=96390 tail_ops=81397 warmed=true warm[rotations=16 recycled=4 truncated=16 rotations_min_cell=4 waits_expired=8] end[rotations=16 recycled=4 truncated=16 frame_bytes=3767619584 zero_fill=4294967296] boot_wall_s=3.664 proc_read_bytes=5307330560 records_recovered=3200000 slowest_cell[total_ms=3632.6 start_ms=4.0 ckpt_ms=2130.8 replay_ms=416.8 audit_ms=1080.9 finish_ms=0.1 dominating=ckpt] sum_cells[total_ms=14473.9 ckpt_ms=8506.3 replay_ms=1666.4 audit_ms=4284.4 finish_ms=0.4 ckpt_bytes=3160240128 replay_bytes=443961344 replay_frames=28674 audit_bytes=1703522304 audit_valid_frames=0 audit_foreign_frames=51949 stale_files=4 residue_slacks=4 residue_stops=4]
  s35: 40s drive-state idle before s39d base rep1
  s39d base: warm 3000000 records at 78587 ops/s, boundary checkpoint 18.2 s, truncated 16 recycled 0 rotations_min_cell 4 (warmed=true)
  s35: 40s drive-state idle before s39d base fresh-image recovery boot
  s39d rep1 base: rep1 base warm_ops=78587 tail_ops=204637 warmed=true warm[rotations=16 recycled=0 truncated=16 rotations_min_cell=4 waits_expired=0] end[rotations=16 recycled=0 truncated=16 frame_bytes=3770884096 zero_fill=5257297920] boot_wall_s=3.624 proc_read_bytes=5195919360 records_recovered=3200000 slowest_cell[total_ms=3591.3 start_ms=3.8 ckpt_ms=2094.1 replay_ms=439.9 audit_ms=1053.5 finish_ms=0.1 dominating=ckpt] sum_cells[total_ms=14054.9 ckpt_ms=8332.4 replay_ms=1653.1 audit_ms=4052.9 finish_ms=0.2 ckpt_bytes=3160240128 replay_bytes=447438848 replay_frames=28214 audit_bytes=1700044800 audit_valid_frames=0 audit_foreign_frames=0 stale_files=0 residue_slacks=0 residue_stops=0]
  s35: 40s drive-state idle before s39d base rep2
  s39d base: warm 3000000 records at 132135 ops/s, boundary checkpoint 12.3 s, truncated 16 recycled 0 rotations_min_cell 4 (warmed=true)
  s35: 40s drive-state idle before s39d base fresh-image recovery boot
  s39d rep2 base: rep2 base warm_ops=132135 tail_ops=204312 warmed=true warm[rotations=16 recycled=0 truncated=16 rotations_min_cell=4 waits_expired=0] end[rotations=16 recycled=0 truncated=16 frame_bytes=3767877632 zero_fill=5281677312] boot_wall_s=3.895 proc_read_bytes=5220298752 records_recovered=3200000 slowest_cell[total_ms=3811.5 start_ms=11.0 ckpt_ms=2066.2 replay_ms=424.4 audit_ms=1309.7 finish_ms=0.0 dominating=ckpt] sum_cells[total_ms=14588.6 ckpt_ms=8239.8 replay_ms=1676.1 audit_ms=4627.3 finish_ms=0.6 ckpt_bytes=3160240128 replay_bytes=459522048 replay_frames=29104 audit_bytes=1687961600 audit_valid_frames=0 audit_foreign_frames=0 stale_files=0 residue_slacks=0 residue_stops=0]
  s35: 40s drive-state idle before s39d arm rep2
  s39d arm: warm 3000000 records at 133469 ops/s, boundary checkpoint 20.0 s, truncated 16 recycled 4 rotations_min_cell 4 (warmed=true)
  s35: 40s drive-state idle before s39d arm fresh-image recovery boot
  s39d rep2 arm: rep2 arm warm_ops=133469 tail_ops=79307 warmed=true warm[rotations=16 recycled=4 truncated=16 rotations_min_cell=4 waits_expired=8] end[rotations=16 recycled=4 truncated=16 frame_bytes=3768893440 zero_fill=4294967296] boot_wall_s=3.643 proc_read_bytes=5307330560 records_recovered=3200000 slowest_cell[total_ms=3612.6 start_ms=3.8 ckpt_ms=2092.6 replay_ms=434.4 audit_ms=1081.7 finish_ms=0.1 dominating=ckpt] sum_cells[total_ms=14361.3 ckpt_ms=8342.9 replay_ms=1702.2 audit_ms=4300.4 finish_ms=0.5 ckpt_bytes=3160240128 replay_bytes=461332480 replay_frames=29277 audit_bytes=1686151168 audit_valid_frames=0 audit_foreign_frames=52113 stale_files=4 residue_slacks=4 residue_stops=4]

== gate verdicts ==
  S29: tiered always scaling slope (c256/c64) PENDING (tooling)
  S29: tiered:flat always parity at 64 conns PENDING (tooling)
  S29: tiered:flat always parity at 256 conns PENDING (tooling)
  S29: tiered:flat always p99 ratio at 256 conns PENDING (tooling)
  S27: client-visible -BUSY refusals under provoked staging pressure PENDING (tooling)
  S27: last:first throughput across back-to-back write repeats PENDING (tooling)
  S27: worst per-leg max latency at everysec under provoked pressure PENDING (tooling)
  S35: always p50 over the barrier p50 at 32 conns PENDING (tooling)
  S35: N-cell vs 1-cell barrier p50 ratio (device characterization — informational since the ADR-0087 fourth amendment, 2026-08-22) PENDING (tooling)
  S35: N-cell vs 1-cell always client p50 ratio (informational since 2026-08-22 — carries the pipeline's seal wait at K ≥ 2) PENDING (tooling)
  S36: server CPU across the pure-write everysec leg PENDING (tooling)
  S36: everysec pure-write throughput vs the same-session tmpfs control PENDING (tooling)
  S36: checkpoint + MANIFEST bytes over log frame bytes (the derived trigger's 1/α bound) PENDING (tooling)
  S36: log + checkpoint write amplification (informational — the padding term is shape-dependent) PENDING (tooling)
  S36: everysec max latency at the comparator-matched offered rate (S27 D5) PENDING (tooling)
  S39b: warmed zero-fill bytes per log frame byte under recycling (arm) PENDING (tooling)
  S39b: rotations not served by the pool over the warmed window, worst cell PENDING (tooling)
  S39b: padding share moved by recycling (the S39c control) PENDING (tooling)
  S39b: always c32 p50 under recycling over baseline PENDING (tooling)
  S39b: always c32 p99 under recycling over baseline PENDING (tooling)
  S39b: read leg under recycling over baseline (the E4.7 ±2 % rule) PENDING (tooling)
  S39b: first crash-restart recovery boot on the recycled log over baseline PENDING (tooling)
  S39b: rotations per cell the row actually performed (validity) PENDING (tooling)
  S39b/D9: pool waits fed before the bound over waits ended (arm) PENDING (tooling)
  S39b/D9: rotations onto an un-zeroed segment on the arm, worst replicate PENDING (tooling)
  S39b/D9: rotations that found no next segment on the arm, worst replicate PENDING (tooling)
  S39b/D9: preallocs refused for space on the arm, worst replicate PENDING (tooling)
  S39b: accounted host bytes per log frame byte under recycling (informational) PENDING (tooling)
  S39b: block-device sectors written per log frame byte under recycling (informational) PENDING (tooling)
  S39d: fixed-work first-boot recovery, slowest cell's engine total, arm over baseline PASS (informational)
  S39d: absolute first-boot recovery wall on the recycled log (the S18 < 15 s STOP gate re-read) PASS
  S39d: both arms recovered exactly the records written (fixed-work validity) PASS
  S39d: slack-audit phase time over the cell sums, arm over baseline (the recycling term, informational) PASS (informational)
  S40: everysec max latency at the memtier shape, worst leg (S27 D5) PENDING (tooling)
  S40: achieved over offered rate, worst leg (validity — a saturated leg's max is a saturation number) PENDING (tooling)
  S40: seconds whose per-second maximum exceeded 50 ms, summed over legs (informational) PENDING (tooling)
  S37 step 1: blind-overwrite ceiling throughput over the shipping path at 256 conns PENDING (tooling)
  S37 step 1: blind-overwrite ceiling p99 gain at 256 conns PENDING (tooling)
  S37 step 1: share of arm B's SETs that skipped a cold read (validity — 0 = the instrument never engaged) PENDING (tooling)

gate-run: report written to /home/kcaicedo/bench-data/s39d/campaign-H2/run/1787457381-gate-run/report.md
2026-08-22T23:56:21-04:00
infinityd e123e83 (git e123e835d3f8, x86_64-unknown-linux-gnu)
e123e83
dirty=0
performance
infinityd running: 0 redis running: 1
 1257930    36313 294489095  1158731 90405883  2787647 2706635730 80610007        0  5441491 82023966   105384        0 367302032    64630   205961   190596
CAMPAIGN DONE
