# 2026-08-26T00:53:13-04:00 binary=infinityd c42c475 (git c42c475986d2, x86_64-unknown-linux-gnu) git=c42c475 dirty=0 thermal: 27800 34000 38000  gov=performance no_turbo=1 strays=0 load=0.93 2.02 3.01 devstat= 359885 48314 62792617 218406 6492808 3151591 478921359 13686239 0 1169013 14322682 50118 0 200122912 25922 495649 392113
inf-bench env-check
  PROBE                RESULT
  git-dirty-tree       PASS
  cpufreq-governor     PASS
  cpufreq-epp          PASS
  thermal-throttle     PASS
  power-source         SKIP  macos-only probe (this host: linux)
  low-power-mode       SKIP  macos-only probe (this host: linux)

env-check: OK
  s35: 10s drive-state idle before s37 qd64 rep0
  s37 rep0 qd64  c64  ops/s=15352    p50_us=2927   p99_us=26303   p999_us=31359   sets=307098 cold_resolves=299108 (0.974/set) blind=0 (0.000/set) cold_qd_p99=8 cold_read_p99_us=15615 cold_queue_full=0 cold_pool_dry=0
  s37 rep0 qd64  c256 ops/s=10560    p50_us=10847  p99_us=146943  p999_us=238079  sets=211444 cold_resolves=195011 (0.922/set) blind=0 (0.000/set) cold_qd_p99=8 cold_read_p99_us=22527 cold_queue_full=0 cold_pool_dry=0
  s35: 10s drive-state idle before s37 qd128 rep0
  s37 rep0 qd128 c64  ops/s=13048    p50_us=2967   p99_us=31423   p999_us=102143  sets=261103 cold_resolves=257885 (0.988/set) blind=0 (0.000/set) cold_qd_p99=7 cold_read_p99_us=18431 cold_queue_full=0 cold_pool_dry=0
  s37 rep0 qd128 c256 ops/s=18209    p50_us=9887   p99_us=63615   p999_us=149503  sets=364583 cold_resolves=338665 (0.929/set) blind=0 (0.000/set) cold_qd_p99=8 cold_read_p99_us=15871 cold_queue_full=0 cold_pool_dry=0
  s35: 10s drive-state idle before s37 qd256 rep0
  s37 rep0 qd256 c64  ops/s=10633    p50_us=3031   p99_us=33919   p999_us=39295   sets=212695 cold_resolves=216503 (1.018/set) blind=0 (0.000/set) cold_qd_p99=8 cold_read_p99_us=23551 cold_queue_full=0 cold_pool_dry=0
  s37 rep0 qd256 c256 ops/s=22022    p50_us=9183   p99_us=38655   p999_us=46207   sets=440960 cold_resolves=420515 (0.954/set) blind=0 (0.000/set) cold_qd_p99=8 cold_read_p99_us=10495 cold_queue_full=0 cold_pool_dry=0
  s35: 10s drive-state idle before s37 qd128 rep1
  s37 rep1 qd128 c64  ops/s=19122    p50_us=2887   p99_us=8863    p999_us=11967   sets=382510 cold_resolves=363979 (0.952/set) blind=0 (0.000/set) cold_qd_p99=8 cold_read_p99_us=1951 cold_queue_full=0 cold_pool_dry=0
  s37 rep1 qd128 c256 ops/s=21113    p50_us=8703   p99_us=42623   p999_us=53759   sets=422792 cold_resolves=435361 (1.030/set) blind=0 (0.000/set) cold_qd_p99=8 cold_read_p99_us=2015 cold_queue_full=0 cold_pool_dry=0
  s35: 10s drive-state idle before s37 qd256 rep1
  s37 rep1 qd256 c64  ops/s=19045    p50_us=2911   p99_us=8639    p999_us=11487   sets=381020 cold_resolves=363860 (0.955/set) blind=0 (0.000/set) cold_qd_p99=7 cold_read_p99_us=1983 cold_queue_full=0 cold_pool_dry=0
  s37 rep1 qd256 c256 ops/s=18731    p50_us=9439   p99_us=74239   p999_us=160255  sets=375471 cold_resolves=384037 (1.023/set) blind=0 (0.000/set) cold_qd_p99=8 cold_read_p99_us=2111 cold_queue_full=0 cold_pool_dry=0
  s35: 10s drive-state idle before s37 qd64 rep1
  s37 rep1 qd64  c64  ops/s=10617    p50_us=3039   p99_us=33663   p999_us=46847   sets=212375 cold_resolves=217561 (1.024/set) blind=0 (0.000/set) cold_qd_p99=8 cold_read_p99_us=23551 cold_queue_full=0 cold_pool_dry=0
  s37 rep1 qd64  c256 ops/s=21760    p50_us=8831   p99_us=43007   p999_us=52223   sets=435734 cold_resolves=413770 (0.950/set) blind=0 (0.000/set) cold_qd_p99=8 cold_read_p99_us=12799 cold_queue_full=0 cold_pool_dry=0
  s35: 10s drive-state idle before s37 qd256 rep2
  s37 rep2 qd256 c64  ops/s=13454    p50_us=3023   p99_us=30143   p999_us=36991   sets=269136 cold_resolves=254226 (0.945/set) blind=0 (0.000/set) cold_qd_p99=7 cold_read_p99_us=21503 cold_queue_full=0 cold_pool_dry=0
  s37 rep2 qd256 c256 ops/s=21816    p50_us=9151   p99_us=38783   p999_us=46719   sets=436867 cold_resolves=417188 (0.955/set) blind=0 (0.000/set) cold_qd_p99=8 cold_read_p99_us=2431 cold_queue_full=0 cold_pool_dry=0
  s35: 10s drive-state idle before s37 qd64 rep2
  s37 rep2 qd64  c64  ops/s=7305     p50_us=3119   p99_us=68351   p999_us=136191  sets=146132 cold_resolves=147307 (1.008/set) blind=0 (0.000/set) cold_qd_p99=8 cold_read_p99_us=58367 cold_queue_full=0 cold_pool_dry=0
  s37 rep2 qd64  c256 ops/s=21595    p50_us=9311   p99_us=38015   p999_us=46079   sets=432434 cold_resolves=411089 (0.951/set) blind=0 (0.000/set) cold_qd_p99=8 cold_read_p99_us=14591 cold_queue_full=0 cold_pool_dry=0
  s35: 10s drive-state idle before s37 qd128 rep2
  s37 rep2 qd128 c64  ops/s=19041    p50_us=2911   p99_us=8799    p999_us=12127   sets=380927 cold_resolves=363906 (0.955/set) blind=0 (0.000/set) cold_qd_p99=7 cold_read_p99_us=1823 cold_queue_full=0 cold_pool_dry=0
  s37 rep2 qd128 c256 ops/s=21096    p50_us=9119   p99_us=40319   p999_us=48895   sets=422546 cold_resolves=435741 (1.031/set) blind=0 (0.000/set) cold_qd_p99=8 cold_read_p99_us=1855 cold_queue_full=0 cold_pool_dry=0

== gate verdicts ==
  S29: tiered always scaling slope (c256/c64) PENDING (tooling)
  S29: tiered:flat always parity at 64 conns PENDING (tooling)
  S29: tiered:flat always parity at 256 conns PENDING (tooling)
  S29: tiered:flat always p99 ratio at 256 conns PENDING (tooling)
  S27: client-visible -BUSY refusals under provoked staging pressure PENDING (tooling)
  S27: last:first throughput across back-to-back write repeats PENDING (tooling)
  S27: worst per-leg max latency at everysec under provoked pressure PENDING (tooling)
  S35: always p50 over the barrier p50 at 32 conns PENDING (tooling)
  S35: N-cell vs 1-cell barrier p50 ratio (device characterization — informational since the ADR-0087 fourth amendment, 2026-08-22) PENDING (tooling)
  S35: N-cell vs 1-cell always client p50 ratio (informational since 2026-08-22 — carries the pipeline's seal wait at K ≥ 2) PENDING (tooling)
  S36: server CPU across the pure-write everysec leg PENDING (tooling)
  S36: everysec pure-write throughput vs the same-session tmpfs control PENDING (tooling)
  S36: checkpoint + MANIFEST bytes over log frame bytes (the derived trigger's 1/α bound) PENDING (tooling)
  S36: log + checkpoint write amplification (informational — the padding term is shape-dependent) PENDING (tooling)
  S36: everysec max latency at the comparator-matched offered rate (S27 D5) PENDING (tooling)
  S39b: warmed zero-fill bytes per log frame byte under recycling (arm) PENDING (tooling)
  S39b: rotations not served by the pool over the warmed window, worst cell PENDING (tooling)
  S39b: padding share moved by recycling (the S39c control) PENDING (tooling)
  S39b: always c32 p50 under recycling over baseline PENDING (tooling)
  S39b: always c32 p99 under recycling over baseline PENDING (tooling)
  S39b: read leg under recycling over baseline (the E4.7 ±2 % rule) PENDING (tooling)
  S39b: first crash-restart recovery boot on the recycled log over baseline PENDING (tooling)
  S39b: rotations per cell the row actually performed (validity) PENDING (tooling)
  S39b/D9: pool waits fed before the bound over waits ended (arm) PENDING (tooling)
  S39b/D9: rotations onto an un-zeroed segment on the arm, worst replicate PENDING (tooling)
  S39b/D9: rotations that found no next segment on the arm, worst replicate PENDING (tooling)
  S39b/D9: preallocs refused for space on the arm, worst replicate PENDING (tooling)
  S39b: accounted host bytes per log frame byte under recycling (informational) PENDING (tooling)
  S39b: block-device sectors written per log frame byte under recycling (informational) PENDING (tooling)
  S39d: fixed-work first-boot recovery, slowest cell's engine total, arm over baseline PENDING (tooling)
  S39d: absolute first-boot recovery wall on the recycled log (the S18 < 15 s STOP gate re-read) PENDING (tooling)
  S39d: both arms recovered exactly the records written (fixed-work validity) PENDING (tooling)
  S39d: slack-audit phase time over the cell sums, arm over baseline (the recycling term, informational) PENDING (tooling)
  S40: everysec max latency at the memtier shape, worst leg (S27 D5) PENDING (tooling)
  S40: achieved over offered rate, worst leg (validity — a saturated leg's max is a saturation number) PENDING (tooling)
  S40: seconds whose per-second maximum exceeded 50 ms, summed over legs (informational) PENDING (tooling)
  S37 step 1: blind-overwrite ceiling throughput over the shipping path at 256 conns PENDING (tooling)
  S37 step 1: blind-overwrite ceiling p99 gain at 256 conns PENDING (tooling)
  S37 step 1: share of arm B's SETs that skipped a cold read (validity — 0 = the instrument never engaged) PENDING (tooling)
  S37 step 2 discriminator: widest COLD-READ-QD arm throughput over the baseline cap at 256 conns PASS (informational)
  S37 step 2 discriminator: widest COLD-READ-QD arm p99 over the baseline cap at 256 conns (the tail the wider cap charges) PASS (informational)
  S37 step 2 discriminator: the baseline's device QD p99 at issue (≈ the cap = the cap bound; validity of the discriminator) PASS (informational)
  S42: first boot over second boot of a fresh data directory (the in-boot probe's cost) PENDING (tooling)
  S42: every first boot reported io_properties_source=probed-at-boot on every cell (validity) PENDING (tooling)
  S42: every second boot reported io_properties_source=file with the identity verified (validity) PENDING (tooling)
  S42: the file the first boot wrote is schema 3 (identity-bound) PENDING (tooling)
  S42: always p50 over the barrier p50 at 32 conns on the directory the first boot probed (S35's bar on the stock boot) PENDING (tooling)
  S42: always c32 ops/s on the stock boot (informational — read against the probed arm's replicate spread) PENDING (tooling)
  S39d: replay-phase rate on the slowest cell, arm (C38b's statistic on the loop clock, this row's shape — informational) PENDING (tooling)
  S39d: replay-phase rate on the slowest cell, baseline (informational) PENDING (tooling)

gate-run: report written to /home/kcaicedo/bench-data/s37/campaign-N/run/1787720621-gate-run/report.md
=== exit 0 2026-08-26T01:03:41-04:00 ===
# 2026-08-26T01:03:41-04:00 binary=infinityd c42c475 (git c42c475986d2, x86_64-unknown-linux-gnu) git=c42c475 dirty=0 thermal: 27800 36000 44000  gov=performance no_turbo=1 strays=0 load=3.43 3.13 3.13 devstat= 6301778 48396 252747457 6212671 11077053 3349730 626089127 20291126 0 1621975 26944225 50118 0 200122912 25922 514292 414505
CAMPAIGN DONE
