    Finished `release` profile [optimized + debuginfo] target(s) in 0.02s
cell 0: swept dropped namespace 16 residue (10 files) — ADR-0100 D6
cell 1: swept dropped namespace 16 residue (11 files) — ADR-0100 D6
cell 1: swept dropped namespace 16 residue (10 files) — ADR-0100 D6
cell 0: swept dropped namespace 16 residue (10 files) — ADR-0100 D6
cell 1: swept dropped namespace 16 residue (9 files) — ADR-0100 D6
cell 0: swept dropped namespace 16 residue (10 files) — ADR-0100 D6
cell 1: swept dropped namespace 16 residue (8 files) — ADR-0100 D6
cell 0: swept dropped namespace 16 residue (15 files) — ADR-0100 D6
cell 1: checkpoint staging downgraded to buffered I/O — O_DIRECT I/O refused (EINVAL) after the boot probe passed; v3 blocks stay aligned, retrying at once (INFO ckpt_io_mode:buffered, ckpt_io_mode_downgrades:1)
cell 1: checkpoint 1 aborted at I/O: EINVAL under O_DIRECT
cell 0: checkpoint staging downgraded to buffered I/O — O_DIRECT I/O refused (EINVAL) after the boot probe passed; v3 blocks stay aligned, retrying at once (INFO ckpt_io_mode:buffered, ckpt_io_mode_downgrades:1)
cell 0: checkpoint 1 aborted at I/O: EINVAL under O_DIRECT
cell 1: swept dropped namespace 16 residue (3 files) — ADR-0100 D6
cell 0: swept dropped namespace 16 residue (6 files) — ADR-0100 D6
cell 1: checkpoint staging downgraded to buffered I/O — O_DIRECT I/O refused (EINVAL) after the boot probe passed; v3 blocks stay aligned, retrying at once (INFO ckpt_io_mode:buffered, ckpt_io_mode_downgrades:1)
cell 1: checkpoint 10 aborted at I/O: EINVAL under O_DIRECT
cell 0: checkpoint staging downgraded to buffered I/O — O_DIRECT I/O refused (EINVAL) after the boot probe passed; v3 blocks stay aligned, retrying at once (INFO ckpt_io_mode:buffered, ckpt_io_mode_downgrades:1)
cell 0: checkpoint 10 aborted at I/O: EINVAL under O_DIRECT
cell 1: swept dropped namespace 16 residue (3 files) — ADR-0100 D6
cell 0: swept dropped namespace 16 residue (8 files) — ADR-0100 D6
cell 0: swept dropped namespace 16 residue (16 files) — ADR-0100 D6
cell 1: swept dropped namespace 16 residue (3 files) — ADR-0100 D6
cell 1: swept dropped namespace 16 residue (6 files) — ADR-0100 D6
cell 0: swept dropped namespace 16 residue (7 files) — ADR-0100 D6
cell 0: checkpoint staging downgraded to buffered I/O — O_DIRECT I/O refused (EINVAL) after the boot probe passed; v3 blocks stay aligned, retrying at once (INFO ckpt_io_mode:buffered, ckpt_io_mode_downgrades:1)
cell 0: checkpoint 18 aborted at I/O: EINVAL under O_DIRECT
cell 1: checkpoint staging downgraded to buffered I/O — O_DIRECT I/O refused (EINVAL) after the boot probe passed; v3 blocks stay aligned, retrying at once (INFO ckpt_io_mode:buffered, ckpt_io_mode_downgrades:1)
cell 1: checkpoint 20 aborted at I/O: EINVAL under O_DIRECT
cell 1: swept dropped namespace 16 residue (8 files) — ADR-0100 D6
cell 0: swept dropped namespace 16 residue (3 files) — ADR-0100 D6
cell 1: swept dropped namespace 16 residue (5 files) — ADR-0100 D6
cell 0: swept dropped namespace 16 residue (12 files) — ADR-0100 D6
cell 1: swept dropped namespace 16 residue (0 files) — ADR-0100 D6
cell 0: swept dropped namespace 16 residue (0 files) — ADR-0100 D6
cell 1: swept dropped namespace 16 residue (3 files) — ADR-0100 D6
cell 0: swept dropped namespace 16 residue (13 files) — ADR-0100 D6
cell 0: swept dropped namespace 16 residue (3 files) — ADR-0100 D6
cell 1: swept dropped namespace 16 residue (8 files) — ADR-0100 D6
cell 0: swept dropped namespace 16 residue (12 files) — ADR-0100 D6
cell 1: swept dropped namespace 16 residue (10 files) — ADR-0100 D6
cell 1: checkpoint staging downgraded to buffered I/O — O_DIRECT I/O refused (EINVAL) after the boot probe passed; v3 blocks stay aligned, retrying at once (INFO ckpt_io_mode:buffered, ckpt_io_mode_downgrades:1)
cell 1: checkpoint 1 aborted at I/O: EINVAL under O_DIRECT
cell 0: checkpoint staging downgraded to buffered I/O — O_DIRECT I/O refused (EINVAL) after the boot probe passed; v3 blocks stay aligned, retrying at once (INFO ckpt_io_mode:buffered, ckpt_io_mode_downgrades:1)
cell 0: checkpoint 1 aborted at I/O: EINVAL under O_DIRECT
cell 0: swept dropped namespace 16 residue (7 files) — ADR-0100 D6
cell 1: swept dropped namespace 16 residue (8 files) — ADR-0100 D6
cell 0: checkpoint staging downgraded to buffered I/O — O_DIRECT I/O refused (EINVAL) after the boot probe passed; v3 blocks stay aligned, retrying at once (INFO ckpt_io_mode:buffered, ckpt_io_mode_downgrades:1)
cell 0: checkpoint 11 aborted at I/O: EINVAL under O_DIRECT
cell 1: checkpoint staging downgraded to buffered I/O — O_DIRECT I/O refused (EINVAL) after the boot probe passed; v3 blocks stay aligned, retrying at once (INFO ckpt_io_mode:buffered, ckpt_io_mode_downgrades:1)
cell 1: checkpoint 10 aborted at I/O: EINVAL under O_DIRECT
cell 0: swept dropped namespace 16 residue (12 files) — ADR-0100 D6
cell 1: swept dropped namespace 16 residue (7 files) — ADR-0100 D6
cell 1: swept dropped namespace 16 residue (11 files) — ADR-0100 D6
cell 0: swept dropped namespace 16 residue (10 files) — ADR-0100 D6
cell 0: swept dropped namespace 16 residue (8 files) — ADR-0100 D6
cell 1: swept dropped namespace 16 residue (10 files) — ADR-0100 D6
cell 0: checkpoint staging downgraded to buffered I/O — O_DIRECT I/O refused (EINVAL) after the boot probe passed; v3 blocks stay aligned, retrying at once (INFO ckpt_io_mode:buffered, ckpt_io_mode_downgrades:1)
cell 0: checkpoint 19 aborted at I/O: EINVAL under O_DIRECT
cell 1: checkpoint staging downgraded to buffered I/O — O_DIRECT I/O refused (EINVAL) after the boot probe passed; v3 blocks stay aligned, retrying at once (INFO ckpt_io_mode:buffered, ckpt_io_mode_downgrades:1)
cell 1: checkpoint 20 aborted at I/O: EINVAL under O_DIRECT
cell 1: swept dropped namespace 16 residue (6 files) — ADR-0100 D6
cell 0: swept dropped namespace 16 residue (9 files) — ADR-0100 D6
cell 1: swept dropped namespace 16 residue (7 files) — ADR-0100 D6
cell 0: swept dropped namespace 16 residue (14 files) — ADR-0100 D6
cell 1: swept dropped namespace 16 residue (18 files) — ADR-0100 D6
cell 0: swept dropped namespace 16 residue (9 files) — ADR-0100 D6
cell 0: swept dropped namespace 16 residue (8 files) — ADR-0100 D6
cell 1: swept dropped namespace 16 residue (9 files) — ADR-0100 D6
cell 1: checkpoint staging downgraded to buffered I/O — O_DIRECT I/O refused (EINVAL) after the boot probe passed; v3 blocks stay aligned, retrying at once (INFO ckpt_io_mode:buffered, ckpt_io_mode_downgrades:1)
cell 1: checkpoint 1 aborted at I/O: EINVAL under O_DIRECT
cell 0: checkpoint staging downgraded to buffered I/O — O_DIRECT I/O refused (EINVAL) after the boot probe passed; v3 blocks stay aligned, retrying at once (INFO ckpt_io_mode:buffered, ckpt_io_mode_downgrades:1)
cell 0: checkpoint 1 aborted at I/O: EINVAL under O_DIRECT
cell 0: swept dropped namespace 16 residue (14 files) — ADR-0100 D6
cell 1: swept dropped namespace 16 residue (9 files) — ADR-0100 D6
cell 0: checkpoint staging downgraded to buffered I/O — O_DIRECT I/O refused (EINVAL) after the boot probe passed; v3 blocks stay aligned, retrying at once (INFO ckpt_io_mode:buffered, ckpt_io_mode_downgrades:1)
cell 0: checkpoint 9 aborted at I/O: EINVAL under O_DIRECT
cell 1: checkpoint staging downgraded to buffered I/O — O_DIRECT I/O refused (EINVAL) after the boot probe passed; v3 blocks stay aligned, retrying at once (INFO ckpt_io_mode:buffered, ckpt_io_mode_downgrades:1)
cell 1: checkpoint 8 aborted at I/O: EINVAL under O_DIRECT
cell 0: swept dropped namespace 16 residue (7 files) — ADR-0100 D6
cell 1: swept dropped namespace 16 residue (10 files) — ADR-0100 D6
cell 0: swept dropped namespace 16 residue (14 files) — ADR-0100 D6
cell 1: swept dropped namespace 16 residue (7 files) — ADR-0100 D6
cell 0: swept dropped namespace 16 residue (9 files) — ADR-0100 D6
cell 1: swept dropped namespace 16 residue (10 files) — ADR-0100 D6
cell 0: checkpoint staging downgraded to buffered I/O — O_DIRECT I/O refused (EINVAL) after the boot probe passed; v3 blocks stay aligned, retrying at once (INFO ckpt_io_mode:buffered, ckpt_io_mode_downgrades:1)
cell 0: checkpoint 17 aborted at I/O: EINVAL under O_DIRECT
cell 1: checkpoint staging downgraded to buffered I/O — O_DIRECT I/O refused (EINVAL) after the boot probe passed; v3 blocks stay aligned, retrying at once (INFO ckpt_io_mode:buffered, ckpt_io_mode_downgrades:1)
cell 1: checkpoint 17 aborted at I/O: EINVAL under O_DIRECT
cell 0: swept dropped namespace 16 residue (10 files) — ADR-0100 D6
cell 1: swept dropped namespace 16 residue (21 files) — ADR-0100 D6
cell 0: swept dropped namespace 16 residue (7 files) — ADR-0100 D6
cell 1: swept dropped namespace 16 residue (9 files) — ADR-0100 D6
cell 0: swept dropped namespace 16 residue (13 files) — ADR-0100 D6
cell 1: swept dropped namespace 16 residue (7 files) — ADR-0100 D6
cell 0: swept dropped namespace 16 residue (10 files) — ADR-0100 D6
cell 1: swept dropped namespace 16 residue (13 files) — ADR-0100 D6
cell 1: swept dropped namespace 16 residue (6 files) — ADR-0100 D6
cell 0: swept dropped namespace 16 residue (6 files) — ADR-0100 D6
cell 1: checkpoint staging downgraded to buffered I/O — O_DIRECT I/O refused (EINVAL) after the boot probe passed; v3 blocks stay aligned, retrying at once (INFO ckpt_io_mode:buffered, ckpt_io_mode_downgrades:1)
cell 1: checkpoint 1 aborted at I/O: EINVAL under O_DIRECT
cell 0: checkpoint staging downgraded to buffered I/O — O_DIRECT I/O refused (EINVAL) after the boot probe passed; v3 blocks stay aligned, retrying at once (INFO ckpt_io_mode:buffered, ckpt_io_mode_downgrades:1)
cell 0: checkpoint 1 aborted at I/O: EINVAL under O_DIRECT
cell 0: swept dropped namespace 16 residue (12 files) — ADR-0100 D6
cell 1: swept dropped namespace 16 residue (14 files) — ADR-0100 D6
cell 0: swept dropped namespace 16 residue (9 files) — ADR-0100 D6
cell 1: swept dropped namespace 16 residue (8 files) — ADR-0100 D6
cell 1: checkpoint staging downgraded to buffered I/O — O_DIRECT I/O refused (EINVAL) after the boot probe passed; v3 blocks stay aligned, retrying at once (INFO ckpt_io_mode:buffered, ckpt_io_mode_downgrades:1)
cell 1: checkpoint 10 aborted at I/O: EINVAL under O_DIRECT
cell 0: checkpoint staging downgraded to buffered I/O — O_DIRECT I/O refused (EINVAL) after the boot probe passed; v3 blocks stay aligned, retrying at once (INFO ckpt_io_mode:buffered, ckpt_io_mode_downgrades:1)
cell 0: checkpoint 11 aborted at I/O: EINVAL under O_DIRECT
cell 0: swept dropped namespace 16 residue (13 files) — ADR-0100 D6
cell 1: swept dropped namespace 16 residue (8 files) — ADR-0100 D6
cell 0: swept dropped namespace 16 residue (8 files) — ADR-0100 D6
cell 1: swept dropped namespace 16 residue (23 files) — ADR-0100 D6
cell 1: swept dropped namespace 16 residue (0 files) — ADR-0100 D6
cell 0: swept dropped namespace 16 residue (0 files) — ADR-0100 D6
cell 0: swept dropped namespace 16 residue (7 files) — ADR-0100 D6
cell 1: swept dropped namespace 16 residue (10 files) — ADR-0100 D6
cell 0: checkpoint staging downgraded to buffered I/O — O_DIRECT I/O refused (EINVAL) after the boot probe passed; v3 blocks stay aligned, retrying at once (INFO ckpt_io_mode:buffered, ckpt_io_mode_downgrades:1)
cell 0: checkpoint 18 aborted at I/O: EINVAL under O_DIRECT
cell 1: checkpoint staging downgraded to buffered I/O — O_DIRECT I/O refused (EINVAL) after the boot probe passed; v3 blocks stay aligned, retrying at once (INFO ckpt_io_mode:buffered, ckpt_io_mode_downgrades:1)
cell 1: checkpoint 20 aborted at I/O: EINVAL under O_DIRECT
cell 1: swept dropped namespace 16 residue (10 files) — ADR-0100 D6
cell 0: swept dropped namespace 16 residue (13 files) — ADR-0100 D6
cell 0: swept dropped namespace 16 residue (0 files) — ADR-0100 D6
cell 1: swept dropped namespace 16 residue (0 files) — ADR-0100 D6
cell 0: swept dropped namespace 16 residue (8 files) — ADR-0100 D6
cell 1: swept dropped namespace 16 residue (13 files) — ADR-0100 D6
cell 1: swept dropped namespace 16 residue (12 files) — ADR-0100 D6
cell 0: swept dropped namespace 16 residue (11 files) — ADR-0100 D6
cell 0: swept dropped namespace 16 residue (14 files) — ADR-0100 D6
cell 1: swept dropped namespace 16 residue (8 files) — ADR-0100 D6
cell 1: checkpoint staging downgraded to buffered I/O — O_DIRECT I/O refused (EINVAL) after the boot probe passed; v3 blocks stay aligned, retrying at once (INFO ckpt_io_mode:buffered, ckpt_io_mode_downgrades:1)
cell 1: checkpoint 1 aborted at I/O: EINVAL under O_DIRECT
cell 0: checkpoint staging downgraded to buffered I/O — O_DIRECT I/O refused (EINVAL) after the boot probe passed; v3 blocks stay aligned, retrying at once (INFO ckpt_io_mode:buffered, ckpt_io_mode_downgrades:1)
cell 0: checkpoint 1 aborted at I/O: EINVAL under O_DIRECT
cell 1: swept dropped namespace 16 residue (7 files) — ADR-0100 D6
cell 0: swept dropped namespace 16 residue (12 files) — ADR-0100 D6
cell 0: swept dropped namespace 16 residue (14 files) — ADR-0100 D6
cell 1: swept dropped namespace 16 residue (8 files) — ADR-0100 D6
cell 1: swept dropped namespace 16 residue (9 files) — ADR-0100 D6
cell 0: swept dropped namespace 16 residue (11 files) — ADR-0100 D6
cell 1: checkpoint staging downgraded to buffered I/O — O_DIRECT I/O refused (EINVAL) after the boot probe passed; v3 blocks stay aligned, retrying at once (INFO ckpt_io_mode:buffered, ckpt_io_mode_downgrades:1)
cell 1: checkpoint 10 aborted at I/O: EINVAL under O_DIRECT
cell 0: checkpoint staging downgraded to buffered I/O — O_DIRECT I/O refused (EINVAL) after the boot probe passed; v3 blocks stay aligned, retrying at once (INFO ckpt_io_mode:buffered, ckpt_io_mode_downgrades:1)
cell 0: checkpoint 11 aborted at I/O: EINVAL under O_DIRECT
cell 0: swept dropped namespace 16 residue (9 files) — ADR-0100 D6
cell 1: swept dropped namespace 16 residue (8 files) — ADR-0100 D6
cell 0: swept dropped namespace 16 residue (10 files) — ADR-0100 D6
cell 1: swept dropped namespace 16 residue (8 files) — ADR-0100 D6
cell 1: swept dropped namespace 16 residue (10 files) — ADR-0100 D6
cell 0: swept dropped namespace 16 residue (17 files) — ADR-0100 D6
cell 1: swept dropped namespace 16 residue (10 files) — ADR-0100 D6
cell 0: swept dropped namespace 16 residue (10 files) — ADR-0100 D6
cell 0: checkpoint staging downgraded to buffered I/O — O_DIRECT I/O refused (EINVAL) after the boot probe passed; v3 blocks stay aligned, retrying at once (INFO ckpt_io_mode:buffered, ckpt_io_mode_downgrades:1)
cell 0: checkpoint 19 aborted at I/O: EINVAL under O_DIRECT
cell 1: checkpoint staging downgraded to buffered I/O — O_DIRECT I/O refused (EINVAL) after the boot probe passed; v3 blocks stay aligned, retrying at once (INFO ckpt_io_mode:buffered, ckpt_io_mode_downgrades:1)
cell 1: checkpoint 20 aborted at I/O: EINVAL under O_DIRECT
cell 1: swept dropped namespace 16 residue (16 files) — ADR-0100 D6
cell 0: swept dropped namespace 16 residue (19 files) — ADR-0100 D6
cell 1: swept dropped namespace 16 residue (13 files) — ADR-0100 D6
cell 0: swept dropped namespace 16 residue (9 files) — ADR-0100 D6
cell 1: swept dropped namespace 16 residue (11 files) — ADR-0100 D6
cell 0: swept dropped namespace 16 residue (8 files) — ADR-0100 D6
cell 1: swept dropped namespace 16 residue (8 files) — ADR-0100 D6
cell 0: swept dropped namespace 16 residue (9 files) — ADR-0100 D6
cell 1: checkpoint staging downgraded to buffered I/O — O_DIRECT I/O refused (EINVAL) after the boot probe passed; v3 blocks stay aligned, retrying at once (INFO ckpt_io_mode:buffered, ckpt_io_mode_downgrades:1)
cell 1: checkpoint 1 aborted at I/O: EINVAL under O_DIRECT
cell 0: checkpoint staging downgraded to buffered I/O — O_DIRECT I/O refused (EINVAL) after the boot probe passed; v3 blocks stay aligned, retrying at once (INFO ckpt_io_mode:buffered, ckpt_io_mode_downgrades:1)
cell 0: checkpoint 1 aborted at I/O: EINVAL under O_DIRECT
cell 0: swept dropped namespace 16 residue (11 files) — ADR-0100 D6
cell 1: swept dropped namespace 16 residue (10 files) — ADR-0100 D6
cell 1: checkpoint staging downgraded to buffered I/O — O_DIRECT I/O refused (EINVAL) after the boot probe passed; v3 blocks stay aligned, retrying at once (INFO ckpt_io_mode:buffered, ckpt_io_mode_downgrades:1)
cell 1: checkpoint 10 aborted at I/O: EINVAL under O_DIRECT
cell 0: checkpoint staging downgraded to buffered I/O — O_DIRECT I/O refused (EINVAL) after the boot probe passed; v3 blocks stay aligned, retrying at once (INFO ckpt_io_mode:buffered, ckpt_io_mode_downgrades:1)
cell 0: checkpoint 10 aborted at I/O: EINVAL under O_DIRECT
cell 1: swept dropped namespace 16 residue (11 files) — ADR-0100 D6
cell 0: swept dropped namespace 16 residue (6 files) — ADR-0100 D6
cell 1: swept dropped namespace 16 residue (7 files) — ADR-0100 D6
cell 0: swept dropped namespace 16 residue (20 files) — ADR-0100 D6
cell 0: swept dropped namespace 16 residue (20 files) — ADR-0100 D6
cell 1: swept dropped namespace 16 residue (7 files) — ADR-0100 D6
cell 0: checkpoint staging downgraded to buffered I/O — O_DIRECT I/O refused (EINVAL) after the boot probe passed; v3 blocks stay aligned, retrying at once (INFO ckpt_io_mode:buffered, ckpt_io_mode_downgrades:1)
cell 0: checkpoint 18 aborted at I/O: EINVAL under O_DIRECT
cell 1: checkpoint staging downgraded to buffered I/O — O_DIRECT I/O refused (EINVAL) after the boot probe passed; v3 blocks stay aligned, retrying at once (INFO ckpt_io_mode:buffered, ckpt_io_mode_downgrades:1)
cell 1: checkpoint 19 aborted at I/O: EINVAL under O_DIRECT
cell 0: swept dropped namespace 16 residue (9 files) — ADR-0100 D6
cell 1: swept dropped namespace 16 residue (22 files) — ADR-0100 D6
cell 0: swept dropped namespace 16 residue (19 files) — ADR-0100 D6
cell 1: swept dropped namespace 16 residue (10 files) — ADR-0100 D6
cell 1: swept dropped namespace 16 residue (10 files) — ADR-0100 D6
cell 0: swept dropped namespace 16 residue (12 files) — ADR-0100 D6
cell 1: checkpoint staging downgraded to buffered I/O — O_DIRECT I/O refused (EINVAL) after the boot probe passed; v3 blocks stay aligned, retrying at once (INFO ckpt_io_mode:buffered, ckpt_io_mode_downgrades:1)
cell 1: checkpoint 1 aborted at I/O: EINVAL under O_DIRECT
cell 0: checkpoint staging downgraded to buffered I/O — O_DIRECT I/O refused (EINVAL) after the boot probe passed; v3 blocks stay aligned, retrying at once (INFO ckpt_io_mode:buffered, ckpt_io_mode_downgrades:1)
cell 0: checkpoint 1 aborted at I/O: EINVAL under O_DIRECT
cell 0: checkpoint staging downgraded to buffered I/O — O_DIRECT I/O refused (EINVAL) after the boot probe passed; v3 blocks stay aligned, retrying at once (INFO ckpt_io_mode:buffered, ckpt_io_mode_downgrades:1)
cell 0: checkpoint 4 aborted at I/O: EINVAL under O_DIRECT
cell 1: checkpoint staging downgraded to buffered I/O — O_DIRECT I/O refused (EINVAL) after the boot probe passed; v3 blocks stay aligned, retrying at once (INFO ckpt_io_mode:buffered, ckpt_io_mode_downgrades:1)
cell 1: checkpoint 5 aborted at I/O: EINVAL under O_DIRECT
cell 1: swept dropped namespace 16 residue (15 files) — ADR-0100 D6
cell 0: swept dropped namespace 16 residue (14 files) — ADR-0100 D6
cell 0: swept dropped namespace 16 residue (18 files) — ADR-0100 D6
cell 1: swept dropped namespace 16 residue (9 files) — ADR-0100 D6
cell 0: swept dropped namespace 16 residue (13 files) — ADR-0100 D6
cell 1: swept dropped namespace 16 residue (10 files) — ADR-0100 D6
cell 1: swept dropped namespace 16 residue (22 files) — ADR-0100 D6
cell 0: swept dropped namespace 16 residue (9 files) — ADR-0100 D6
cell 1: swept dropped namespace 16 residue (0 files) — ADR-0100 D6
cell 0: swept dropped namespace 16 residue (0 files) — ADR-0100 D6
cell 0: swept dropped namespace 16 residue (11 files) — ADR-0100 D6
cell 1: swept dropped namespace 16 residue (9 files) — ADR-0100 D6
cell 0: checkpoint staging downgraded to buffered I/O — O_DIRECT I/O refused (EINVAL) after the boot probe passed; v3 blocks stay aligned, retrying at once (INFO ckpt_io_mode:buffered, ckpt_io_mode_downgrades:1)
cell 0: checkpoint 13 aborted at I/O: EINVAL under O_DIRECT
cell 1: checkpoint staging downgraded to buffered I/O — O_DIRECT I/O refused (EINVAL) after the boot probe passed; v3 blocks stay aligned, retrying at once (INFO ckpt_io_mode:buffered, ckpt_io_mode_downgrades:1)
cell 1: checkpoint 15 aborted at I/O: EINVAL under O_DIRECT
cell 1: swept dropped namespace 16 residue (10 files) — ADR-0100 D6
cell 0: swept dropped namespace 16 residue (10 files) — ADR-0100 D6
cell 1: swept dropped namespace 16 residue (12 files) — ADR-0100 D6
cell 0: swept dropped namespace 16 residue (13 files) — ADR-0100 D6
cell 0: swept dropped namespace 16 residue (7 files) — ADR-0100 D6
cell 1: swept dropped namespace 16 residue (7 files) — ADR-0100 D6
cell 0: swept dropped namespace 16 residue (0 files) — ADR-0100 D6
cell 1: swept dropped namespace 16 residue (0 files) — ADR-0100 D6
cell 1: checkpoint staging downgraded to buffered I/O — O_DIRECT I/O refused (EINVAL) after the boot probe passed; v3 blocks stay aligned, retrying at once (INFO ckpt_io_mode:buffered, ckpt_io_mode_downgrades:1)
cell 1: checkpoint 1 aborted at I/O: EINVAL under O_DIRECT
cell 0: checkpoint staging downgraded to buffered I/O — O_DIRECT I/O refused (EINVAL) after the boot probe passed; v3 blocks stay aligned, retrying at once (INFO ckpt_io_mode:buffered, ckpt_io_mode_downgrades:1)
cell 0: checkpoint 1 aborted at I/O: EINVAL under O_DIRECT
cell 0: swept dropped namespace 16 residue (13 files) — ADR-0100 D6
cell 1: swept dropped namespace 16 residue (11 files) — ADR-0100 D6
cell 1: swept dropped namespace 16 residue (11 files) — ADR-0100 D6
cell 0: swept dropped namespace 16 residue (8 files) — ADR-0100 D6
cell 0: swept dropped namespace 16 residue (10 files) — ADR-0100 D6
cell 1: swept dropped namespace 16 residue (13 files) — ADR-0100 D6
cell 1: checkpoint staging downgraded to buffered I/O — O_DIRECT I/O refused (EINVAL) after the boot probe passed; v3 blocks stay aligned, retrying at once (INFO ckpt_io_mode:buffered, ckpt_io_mode_downgrades:1)
cell 1: checkpoint 8 aborted at I/O: EINVAL under O_DIRECT
cell 0: checkpoint staging downgraded to buffered I/O — O_DIRECT I/O refused (EINVAL) after the boot probe passed; v3 blocks stay aligned, retrying at once (INFO ckpt_io_mode:buffered, ckpt_io_mode_downgrades:1)
cell 0: checkpoint 8 aborted at I/O: EINVAL under O_DIRECT
cell 1: swept dropped namespace 16 residue (10 files) — ADR-0100 D6
cell 0: swept dropped namespace 16 residue (9 files) — ADR-0100 D6
inf-sim: m4-tiered sweep shard 3/4: 24 seeds, 0 violations, 0 legal taxonomy refusals, 110056 commands, 3419 keys audited, 9455197 B flushed pre-cut, 4783 cold resolves, 10434 blob sets, 258 blob-key race replans, dir-open fault armed on 0 seeds (0 fired), tier-read EIO armed on 12 seeds (24 fired, 24 typed replies, 1 unconsumed), ckpt arms [downgrades 0 bound_splits 0], 24 DISKFULL refusals, drop-race 476 values / 244 typed-other; post-drop reboots 24 (24 with MANIFEST residue), cut inside DROP: 3 whole / 21 swept (ADR-0100); shadow arm on 0 seeds: 0 tickets (0 open at the cut), 0 same-key / 0 collision verdicts, 0 stale, 0 fallbacks; forced collisions: 0 tickets, 0 collision verdicts, 0 ticketed fallbacks, 0 DBSIZE drains, 0 SCAN twins; open-ticket rows on 0 seeds: 0 tickets held open, 0 DBSIZE drains reading 0 twins, 0 SCAN twins, 0 retargets, 0 read-free forced deletes, 0 ticketed fallbacks, 0 collision verdicts, 0 injected read errors relayed, 0 settled without a read after resume; rebuilt multi-ticket rows on 24 seeds: 48 tickets rebuilt, 24 DELs draining several, 0 same-key twins among them, 0 filler writes, 48 reboots
inf-sim: sim_seconds=608.318083 published=0 delivered=0
cell 0: swept dropped namespace 16 residue (13 files) — ADR-0100 D6
cell 1: swept dropped namespace 16 residue (12 files) — ADR-0100 D6
cell 1: checkpoint staging downgraded to buffered I/O — O_DIRECT I/O refused (EINVAL) after the boot probe passed; v3 blocks stay aligned, retrying at once (INFO ckpt_io_mode:buffered, ckpt_io_mode_downgrades:1)
cell 1: checkpoint 17 aborted at I/O: EINVAL under O_DIRECT
cell 0: checkpoint staging downgraded to buffered I/O — O_DIRECT I/O refused (EINVAL) after the boot probe passed; v3 blocks stay aligned, retrying at once (INFO ckpt_io_mode:buffered, ckpt_io_mode_downgrades:1)
cell 0: checkpoint 16 aborted at I/O: EINVAL under O_DIRECT
cell 1: swept dropped namespace 16 residue (11 files) — ADR-0100 D6
cell 0: swept dropped namespace 16 residue (8 files) — ADR-0100 D6
cell 1: swept dropped namespace 16 residue (9 files) — ADR-0100 D6
cell 0: swept dropped namespace 16 residue (14 files) — ADR-0100 D6
cell 1: swept dropped namespace 16 residue (6 files) — ADR-0100 D6
cell 0: swept dropped namespace 16 residue (11 files) — ADR-0100 D6
cell 1: checkpoint staging downgraded to buffered I/O — O_DIRECT I/O refused (EINVAL) after the boot probe passed; v3 blocks stay aligned, retrying at once (INFO ckpt_io_mode:buffered, ckpt_io_mode_downgrades:1)
cell 1: checkpoint 1 aborted at I/O: EINVAL under O_DIRECT
cell 0: checkpoint staging downgraded to buffered I/O — O_DIRECT I/O refused (EINVAL) after the boot probe passed; v3 blocks stay aligned, retrying at once (INFO ckpt_io_mode:buffered, ckpt_io_mode_downgrades:1)
cell 0: checkpoint 1 aborted at I/O: EINVAL under O_DIRECT
cell 1: swept dropped namespace 16 residue (10 files) — ADR-0100 D6
cell 0: swept dropped namespace 16 residue (7 files) — ADR-0100 D6
cell 1: swept dropped namespace 16 residue (10 files) — ADR-0100 D6
cell 0: swept dropped namespace 16 residue (20 files) — ADR-0100 D6
cell 1: checkpoint staging downgraded to buffered I/O — O_DIRECT I/O refused (EINVAL) after the boot probe passed; v3 blocks stay aligned, retrying at once (INFO ckpt_io_mode:buffered, ckpt_io_mode_downgrades:1)
cell 1: checkpoint 10 aborted at I/O: EINVAL under O_DIRECT
cell 0: checkpoint staging downgraded to buffered I/O — O_DIRECT I/O refused (EINVAL) after the boot probe passed; v3 blocks stay aligned, retrying at once (INFO ckpt_io_mode:buffered, ckpt_io_mode_downgrades:1)
cell 0: checkpoint 10 aborted at I/O: EINVAL under O_DIRECT
cell 0: swept dropped namespace 16 residue (12 files) — ADR-0100 D6
cell 1: swept dropped namespace 16 residue (6 files) — ADR-0100 D6
cell 1: checkpoint staging downgraded to buffered I/O — O_DIRECT I/O refused (EINVAL) after the boot probe passed; v3 blocks stay aligned, retrying at once (INFO ckpt_io_mode:buffered, ckpt_io_mode_downgrades:1)
cell 1: checkpoint 19 aborted at I/O: EINVAL under O_DIRECT
cell 0: checkpoint staging downgraded to buffered I/O — O_DIRECT I/O refused (EINVAL) after the boot probe passed; v3 blocks stay aligned, retrying at once (INFO ckpt_io_mode:buffered, ckpt_io_mode_downgrades:1)
cell 0: checkpoint 19 aborted at I/O: EINVAL under O_DIRECT
cell 0: swept dropped namespace 16 residue (9 files) — ADR-0100 D6
cell 1: swept dropped namespace 16 residue (12 files) — ADR-0100 D6
cell 1: swept dropped namespace 16 residue (0 files) — ADR-0100 D6
cell 0: swept dropped namespace 16 residue (0 files) — ADR-0100 D6
cell 1: swept dropped namespace 16 residue (6 files) — ADR-0100 D6
cell 0: swept dropped namespace 16 residue (12 files) — ADR-0100 D6
cell 0: swept dropped namespace 16 residue (16 files) — ADR-0100 D6
cell 1: swept dropped namespace 16 residue (8 files) — ADR-0100 D6
cell 1: swept dropped namespace 16 residue (0 files) — ADR-0100 D6
cell 0: swept dropped namespace 16 residue (0 files) — ADR-0100 D6
cell 1: checkpoint staging downgraded to buffered I/O — O_DIRECT I/O refused (EINVAL) after the boot probe passed; v3 blocks stay aligned, retrying at once (INFO ckpt_io_mode:buffered, ckpt_io_mode_downgrades:1)
cell 1: checkpoint 1 aborted at I/O: EINVAL under O_DIRECT
cell 0: checkpoint staging downgraded to buffered I/O — O_DIRECT I/O refused (EINVAL) after the boot probe passed; v3 blocks stay aligned, retrying at once (INFO ckpt_io_mode:buffered, ckpt_io_mode_downgrades:1)
cell 0: checkpoint 1 aborted at I/O: EINVAL under O_DIRECT
cell 0: swept dropped namespace 16 residue (14 files) — ADR-0100 D6
cell 1: swept dropped namespace 16 residue (12 files) — ADR-0100 D6
cell 0: checkpoint staging downgraded to buffered I/O — O_DIRECT I/O refused (EINVAL) after the boot probe passed; v3 blocks stay aligned, retrying at once (INFO ckpt_io_mode:buffered, ckpt_io_mode_downgrades:1)
cell 0: checkpoint 10 aborted at I/O: EINVAL under O_DIRECT
cell 1: checkpoint staging downgraded to buffered I/O — O_DIRECT I/O refused (EINVAL) after the boot probe passed; v3 blocks stay aligned, retrying at once (INFO ckpt_io_mode:buffered, ckpt_io_mode_downgrades:1)
cell 1: checkpoint 10 aborted at I/O: EINVAL under O_DIRECT
cell 1: swept dropped namespace 16 residue (6 files) — ADR-0100 D6
cell 0: swept dropped namespace 16 residue (12 files) — ADR-0100 D6
cell 0: swept dropped namespace 16 residue (14 files) — ADR-0100 D6
cell 1: swept dropped namespace 16 residue (7 files) — ADR-0100 D6
cell 0: checkpoint staging downgraded to buffered I/O — O_DIRECT I/O refused (EINVAL) after the boot probe passed; v3 blocks stay aligned, retrying at once (INFO ckpt_io_mode:buffered, ckpt_io_mode_downgrades:1)
cell 0: checkpoint 19 aborted at I/O: EINVAL under O_DIRECT
cell 1: checkpoint staging downgraded to buffered I/O — O_DIRECT I/O refused (EINVAL) after the boot probe passed; v3 blocks stay aligned, retrying at once (INFO ckpt_io_mode:buffered, ckpt_io_mode_downgrades:1)
cell 1: checkpoint 19 aborted at I/O: EINVAL under O_DIRECT
cell 1: swept dropped namespace 16 residue (9 files) — ADR-0100 D6
cell 0: swept dropped namespace 16 residue (8 files) — ADR-0100 D6
cell 1: swept dropped namespace 16 residue (7 files) — ADR-0100 D6
cell 0: swept dropped namespace 16 residue (12 files) — ADR-0100 D6
cell 0: swept dropped namespace 16 residue (15 files) — ADR-0100 D6
cell 1: swept dropped namespace 16 residue (12 files) — ADR-0100 D6
cell 1: swept dropped namespace 16 residue (9 files) — ADR-0100 D6
cell 0: swept dropped namespace 16 residue (11 files) — ADR-0100 D6
cell 1: swept dropped namespace 16 residue (0 files) — ADR-0100 D6
cell 0: swept dropped namespace 16 residue (0 files) — ADR-0100 D6
cell 1: checkpoint staging downgraded to buffered I/O — O_DIRECT I/O refused (EINVAL) after the boot probe passed; v3 blocks stay aligned, retrying at once (INFO ckpt_io_mode:buffered, ckpt_io_mode_downgrades:1)
cell 1: checkpoint 1 aborted at I/O: EINVAL under O_DIRECT
cell 0: checkpoint staging downgraded to buffered I/O — O_DIRECT I/O refused (EINVAL) after the boot probe passed; v3 blocks stay aligned, retrying at once (INFO ckpt_io_mode:buffered, ckpt_io_mode_downgrades:1)
cell 0: checkpoint 1 aborted at I/O: EINVAL under O_DIRECT
cell 1: checkpoint staging downgraded to buffered I/O — O_DIRECT I/O refused (EINVAL) after the boot probe passed; v3 blocks stay aligned, retrying at once (INFO ckpt_io_mode:buffered, ckpt_io_mode_downgrades:1)
cell 1: checkpoint 10 aborted at I/O: EINVAL under O_DIRECT
cell 0: checkpoint staging downgraded to buffered I/O — O_DIRECT I/O refused (EINVAL) after the boot probe passed; v3 blocks stay aligned, retrying at once (INFO ckpt_io_mode:buffered, ckpt_io_mode_downgrades:1)
cell 0: checkpoint 10 aborted at I/O: EINVAL under O_DIRECT
cell 1: swept dropped namespace 16 residue (5 files) — ADR-0100 D6
cell 0: swept dropped namespace 16 residue (12 files) — ADR-0100 D6
cell 0: swept dropped namespace 16 residue (12 files) — ADR-0100 D6
cell 1: swept dropped namespace 16 residue (12 files) — ADR-0100 D6
cell 1: swept dropped namespace 16 residue (13 files) — ADR-0100 D6
cell 0: swept dropped namespace 16 residue (10 files) — ADR-0100 D6
cell 0: checkpoint staging downgraded to buffered I/O — O_DIRECT I/O refused (EINVAL) after the boot probe passed; v3 blocks stay aligned, retrying at once (INFO ckpt_io_mode:buffered, ckpt_io_mode_downgrades:1)
cell 0: checkpoint 18 aborted at I/O: EINVAL under O_DIRECT
cell 1: checkpoint staging downgraded to buffered I/O — O_DIRECT I/O refused (EINVAL) after the boot probe passed; v3 blocks stay aligned, retrying at once (INFO ckpt_io_mode:buffered, ckpt_io_mode_downgrades:1)
cell 1: checkpoint 20 aborted at I/O: EINVAL under O_DIRECT
cell 0: swept dropped namespace 16 residue (9 files) — ADR-0100 D6
cell 1: swept dropped namespace 16 residue (5 files) — ADR-0100 D6
cell 1: swept dropped namespace 16 residue (7 files) — ADR-0100 D6
cell 0: swept dropped namespace 16 residue (11 files) — ADR-0100 D6
inf-sim: m4-tiered sweep shard 0/4: 24 seeds, 0 violations, 0 legal taxonomy refusals, 130833 commands, 3418 keys audited, 18908615 B flushed pre-cut, 5028 cold resolves, 10483 blob sets, 282 blob-key race replans, dir-open fault armed on 0 seeds (0 fired), tier-read EIO armed on 0 seeds (0 fired, 0 typed replies, 0 unconsumed), ckpt arms [downgrades 0 bound_splits 0], 24 DISKFULL refusals, drop-race 272 values / 448 typed-other; post-drop reboots 24 (24 with MANIFEST residue), cut inside DROP: 1 whole / 23 swept (ADR-0100); shadow arm on 24 seeds: 1410 tickets (0 open at the cut), 1410 same-key / 0 collision verdicts, 0 stale, 0 fallbacks; forced collisions: 192 tickets, 96 collision verdicts, 0 ticketed fallbacks, 0 DBSIZE drains, 0 SCAN twins; open-ticket rows on 24 seeds: 96 tickets held open, 71 DBSIZE drains reading 133 twins, 192 SCAN twins, 96 retargets, 48 read-free forced deletes, 96 ticketed fallbacks, 96 collision verdicts, 24 injected read errors relayed, 74 settled without a read after resume; rebuilt multi-ticket rows on 24 seeds: 96 tickets rebuilt, 48 DELs draining several, 24 same-key twins among them, 15840 filler writes, 48 reboots
inf-sim: sim_seconds=892.158253 published=0 delivered=0
cell 1: swept dropped namespace 16 residue (8 files) — ADR-0100 D6
cell 0: swept dropped namespace 16 residue (13 files) — ADR-0100 D6
cell 1: checkpoint staging downgraded to buffered I/O — O_DIRECT I/O refused (EINVAL) after the boot probe passed; v3 blocks stay aligned, retrying at once (INFO ckpt_io_mode:buffered, ckpt_io_mode_downgrades:1)
cell 1: checkpoint 1 aborted at I/O: EINVAL under O_DIRECT
cell 0: checkpoint staging downgraded to buffered I/O — O_DIRECT I/O refused (EINVAL) after the boot probe passed; v3 blocks stay aligned, retrying at once (INFO ckpt_io_mode:buffered, ckpt_io_mode_downgrades:1)
cell 0: checkpoint 1 aborted at I/O: EINVAL under O_DIRECT
cell 1: checkpoint staging downgraded to buffered I/O — O_DIRECT I/O refused (EINVAL) after the boot probe passed; v3 blocks stay aligned, retrying at once (INFO ckpt_io_mode:buffered, ckpt_io_mode_downgrades:1)
cell 1: checkpoint 5 aborted at I/O: EINVAL under O_DIRECT
cell 0: checkpoint staging downgraded to buffered I/O — O_DIRECT I/O refused (EINVAL) after the boot probe passed; v3 blocks stay aligned, retrying at once (INFO ckpt_io_mode:buffered, ckpt_io_mode_downgrades:1)
cell 0: checkpoint 5 aborted at I/O: EINVAL under O_DIRECT
cell 1: swept dropped namespace 16 residue (14 files) — ADR-0100 D6
cell 0: swept dropped namespace 16 residue (18 files) — ADR-0100 D6
cell 0: swept dropped namespace 16 residue (10 files) — ADR-0100 D6
cell 1: swept dropped namespace 16 residue (8 files) — ADR-0100 D6
cell 0: checkpoint staging downgraded to buffered I/O — O_DIRECT I/O refused (EINVAL) after the boot probe passed; v3 blocks stay aligned, retrying at once (INFO ckpt_io_mode:buffered, ckpt_io_mode_downgrades:1)
cell 0: checkpoint 13 aborted at I/O: EINVAL under O_DIRECT
cell 1: checkpoint staging downgraded to buffered I/O — O_DIRECT I/O refused (EINVAL) after the boot probe passed; v3 blocks stay aligned, retrying at once (INFO ckpt_io_mode:buffered, ckpt_io_mode_downgrades:1)
cell 1: checkpoint 14 aborted at I/O: EINVAL under O_DIRECT
inf-sim: m4-tiered sweep shard 2/4: 24 seeds, 0 violations, 0 legal taxonomy refusals, 130438 commands, 3376 keys audited, 16805661 B flushed pre-cut, 4926 cold resolves, 10462 blob sets, 271 blob-key race replans, dir-open fault armed on 0 seeds (0 fired), tier-read EIO armed on 0 seeds (0 fired, 0 typed replies, 0 unconsumed), ckpt arms [downgrades 72 bound_splits 0], 24 DISKFULL refusals, drop-race 255 values / 465 typed-other; post-drop reboots 24 (24 with MANIFEST residue), cut inside DROP: 3 whole / 21 swept (ADR-0100); shadow arm on 24 seeds: 1378 tickets (0 open at the cut), 1378 same-key / 0 collision verdicts, 0 stale, 0 fallbacks; forced collisions: 192 tickets, 96 collision verdicts, 0 ticketed fallbacks, 0 DBSIZE drains, 0 SCAN twins; open-ticket rows on 24 seeds: 96 tickets held open, 72 DBSIZE drains reading 135 twins, 192 SCAN twins, 96 retargets, 48 read-free forced deletes, 96 ticketed fallbacks, 96 collision verdicts, 24 injected read errors relayed, 75 settled without a read after resume; rebuilt multi-ticket rows on 24 seeds: 96 tickets rebuilt, 48 DELs draining several, 24 same-key twins among them, 18080 filler writes, 48 reboots
inf-sim: sim_seconds=942.446918 published=0 delivered=0
cell 1: swept dropped namespace 16 residue (7 files) — ADR-0100 D6
cell 0: swept dropped namespace 16 residue (12 files) — ADR-0100 D6
cell 1: swept dropped namespace 16 residue (8 files) — ADR-0100 D6
cell 0: swept dropped namespace 16 residue (14 files) — ADR-0100 D6
inf-sim: m4-tiered sweep shard 1/4: 24 seeds, 0 violations, 0 legal taxonomy refusals, 137644 commands, 3455 keys audited, 18902490 B flushed pre-cut, 5069 cold resolves, 10679 blob sets, 236 blob-key race replans, dir-open fault armed on 12 seeds (12 fired), tier-read EIO armed on 0 seeds (0 fired, 0 typed replies, 0 unconsumed), ckpt arms [downgrades 0 bound_splits 49212], 24 DISKFULL refusals, drop-race 253 values / 467 typed-other; post-drop reboots 24 (24 with MANIFEST residue), cut inside DROP: 1 whole / 23 swept (ADR-0100); shadow arm on 24 seeds: 1399 tickets (0 open at the cut), 1384 same-key / 0 collision verdicts, 0 stale, 0 fallbacks; forced collisions: 192 tickets, 96 collision verdicts, 0 ticketed fallbacks, 0 DBSIZE drains, 2 SCAN twins; open-ticket rows on 24 seeds: 96 tickets held open, 72 DBSIZE drains reading 139 twins, 192 SCAN twins, 96 retargets, 48 read-free forced deletes, 96 ticketed fallbacks, 96 collision verdicts, 24 injected read errors relayed, 139 settled without a read after resume; rebuilt multi-ticket rows on 24 seeds: 96 tickets rebuilt, 48 DELs draining several, 24 same-key twins among them, 20608 filler writes, 48 reboots
inf-sim: sim_seconds=977.404578 published=0 delivered=0
scenario=m4-tiered base_seed=0xb38a0000 sweep=96 shard=0/4 seeds_run=24 violations=0 refused=0 commands=130833 keys_audited=3418 flushed_pre_cut=18908615 cold_resolves=5028 blob_sets=10483 dir_open_fault_seeds=0 dir_open_faults_fired=0 tier_read_fault_seeds=0 tier_read_faults_fired=0 tier_read_error_replies=0 tier_read_faults_unconsumed=0 ckpt_downgrades=0 ckpt_bound_splits=0 diskfull_refusals=24 drop_values=272 drop_other=448 drop_reboots=24 drop_reboot_residue=24 drop_cut_whole=1 drop_cut_swept=23 shadow_seeds=24 shadow_created=1410 shadow_at_cut=0 shadow_same_key=1410 shadow_collision=0 shadow_stale=0 shadow_fallbacks=0 collide_tickets=192 collide_verdicts=96 collide_ticketed=0 collide_drains=0 collide_scan_twins=0 open_seeds=24 open_tickets=96 open_drains=71 open_reads=133 open_scan_twins=192 open_retargeted=96 open_forced_deletes=48 open_ticketed=96 open_collisions=96 open_read_faults=24 open_settled_without_read=74 rebuilt_seeds=24 rebuilt_tickets=96 rebuilt_multi_dels=48 rebuilt_same_key_twins=24 rebuilt_fill_sets=15840 rebuilt_reboots=48
scenario=m4-tiered base_seed=0xb38a0000 sweep=96 shard=1/4 seeds_run=24 violations=0 refused=0 commands=137644 keys_audited=3455 flushed_pre_cut=18902490 cold_resolves=5069 blob_sets=10679 dir_open_fault_seeds=12 dir_open_faults_fired=12 tier_read_fault_seeds=0 tier_read_faults_fired=0 tier_read_error_replies=0 tier_read_faults_unconsumed=0 ckpt_downgrades=0 ckpt_bound_splits=49212 diskfull_refusals=24 drop_values=253 drop_other=467 drop_reboots=24 drop_reboot_residue=24 drop_cut_whole=1 drop_cut_swept=23 shadow_seeds=24 shadow_created=1399 shadow_at_cut=0 shadow_same_key=1384 shadow_collision=0 shadow_stale=0 shadow_fallbacks=0 collide_tickets=192 collide_verdicts=96 collide_ticketed=0 collide_drains=0 collide_scan_twins=2 open_seeds=24 open_tickets=96 open_drains=72 open_reads=139 open_scan_twins=192 open_retargeted=96 open_forced_deletes=48 open_ticketed=96 open_collisions=96 open_read_faults=24 open_settled_without_read=139 rebuilt_seeds=24 rebuilt_tickets=96 rebuilt_multi_dels=48 rebuilt_same_key_twins=24 rebuilt_fill_sets=20608 rebuilt_reboots=48
scenario=m4-tiered base_seed=0xb38a0000 sweep=96 shard=2/4 seeds_run=24 violations=0 refused=0 commands=130438 keys_audited=3376 flushed_pre_cut=16805661 cold_resolves=4926 blob_sets=10462 dir_open_fault_seeds=0 dir_open_faults_fired=0 tier_read_fault_seeds=0 tier_read_faults_fired=0 tier_read_error_replies=0 tier_read_faults_unconsumed=0 ckpt_downgrades=72 ckpt_bound_splits=0 diskfull_refusals=24 drop_values=255 drop_other=465 drop_reboots=24 drop_reboot_residue=24 drop_cut_whole=3 drop_cut_swept=21 shadow_seeds=24 shadow_created=1378 shadow_at_cut=0 shadow_same_key=1378 shadow_collision=0 shadow_stale=0 shadow_fallbacks=0 collide_tickets=192 collide_verdicts=96 collide_ticketed=0 collide_drains=0 collide_scan_twins=0 open_seeds=24 open_tickets=96 open_drains=72 open_reads=135 open_scan_twins=192 open_retargeted=96 open_forced_deletes=48 open_ticketed=96 open_collisions=96 open_read_faults=24 open_settled_without_read=75 rebuilt_seeds=24 rebuilt_tickets=96 rebuilt_multi_dels=48 rebuilt_same_key_twins=24 rebuilt_fill_sets=18080 rebuilt_reboots=48
scenario=m4-tiered base_seed=0xb38a0000 sweep=96 shard=3/4 seeds_run=24 violations=0 refused=0 commands=110056 keys_audited=3419 flushed_pre_cut=9455197 cold_resolves=4783 blob_sets=10434 dir_open_fault_seeds=0 dir_open_faults_fired=0 tier_read_fault_seeds=12 tier_read_faults_fired=24 tier_read_error_replies=24 tier_read_faults_unconsumed=1 ckpt_downgrades=0 ckpt_bound_splits=0 diskfull_refusals=24 drop_values=476 drop_other=244 drop_reboots=24 drop_reboot_residue=24 drop_cut_whole=3 drop_cut_swept=21 shadow_seeds=0 shadow_created=0 shadow_at_cut=0 shadow_same_key=0 shadow_collision=0 shadow_stale=0 shadow_fallbacks=0 collide_tickets=0 collide_verdicts=0 collide_ticketed=0 collide_drains=0 collide_scan_twins=0 open_seeds=0 open_tickets=0 open_drains=0 open_reads=0 open_scan_twins=0 open_retargeted=0 open_forced_deletes=0 open_ticketed=0 open_collisions=0 open_read_faults=0 open_settled_without_read=0 rebuilt_seeds=24 rebuilt_tickets=48 rebuilt_multi_dels=24 rebuilt_same_key_twins=0 rebuilt_fill_sets=0 rebuilt_reboots=48
run-sweep: m4-tiered sweep OK (4 shards, 96 seeds from 0xB38A0000; manifests under /tmp/tmp.ohZwLMo3s6)
