inf-bench env-check
  PROBE                RESULT
  git-dirty-tree       FAIL  dirty git tree: 10 uncommitted entries
  cpufreq-governor     PASS
  cpufreq-epp          PASS
  thermal-throttle     FAIL  thermal throttling occurred: cpu0/package_throttle_count=72, cpu1/package_throttle_count=72, cpu10/core_throttle_count=38, cpu10/package_throttle_count=72
  power-source         SKIP  macos-only probe (this host: linux)
  low-power-mode       SKIP  macos-only probe (this host: linux)

  *** DIRTY TREE — dev run only, output is not citation-grade ***
gate-run: CONTINUING WITH FAILED ENV-CHECK — results are not citation-grade
  s35: 1s drive-state idle before s37 ticketed-DEL A rep0
  s35: 1s drive-state idle before s37 ticketed-DEL A rep0 post-fill
  s37 rep0 A cycle0 keys@0: sets=12288 tickets=0 (0.000/set) set_fallbacks=0 dels=12288 forced=0 (0.000/del) refused=0 pending_after=0 reads_fg=0 del_ops/s=75931 del_p50_us=675 del_p99_us=1727 del_p999_us=2703 del_max_us=2983 rss_before_del=292147200 rss_peak_del=292147200 rss_after_del=292147200 (growth 0)
  s37 rep0 A cycle1 keys@12288: sets=12288 tickets=0 (0.000/set) set_fallbacks=0 dels=12288 forced=0 (0.000/del) refused=0 pending_after=0 reads_fg=0 del_ops/s=64334 del_p50_us=797 del_p99_us=2607 del_p999_us=6879 del_max_us=7653 rss_before_del=290967552 rss_peak_del=290967552 rss_after_del=290967552 (growth 0)
  s37 rep0 A leg: cycles=2 sets=24576 tickets=0 set_fallbacks=0 dels=24576 forced=0 (0.000/del) refused=0 pending_after=0 reads_fg=0 del_ops/s=75931 del_p50_us=797 del_p99_us=2607 del_p999_us=6879 del_max_us=7653 del_rss_growth=0 rss_base=291786752 rss_end=290967552 (delta -819200)
  s35: 1s drive-state idle before s37 ticketed-DEL B rep0
  s35: 1s drive-state idle before s37 ticketed-DEL B rep0 post-fill
  s37 rep0 B cycle0 keys@0: sets=12288 tickets=12288 (1.000/set) set_fallbacks=0 dels=12288 forced=12288 (1.000/del) refused=0 pending_after=0 reads_fg=0 del_ops/s=17666 del_p50_us=2911 del_p99_us=7103 del_p999_us=10911 del_max_us=12052 rss_before_del=292139008 rss_peak_del=292139008 rss_after_del=292139008 (growth 0)
  s37 rep0 B cycle1 keys@12288: sets=12288 tickets=10646 (0.866/set) set_fallbacks=0 dels=12288 forced=10646 (0.866/del) refused=0 pending_after=0 reads_fg=0 del_ops/s=16697 del_p50_us=3015 del_p99_us=7759 del_p999_us=11551 del_max_us=12908 rss_before_del=290746368 rss_peak_del=290746368 rss_after_del=290746368 (growth 0)
  s37 rep0 B leg: cycles=2 sets=24576 tickets=22934 set_fallbacks=0 dels=24576 forced=22934 (0.933/del) refused=0 pending_after=0 reads_fg=0 del_ops/s=17666 del_p50_us=3015 del_p99_us=7759 del_p999_us=11551 del_max_us=12908 del_rss_growth=0 rss_base=291778560 rss_end=290746368 (delta -1032192)

== gate verdicts ==
  S29: tiered always scaling slope (c256/c64) PENDING (tooling)
  S29: tiered:flat always parity at 64 conns PENDING (tooling)
  S29: tiered:flat always parity at 256 conns PENDING (tooling)
  S29: tiered:flat always p99 ratio at 256 conns PENDING (tooling)
  S27: client-visible -BUSY refusals under provoked staging pressure PENDING (tooling)
  S27: last:first throughput across back-to-back write repeats PENDING (tooling)
  S27: worst per-leg max latency at everysec under provoked pressure PENDING (tooling)
  S35: always p50 over the barrier p50 at 32 conns PENDING (tooling)
  S35: N-cell vs 1-cell barrier p50 ratio (device characterization — informational since the ADR-0087 fourth amendment, 2026-08-22) PENDING (tooling)
  S35: N-cell vs 1-cell always client p50 ratio (informational since 2026-08-22 — carries the pipeline's seal wait at K ≥ 2) PENDING (tooling)
  S36: server CPU across the pure-write everysec leg PENDING (tooling)
  S36: everysec pure-write throughput vs the same-session tmpfs control PENDING (tooling)
  S36: checkpoint + MANIFEST bytes over log frame bytes (the derived trigger's 1/α bound) PENDING (tooling)
  S36: log + checkpoint write amplification (informational — the padding term is shape-dependent) PENDING (tooling)
  S36: everysec max latency at the comparator-matched offered rate (S27 D5) PENDING (tooling)
  S39b: warmed zero-fill bytes per log frame byte under recycling (arm) PENDING (tooling)
  S39b: rotations not served by the pool over the warmed window, worst cell PENDING (tooling)
  S39b: padding share moved by recycling (the S39c control) PENDING (tooling)
  S39b: always c32 p50 under recycling over baseline PENDING (tooling)
  S39b: always c32 p99 under recycling over baseline PENDING (tooling)
  S39b: read leg under recycling over baseline (the E4.7 ±2 % rule) PENDING (tooling)
  S39b: first crash-restart recovery boot on the recycled log over baseline PENDING (tooling)
  S39b: rotations per cell the row actually performed (validity) PENDING (tooling)
  S39b/D9: pool waits fed before the bound over waits ended (arm) PENDING (tooling)
  S39b/D9: rotations onto an un-zeroed segment on the arm, worst replicate PENDING (tooling)
  S39b/D9: rotations that found no next segment on the arm, worst replicate PENDING (tooling)
  S39b/D9: preallocs refused for space on the arm, worst replicate PENDING (tooling)
  S39b: accounted host bytes per log frame byte under recycling (informational) PENDING (tooling)
  S39b: block-device sectors written per log frame byte under recycling (informational) PENDING (tooling)
  S39d: fixed-work first-boot recovery, slowest cell's engine total, arm over baseline PENDING (tooling)
  S39d: absolute first-boot recovery wall on the recycled log (the S18 < 15 s STOP gate re-read) PENDING (tooling)
  S39d: both arms recovered exactly the records written (fixed-work validity) PENDING (tooling)
  S39d: slack-audit phase time over the cell sums, arm over baseline (the recycling term, informational) PENDING (tooling)
  S40: everysec max latency at the memtier shape, worst leg (S27 D5) PENDING (tooling)
  S40: achieved over offered rate, worst leg (validity — a saturated leg's max is a saturation number) PENDING (tooling)
  S40: seconds whose per-second maximum exceeded 50 ms, summed over legs (informational) PENDING (tooling)
  S37 step 1: blind-overwrite ceiling throughput over the shipping path at 256 conns PENDING (tooling)
  S37 step 1: blind-overwrite ceiling p99 gain at 256 conns PENDING (tooling)
  S37 step 1: share of arm B's SETs that skipped a cold read (validity — 0 = the instrument never engaged) PENDING (tooling)
  S37 step 2 discriminator: widest COLD-READ-QD arm throughput over the baseline cap at 256 conns PENDING (tooling)
  S37 step 2 discriminator: widest COLD-READ-QD arm p99 over the baseline cap at 256 conns (the tail the wider cap charges) PENDING (tooling)
  S37 step 2 discriminator: the baseline's device QD p99 at issue (≈ the cap = the cap bound; validity of the discriminator) PENDING (tooling)
  S42: first boot over second boot of a fresh data directory (the in-boot probe's cost) PENDING (tooling)
  S42: every first boot reported io_properties_source=probed-at-boot on every cell (validity) PENDING (tooling)
  S42: every second boot reported io_properties_source=file with the identity verified (validity) PENDING (tooling)
  S42: the file the first boot wrote is schema 3 (identity-bound) PENDING (tooling)
  S42: always p50 over the barrier p50 at 32 conns on the directory the first boot probed (S35's bar on the stock boot) PENDING (tooling)
  S42: always c32 ops/s on the stock boot (informational — read against the probed arm's replicate spread) PENDING (tooling)
  S39d: replay-phase rate on the slowest cell, arm (C38b's statistic on the loop clock, this row's shape — informational) PENDING (tooling)
  S39d: replay-phase rate on the slowest cell, baseline (informational) PENDING (tooling)
  S37: shadow arm ops/s over the shipping path at 256 conns (ADR-0093 D9 hypothesis ≥ 1.5 ×) PENDING (tooling)
  S37: shadow arm p50 over the shipping path at 256 conns (ADR-0093 D9 hypothesis ≤ 0.5 ×) PENDING (tooling)
  S37: share of the shadow arm's SETs that fell back to the synchronous verify (ADR-0093 D9 falsifier at 0.5) PENDING (tooling)

gate-run: report written to .artifacts/m4.5/s37/campaign-R/smoke/Q/run/1789178545-gate-run/report.md
