ops = 636501
errors = 0
busy_retryable = 0
elapsed_s = 300.019
ops_per_sec = 2122
p50_us = 13567
p99_us = 278527
p999_us = 2424831
p9999_us = 3866623
max_us = 5616516
ops = 688660
errors = 4
busy_retryable = 4
elapsed_s = 300.089
ops_per_sec = 2295
p50_us = 16895
p99_us = 163839
p999_us = 2949119
p9999_us = 6946815
max_us = 8710926
error_sample = -BUSY durable log staging is full, retry
inf-bench: 4 error replies under load (4 BUSY-retryable; first sample: -BUSY durable log staging is full, retry)
ops = 768478
errors = 0
busy_retryable = 0
elapsed_s = 300.016
ops_per_sec = 2561
p50_us = 15871
p99_us = 163839
p999_us = 1474559
p9999_us = 5242879
max_us = 7657289
ops = 816335
errors = 0
busy_retryable = 0
elapsed_s = 300.017
ops_per_sec = 2721
p50_us = 15359
p99_us = 151551
p999_us = 1212415
p9999_us = 5242879
max_us = 7265827
ops = 738803
errors = 7
busy_retryable = 7
elapsed_s = 300.086
ops_per_sec = 2462
p50_us = 17919
p99_us = 155647
p999_us = 966655
p9999_us = 7471103
max_us = 15297365
error_sample = -BUSY durable log staging is full, retry
inf-bench: 7 error replies under load (7 BUSY-retryable; first sample: -BUSY durable log staging is full, retry)
ops = 837028
errors = 5
busy_retryable = 5
elapsed_s = 300.011
ops_per_sec = 2790
p50_us = 16127
p99_us = 143359
p999_us = 851967
p9999_us = 6684671
max_us = 8881106
error_sample = -BUSY durable log staging is full, retry
inf-bench: 5 error replies under load (5 BUSY-retryable; first sample: -BUSY durable log staging is full, retry)
ops = 894882
errors = 4
busy_retryable = 4
elapsed_s = 300.010
ops_per_sec = 2983
p50_us = 15103
p99_us = 143359
p999_us = 917503
p9999_us = 4325375
max_us = 8683445
error_sample = -BUSY durable log staging is full, retry
inf-bench: 4 error replies under load (4 BUSY-retryable; first sample: -BUSY durable log staging is full, retry)
ops = 1401065
errors = 0
busy_retryable = 0
elapsed_s = 300.609
ops_per_sec = 4661
p50_us = 8063
p99_us = 110591
p999_us = 655359
p9999_us = 7995391
max_us = 15261927
ops = 1746197
errors = 2
busy_retryable = 2
elapsed_s = 300.009
ops_per_sec = 5820
p50_us = 8063
p99_us = 98303
p999_us = 253951
p9999_us = 2883583
max_us = 8098511
error_sample = -BUSY durable log staging is full, retry
inf-bench: 2 error replies under load (2 BUSY-retryable; first sample: -BUSY durable log staging is full, retry)
ops = 1528038
errors = 0
busy_retryable = 0
elapsed_s = 301.090
ops_per_sec = 5075
p50_us = 9471
p99_us = 118783
p999_us = 253951
p9999_us = 2162687
max_us = 5715562
ops = 1715337
errors = 3
busy_retryable = 3
elapsed_s = 301.361
ops_per_sec = 5692
p50_us = 8063
p99_us = 108543
p999_us = 294911
p9999_us = 2359295
max_us = 5968208
error_sample = -BUSY durable log staging is full, retry
inf-bench: 3 error replies under load (3 BUSY-retryable; first sample: -BUSY durable log staging is full, retry)
ops = 1588564
errors = 0
busy_retryable = 0
elapsed_s = 300.010
ops_per_sec = 5295
p50_us = 9471
p99_us = 114687
p999_us = 253951
p9999_us = 1376255
max_us = 2604643
ops = 1669761
errors = 2
busy_retryable = 2
elapsed_s = 300.011
ops_per_sec = 5566
p50_us = 8191
p99_us = 108543
p999_us = 262143
p9999_us = 3080191
max_us = 8110166
error_sample = -BUSY durable log staging is full, retry
inf-bench: 2 error replies under load (2 BUSY-retryable; first sample: -BUSY durable log staging is full, retry)
ops = 1689089
errors = 0
busy_retryable = 0
elapsed_s = 300.126
ops_per_sec = 5628
p50_us = 8191
p99_us = 110591
p999_us = 245759
p9999_us = 1409023
max_us = 8704742
ops = 1407437
errors = 2
busy_retryable = 2
elapsed_s = 300.007
ops_per_sec = 4691
p50_us = 9983
p99_us = 124927
p999_us = 311295
p9999_us = 1769471
max_us = 6867984
error_sample = -BUSY durable log staging is full, retry
inf-bench: 2 error replies under load (2 BUSY-retryable; first sample: -BUSY durable log staging is full, retry)
ops = 1657997
errors = 3
busy_retryable = 3
elapsed_s = 300.006
ops_per_sec = 5527
p50_us = 8063
p99_us = 104447
p999_us = 270335
p9999_us = 3670015
max_us = 7327503
error_sample = -BUSY durable log staging is full, retry
inf-bench: 3 error replies under load (3 BUSY-retryable; first sample: -BUSY durable log staging is full, retry)
ops = 1715155
errors = 0
busy_retryable = 0
elapsed_s = 300.011
ops_per_sec = 5717
p50_us = 8191
p99_us = 108543
p999_us = 241663
p9999_us = 1474559
max_us = 7315803
ops = 1659206
errors = 2
busy_retryable = 2
elapsed_s = 300.011
ops_per_sec = 5530
p50_us = 8447
p99_us = 108543
p999_us = 245759
p9999_us = 3080191
max_us = 8765291
error_sample = -BUSY durable log staging is full, retry
inf-bench: 2 error replies under load (2 BUSY-retryable; first sample: -BUSY durable log staging is full, retry)
ops = 1444871
errors = 0
busy_retryable = 0
elapsed_s = 300.009
ops_per_sec = 4816
p50_us = 9983
p99_us = 114687
p999_us = 294911
p9999_us = 4128767
max_us = 8595623
ops = 1781087
errors = 2
busy_retryable = 2
elapsed_s = 300.120
ops_per_sec = 5935
p50_us = 8063
p99_us = 106495
p999_us = 241663
p9999_us = 802815
max_us = 2248964
error_sample = -BUSY durable log staging is full, retry
inf-bench: 2 error replies under load (2 BUSY-retryable; first sample: -BUSY durable log staging is full, retry)
ops = 1554286
errors = 9
busy_retryable = 9
elapsed_s = 300.008
ops_per_sec = 5181
p50_us = 8703
p99_us = 114687
p999_us = 286719
p9999_us = 2883583
max_us = 7741661
error_sample = -BUSY durable log staging is full, retry
inf-bench: 9 error replies under load (9 BUSY-retryable; first sample: -BUSY durable log staging is full, retry)
ops = 1691638
errors = 2
busy_retryable = 2
elapsed_s = 300.011
ops_per_sec = 5639
p50_us = 8063
p99_us = 106495
p999_us = 262143
p9999_us = 2686975
max_us = 9283955
error_sample = -BUSY durable log staging is full, retry
inf-bench: 2 error replies under load (2 BUSY-retryable; first sample: -BUSY durable log staging is full, retry)
ops = 1682490
errors = 0
busy_retryable = 0
elapsed_s = 300.010
ops_per_sec = 5608
p50_us = 8063
p99_us = 106495
p999_us = 258047
p9999_us = 4128767
max_us = 8061079
ops = 1750219
errors = 0
busy_retryable = 0
elapsed_s = 300.010
ops_per_sec = 5834
p50_us = 8191
p99_us = 106495
p999_us = 241663
p9999_us = 1638399
max_us = 8802429
ops = 1752598
errors = 0
busy_retryable = 0
elapsed_s = 300.013
ops_per_sec = 5842
p50_us = 7935
p99_us = 92159
p999_us = 270335
p9999_us = 2359295
max_us = 9119258
ops = 1441704
errors = 3
busy_retryable = 3
elapsed_s = 300.011
ops_per_sec = 4805
p50_us = 9727
p99_us = 114687
p999_us = 294911
p9999_us = 4128767
max_us = 8709859
error_sample = -BUSY durable log staging is full, retry
inf-bench: 3 error replies under load (3 BUSY-retryable; first sample: -BUSY durable log staging is full, retry)
ops = 1365611
errors = 0
busy_retryable = 0
elapsed_s = 300.085
ops_per_sec = 4551
p50_us = 9983
p99_us = 122879
p999_us = 245759
p9999_us = 5242879
max_us = 9275775
ops = 1642600
errors = 0
busy_retryable = 0
elapsed_s = 300.006
ops_per_sec = 5475
p50_us = 8447
p99_us = 118783
p999_us = 233471
p9999_us = 1605631
max_us = 6845416
ops = 1628264
errors = 0
busy_retryable = 0
elapsed_s = 300.093
ops_per_sec = 5426
p50_us = 8191
p99_us = 108543
p999_us = 249855
p9999_us = 4456447
max_us = 7804214
ops = 1527691
errors = 3
busy_retryable = 3
elapsed_s = 300.218
ops_per_sec = 5089
p50_us = 9215
p99_us = 116735
p999_us = 286719
p9999_us = 3538943
max_us = 7904517
error_sample = -BUSY durable log staging is full, retry
inf-bench: 3 error replies under load (3 BUSY-retryable; first sample: -BUSY durable log staging is full, retry)
ops = 1484422
errors = 0
busy_retryable = 0
elapsed_s = 300.011
ops_per_sec = 4948
p50_us = 9983
p99_us = 112639
p999_us = 249855
p9999_us = 1671167
max_us = 9354463
ops = 1532493
errors = 2
busy_retryable = 2
elapsed_s = 300.008
ops_per_sec = 5108
p50_us = 8703
p99_us = 120831
p999_us = 270335
p9999_us = 2752511
max_us = 8548918
error_sample = -BUSY durable log staging is full, retry
inf-bench: 2 error replies under load (2 BUSY-retryable; first sample: -BUSY durable log staging is full, retry)
ops = 1752268
errors = 2
busy_retryable = 2
elapsed_s = 300.009
ops_per_sec = 5841
p50_us = 8063
p99_us = 112639
p999_us = 212991
p9999_us = 1376255
max_us = 8588313
error_sample = -BUSY durable log staging is full, retry
inf-bench: 2 error replies under load (2 BUSY-retryable; first sample: -BUSY durable log staging is full, retry)
ops = 1610138
errors = 8
busy_retryable = 8
elapsed_s = 300.017
ops_per_sec = 5367
p50_us = 8703
p99_us = 106495
p999_us = 245759
p9999_us = 3670015
max_us = 7541869
error_sample = -BUSY durable log staging is full, retry
inf-bench: 8 error replies under load (8 BUSY-retryable; first sample: -BUSY durable log staging is full, retry)
ops = 1495061
errors = 0
busy_retryable = 0
elapsed_s = 300.010
ops_per_sec = 4983
p50_us = 9983
p99_us = 116735
p999_us = 270335
p9999_us = 1638399
max_us = 2548026
ops = 1589329
errors = 0
busy_retryable = 0
elapsed_s = 300.008
ops_per_sec = 5298
p50_us = 8703
p99_us = 106495
p999_us = 278527
p9999_us = 3932159
max_us = 8759003
ops = 1669802
errors = 0
busy_retryable = 0
elapsed_s = 300.813
ops_per_sec = 5551
p50_us = 8063
p99_us = 106495
p999_us = 258047
p9999_us = 4718591
max_us = 8807939
ops = 1626218
errors = 0
busy_retryable = 0
elapsed_s = 300.011
ops_per_sec = 5421
p50_us = 8447
p99_us = 112639
p999_us = 229375
p9999_us = 1245183
max_us = 9155844
ops = 1443592
errors = 0
busy_retryable = 0
elapsed_s = 300.009
ops_per_sec = 4812
p50_us = 9215
p99_us = 118783
p999_us = 311295
p9999_us = 4194303
max_us = 7997148
ops = 1783350
errors = 4
busy_retryable = 4
elapsed_s = 300.008
ops_per_sec = 5944
p50_us = 8063
p99_us = 106495
p999_us = 217087
p9999_us = 1245183
max_us = 2025800
error_sample = -BUSY durable log staging is full, retry
inf-bench: 4 error replies under load (4 BUSY-retryable; first sample: -BUSY durable log staging is full, retry)
ops = 1706113
errors = 0
busy_retryable = 0
elapsed_s = 300.009
ops_per_sec = 5687
p50_us = 8063
p99_us = 108543
p999_us = 262143
p9999_us = 3145727
max_us = 5968685
ops = 1663207
errors = 0
busy_retryable = 0
elapsed_s = 300.109
ops_per_sec = 5542
p50_us = 8063
p99_us = 106495
p999_us = 278527
p9999_us = 4194303
max_us = 9111094
ops = 1734072
errors = 0
busy_retryable = 0
elapsed_s = 300.010
ops_per_sec = 5780
p50_us = 8063
p99_us = 104447
p999_us = 241663
p9999_us = 3211263
max_us = 8599781
ops = 1696854
errors = 0
busy_retryable = 0
elapsed_s = 300.010
ops_per_sec = 5656
p50_us = 8063
p99_us = 106495
p999_us = 249855
p9999_us = 3342335
max_us = 7954777
ops = 1727350
errors = 0
busy_retryable = 0
elapsed_s = 300.010
ops_per_sec = 5758
p50_us = 8191
p99_us = 108543
p999_us = 258047
p9999_us = 1146879
max_us = 7687154
ops = 1705571
errors = 1
busy_retryable = 1
elapsed_s = 300.009
ops_per_sec = 5685
p50_us = 8191
p99_us = 104447
p999_us = 262143
p9999_us = 3276799
max_us = 8825229
error_sample = -BUSY durable log staging is full, retry
inf-bench: 1 error replies under load (1 BUSY-retryable; first sample: -BUSY durable log staging is full, retry)
ops = 1657471
errors = 0
busy_retryable = 0
elapsed_s = 300.009
ops_per_sec = 5525
p50_us = 8063
p99_us = 104447
p999_us = 270335
p9999_us = 4849663
max_us = 9021787
ops = 1688502
errors = 1
busy_retryable = 1
elapsed_s = 300.008
ops_per_sec = 5628
p50_us = 8063
p99_us = 104447
p999_us = 286719
p9999_us = 3145727
max_us = 8216339
error_sample = -BUSY durable log staging is full, retry
inf-bench: 1 error replies under load (1 BUSY-retryable; first sample: -BUSY durable log staging is full, retry)
ops = 1715466
errors = 0
busy_retryable = 0
elapsed_s = 300.164
ops_per_sec = 5715
p50_us = 8063
p99_us = 104447
p999_us = 253951
p9999_us = 3866623
max_us = 8746991
ops = 1756715
errors = 0
busy_retryable = 0
elapsed_s = 300.010
ops_per_sec = 5856
p50_us = 7935
p99_us = 104447
p999_us = 245759
p9999_us = 2752511
max_us = 7454998
ops = 1601429
errors = 15
busy_retryable = 15
elapsed_s = 300.008
ops_per_sec = 5338
p50_us = 8063
p99_us = 106495
p999_us = 303103
p9999_us = 5242879
max_us = 9117885
error_sample = -BUSY durable log staging is full, retry
inf-bench: 15 error replies under load (15 BUSY-retryable; first sample: -BUSY durable log staging is full, retry)
ops = 1718050
errors = 1
busy_retryable = 1
elapsed_s = 300.013
ops_per_sec = 5727
p50_us = 8063
p99_us = 102399
p999_us = 241663
p9999_us = 3145727
max_us = 8507713
error_sample = -BUSY durable log staging is full, retry
inf-bench: 1 error replies under load (1 BUSY-retryable; first sample: -BUSY durable log staging is full, retry)
ops = 1753079
errors = 0
busy_retryable = 0
elapsed_s = 300.009
ops_per_sec = 5843
p50_us = 8063
p99_us = 104447
p999_us = 258047
p9999_us = 1867775
max_us = 6058808
ops = 1735048
errors = 0
busy_retryable = 0
elapsed_s = 300.010
ops_per_sec = 5783
p50_us = 8191
p99_us = 104447
p999_us = 258047
p9999_us = 1933311
max_us = 7271456
ops = 1730380
errors = 0
busy_retryable = 0
elapsed_s = 300.009
ops_per_sec = 5768
p50_us = 8063
p99_us = 108543
p999_us = 237567
p9999_us = 2883583
max_us = 7835642
ops = 1715821
errors = 0
busy_retryable = 0
elapsed_s = 300.196
ops_per_sec = 5716
p50_us = 8191
p99_us = 106495
p999_us = 241663
p9999_us = 1572863
max_us = 8101301
ops = 1396551
errors = 0
busy_retryable = 0
elapsed_s = 300.015
ops_per_sec = 4655
p50_us = 9983
p99_us = 116735
p999_us = 278527
p9999_us = 6029311
max_us = 9145246
ops = 1419228
errors = 6
busy_retryable = 6
elapsed_s = 300.070
ops_per_sec = 4730
p50_us = 9983
p99_us = 120831
p999_us = 278527
p9999_us = 3801087
max_us = 9285960
error_sample = -BUSY durable log staging is full, retry
inf-bench: 6 error replies under load (6 BUSY-retryable; first sample: -BUSY durable log staging is full, retry)
ops = 1691767
errors = 0
busy_retryable = 0
elapsed_s = 300.015
ops_per_sec = 5639
p50_us = 8191
p99_us = 106495
p999_us = 245759
p9999_us = 3735551
max_us = 7492196
ops = 1734647
errors = 2
busy_retryable = 2
elapsed_s = 300.016
ops_per_sec = 5782
p50_us = 7935
p99_us = 104447
p999_us = 245759
p9999_us = 2621439
max_us = 8202622
error_sample = -BUSY durable log staging is full, retry
inf-bench: 2 error replies under load (2 BUSY-retryable; first sample: -BUSY durable log staging is full, retry)
ops = 1685816
errors = 7
busy_retryable = 7
elapsed_s = 300.007
ops_per_sec = 5619
p50_us = 7935
p99_us = 102399
p999_us = 303103
p9999_us = 3997695
max_us = 8626414
error_sample = -BUSY durable log staging is full, retry
inf-bench: 7 error replies under load (7 BUSY-retryable; first sample: -BUSY durable log staging is full, retry)
ops = 1637332
errors = 3
busy_retryable = 3
elapsed_s = 300.641
ops_per_sec = 5446
p50_us = 8063
p99_us = 108543
p999_us = 278527
p9999_us = 4718591
max_us = 8053018
error_sample = -BUSY durable log staging is full, retry
inf-bench: 3 error replies under load (3 BUSY-retryable; first sample: -BUSY durable log staging is full, retry)
ops = 1817855
errors = 0
busy_retryable = 0
elapsed_s = 300.008
ops_per_sec = 6059
p50_us = 7935
p99_us = 96255
p999_us = 249855
p9999_us = 1802239
max_us = 7435740
ops = 1525456
errors = 1
busy_retryable = 1
elapsed_s = 300.012
ops_per_sec = 5085
p50_us = 8703
p99_us = 112639
p999_us = 270335
p9999_us = 4980735
max_us = 8628905
error_sample = -BUSY durable log staging is full, retry
inf-bench: 1 error replies under load (1 BUSY-retryable; first sample: -BUSY durable log staging is full, retry)
ops = 1559293
errors = 0
busy_retryable = 0
elapsed_s = 300.007
ops_per_sec = 5198
p50_us = 8703
p99_us = 110591
p999_us = 270335
p9999_us = 4325375
max_us = 8670877
ops = 1412627
errors = 2
busy_retryable = 2
elapsed_s = 300.016
ops_per_sec = 4709
p50_us = 9983
p99_us = 116735
p999_us = 278527
p9999_us = 4325375
max_us = 9610486
error_sample = -BUSY durable log staging is full, retry
inf-bench: 2 error replies under load (2 BUSY-retryable; first sample: -BUSY durable log staging is full, retry)
ops = 1689218
errors = 0
busy_retryable = 0
elapsed_s = 300.010
ops_per_sec = 5631
p50_us = 8063
p99_us = 112639
p999_us = 229375
p9999_us = 3342335
max_us = 8098272
ops = 1752819
errors = 5
busy_retryable = 5
elapsed_s = 300.022
ops_per_sec = 5842
p50_us = 8063
p99_us = 108543
p999_us = 221183
p9999_us = 1245183
max_us = 7960492
error_sample = -BUSY durable log staging is full, retry
inf-bench: 5 error replies under load (5 BUSY-retryable; first sample: -BUSY durable log staging is full, retry)
ops = 1816128
errors = 0
busy_retryable = 0
elapsed_s = 300.006
ops_per_sec = 6054
p50_us = 7935
p99_us = 106495
p999_us = 217087
p9999_us = 835583
max_us = 1912303
ops = 1781727
errors = 3
busy_retryable = 3
elapsed_s = 300.009
ops_per_sec = 5939
p50_us = 8063
p99_us = 102399
p999_us = 249855
p9999_us = 1703935
max_us = 6940180
error_sample = -BUSY durable log staging is full, retry
inf-bench: 3 error replies under load (3 BUSY-retryable; first sample: -BUSY durable log staging is full, retry)
ops = 1721616
errors = 0
busy_retryable = 0
elapsed_s = 300.010
ops_per_sec = 5739
p50_us = 7807
p99_us = 90111
p999_us = 286719
p9999_us = 4456447
max_us = 9334865
ops = 1809204
errors = 0
busy_retryable = 0
elapsed_s = 300.011
ops_per_sec = 6030
p50_us = 8063
p99_us = 102399
p999_us = 249855
p9999_us = 1277951
max_us = 2339333
ops = 1761619
errors = 0
busy_retryable = 0
elapsed_s = 300.011
ops_per_sec = 5872
p50_us = 7935
p99_us = 102399
p999_us = 225279
p9999_us = 3211263
max_us = 9823950
ops = 1577080
errors = 5
busy_retryable = 5
elapsed_s = 301.492
ops_per_sec = 5231
p50_us = 8703
p99_us = 120831
p999_us = 262143
p9999_us = 3211263
max_us = 6255729
error_sample = -BUSY durable log staging is full, retry
inf-bench: 5 error replies under load (5 BUSY-retryable; first sample: -BUSY durable log staging is full, retry)
ops = 1550442
errors = 2
busy_retryable = 2
elapsed_s = 300.562
ops_per_sec = 5158
p50_us = 8447
p99_us = 110591
p999_us = 294911
p9999_us = 4980735
max_us = 8208619
error_sample = -BUSY durable log staging is full, retry
inf-bench: 2 error replies under load (2 BUSY-retryable; first sample: -BUSY durable log staging is full, retry)
ops = 1607655
errors = 2
busy_retryable = 2
elapsed_s = 300.013
ops_per_sec = 5359
p50_us = 8703
p99_us = 112639
p999_us = 258047
p9999_us = 1867775
max_us = 7143572
error_sample = -BUSY durable log staging is full, retry
inf-bench: 2 error replies under load (2 BUSY-retryable; first sample: -BUSY durable log staging is full, retry)
ops = 1658151
errors = 0
busy_retryable = 0
elapsed_s = 300.008
ops_per_sec = 5527
p50_us = 8191
p99_us = 104447
p999_us = 262143
p9999_us = 3407871
max_us = 9544675
ops = 1620835
errors = 2
busy_retryable = 2
elapsed_s = 300.015
ops_per_sec = 5403
p50_us = 8959
p99_us = 110591
p999_us = 233471
p9999_us = 1605631
max_us = 2583667
error_sample = -BUSY durable log staging is full, retry
inf-bench: 2 error replies under load (2 BUSY-retryable; first sample: -BUSY durable log staging is full, retry)
ops = 1613725
errors = 0
busy_retryable = 0
elapsed_s = 302.255
ops_per_sec = 5339
p50_us = 8447
p99_us = 108543
p999_us = 258047
p9999_us = 3538943
max_us = 9065953
ops = 1765973
errors = 0
busy_retryable = 0
elapsed_s = 300.010
ops_per_sec = 5886
p50_us = 8063
p99_us = 104447
p999_us = 237567
p9999_us = 2064383
max_us = 8390891
ops = 1804776
errors = 0
busy_retryable = 0
elapsed_s = 300.009
ops_per_sec = 6016
p50_us = 7935
p99_us = 102399
p999_us = 229375
p9999_us = 1900543
max_us = 8189992
ops = 1755152
errors = 2
busy_retryable = 2
elapsed_s = 300.006
ops_per_sec = 5850
p50_us = 8063
p99_us = 104447
p999_us = 221183
p9999_us = 2064383
max_us = 8802117
error_sample = -BUSY durable log staging is full, retry
inf-bench: 2 error replies under load (2 BUSY-retryable; first sample: -BUSY durable log staging is full, retry)
ops = 1522465
errors = 0
busy_retryable = 0
elapsed_s = 300.011
ops_per_sec = 5075
p50_us = 9471
p99_us = 114687
p999_us = 249855
p9999_us = 1835007
max_us = 8202688
ops = 1511837
errors = 4
busy_retryable = 4
elapsed_s = 300.006
ops_per_sec = 5039
p50_us = 8703
p99_us = 112639
p999_us = 270335
p9999_us = 5111807
max_us = 8829412
error_sample = -BUSY durable log staging is full, retry
inf-bench: 4 error replies under load (4 BUSY-retryable; first sample: -BUSY durable log staging is full, retry)
ops = 1691528
errors = 2
busy_retryable = 2
elapsed_s = 300.011
ops_per_sec = 5638
p50_us = 8063
p99_us = 102399
p999_us = 278527
p9999_us = 4063231
max_us = 8307849
error_sample = -BUSY durable log staging is full, retry
inf-bench: 2 error replies under load (2 BUSY-retryable; first sample: -BUSY durable log staging is full, retry)
ops = 1612388
errors = 4
busy_retryable = 4
elapsed_s = 300.010
ops_per_sec = 5374
p50_us = 8703
p99_us = 110591
p999_us = 270335
p9999_us = 1572863
max_us = 5277353
error_sample = -BUSY durable log staging is full, retry
inf-bench: 4 error replies under load (4 BUSY-retryable; first sample: -BUSY durable log staging is full, retry)
ops = 1620992
errors = 4
busy_retryable = 4
elapsed_s = 300.008
ops_per_sec = 5403
p50_us = 8447
p99_us = 114687
p999_us = 278527
p9999_us = 3145727
max_us = 8835939
error_sample = -BUSY durable log staging is full, retry
inf-bench: 4 error replies under load (4 BUSY-retryable; first sample: -BUSY durable log staging is full, retry)
ops = 1791650
errors = 1
busy_retryable = 1
elapsed_s = 300.010
ops_per_sec = 5972
p50_us = 8063
p99_us = 96255
p999_us = 249855
p9999_us = 1409023
max_us = 9358705
error_sample = -BUSY durable log staging is full, retry
inf-bench: 1 error replies under load (1 BUSY-retryable; first sample: -BUSY durable log staging is full, retry)
ops = 1683710
errors = 5
busy_retryable = 5
elapsed_s = 300.010
ops_per_sec = 5612
p50_us = 8063
p99_us = 98303
p999_us = 258047
p9999_us = 5505023
max_us = 9427136
error_sample = -BUSY durable log staging is full, retry
inf-bench: 5 error replies under load (5 BUSY-retryable; first sample: -BUSY durable log staging is full, retry)
ops = 1513117
errors = 0
busy_retryable = 0
elapsed_s = 300.014
ops_per_sec = 5043
p50_us = 8959
p99_us = 112639
p999_us = 270335
p9999_us = 5505023
max_us = 8995049
ops = 1599875
errors = 0
busy_retryable = 0
elapsed_s = 300.280
ops_per_sec = 5328
p50_us = 8447
p99_us = 110591
p999_us = 286719
p9999_us = 3670015
max_us = 6048413
ops = 1709544
errors = 0
busy_retryable = 0
elapsed_s = 300.091
ops_per_sec = 5697
p50_us = 8191
p99_us = 102399
p999_us = 262143
p9999_us = 2686975
max_us = 8363144
ops = 1498054
errors = 0
busy_retryable = 0
elapsed_s = 300.195
ops_per_sec = 4990
p50_us = 9215
p99_us = 114687
p999_us = 278527
p9999_us = 3932159
max_us = 8219036
ops = 1552474
errors = 3
busy_retryable = 3
elapsed_s = 300.147
ops_per_sec = 5172
p50_us = 8703
p99_us = 114687
p999_us = 303103
p9999_us = 3801087
max_us = 9370450
error_sample = -BUSY durable log staging is full, retry
inf-bench: 3 error replies under load (3 BUSY-retryable; first sample: -BUSY durable log staging is full, retry)
ops = 1480754
errors = 0
busy_retryable = 0
elapsed_s = 300.010
ops_per_sec = 4936
p50_us = 9215
p99_us = 110591
p999_us = 270335
p9999_us = 4849663
max_us = 8748657
ops = 1354393
errors = 1
busy_retryable = 1
elapsed_s = 300.283
ops_per_sec = 4510
p50_us = 9983
p99_us = 124927
p999_us = 335871
p9999_us = 3866623
max_us = 8206936
error_sample = -BUSY durable log staging is full, retry
inf-bench: 1 error replies under load (1 BUSY-retryable; first sample: -BUSY durable log staging is full, retry)
ops = 1561065
errors = 0
busy_retryable = 0
elapsed_s = 300.008
ops_per_sec = 5203
p50_us = 8447
p99_us = 106495
p999_us = 270335
p9999_us = 5373951
max_us = 9376953
ops = 1680619
errors = 2
busy_retryable = 2
elapsed_s = 300.138
ops_per_sec = 5599
p50_us = 8191
p99_us = 112639
p999_us = 249855
p9999_us = 3145727
max_us = 7455265
error_sample = -BUSY durable log staging is full, retry
inf-bench: 2 error replies under load (2 BUSY-retryable; first sample: -BUSY durable log staging is full, retry)
ops = 1631257
errors = 8
busy_retryable = 8
elapsed_s = 306.688
ops_per_sec = 5319
p50_us = 8191
p99_us = 112639
p999_us = 229375
p9999_us = 4718591
max_us = 8927186
error_sample = -BUSY durable log staging is full, retry
inf-bench: 8 error replies under load (8 BUSY-retryable; first sample: -BUSY durable log staging is full, retry)
ops = 1736281
errors = 0
busy_retryable = 0
elapsed_s = 300.011
ops_per_sec = 5787
p50_us = 8063
p99_us = 100351
p999_us = 241663
p9999_us = 3735551
max_us = 8740677
ops = 1650662
errors = 0
busy_retryable = 0
elapsed_s = 300.223
ops_per_sec = 5498
p50_us = 8063
p99_us = 106495
p999_us = 303103
p9999_us = 4325375
max_us = 9044045
ops = 1735841
errors = 3
busy_retryable = 3
elapsed_s = 300.008
ops_per_sec = 5786
p50_us = 7935
p99_us = 106495
p999_us = 233471
p9999_us = 2949119
max_us = 8113082
error_sample = -BUSY durable log staging is full, retry
inf-bench: 3 error replies under load (3 BUSY-retryable; first sample: -BUSY durable log staging is full, retry)
ops = 1702718
errors = 7
busy_retryable = 7
elapsed_s = 300.010
ops_per_sec = 5676
p50_us = 7935
p99_us = 102399
p999_us = 237567
p9999_us = 3145727
max_us = 8020130
error_sample = -BUSY durable log staging is full, retry
inf-bench: 7 error replies under load (7 BUSY-retryable; first sample: -BUSY durable log staging is full, retry)
ops = 1575783
errors = 0
busy_retryable = 0
elapsed_s = 300.011
ops_per_sec = 5252
p50_us = 8959
p99_us = 110591
p999_us = 237567
p9999_us = 1835007
max_us = 7851261
ops = 1363354
errors = 0
busy_retryable = 0
elapsed_s = 300.016
ops_per_sec = 4544
p50_us = 9983
p99_us = 116735
p999_us = 278527
p9999_us = 5242879
max_us = 8880537
ops = 1683708
errors = 4
busy_retryable = 4
elapsed_s = 300.007
ops_per_sec = 5612
p50_us = 8447
p99_us = 110591
p999_us = 237567
p9999_us = 1015807
max_us = 1719663
error_sample = -BUSY durable log staging is full, retry
inf-bench: 4 error replies under load (4 BUSY-retryable; first sample: -BUSY durable log staging is full, retry)
ops = 1581564
errors = 0
busy_retryable = 0
elapsed_s = 300.007
ops_per_sec = 5272
p50_us = 8063
p99_us = 106495
p999_us = 303103
p9999_us = 3538943
max_us = 21268418
ops = 1362239
errors = 0
busy_retryable = 0
elapsed_s = 300.209
ops_per_sec = 4538
p50_us = 8959
p99_us = 110591
p999_us = 319487
p9999_us = 7995391
max_us = 27960806
ops = 1475642
errors = 10
busy_retryable = 10
elapsed_s = 300.010
ops_per_sec = 4919
p50_us = 8703
p99_us = 112639
p999_us = 352255
p9999_us = 6946815
max_us = 13425990
error_sample = -BUSY durable log staging is full, retry
inf-bench: 10 error replies under load (10 BUSY-retryable; first sample: -BUSY durable log staging is full, retry)
ops = 1766131
errors = 0
busy_retryable = 0
elapsed_s = 300.008
ops_per_sec = 5887
p50_us = 8063
p99_us = 102399
p999_us = 245759
p9999_us = 1736703
max_us = 7347870
ops = 1649762
errors = 6
busy_retryable = 6
elapsed_s = 300.009
ops_per_sec = 5499
p50_us = 8063
p99_us = 110591
p999_us = 360447
p9999_us = 3997695
max_us = 6998034
error_sample = -BUSY durable log staging is full, retry
inf-bench: 6 error replies under load (6 BUSY-retryable; first sample: -BUSY durable log staging is full, retry)
ops = 1721544
errors = 0
busy_retryable = 0
elapsed_s = 300.010
ops_per_sec = 5738
p50_us = 8191
p99_us = 100351
p999_us = 241663
p9999_us = 2883583
max_us = 9521038
ops = 1672322
errors = 0
busy_retryable = 0
elapsed_s = 301.154
ops_per_sec = 5553
p50_us = 8063
p99_us = 110591
p999_us = 245759
p9999_us = 3211263
max_us = 6223564
ops = 1770466
errors = 0
busy_retryable = 0
elapsed_s = 300.009
ops_per_sec = 5901
p50_us = 8063
p99_us = 112639
p999_us = 217087
p9999_us = 1540095
max_us = 5037230
ops = 1823922
errors = 0
busy_retryable = 0
elapsed_s = 307.841
ops_per_sec = 5925
p50_us = 8063
p99_us = 108543
p999_us = 217087
p9999_us = 1310719
max_us = 8070494
ops = 1796061
errors = 0
busy_retryable = 0
elapsed_s = 300.126
ops_per_sec = 5984
p50_us = 8063
p99_us = 106495
p999_us = 229375
p9999_us = 1114111
max_us = 2150135
ops = 1764677
errors = 0
busy_retryable = 0
elapsed_s = 300.197
ops_per_sec = 5878
p50_us = 8063
p99_us = 102399
p999_us = 237567
p9999_us = 1638399
max_us = 7751880
ops = 1675313
errors = 1
busy_retryable = 1
elapsed_s = 300.113
ops_per_sec = 5582
p50_us = 8447
p99_us = 108543
p999_us = 258047
p9999_us = 1966079
max_us = 7083928
error_sample = -BUSY durable log staging is full, retry
inf-bench: 1 error replies under load (1 BUSY-retryable; first sample: -BUSY durable log staging is full, retry)
ops = 1586595
errors = 2
busy_retryable = 2
elapsed_s = 300.130
ops_per_sec = 5286
p50_us = 8703
p99_us = 114687
p999_us = 270335
p9999_us = 2293759
max_us = 5330560
error_sample = -BUSY durable log staging is full, retry
inf-bench: 2 error replies under load (2 BUSY-retryable; first sample: -BUSY durable log staging is full, retry)
ops = 1633244
errors = 3
busy_retryable = 3
elapsed_s = 300.008
ops_per_sec = 5444
p50_us = 8447
p99_us = 106495
p999_us = 237567
p9999_us = 3997695
max_us = 8670620
error_sample = -BUSY durable log staging is full, retry
inf-bench: 3 error replies under load (3 BUSY-retryable; first sample: -BUSY durable log staging is full, retry)
ops = 1747058
errors = 0
busy_retryable = 0
elapsed_s = 300.008
ops_per_sec = 5823
p50_us = 8063
p99_us = 104447
p999_us = 233471
p9999_us = 1507327
max_us = 9529926
ops = 1702784
errors = 3
busy_retryable = 3
elapsed_s = 300.008
ops_per_sec = 5676
p50_us = 8063
p99_us = 106495
p999_us = 258047
p9999_us = 3080191
max_us = 7028229
error_sample = -BUSY durable log staging is full, retry
inf-bench: 3 error replies under load (3 BUSY-retryable; first sample: -BUSY durable log staging is full, retry)
ops = 1773815
errors = 3
busy_retryable = 3
elapsed_s = 300.012
ops_per_sec = 5912
p50_us = 7935
p99_us = 102399
p999_us = 229375
p9999_us = 1671167
max_us = 8147765
error_sample = -BUSY durable log staging is full, retry
inf-bench: 3 error replies under load (3 BUSY-retryable; first sample: -BUSY durable log staging is full, retry)
ops = 1522903
errors = 6
busy_retryable = 6
elapsed_s = 300.010
ops_per_sec = 5076
p50_us = 9471
p99_us = 116735
p999_us = 270335
p9999_us = 1966079
max_us = 7940647
error_sample = -BUSY durable log staging is full, retry
inf-bench: 6 error replies under load (6 BUSY-retryable; first sample: -BUSY durable log staging is full, retry)
ops = 1408750
errors = 4
busy_retryable = 4
elapsed_s = 300.008
ops_per_sec = 4696
p50_us = 9471
p99_us = 114687
p999_us = 270335
p9999_us = 6160383
max_us = 8968315
error_sample = -BUSY durable log staging is full, retry
inf-bench: 4 error replies under load (4 BUSY-retryable; first sample: -BUSY durable log staging is full, retry)
ops = 1505640
errors = 0
busy_retryable = 0
elapsed_s = 300.165
ops_per_sec = 5016
p50_us = 8959
p99_us = 112639
p999_us = 253951
p9999_us = 5373951
max_us = 9089041
ops = 1427994
errors = 2
busy_retryable = 2
elapsed_s = 300.012
ops_per_sec = 4760
p50_us = 9727
p99_us = 116735
p999_us = 270335
p9999_us = 5505023
max_us = 9340619
error_sample = -BUSY durable log staging is full, retry
inf-bench: 2 error replies under load (2 BUSY-retryable; first sample: -BUSY durable log staging is full, retry)
ops = 1767379
errors = 0
busy_retryable = 0
elapsed_s = 300.009
ops_per_sec = 5891
p50_us = 8063
p99_us = 104447
p999_us = 237567
p9999_us = 1507327
max_us = 9138075
ops = 1639610
errors = 0
busy_retryable = 0
elapsed_s = 300.012
ops_per_sec = 5465
p50_us = 8447
p99_us = 108543
p999_us = 294911
p9999_us = 3407871
max_us = 8013258
ops = 1636371
errors = 0
busy_retryable = 0
elapsed_s = 300.005
ops_per_sec = 5454
p50_us = 8447
p99_us = 110591
p999_us = 225279
p9999_us = 3276799
max_us = 8653463
ops = 1792071
errors = 4
busy_retryable = 4
elapsed_s = 300.011
ops_per_sec = 5973
p50_us = 7935
p99_us = 104447
p999_us = 233471
p9999_us = 1376255
max_us = 8357873
error_sample = -BUSY durable log staging is full, retry
inf-bench: 4 error replies under load (4 BUSY-retryable; first sample: -BUSY durable log staging is full, retry)
ops = 1738818
errors = 0
busy_retryable = 0
elapsed_s = 300.010
ops_per_sec = 5796
p50_us = 8063
p99_us = 104447
p999_us = 241663
p9999_us = 1409023
max_us = 7047853
ops = 1727296
errors = 6
busy_retryable = 6
elapsed_s = 300.166
ops_per_sec = 5754
p50_us = 8191
p99_us = 106495
p999_us = 245759
p9999_us = 1507327
max_us = 7861100
error_sample = -BUSY durable log staging is full, retry
inf-bench: 6 error replies under load (6 BUSY-retryable; first sample: -BUSY durable log staging is full, retry)
ops = 1736219
errors = 0
busy_retryable = 0
elapsed_s = 300.006
ops_per_sec = 5787
p50_us = 8063
p99_us = 108543
p999_us = 249855
p9999_us = 1998847
max_us = 6311002
ops = 1722113
errors = 1
busy_retryable = 1
elapsed_s = 300.183
ops_per_sec = 5737
p50_us = 8063
p99_us = 102399
p999_us = 253951
p9999_us = 3211263
max_us = 8679144
error_sample = -BUSY durable log staging is full, retry
inf-bench: 1 error replies under load (1 BUSY-retryable; first sample: -BUSY durable log staging is full, retry)
ops = 1532303
errors = 5
busy_retryable = 5
elapsed_s = 300.011
ops_per_sec = 5107
p50_us = 8191
p99_us = 116735
p999_us = 499711
p9999_us = 4718591
max_us = 8194329
error_sample = -BUSY durable log staging is full, retry
inf-bench: 5 error replies under load (5 BUSY-retryable; first sample: -BUSY durable log staging is full, retry)
ops = 1773767
errors = 0
busy_retryable = 0
elapsed_s = 300.021
ops_per_sec = 5912
p50_us = 8191
p99_us = 108543
p999_us = 221183
p9999_us = 1114111
max_us = 2096033
ops = 1611431
errors = 0
busy_retryable = 0
elapsed_s = 300.009
ops_per_sec = 5371
p50_us = 8191
p99_us = 106495
p999_us = 294911
p9999_us = 4325375
max_us = 8193464
ops = 1710640
errors = 1
busy_retryable = 1
elapsed_s = 300.009
ops_per_sec = 5702
p50_us = 8191
p99_us = 102399
p999_us = 270335
p9999_us = 3473407
max_us = 7308620
error_sample = -BUSY durable log staging is full, retry
inf-bench: 1 error replies under load (1 BUSY-retryable; first sample: -BUSY durable log staging is full, retry)
ops = 1510998
errors = 0
busy_retryable = 0
elapsed_s = 300.011
ops_per_sec = 5036
p50_us = 9471
p99_us = 112639
p999_us = 262143
p9999_us = 2293759
max_us = 7156818
ops = 1446518
errors = 2
busy_retryable = 2
elapsed_s = 300.011
ops_per_sec = 4822
p50_us = 9983
p99_us = 116735
p999_us = 278527
p9999_us = 3407871
max_us = 8143489
error_sample = -BUSY durable log staging is full, retry
inf-bench: 2 error replies under load (2 BUSY-retryable; first sample: -BUSY durable log staging is full, retry)
ops = 1702291
errors = 1
busy_retryable = 1
elapsed_s = 300.134
ops_per_sec = 5672
p50_us = 8063
p99_us = 108543
p999_us = 262143
p9999_us = 3145727
max_us = 8110042
error_sample = -BUSY durable log staging is full, retry
inf-bench: 1 error replies under load (1 BUSY-retryable; first sample: -BUSY durable log staging is full, retry)
ops = 1718130
errors = 0
busy_retryable = 0
elapsed_s = 300.024
ops_per_sec = 5727
p50_us = 8063
p99_us = 104447
p999_us = 237567
p9999_us = 3407871
max_us = 6905937
ops = 1746557
errors = 0
busy_retryable = 0
elapsed_s = 300.006
ops_per_sec = 5822
p50_us = 8191
p99_us = 104447
p999_us = 249855
p9999_us = 1933311
max_us = 7073342
ops = 1376874
errors = 0
busy_retryable = 0
elapsed_s = 300.008
ops_per_sec = 4589
p50_us = 9983
p99_us = 116735
p999_us = 294911
p9999_us = 5505023
max_us = 14438833
ops = 1604552
errors = 1
busy_retryable = 1
elapsed_s = 300.007
ops_per_sec = 5348
p50_us = 8447
p99_us = 108543
p999_us = 258047
p9999_us = 4456447
max_us = 9156658
error_sample = -BUSY durable log staging is full, retry
inf-bench: 1 error replies under load (1 BUSY-retryable; first sample: -BUSY durable log staging is full, retry)
ops = 1622108
errors = 1
busy_retryable = 1
elapsed_s = 300.010
ops_per_sec = 5407
p50_us = 8063
p99_us = 100351
p999_us = 344063
p9999_us = 6029311
max_us = 9005194
error_sample = -BUSY durable log staging is full, retry
inf-bench: 1 error replies under load (1 BUSY-retryable; first sample: -BUSY durable log staging is full, retry)
ops = 1713530
errors = 1
busy_retryable = 1
elapsed_s = 300.012
ops_per_sec = 5712
p50_us = 8191
p99_us = 110591
p999_us = 258047
p9999_us = 1933311
max_us = 5713590
error_sample = -BUSY durable log staging is full, retry
inf-bench: 1 error replies under load (1 BUSY-retryable; first sample: -BUSY durable log staging is full, retry)
ops = 1725544
errors = 0
busy_retryable = 0
elapsed_s = 300.010
ops_per_sec = 5752
p50_us = 8063
p99_us = 102399
p999_us = 245759
p9999_us = 3866623
max_us = 8820206
ops = 1652323
errors = 0
busy_retryable = 0
elapsed_s = 300.011
ops_per_sec = 5508
p50_us = 8063
p99_us = 104447
p999_us = 258047
p9999_us = 4980735
max_us = 8888682
ops = 1663697
errors = 0
busy_retryable = 0
elapsed_s = 300.010
ops_per_sec = 5545
p50_us = 7935
p99_us = 106495
p999_us = 249855
p9999_us = 4718591
max_us = 8029230
ops = 1719510
errors = 0
busy_retryable = 0
elapsed_s = 300.011
ops_per_sec = 5731
p50_us = 8191
p99_us = 102399
p999_us = 241663
p9999_us = 1540095
max_us = 8227055
ops = 1515855
errors = 0
busy_retryable = 0
elapsed_s = 300.014
ops_per_sec = 5053
p50_us = 9727
p99_us = 114687
p999_us = 253951
p9999_us = 1605631
max_us = 2262021
ops = 1581604
errors = 3
busy_retryable = 3
elapsed_s = 300.007
ops_per_sec = 5272
p50_us = 8447
p99_us = 112639
p999_us = 258047
p9999_us = 3604479
max_us = 9041851
error_sample = -BUSY durable log staging is full, retry
inf-bench: 3 error replies under load (3 BUSY-retryable; first sample: -BUSY durable log staging is full, retry)
ops = 1796964
errors = 0
busy_retryable = 0
elapsed_s = 300.009
ops_per_sec = 5990
p50_us = 8191
p99_us = 108543
p999_us = 217087
p9999_us = 884735
max_us = 2491232
ops = 1550688
errors = 2
busy_retryable = 2
elapsed_s = 300.009
ops_per_sec = 5169
p50_us = 9215
p99_us = 114687
p999_us = 229375
p9999_us = 1769471
max_us = 8578565
error_sample = -BUSY durable log staging is full, retry
inf-bench: 2 error replies under load (2 BUSY-retryable; first sample: -BUSY durable log staging is full, retry)
ops = 1396948
errors = 0
busy_retryable = 0
elapsed_s = 300.804
ops_per_sec = 4644
p50_us = 9983
p99_us = 120831
p999_us = 344063
p9999_us = 3670015
max_us = 9178168
ops = 1494772
errors = 0
busy_retryable = 0
elapsed_s = 300.008
ops_per_sec = 4982
p50_us = 9215
p99_us = 114687
p999_us = 270335
p9999_us = 3866623
max_us = 7954636
ops = 1357466
errors = 1
busy_retryable = 1
elapsed_s = 300.205
ops_per_sec = 4522
p50_us = 9983
p99_us = 120831
p999_us = 344063
p9999_us = 5636095
max_us = 9748459
error_sample = -BUSY durable log staging is full, retry
inf-bench: 1 error replies under load (1 BUSY-retryable; first sample: -BUSY durable log staging is full, retry)
ops = 1686674
errors = 0
busy_retryable = 0
elapsed_s = 300.010
ops_per_sec = 5622
p50_us = 8447
p99_us = 108543
p999_us = 233471
p9999_us = 1409023
max_us = 8849185
ops = 1695923
errors = 0
busy_retryable = 0
elapsed_s = 300.008
ops_per_sec = 5653
p50_us = 8063
p99_us = 102399
p999_us = 278527
p9999_us = 2818047
max_us = 8976313
ops = 1431445
errors = 1
busy_retryable = 1
elapsed_s = 300.155
ops_per_sec = 4769
p50_us = 9215
p99_us = 116735
p999_us = 278527
p9999_us = 4456447
max_us = 9158772
error_sample = -BUSY durable log staging is full, retry
inf-bench: 1 error replies under load (1 BUSY-retryable; first sample: -BUSY durable log staging is full, retry)
ops = 1751009
errors = 0
busy_retryable = 0
elapsed_s = 300.037
ops_per_sec = 5836
p50_us = 7935
p99_us = 100351
p999_us = 237567
p9999_us = 2228223
max_us = 8354095
ops = 1634193
errors = 2
busy_retryable = 2
elapsed_s = 300.015
ops_per_sec = 5447
p50_us = 8063
p99_us = 104447
p999_us = 262143
p9999_us = 4325375
max_us = 8603093
error_sample = -BUSY durable log staging is full, retry
inf-bench: 2 error replies under load (2 BUSY-retryable; first sample: -BUSY durable log staging is full, retry)
ops = 1694228
errors = 2
busy_retryable = 2
elapsed_s = 300.008
ops_per_sec = 5647
p50_us = 8063
p99_us = 108543
p999_us = 233471
p9999_us = 3080191
max_us = 8924334
error_sample = -BUSY durable log staging is full, retry
inf-bench: 2 error replies under load (2 BUSY-retryable; first sample: -BUSY durable log staging is full, retry)
ops = 1716004
errors = 0
busy_retryable = 0
elapsed_s = 300.008
ops_per_sec = 5720
p50_us = 8063
p99_us = 102399
p999_us = 253951
p9999_us = 3801087
max_us = 8429575
ops = 1292365
errors = 1
busy_retryable = 1
elapsed_s = 300.011
ops_per_sec = 4308
p50_us = 9983
p99_us = 122879
p999_us = 589823
p9999_us = 6684671
max_us = 8608772
error_sample = -BUSY durable log staging is full, retry
inf-bench: 1 error replies under load (1 BUSY-retryable; first sample: -BUSY durable log staging is full, retry)
ops = 1459028
errors = 3
busy_retryable = 3
elapsed_s = 300.010
ops_per_sec = 4863
p50_us = 8063
p99_us = 104447
p999_us = 409599
p9999_us = 6946815
max_us = 15498133
error_sample = -BUSY durable log staging is full, retry
inf-bench: 3 error replies under load (3 BUSY-retryable; first sample: -BUSY durable log staging is full, retry)
ops = 1423946
errors = 0
busy_retryable = 0
elapsed_s = 300.013
ops_per_sec = 4746
p50_us = 8703
p99_us = 112639
p999_us = 311295
p9999_us = 7077887
max_us = 18025916
ops = 1351100
errors = 3
busy_retryable = 3
elapsed_s = 300.010
ops_per_sec = 4504
p50_us = 8191
p99_us = 108543
p999_us = 638975
p9999_us = 7995391
max_us = 17480231
error_sample = -BUSY durable log staging is full, retry
inf-bench: 3 error replies under load (3 BUSY-retryable; first sample: -BUSY durable log staging is full, retry)
ops = 1753029
errors = 0
busy_retryable = 0
elapsed_s = 300.012
ops_per_sec = 5843
p50_us = 8063
p99_us = 106495
p999_us = 241663
p9999_us = 1376255
max_us = 7968274
ops = 1496192
errors = 0
busy_retryable = 0
elapsed_s = 307.418
ops_per_sec = 4867
p50_us = 8191
p99_us = 106495
p999_us = 311295
p9999_us = 6684671
max_us = 14132215
ops = 1397259
errors = 1
busy_retryable = 1
elapsed_s = 301.275
ops_per_sec = 4638
p50_us = 9983
p99_us = 112639
p999_us = 294911
p9999_us = 5636095
max_us = 9104690
error_sample = -BUSY durable log staging is full, retry
inf-bench: 1 error replies under load (1 BUSY-retryable; first sample: -BUSY durable log staging is full, retry)
ops = 1629462
errors = 0
busy_retryable = 0
elapsed_s = 300.011
ops_per_sec = 5431
p50_us = 7935
p99_us = 104447
p999_us = 286719
p9999_us = 5767167
max_us = 8792913
ops = 1366287
errors = 2
busy_retryable = 2
elapsed_s = 300.010
ops_per_sec = 4554
p50_us = 9983
p99_us = 120831
p999_us = 303103
p9999_us = 4325375
max_us = 8950032
error_sample = -BUSY durable log staging is full, retry
inf-bench: 2 error replies under load (2 BUSY-retryable; first sample: -BUSY durable log staging is full, retry)
ops = 1672232
errors = 5
busy_retryable = 5
elapsed_s = 300.008
ops_per_sec = 5574
p50_us = 8063
p99_us = 110591
p999_us = 311295
p9999_us = 2359295
max_us = 7737870
error_sample = -BUSY durable log staging is full, retry
inf-bench: 5 error replies under load (5 BUSY-retryable; first sample: -BUSY durable log staging is full, retry)
ops = 1451420
errors = 0
busy_retryable = 0
elapsed_s = 300.013
ops_per_sec = 4838
p50_us = 9983
p99_us = 120831
p999_us = 262143
p9999_us = 2162687
max_us = 4274606
ops = 1326350
errors = 5
busy_retryable = 5
elapsed_s = 300.014
ops_per_sec = 4421
p50_us = 9983
p99_us = 120831
p999_us = 294911
p9999_us = 5373951
max_us = 15882104
error_sample = -BUSY durable log staging is full, retry
inf-bench: 5 error replies under load (5 BUSY-retryable; first sample: -BUSY durable log staging is full, retry)
ops = 1653509
errors = 0
busy_retryable = 0
elapsed_s = 300.007
ops_per_sec = 5512
p50_us = 8063
p99_us = 106495
p999_us = 237567
p9999_us = 5111807
max_us = 9128437
ops = 1742634
errors = 0
busy_retryable = 0
elapsed_s = 300.009
ops_per_sec = 5809
p50_us = 8191
p99_us = 108543
p999_us = 217087
p9999_us = 1671167
max_us = 7443253
ops = 1703592
errors = 0
busy_retryable = 0
elapsed_s = 300.009
ops_per_sec = 5678
p50_us = 8191
p99_us = 106495
p999_us = 253951
p9999_us = 3080191
max_us = 8315168
ops = 1323404
errors = 2
busy_retryable = 2
elapsed_s = 300.008
ops_per_sec = 4411
p50_us = 9983
p99_us = 122879
p999_us = 344063
p9999_us = 5636095
max_us = 8217532
error_sample = -BUSY durable log staging is full, retry
inf-bench: 2 error replies under load (2 BUSY-retryable; first sample: -BUSY durable log staging is full, retry)
ops = 1714499
errors = 0
busy_retryable = 0
elapsed_s = 300.138
ops_per_sec = 5712
p50_us = 8063
p99_us = 102399
p999_us = 245759
p9999_us = 3538943
max_us = 8316010
ops = 1431696
errors = 4
busy_retryable = 4
elapsed_s = 300.052
ops_per_sec = 4771
p50_us = 9215
p99_us = 118783
p999_us = 319487
p9999_us = 5373951
max_us = 8422299
error_sample = -BUSY durable log staging is full, retry
inf-bench: 4 error replies under load (4 BUSY-retryable; first sample: -BUSY durable log staging is full, retry)
ops = 1251550
errors = 0
busy_retryable = 0
elapsed_s = 300.013
ops_per_sec = 4172
p50_us = 9983
p99_us = 118783
p999_us = 319487
p9999_us = 7602175
max_us = 23287141
ops = 1655541
errors = 0
busy_retryable = 0
elapsed_s = 305.033
ops_per_sec = 5427
p50_us = 8063
p99_us = 104447
p999_us = 229375
p9999_us = 5767167
max_us = 15286124
ops = 1791542
errors = 0
busy_retryable = 0
elapsed_s = 300.126
ops_per_sec = 5969
p50_us = 8191
p99_us = 104447
p999_us = 229375
p9999_us = 1343487
max_us = 2198651
ops = 1578788
errors = 0
busy_retryable = 0
elapsed_s = 300.010
ops_per_sec = 5262
p50_us = 8191
p99_us = 104447
p999_us = 258047
p9999_us = 6422527
max_us = 9173304
ops = 1758230
errors = 0
busy_retryable = 0
elapsed_s = 301.407
ops_per_sec = 5833
p50_us = 8063
p99_us = 100351
p999_us = 258047
p9999_us = 2162687
max_us = 7137718
ops = 1431387
errors = 0
busy_retryable = 0
elapsed_s = 300.010
ops_per_sec = 4771
p50_us = 9983
p99_us = 116735
p999_us = 270335
p9999_us = 2359295
max_us = 7474519
ops = 1159001
errors = 0
busy_retryable = 0
elapsed_s = 300.011
ops_per_sec = 3863
p50_us = 9983
p99_us = 124927
p999_us = 884735
p9999_us = 8650751
max_us = 14052272
ops = 1603473
errors = 0
busy_retryable = 0
elapsed_s = 300.183
ops_per_sec = 5342
p50_us = 8063
p99_us = 104447
p999_us = 270335
p9999_us = 5242879
max_us = 9127273
ops = 1787827
errors = 2
busy_retryable = 2
elapsed_s = 300.009
ops_per_sec = 5959
p50_us = 7935
p99_us = 98303
p999_us = 237567
p9999_us = 1933311
max_us = 8332877
error_sample = -BUSY durable log staging is full, retry
inf-bench: 2 error replies under load (2 BUSY-retryable; first sample: -BUSY durable log staging is full, retry)
ops = 1124721
errors = 9
busy_retryable = 9
elapsed_s = 300.012
ops_per_sec = 3749
p50_us = 9983
p99_us = 126975
p999_us = 622591
p9999_us = 9699327
max_us = 16634632
error_sample = -BUSY durable log staging is full, retry
inf-bench: 9 error replies under load (9 BUSY-retryable; first sample: -BUSY durable log staging is full, retry)
ops = 1554506
errors = 0
busy_retryable = 0
elapsed_s = 300.010
ops_per_sec = 5182
p50_us = 8447
p99_us = 114687
p999_us = 278527
p9999_us = 3932159
max_us = 8613110
ops = 1709492
errors = 0
busy_retryable = 0
elapsed_s = 300.008
ops_per_sec = 5698
p50_us = 8191
p99_us = 110591
p999_us = 241663
p9999_us = 1605631
max_us = 6637811
ops = 1708392
errors = 0
busy_retryable = 0
elapsed_s = 300.012
ops_per_sec = 5694
p50_us = 8063
p99_us = 104447
p999_us = 253951
p9999_us = 3211263
max_us = 8441032
ops = 1506024
errors = 10
busy_retryable = 10
elapsed_s = 300.006
ops_per_sec = 5020
p50_us = 8191
p99_us = 110591
p999_us = 393215
p9999_us = 6029311
max_us = 8671832
error_sample = -BUSY durable log staging is full, retry
inf-bench: 10 error replies under load (10 BUSY-retryable; first sample: -BUSY durable log staging is full, retry)
ops = 1729360
errors = 0
busy_retryable = 0
elapsed_s = 300.012
ops_per_sec = 5764
p50_us = 8063
p99_us = 106495
p999_us = 241663
p9999_us = 1441791
max_us = 8841922
ops = 1703990
errors = 1
busy_retryable = 1
elapsed_s = 300.011
ops_per_sec = 5680
p50_us = 8063
p99_us = 104447
p999_us = 249855
p9999_us = 3670015
max_us = 8004338
error_sample = -BUSY durable log staging is full, retry
inf-bench: 1 error replies under load (1 BUSY-retryable; first sample: -BUSY durable log staging is full, retry)
ops = 1660765
errors = 0
busy_retryable = 0
elapsed_s = 300.012
ops_per_sec = 5536
p50_us = 8063
p99_us = 104447
p999_us = 294911
p9999_us = 4456447
max_us = 8547685
ops = 1428350
errors = 0
busy_retryable = 0
elapsed_s = 300.011
ops_per_sec = 4761
p50_us = 9983
p99_us = 114687
p999_us = 245759
p9999_us = 3932159
max_us = 8642727
ops = 1561748
errors = 4
busy_retryable = 4
elapsed_s = 300.014
ops_per_sec = 5206
p50_us = 8447
p99_us = 106495
p999_us = 270335
p9999_us = 4849663
max_us = 8910265
error_sample = -BUSY durable log staging is full, retry
inf-bench: 4 error replies under load (4 BUSY-retryable; first sample: -BUSY durable log staging is full, retry)
ops = 1683282
errors = 0
busy_retryable = 0
elapsed_s = 300.051
ops_per_sec = 5610
p50_us = 8063
p99_us = 104447
p999_us = 278527
p9999_us = 3538943
max_us = 8217876
ops = 1606042
errors = 5
busy_retryable = 5
elapsed_s = 300.012
ops_per_sec = 5353
p50_us = 8063
p99_us = 106495
p999_us = 286719
p9999_us = 5373951
max_us = 10056200
error_sample = -BUSY durable log staging is full, retry
inf-bench: 5 error replies under load (5 BUSY-retryable; first sample: -BUSY durable log staging is full, retry)
ops = 1418305
errors = 7
busy_retryable = 7
elapsed_s = 304.533
ops_per_sec = 4657
p50_us = 9983
p99_us = 116735
p999_us = 294911
p9999_us = 4194303
max_us = 10050015
error_sample = -BUSY durable log staging is full, retry
inf-bench: 7 error replies under load (7 BUSY-retryable; first sample: -BUSY durable log staging is full, retry)
ops = 1555848
errors = 1
busy_retryable = 1
elapsed_s = 300.010
ops_per_sec = 5186
p50_us = 8447
p99_us = 110591
p999_us = 245759
p9999_us = 4128767
max_us = 7876708
error_sample = -BUSY durable log staging is full, retry
inf-bench: 1 error replies under load (1 BUSY-retryable; first sample: -BUSY durable log staging is full, retry)
ops = 1775946
errors = 7
busy_retryable = 7
elapsed_s = 300.173
ops_per_sec = 5916
p50_us = 7935
p99_us = 102399
p999_us = 241663
p9999_us = 1507327
max_us = 8331242
error_sample = -BUSY durable log staging is full, retry
inf-bench: 7 error replies under load (7 BUSY-retryable; first sample: -BUSY durable log staging is full, retry)
ops = 1741844
errors = 6
busy_retryable = 6
elapsed_s = 300.009
ops_per_sec = 5806
p50_us = 8191
p99_us = 106495
p999_us = 233471
p9999_us = 1048575
max_us = 8625767
error_sample = -BUSY durable log staging is full, retry
inf-bench: 6 error replies under load (6 BUSY-retryable; first sample: -BUSY durable log staging is full, retry)
ops = 1636868
errors = 4
busy_retryable = 4
elapsed_s = 300.007
ops_per_sec = 5456
p50_us = 8063
p99_us = 110591
p999_us = 237567
p9999_us = 4456447
max_us = 9104445
error_sample = -BUSY durable log staging is full, retry
inf-bench: 4 error replies under load (4 BUSY-retryable; first sample: -BUSY durable log staging is full, retry)
ops = 1550669
errors = 6
busy_retryable = 6
elapsed_s = 300.132
ops_per_sec = 5167
p50_us = 8063
p99_us = 108543
p999_us = 352255
p9999_us = 5242879
max_us = 9458081
error_sample = -BUSY durable log staging is full, retry
inf-bench: 6 error replies under load (6 BUSY-retryable; first sample: -BUSY durable log staging is full, retry)
ops = 1403203
errors = 0
busy_retryable = 0
elapsed_s = 300.140
ops_per_sec = 4675
p50_us = 9983
p99_us = 116735
p999_us = 270335
p9999_us = 3932159
max_us = 7854374
ops = 1552925
errors = 0
busy_retryable = 0
elapsed_s = 300.010
ops_per_sec = 5176
p50_us = 8959
p99_us = 112639
p999_us = 233471
p9999_us = 4063231
max_us = 8297475
ops = 1339831
errors = 1
busy_retryable = 1
elapsed_s = 300.013
ops_per_sec = 4466
p50_us = 9983
p99_us = 126975
p999_us = 368639
p9999_us = 4718591
max_us = 7839800
error_sample = -BUSY durable log staging is full, retry
inf-bench: 1 error replies under load (1 BUSY-retryable; first sample: -BUSY durable log staging is full, retry)
ops = 1608111
errors = 1
busy_retryable = 1
elapsed_s = 300.009
ops_per_sec = 5360
p50_us = 8447
p99_us = 110591
p999_us = 270335
p9999_us = 2949119
max_us = 8364329
error_sample = -BUSY durable log staging is full, retry
inf-bench: 1 error replies under load (1 BUSY-retryable; first sample: -BUSY durable log staging is full, retry)
ops = 1684090
errors = 0
busy_retryable = 0
elapsed_s = 300.009
ops_per_sec = 5613
p50_us = 8063
p99_us = 106495
p999_us = 262143
p9999_us = 3080191
max_us = 8165672
ops = 1632353
errors = 5
busy_retryable = 5
elapsed_s = 300.007
ops_per_sec = 5441
p50_us = 8063
p99_us = 98303
p999_us = 245759
p9999_us = 5898239
max_us = 9436114
error_sample = -BUSY durable log staging is full, retry
inf-bench: 5 error replies under load (5 BUSY-retryable; first sample: -BUSY durable log staging is full, retry)
ops = 1735592
errors = 3
busy_retryable = 3
elapsed_s = 300.014
ops_per_sec = 5785
p50_us = 8191
p99_us = 108543
p999_us = 212991
p9999_us = 1769471
max_us = 7964499
error_sample = -BUSY durable log staging is full, retry
inf-bench: 3 error replies under load (3 BUSY-retryable; first sample: -BUSY durable log staging is full, retry)
ops = 1745947
errors = 7
busy_retryable = 7
elapsed_s = 300.163
ops_per_sec = 5817
p50_us = 8191
p99_us = 108543
p999_us = 237567
p9999_us = 1114111
max_us = 2165206
error_sample = -BUSY durable log staging is full, retry
inf-bench: 7 error replies under load (7 BUSY-retryable; first sample: -BUSY durable log staging is full, retry)
ops = 1414576
errors = 11
busy_retryable = 11
elapsed_s = 312.354
ops_per_sec = 4529
p50_us = 9983
p99_us = 118783
p999_us = 278527
p9999_us = 5111807
max_us = 13509810
error_sample = -BUSY durable log staging is full, retry
inf-bench: 11 error replies under load (11 BUSY-retryable; first sample: -BUSY durable log staging is full, retry)
ops = 1510867
errors = 0
busy_retryable = 0
elapsed_s = 300.018
ops_per_sec = 5036
p50_us = 8959
p99_us = 112639
p999_us = 311295
p9999_us = 4063231
max_us = 8530383
ops = 1411778
errors = 0
busy_retryable = 0
elapsed_s = 300.146
ops_per_sec = 4704
p50_us = 9983
p99_us = 118783
p999_us = 258047
p9999_us = 4980735
max_us = 9826873
ops = 1367986
errors = 0
busy_retryable = 0
elapsed_s = 302.177
ops_per_sec = 4527
p50_us = 9727
p99_us = 120831
p999_us = 344063
p9999_us = 4980735
max_us = 9070416
ops = 1740549
errors = 1
busy_retryable = 1
elapsed_s = 300.144
ops_per_sec = 5799
p50_us = 8063
p99_us = 100351
p999_us = 249855
p9999_us = 3145727
max_us = 7797022
error_sample = -BUSY durable log staging is full, retry
inf-bench: 1 error replies under load (1 BUSY-retryable; first sample: -BUSY durable log staging is full, retry)
ops = 1695943
errors = 2
busy_retryable = 2
elapsed_s = 300.156
ops_per_sec = 5650
p50_us = 8447
p99_us = 110591
p999_us = 237567
p9999_us = 1179647
max_us = 8315142
error_sample = -BUSY durable log staging is full, retry
inf-bench: 2 error replies under load (2 BUSY-retryable; first sample: -BUSY durable log staging is full, retry)
ops = 1339005
errors = 3
busy_retryable = 3
elapsed_s = 300.013
ops_per_sec = 4463
p50_us = 9983
p99_us = 116735
p999_us = 270335
p9999_us = 5898239
max_us = 8887981
error_sample = -BUSY durable log staging is full, retry
inf-bench: 3 error replies under load (3 BUSY-retryable; first sample: -BUSY durable log staging is full, retry)
ops = 1656542
errors = 0
busy_retryable = 0
elapsed_s = 300.007
ops_per_sec = 5522
p50_us = 8703
p99_us = 110591
p999_us = 233471
p9999_us = 1343487
max_us = 2189505
ops = 1686598
errors = 1
busy_retryable = 1
elapsed_s = 300.115
ops_per_sec = 5620
p50_us = 8063
p99_us = 98303
p999_us = 258047
p9999_us = 4980735
max_us = 9262206
error_sample = -BUSY durable log staging is full, retry
inf-bench: 1 error replies under load (1 BUSY-retryable; first sample: -BUSY durable log staging is full, retry)
ops = 1726758
errors = 2
busy_retryable = 2
elapsed_s = 300.009
ops_per_sec = 5756
p50_us = 8063
p99_us = 102399
p999_us = 233471
p9999_us = 2818047
max_us = 8268117
error_sample = -BUSY durable log staging is full, retry
inf-bench: 2 error replies under load (2 BUSY-retryable; first sample: -BUSY durable log staging is full, retry)
ops = 1772234
errors = 0
busy_retryable = 0
elapsed_s = 300.011
ops_per_sec = 5907
p50_us = 7935
p99_us = 100351
p999_us = 229375
p9999_us = 3407871
max_us = 8856769
ops = 1685462
errors = 3
busy_retryable = 3
elapsed_s = 300.011
ops_per_sec = 5618
p50_us = 8191
p99_us = 110591
p999_us = 278527
p9999_us = 1638399
max_us = 4882287
error_sample = -BUSY durable log staging is full, retry
inf-bench: 3 error replies under load (3 BUSY-retryable; first sample: -BUSY durable log staging is full, retry)
ops = 1399457
errors = 0
busy_retryable = 0
elapsed_s = 300.011
ops_per_sec = 4665
p50_us = 9983
p99_us = 118783
p999_us = 278527
p9999_us = 4456447
max_us = 9459371
ops = 1377008
errors = 1
busy_retryable = 1
elapsed_s = 300.007
ops_per_sec = 4590
p50_us = 9471
p99_us = 122879
p999_us = 507903
p9999_us = 5111807
max_us = 7450461
error_sample = -BUSY durable log staging is full, retry
inf-bench: 1 error replies under load (1 BUSY-retryable; first sample: -BUSY durable log staging is full, retry)
ops = 1680190
errors = 1
busy_retryable = 1
elapsed_s = 300.014
ops_per_sec = 5600
p50_us = 8063
p99_us = 108543
p999_us = 294911
p9999_us = 2490367
max_us = 7268441
error_sample = -BUSY durable log staging is full, retry
inf-bench: 1 error replies under load (1 BUSY-retryable; first sample: -BUSY durable log staging is full, retry)
ops = 1776723
errors = 3
busy_retryable = 3
elapsed_s = 300.010
ops_per_sec = 5922
p50_us = 8063
p99_us = 108543
p999_us = 229375
p9999_us = 1736703
max_us = 8283143
error_sample = -BUSY durable log staging is full, retry
inf-bench: 3 error replies under load (3 BUSY-retryable; first sample: -BUSY durable log staging is full, retry)
ops = 1733771
errors = 2
busy_retryable = 2
elapsed_s = 300.016
ops_per_sec = 5779
p50_us = 8063
p99_us = 104447
p999_us = 245759
p9999_us = 2818047
max_us = 8794544
error_sample = -BUSY durable log staging is full, retry
inf-bench: 2 error replies under load (2 BUSY-retryable; first sample: -BUSY durable log staging is full, retry)
ops = 1794686
errors = 0
busy_retryable = 0
elapsed_s = 300.025
ops_per_sec = 5982
p50_us = 7935
p99_us = 100351
p999_us = 221183
p9999_us = 1966079
max_us = 7456761
ops = 1694630
errors = 0
busy_retryable = 0
elapsed_s = 301.409
ops_per_sec = 5622
p50_us = 8063
p99_us = 110591
p999_us = 278527
p9999_us = 3014655
max_us = 9138135
ops = 1651257
errors = 0
busy_retryable = 0
elapsed_s = 300.014
ops_per_sec = 5504
p50_us = 8447
p99_us = 106495
p999_us = 270335
p9999_us = 3080191
max_us = 8160435
ops = 1367284
errors = 9
busy_retryable = 9
elapsed_s = 300.008
ops_per_sec = 4557
p50_us = 9983
p99_us = 120831
p999_us = 311295
p9999_us = 4587519
max_us = 9028605
error_sample = -BUSY durable log staging is full, retry
inf-bench: 9 error replies under load (9 BUSY-retryable; first sample: -BUSY durable log staging is full, retry)
ops = 1570130
errors = 6
busy_retryable = 6
elapsed_s = 300.008
ops_per_sec = 5234
p50_us = 8447
p99_us = 110591
p999_us = 262143
p9999_us = 4849663
max_us = 7784522
error_sample = -BUSY durable log staging is full, retry
inf-bench: 6 error replies under load (6 BUSY-retryable; first sample: -BUSY durable log staging is full, retry)
ops = 1420996
errors = 0
busy_retryable = 0
elapsed_s = 300.009
ops_per_sec = 4737
p50_us = 9983
p99_us = 120831
p999_us = 249855
p9999_us = 1310719
max_us = 10027271
ops = 1416366
errors = 3
busy_retryable = 3
elapsed_s = 300.011
ops_per_sec = 4721
p50_us = 9727
p99_us = 120831
p999_us = 294911
p9999_us = 3604479
max_us = 7044656
error_sample = -BUSY durable log staging is full, retry
inf-bench: 3 error replies under load (3 BUSY-retryable; first sample: -BUSY durable log staging is full, retry)
ops = 1458533
errors = 0
busy_retryable = 0
elapsed_s = 300.149
ops_per_sec = 4859
p50_us = 9983
p99_us = 120831
p999_us = 262143
p9999_us = 1277951
max_us = 2327355
ops = 1423978
errors = 0
busy_retryable = 0
elapsed_s = 306.006
ops_per_sec = 4653
p50_us = 9471
p99_us = 114687
p999_us = 294911
p9999_us = 5373951
max_us = 9241643
ops = 1721357
errors = 0
busy_retryable = 0
elapsed_s = 300.009
ops_per_sec = 5738
p50_us = 8063
p99_us = 104447
p999_us = 237567
p9999_us = 3014655
max_us = 9160331
ops = 1728543
errors = 0
busy_retryable = 0
elapsed_s = 300.009
ops_per_sec = 5762
p50_us = 7935
p99_us = 104447
p999_us = 245759
p9999_us = 3473407
max_us = 9351440
ops = 1779775
errors = 0
busy_retryable = 0
elapsed_s = 300.153
ops_per_sec = 5930
p50_us = 8063
p99_us = 100351
p999_us = 237567
p9999_us = 1507327
max_us = 8139179
ops = 1741176
errors = 1
busy_retryable = 1
elapsed_s = 300.009
ops_per_sec = 5804
p50_us = 8063
p99_us = 106495
p999_us = 241663
p9999_us = 1966079
max_us = 8031682
error_sample = -BUSY durable log staging is full, retry
inf-bench: 1 error replies under load (1 BUSY-retryable; first sample: -BUSY durable log staging is full, retry)
ops = 1450501
errors = 8
busy_retryable = 8
elapsed_s = 300.010
ops_per_sec = 4835
p50_us = 9727
p99_us = 116735
p999_us = 270335
p9999_us = 4194303
max_us = 8890968
error_sample = -BUSY durable log staging is full, retry
inf-bench: 8 error replies under load (8 BUSY-retryable; first sample: -BUSY durable log staging is full, retry)
ops = 1541258
errors = 2
busy_retryable = 2
elapsed_s = 300.010
ops_per_sec = 5137
p50_us = 9215
p99_us = 114687
p999_us = 233471
p9999_us = 1540095
max_us = 7097396
error_sample = -BUSY durable log staging is full, retry
inf-bench: 2 error replies under load (2 BUSY-retryable; first sample: -BUSY durable log staging is full, retry)
ops = 1684195
errors = 0
busy_retryable = 0
elapsed_s = 300.008
ops_per_sec = 5614
p50_us = 8191
p99_us = 110591
p999_us = 237567
p9999_us = 3276799
max_us = 9183411
ops = 1641976
errors = 0
busy_retryable = 0
elapsed_s = 300.009
ops_per_sec = 5473
p50_us = 8191
p99_us = 106495
p999_us = 253951
p9999_us = 4325375
max_us = 8939847
ops = 1442762
errors = 0
busy_retryable = 0
elapsed_s = 300.010
ops_per_sec = 4809
p50_us = 9983
p99_us = 116735
p999_us = 249855
p9999_us = 2228223
max_us = 6438659
ops = 1590815
errors = 0
busy_retryable = 0
elapsed_s = 300.009
ops_per_sec = 5303
p50_us = 9215
p99_us = 112639
p999_us = 249855
p9999_us = 1703935
max_us = 2519711
ops = 1692495
errors = 11
busy_retryable = 11
elapsed_s = 300.007
ops_per_sec = 5642
p50_us = 8063
p99_us = 106495
p999_us = 253951
p9999_us = 2686975
max_us = 7679245
error_sample = -BUSY durable log staging is full, retry
inf-bench: 11 error replies under load (11 BUSY-retryable; first sample: -BUSY durable log staging is full, retry)
ops = 1738172
errors = 1
busy_retryable = 1
elapsed_s = 300.023
ops_per_sec = 5793
p50_us = 7935
p99_us = 100351
p999_us = 262143
p9999_us = 2949119
max_us = 8401872
error_sample = -BUSY durable log staging is full, retry
inf-bench: 1 error replies under load (1 BUSY-retryable; first sample: -BUSY durable log staging is full, retry)
ops = 1415496
errors = 1
busy_retryable = 1
elapsed_s = 302.359
ops_per_sec = 4682
p50_us = 9727
p99_us = 114687
p999_us = 270335
p9999_us = 4325375
max_us = 7540635
error_sample = -BUSY durable log staging is full, retry
inf-bench: 1 error replies under load (1 BUSY-retryable; first sample: -BUSY durable log staging is full, retry)
ops = 1405215
errors = 2
busy_retryable = 2
elapsed_s = 300.172
ops_per_sec = 4681
p50_us = 9983
p99_us = 116735
p999_us = 253951
p9999_us = 2490367
max_us = 8196899
error_sample = -BUSY durable log staging is full, retry
inf-bench: 2 error replies under load (2 BUSY-retryable; first sample: -BUSY durable log staging is full, retry)
ops = 1639821
errors = 0
busy_retryable = 0
elapsed_s = 300.148
ops_per_sec = 5463
p50_us = 8191
p99_us = 104447
p999_us = 253951
p9999_us = 5636095
max_us = 9100758
ops = 1681617
errors = 0
busy_retryable = 0
elapsed_s = 300.009
ops_per_sec = 5605
p50_us = 8063
p99_us = 106495
p999_us = 270335
p9999_us = 2949119
max_us = 6268959
ops = 1679442
errors = 0
busy_retryable = 0
elapsed_s = 303.001
ops_per_sec = 5543
p50_us = 8063
p99_us = 104447
p999_us = 233471
p9999_us = 4980735
max_us = 8764348
ops = 1753371
errors = 5
busy_retryable = 5
elapsed_s = 300.009
ops_per_sec = 5844
p50_us = 8063
p99_us = 100351
p999_us = 249855
p9999_us = 1966079
max_us = 8599389
error_sample = -BUSY durable log staging is full, retry
inf-bench: 5 error replies under load (5 BUSY-retryable; first sample: -BUSY durable log staging is full, retry)
ops = 1641531
errors = 8
busy_retryable = 8
elapsed_s = 300.006
ops_per_sec = 5472
p50_us = 8063
p99_us = 110591
p999_us = 278527
p9999_us = 3932159
max_us = 9260373
error_sample = -BUSY durable log staging is full, retry
inf-bench: 8 error replies under load (8 BUSY-retryable; first sample: -BUSY durable log staging is full, retry)
ops = 1698320
errors = 3
busy_retryable = 3
elapsed_s = 300.017
ops_per_sec = 5661
p50_us = 8191
p99_us = 102399
p999_us = 249855
p9999_us = 3342335
max_us = 9011045
error_sample = -BUSY durable log staging is full, retry
inf-bench: 3 error replies under load (3 BUSY-retryable; first sample: -BUSY durable log staging is full, retry)
ops = 1761020
errors = 0
busy_retryable = 0
elapsed_s = 300.010
ops_per_sec = 5870
p50_us = 8063
p99_us = 106495
p999_us = 245759
p9999_us = 901119
max_us = 8061770
ops = 1572542
errors = 0
busy_retryable = 0
elapsed_s = 300.015
ops_per_sec = 5242
p50_us = 8703
p99_us = 114687
p999_us = 270335
p9999_us = 3407871
max_us = 7446050
ops = 1643727
errors = 7
busy_retryable = 7
elapsed_s = 300.010
ops_per_sec = 5479
p50_us = 8447
p99_us = 108543
p999_us = 258047
p9999_us = 1671167
max_us = 8012916
error_sample = -BUSY durable log staging is full, retry
inf-bench: 7 error replies under load (7 BUSY-retryable; first sample: -BUSY durable log staging is full, retry)
ops = 1631963
errors = 0
busy_retryable = 0
elapsed_s = 300.011
ops_per_sec = 5440
p50_us = 8703
p99_us = 108543
p999_us = 241663
p9999_us = 1638399
max_us = 8637343
ops = 1387833
errors = 4
busy_retryable = 4
elapsed_s = 300.010
ops_per_sec = 4626
p50_us = 9983
p99_us = 120831
p999_us = 327679
p9999_us = 3407871
max_us = 7518925
error_sample = -BUSY durable log staging is full, retry
inf-bench: 4 error replies under load (4 BUSY-retryable; first sample: -BUSY durable log staging is full, retry)
ops = 1605589
errors = 0
busy_retryable = 0
elapsed_s = 300.007
ops_per_sec = 5352
p50_us = 9215
p99_us = 112639
p999_us = 245759
p9999_us = 917503
max_us = 1987148
ops = 1760537
errors = 0
busy_retryable = 0
elapsed_s = 300.006
ops_per_sec = 5868
p50_us = 8063
p99_us = 106495
p999_us = 241663
p9999_us = 1867775
max_us = 8311341
ops = 1711610
errors = 0
busy_retryable = 0
elapsed_s = 300.011
ops_per_sec = 5705
p50_us = 8063
p99_us = 90111
p999_us = 249855
p9999_us = 4980735
max_us = 8189843
ops = 1715880
errors = 0
busy_retryable = 0
elapsed_s = 300.010
ops_per_sec = 5719
p50_us = 8063
p99_us = 104447
p999_us = 249855
p9999_us = 2752511
max_us = 7405608
ops = 1596257
errors = 0
busy_retryable = 0
elapsed_s = 300.011
ops_per_sec = 5321
p50_us = 8703
p99_us = 110591
p999_us = 241663
p9999_us = 1802239
max_us = 6432067
ops = 1599668
errors = 0
busy_retryable = 0
elapsed_s = 300.192
ops_per_sec = 5329
p50_us = 9215
p99_us = 116735
p999_us = 253951
p9999_us = 1114111
max_us = 2141416
ops = 1475275
errors = 10
busy_retryable = 10
elapsed_s = 300.010
ops_per_sec = 4917
p50_us = 8959
p99_us = 116735
p999_us = 401407
p9999_us = 3735551
max_us = 8942950
error_sample = -BUSY durable log staging is full, retry
inf-bench: 10 error replies under load (10 BUSY-retryable; first sample: -BUSY durable log staging is full, retry)
ops = 1430980
errors = 6
busy_retryable = 6
elapsed_s = 300.012
ops_per_sec = 4770
p50_us = 9983
p99_us = 118783
p999_us = 278527
p9999_us = 1933311
max_us = 6275869
error_sample = -BUSY durable log staging is full, retry
inf-bench: 6 error replies under load (6 BUSY-retryable; first sample: -BUSY durable log staging is full, retry)
ops = 1591246
errors = 2
busy_retryable = 2
elapsed_s = 300.009
ops_per_sec = 5304
p50_us = 8959
p99_us = 112639
p999_us = 270335
p9999_us = 1310719
max_us = 9199929
error_sample = -BUSY durable log staging is full, retry
inf-bench: 2 error replies under load (2 BUSY-retryable; first sample: -BUSY durable log staging is full, retry)
ops = 1726939
errors = 0
busy_retryable = 0
elapsed_s = 300.010
ops_per_sec = 5756
p50_us = 8063
p99_us = 100351
p999_us = 270335
p9999_us = 2621439
max_us = 7859292
ops = 1589581
errors = 0
busy_retryable = 0
elapsed_s = 300.010
ops_per_sec = 5298
p50_us = 8703
p99_us = 112639
p999_us = 270335
p9999_us = 2752511
max_us = 6953348
ops = 1389357
errors = 0
busy_retryable = 0
elapsed_s = 300.013
ops_per_sec = 4631
p50_us = 9983
p99_us = 120831
p999_us = 385023
p9999_us = 2949119
max_us = 7640477
ops = 1534165
errors = 4
busy_retryable = 4
elapsed_s = 306.290
ops_per_sec = 5009
p50_us = 8703
p99_us = 110591
p999_us = 294911
p9999_us = 5636095
max_us = 8928809
error_sample = -BUSY durable log staging is full, retry
inf-bench: 4 error replies under load (4 BUSY-retryable; first sample: -BUSY durable log staging is full, retry)
ops = 1520290
errors = 7
busy_retryable = 7
elapsed_s = 300.009
ops_per_sec = 5067
p50_us = 9983
p99_us = 116735
p999_us = 237567
p9999_us = 917503
max_us = 1610871
error_sample = -BUSY durable log staging is full, retry
inf-bench: 7 error replies under load (7 BUSY-retryable; first sample: -BUSY durable log staging is full, retry)
ops = 1765282
errors = 1
busy_retryable = 1
elapsed_s = 300.008
ops_per_sec = 5884
p50_us = 7935
p99_us = 102399
p999_us = 258047
p9999_us = 1769471
max_us = 9322215
error_sample = -BUSY durable log staging is full, retry
inf-bench: 1 error replies under load (1 BUSY-retryable; first sample: -BUSY durable log staging is full, retry)
ops = 1631435
errors = 0
busy_retryable = 0
elapsed_s = 300.008
ops_per_sec = 5438
p50_us = 8447
p99_us = 108543
p999_us = 237567
p9999_us = 3604479
max_us = 9080302
ops = 1644017
errors = 2
busy_retryable = 2
elapsed_s = 300.012
ops_per_sec = 5480
p50_us = 8063
p99_us = 106495
p999_us = 249855
p9999_us = 4849663
max_us = 7585383
error_sample = -BUSY durable log staging is full, retry
inf-bench: 2 error replies under load (2 BUSY-retryable; first sample: -BUSY durable log staging is full, retry)
ops = 1738999
errors = 1
busy_retryable = 1
elapsed_s = 300.012
ops_per_sec = 5796
p50_us = 7935
p99_us = 104447
p999_us = 249855
p9999_us = 3276799
max_us = 8380152
error_sample = -BUSY durable log staging is full, retry
inf-bench: 1 error replies under load (1 BUSY-retryable; first sample: -BUSY durable log staging is full, retry)
ops = 1814934
errors = 0
busy_retryable = 0
elapsed_s = 300.010
ops_per_sec = 6050
p50_us = 7935
p99_us = 98303
p999_us = 245759
p9999_us = 1277951
max_us = 8216643
ops = 1670672
errors = 0
busy_retryable = 0
elapsed_s = 300.008
ops_per_sec = 5569
p50_us = 8191
p99_us = 106495
p999_us = 249855
p9999_us = 3014655
max_us = 9083852
ops = 1696659
errors = 0
busy_retryable = 0
elapsed_s = 300.009
ops_per_sec = 5655
p50_us = 8063
p99_us = 106495
p999_us = 249855
p9999_us = 3866623
max_us = 9057828
ops = 1642717
errors = 1
busy_retryable = 1
elapsed_s = 300.010
ops_per_sec = 5476
p50_us = 7935
p99_us = 96255
p999_us = 303103
p9999_us = 4849663
max_us = 9137892
error_sample = -BUSY durable log staging is full, retry
inf-bench: 1 error replies under load (1 BUSY-retryable; first sample: -BUSY durable log staging is full, retry)
ops = 1695451
errors = 3
busy_retryable = 3
elapsed_s = 300.018
ops_per_sec = 5651
p50_us = 7935
p99_us = 104447
p999_us = 262143
p9999_us = 4325375
max_us = 8782251
error_sample = -BUSY durable log staging is full, retry
inf-bench: 3 error replies under load (3 BUSY-retryable; first sample: -BUSY durable log staging is full, retry)
ops = 1691733
errors = 1
busy_retryable = 1
elapsed_s = 300.011
ops_per_sec = 5639
p50_us = 8063
p99_us = 104447
p999_us = 262143
p9999_us = 3866623
max_us = 8115801
error_sample = -BUSY durable log staging is full, retry
inf-bench: 1 error replies under load (1 BUSY-retryable; first sample: -BUSY durable log staging is full, retry)
ops = 1620234
errors = 0
busy_retryable = 0
elapsed_s = 304.795
ops_per_sec = 5316
p50_us = 8703
p99_us = 112639
p999_us = 258047
p9999_us = 1343487
max_us = 6265917
ops = 1716497
errors = 2
busy_retryable = 2
elapsed_s = 300.140
ops_per_sec = 5719
p50_us = 8063
p99_us = 106495
p999_us = 258047
p9999_us = 3080191
max_us = 7969758
error_sample = -BUSY durable log staging is full, retry
inf-bench: 2 error replies under load (2 BUSY-retryable; first sample: -BUSY durable log staging is full, retry)
ops = 1699843
errors = 0
busy_retryable = 0
elapsed_s = 300.008
ops_per_sec = 5666
p50_us = 8191
p99_us = 106495
p999_us = 262143
p9999_us = 3801087
max_us = 9312345
ops = 1583863
errors = 8
busy_retryable = 8
elapsed_s = 300.110
ops_per_sec = 5278
p50_us = 8191
p99_us = 114687
p999_us = 311295
p9999_us = 4128767
max_us = 9315985
error_sample = -BUSY durable log staging is full, retry
inf-bench: 8 error replies under load (8 BUSY-retryable; first sample: -BUSY durable log staging is full, retry)
ops = 1593851
errors = 1
busy_retryable = 1
elapsed_s = 300.008
ops_per_sec = 5313
p50_us = 8703
p99_us = 112639
p999_us = 249855
p9999_us = 1966079
max_us = 7693519
error_sample = -BUSY durable log staging is full, retry
inf-bench: 1 error replies under load (1 BUSY-retryable; first sample: -BUSY durable log staging is full, retry)
ops = 1354297
errors = 3
busy_retryable = 3
elapsed_s = 305.501
ops_per_sec = 4433
p50_us = 9983
p99_us = 122879
p999_us = 344063
p9999_us = 6029311
max_us = 9315102
error_sample = -BUSY durable log staging is full, retry
inf-bench: 3 error replies under load (3 BUSY-retryable; first sample: -BUSY durable log staging is full, retry)
ops = 1547263
errors = 0
busy_retryable = 0
elapsed_s = 300.013
ops_per_sec = 5157
p50_us = 9215
p99_us = 112639
p999_us = 245759
p9999_us = 1802239
max_us = 8807854
ops = 1470213
errors = 0
busy_retryable = 0
elapsed_s = 300.009
ops_per_sec = 4901
p50_us = 9983
p99_us = 122879
p999_us = 225279
p9999_us = 1146879
max_us = 8270031
ops = 1555243
errors = 0
busy_retryable = 0
elapsed_s = 300.014
ops_per_sec = 5184
p50_us = 9471
p99_us = 120831
p999_us = 233471
p9999_us = 1507327
max_us = 2230081
ops = 1301315
errors = 0
busy_retryable = 0
elapsed_s = 300.012
ops_per_sec = 4338
p50_us = 9983
p99_us = 122879
p999_us = 475135
p9999_us = 5898239
max_us = 9302937
ops = 1472578
errors = 0
busy_retryable = 0
elapsed_s = 300.010
ops_per_sec = 4908
p50_us = 9983
p99_us = 120831
p999_us = 286719
p9999_us = 1638399
max_us = 2721526
ops = 1331750
errors = 0
busy_retryable = 0
elapsed_s = 300.010
ops_per_sec = 4439
p50_us = 9983
p99_us = 118783
p999_us = 385023
p9999_us = 5373951
max_us = 9185911
ops = 1425907
errors = 0
busy_retryable = 0
elapsed_s = 300.176
ops_per_sec = 4750
p50_us = 9471
p99_us = 116735
p999_us = 286719
p9999_us = 4849663
max_us = 8790813
ops = 1432812
errors = 13
busy_retryable = 13
elapsed_s = 300.014
ops_per_sec = 4776
p50_us = 9983
p99_us = 116735
p999_us = 262143
p9999_us = 4063231
max_us = 7259936
error_sample = -BUSY durable log staging is full, retry
inf-bench: 13 error replies under load (13 BUSY-retryable; first sample: -BUSY durable log staging is full, retry)
ops = 1706259
errors = 1
busy_retryable = 1
elapsed_s = 300.010
ops_per_sec = 5687
p50_us = 8447
p99_us = 104447
p999_us = 258047
p9999_us = 1572863
max_us = 2622598
error_sample = -BUSY durable log staging is full, retry
inf-bench: 1 error replies under load (1 BUSY-retryable; first sample: -BUSY durable log staging is full, retry)
ops = 1692273
errors = 0
busy_retryable = 0
elapsed_s = 300.016
ops_per_sec = 5641
p50_us = 7935
p99_us = 102399
p999_us = 278527
p9999_us = 4325375
max_us = 8620619
ops = 1533818
errors = 0
busy_retryable = 0
elapsed_s = 300.009
ops_per_sec = 5113
p50_us = 8959
p99_us = 110591
p999_us = 258047
p9999_us = 3538943
max_us = 8894978
ops = 1452703
errors = 0
busy_retryable = 0
elapsed_s = 300.377
ops_per_sec = 4836
p50_us = 9727
p99_us = 118783
p999_us = 258047
p9999_us = 4128767
max_us = 9016630
ops = 1425064
errors = 3
busy_retryable = 3
elapsed_s = 300.012
ops_per_sec = 4750
p50_us = 9983
p99_us = 116735
p999_us = 278527
p9999_us = 4128767
max_us = 8227090
error_sample = -BUSY durable log staging is full, retry
inf-bench: 3 error replies under load (3 BUSY-retryable; first sample: -BUSY durable log staging is full, retry)
ops = 1666642
errors = 0
busy_retryable = 0
elapsed_s = 300.007
ops_per_sec = 5555
p50_us = 8447
p99_us = 110591
p999_us = 237567
p9999_us = 2162687
max_us = 5089024
ops = 1682463
errors = 0
busy_retryable = 0
elapsed_s = 300.011
ops_per_sec = 5608
p50_us = 8063
p99_us = 104447
p999_us = 258047
p9999_us = 4718591
max_us = 8313189
ops = 1703725
errors = 0
busy_retryable = 0
elapsed_s = 300.008
ops_per_sec = 5679
p50_us = 8063
p99_us = 104447
p999_us = 270335
p9999_us = 3276799
max_us = 9330559
ops = 1655565
errors = 0
busy_retryable = 0
elapsed_s = 300.009
ops_per_sec = 5518
p50_us = 8063
p99_us = 106495
p999_us = 241663
p9999_us = 4456447
max_us = 8371056
ops = 1733500
errors = 0
busy_retryable = 0
elapsed_s = 300.008
ops_per_sec = 5778
p50_us = 8063
p99_us = 108543
p999_us = 233471
p9999_us = 1769471
max_us = 5629624
ops = 1756658
errors = 0
busy_retryable = 0
elapsed_s = 304.256
ops_per_sec = 5774
p50_us = 8191
p99_us = 108543
p999_us = 237567
p9999_us = 1409023
max_us = 6826010
ops = 1722006
errors = 0
busy_retryable = 0
elapsed_s = 300.008
ops_per_sec = 5740
p50_us = 8063
p99_us = 96255
p999_us = 258047
p9999_us = 3145727
max_us = 8958365
ops = 1296757
errors = 0
busy_retryable = 0
elapsed_s = 300.094
ops_per_sec = 4321
p50_us = 9983
p99_us = 124927
p999_us = 311295
p9999_us = 6291455
max_us = 9192191
ops = 1612199
errors = 0
busy_retryable = 0
elapsed_s = 300.007
ops_per_sec = 5374
p50_us = 8447
p99_us = 108543
p999_us = 270335
p9999_us = 3801087
max_us = 8528868
ops = 1488712
errors = 1
busy_retryable = 1
elapsed_s = 300.011
ops_per_sec = 4962
p50_us = 8959
p99_us = 114687
p999_us = 294911
p9999_us = 4718591
max_us = 8224070
error_sample = -BUSY durable log staging is full, retry
inf-bench: 1 error replies under load (1 BUSY-retryable; first sample: -BUSY durable log staging is full, retry)
ops = 1334786
errors = 0
busy_retryable = 0
elapsed_s = 300.014
ops_per_sec = 4449
p50_us = 9983
p99_us = 122879
p999_us = 327679
p9999_us = 5505023
max_us = 9005937
ops = 1032566
errors = 1
busy_retryable = 1
elapsed_s = 300.267
ops_per_sec = 3439
p50_us = 10239
p99_us = 151551
p999_us = 450559
p9999_us = 5242879
max_us = 9295598
error_sample = -BUSY durable log staging is full, retry
inf-bench: 1 error replies under load (1 BUSY-retryable; first sample: -BUSY durable log staging is full, retry)
ops = 1528481
errors = 0
busy_retryable = 0
elapsed_s = 300.007
ops_per_sec = 5095
p50_us = 8703
p99_us = 110591
p999_us = 270335
p9999_us = 2949119
max_us = 15230935
ops = 1392173
errors = 0
busy_retryable = 0
elapsed_s = 300.012
ops_per_sec = 4640
p50_us = 9215
p99_us = 120831
p999_us = 286719
p9999_us = 6160383
max_us = 16520040
ops = 1404929
errors = 2
busy_retryable = 2
elapsed_s = 300.086
ops_per_sec = 4682
p50_us = 9215
p99_us = 118783
p999_us = 303103
p9999_us = 5767167
max_us = 9157564
error_sample = -BUSY durable log staging is full, retry
inf-bench: 2 error replies under load (2 BUSY-retryable; first sample: -BUSY durable log staging is full, retry)
ops = 1674489
errors = 0
busy_retryable = 0
elapsed_s = 300.008
ops_per_sec = 5581
p50_us = 8447
p99_us = 106495
p999_us = 245759
p9999_us = 1966079
max_us = 8078882
ops = 1749211
errors = 7
busy_retryable = 7
elapsed_s = 300.009
ops_per_sec = 5831
p50_us = 8063
p99_us = 104447
p999_us = 253951
p9999_us = 1835007
max_us = 7396501
error_sample = -BUSY durable log staging is full, retry
inf-bench: 7 error replies under load (7 BUSY-retryable; first sample: -BUSY durable log staging is full, retry)
ops = 1344629
errors = 0
busy_retryable = 0
elapsed_s = 300.011
ops_per_sec = 4482
p50_us = 9215
p99_us = 124927
p999_us = 606207
p9999_us = 4587519
max_us = 8351523
ops = 1431297
errors = 0
busy_retryable = 0
elapsed_s = 300.008
ops_per_sec = 4771
p50_us = 9215
p99_us = 114687
p999_us = 540671
p9999_us = 4456447
max_us = 9100294
ops = 1541782
errors = 0
busy_retryable = 0
elapsed_s = 300.010
ops_per_sec = 5139
p50_us = 8959
p99_us = 112639
p999_us = 278527
p9999_us = 3145727
max_us = 9812940
ops = 1431709
errors = 3
busy_retryable = 3
elapsed_s = 300.010
ops_per_sec = 4772
p50_us = 9983
p99_us = 120831
p999_us = 249855
p9999_us = 3670015
max_us = 8599220
error_sample = -BUSY durable log staging is full, retry
inf-bench: 3 error replies under load (3 BUSY-retryable; first sample: -BUSY durable log staging is full, retry)
ops = 1640502
errors = 20
busy_retryable = 20
elapsed_s = 300.011
ops_per_sec = 5468
p50_us = 8447
p99_us = 114687
p999_us = 237567
p9999_us = 1671167
max_us = 6176305
error_sample = -BUSY durable log staging is full, retry
inf-bench: 20 error replies under load (20 BUSY-retryable; first sample: -BUSY durable log staging is full, retry)
ops = 1595571
errors = 0
busy_retryable = 0
elapsed_s = 308.395
ops_per_sec = 5174
p50_us = 8447
p99_us = 104447
p999_us = 278527
p9999_us = 4849663
max_us = 8864156
ops = 1586621
errors = 4
busy_retryable = 4
elapsed_s = 307.366
ops_per_sec = 5162
p50_us = 8447
p99_us = 100351
p999_us = 294911
p9999_us = 4587519
max_us = 9562362
error_sample = -BUSY durable log staging is full, retry
inf-bench: 4 error replies under load (4 BUSY-retryable; first sample: -BUSY durable log staging is full, retry)
ops = 1597991
errors = 2
busy_retryable = 2
elapsed_s = 300.008
ops_per_sec = 5326
p50_us = 8063
p99_us = 106495
p999_us = 327679
p9999_us = 4980735
max_us = 9339325
error_sample = -BUSY durable log staging is full, retry
inf-bench: 2 error replies under load (2 BUSY-retryable; first sample: -BUSY durable log staging is full, retry)
ops = 1649859
errors = 17
busy_retryable = 17
elapsed_s = 300.112
ops_per_sec = 5497
p50_us = 8191
p99_us = 102399
p999_us = 270335
p9999_us = 4325375
max_us = 9295807
error_sample = -BUSY durable log staging is full, retry
inf-bench: 17 error replies under load (17 BUSY-retryable; first sample: -BUSY durable log staging is full, retry)
ops = 1643808
errors = 3
busy_retryable = 3
elapsed_s = 300.015
ops_per_sec = 5479
p50_us = 8063
p99_us = 110591
p999_us = 294911
p9999_us = 4194303
max_us = 8825047
error_sample = -BUSY durable log staging is full, retry
inf-bench: 3 error replies under load (3 BUSY-retryable; first sample: -BUSY durable log staging is full, retry)
ops = 1365902
errors = 6
busy_retryable = 6
elapsed_s = 300.013
ops_per_sec = 4553
p50_us = 9215
p99_us = 118783
p999_us = 442367
p9999_us = 5242879
max_us = 7797712
error_sample = -BUSY durable log staging is full, retry
inf-bench: 6 error replies under load (6 BUSY-retryable; first sample: -BUSY durable log staging is full, retry)
ops = 1492622
errors = 0
busy_retryable = 0
elapsed_s = 300.014
ops_per_sec = 4975
p50_us = 9727
p99_us = 122879
p999_us = 229375
p9999_us = 1638399
max_us = 8103482
ops = 1607169
errors = 0
busy_retryable = 0
elapsed_s = 300.010
ops_per_sec = 5357
p50_us = 8191
p99_us = 106495
p999_us = 278527
p9999_us = 4587519
max_us = 8954197
ops = 1350152
errors = 0
busy_retryable = 0
elapsed_s = 300.007
ops_per_sec = 4500
p50_us = 9983
p99_us = 120831
p999_us = 311295
p9999_us = 5373951
max_us = 9060981
ops = 1412612
errors = 0
busy_retryable = 0
elapsed_s = 300.162
ops_per_sec = 4706
p50_us = 9727
p99_us = 112639
p999_us = 278527
p9999_us = 5242879
max_us = 8328685
ops = 1359623
errors = 9
busy_retryable = 9
elapsed_s = 300.013
ops_per_sec = 4532
p50_us = 9983
p99_us = 122879
p999_us = 311295
p9999_us = 4325375
max_us = 8492788
error_sample = -BUSY durable log staging is full, retry
inf-bench: 9 error replies under load (9 BUSY-retryable; first sample: -BUSY durable log staging is full, retry)
ops = 1316427
errors = 0
busy_retryable = 0
elapsed_s = 300.129
ops_per_sec = 4386
p50_us = 9727
p99_us = 120831
p999_us = 483327
p9999_us = 6160383
max_us = 9368340
ops = 1396908
errors = 3
busy_retryable = 3
elapsed_s = 300.008
ops_per_sec = 4656
p50_us = 9983
p99_us = 112639
p999_us = 294911
p9999_us = 5242879
max_us = 8760433
error_sample = -BUSY durable log staging is full, retry
inf-bench: 3 error replies under load (3 BUSY-retryable; first sample: -BUSY durable log staging is full, retry)
ops = 1392239
errors = 0
busy_retryable = 0
elapsed_s = 300.012
ops_per_sec = 4641
p50_us = 9983
p99_us = 118783
p999_us = 278527
p9999_us = 4849663
max_us = 8366042
ops = 1347124
errors = 8
busy_retryable = 8
elapsed_s = 300.010
ops_per_sec = 4490
p50_us = 9983
p99_us = 116735
p999_us = 434175
p9999_us = 4980735
max_us = 7784761
error_sample = -BUSY durable log staging is full, retry
inf-bench: 8 error replies under load (8 BUSY-retryable; first sample: -BUSY durable log staging is full, retry)
ops = 1440774
errors = 0
busy_retryable = 0
elapsed_s = 300.009
ops_per_sec = 4802
p50_us = 9983
p99_us = 122879
p999_us = 241663
p9999_us = 1802239
max_us = 6123423
ops = 1397801
errors = 0
busy_retryable = 0
elapsed_s = 300.205
ops_per_sec = 4656
p50_us = 9983
p99_us = 124927
p999_us = 311295
p9999_us = 3276799
max_us = 7223316
ops = 1609230
errors = 0
busy_retryable = 0
elapsed_s = 300.009
ops_per_sec = 5364
p50_us = 8447
p99_us = 106495
p999_us = 237567
p9999_us = 3342335
max_us = 9734350
ops = 1644852
errors = 0
busy_retryable = 0
elapsed_s = 300.014
ops_per_sec = 5483
p50_us = 8191
p99_us = 100351
p999_us = 286719
p9999_us = 4849663
max_us = 8370420
ops = 1549663
errors = 1
busy_retryable = 1
elapsed_s = 300.148
ops_per_sec = 5163
p50_us = 8447
p99_us = 108543
p999_us = 286719
p9999_us = 5373951
max_us = 8618407
error_sample = -BUSY durable log staging is full, retry
inf-bench: 1 error replies under load (1 BUSY-retryable; first sample: -BUSY durable log staging is full, retry)
ops = 1667332
errors = 0
busy_retryable = 0
elapsed_s = 303.158
ops_per_sec = 5500
p50_us = 8063
p99_us = 102399
p999_us = 233471
p9999_us = 5505023
max_us = 9627086
ops = 1426078
errors = 1
busy_retryable = 1
elapsed_s = 300.194
ops_per_sec = 4751
p50_us = 8959
p99_us = 116735
p999_us = 483327
p9999_us = 5242879
max_us = 8397515
error_sample = -BUSY durable log staging is full, retry
inf-bench: 1 error replies under load (1 BUSY-retryable; first sample: -BUSY durable log staging is full, retry)
ops = 1303151
errors = 0
busy_retryable = 0
elapsed_s = 300.009
ops_per_sec = 4344
p50_us = 9983
p99_us = 118783
p999_us = 491519
p9999_us = 6553599
max_us = 9041726
ops = 1389668
errors = 0
busy_retryable = 0
elapsed_s = 300.011
ops_per_sec = 4632
p50_us = 9215
p99_us = 116735
p999_us = 352255
p9999_us = 6946815
max_us = 9428489
ops = 1164218
errors = 1
busy_retryable = 1
elapsed_s = 300.016
ops_per_sec = 3881
p50_us = 9983
p99_us = 126975
p999_us = 1540095
p9999_us = 5898239
max_us = 9802161
error_sample = -BUSY durable log staging is full, retry
inf-bench: 1 error replies under load (1 BUSY-retryable; first sample: -BUSY durable log staging is full, retry)
ops = 1381802
errors = 0
busy_retryable = 0
elapsed_s = 300.007
ops_per_sec = 4606
p50_us = 8191
p99_us = 108543
p999_us = 688127
p9999_us = 6553599
max_us = 9561414
ops = 1331283
errors = 0
busy_retryable = 0
elapsed_s = 307.383
ops_per_sec = 4331
p50_us = 8191
p99_us = 108543
p999_us = 835583
p9999_us = 7340031
max_us = 9700677
ops = 1175562
errors = 8
busy_retryable = 8
elapsed_s = 304.480
ops_per_sec = 3861
p50_us = 9471
p99_us = 116735
p999_us = 1474559
p9999_us = 7471103
max_us = 10226583
error_sample = -BUSY durable log staging is full, retry
inf-bench: 8 error replies under load (8 BUSY-retryable; first sample: -BUSY durable log staging is full, retry)
ops = 1093057
errors = 9
busy_retryable = 9
elapsed_s = 300.113
ops_per_sec = 3642
p50_us = 9983
p99_us = 124927
p999_us = 1900543
p9999_us = 6946815
max_us = 9323125
error_sample = -BUSY durable log staging is full, retry
inf-bench: 9 error replies under load (9 BUSY-retryable; first sample: -BUSY durable log staging is full, retry)
ops = 1316264
errors = 4
busy_retryable = 4
elapsed_s = 300.010
ops_per_sec = 4387
p50_us = 8191
p99_us = 110591
p999_us = 901119
p9999_us = 7864319
max_us = 9679955
error_sample = -BUSY durable log staging is full, retry
inf-bench: 4 error replies under load (4 BUSY-retryable; first sample: -BUSY durable log staging is full, retry)
ops = 1279945
errors = 3
busy_retryable = 3
elapsed_s = 302.419
ops_per_sec = 4232
p50_us = 8447
p99_us = 112639
p999_us = 1245183
p9999_us = 7208959
max_us = 9721607
error_sample = -BUSY durable log staging is full, retry
inf-bench: 3 error replies under load (3 BUSY-retryable; first sample: -BUSY durable log staging is full, retry)
ops = 1181150
errors = 2
busy_retryable = 2
elapsed_s = 302.022
ops_per_sec = 3911
p50_us = 9215
p99_us = 112639
p999_us = 1179647
p9999_us = 7864319
max_us = 9511617
error_sample = -BUSY durable log staging is full, retry
inf-bench: 2 error replies under load (2 BUSY-retryable; first sample: -BUSY durable log staging is full, retry)
ops = 1086318
errors = 5
busy_retryable = 5
elapsed_s = 300.011
ops_per_sec = 3621
p50_us = 10239
p99_us = 114687
p999_us = 1441791
p9999_us = 8257535
max_us = 9694284
error_sample = -BUSY durable log staging is full, retry
inf-bench: 5 error replies under load (5 BUSY-retryable; first sample: -BUSY durable log staging is full, retry)
ops = 1197407
errors = 2
busy_retryable = 2
elapsed_s = 300.009
ops_per_sec = 3991
p50_us = 8959
p99_us = 110591
p999_us = 868351
p9999_us = 8126463
max_us = 9938516
error_sample = -BUSY durable log staging is full, retry
inf-bench: 2 error replies under load (2 BUSY-retryable; first sample: -BUSY durable log staging is full, retry)
ops = 1188093
errors = 2
busy_retryable = 2
elapsed_s = 300.011
ops_per_sec = 3960
p50_us = 9215
p99_us = 110591
p999_us = 868351
p9999_us = 8650751
max_us = 15366968
error_sample = -BUSY durable log staging is full, retry
inf-bench: 2 error replies under load (2 BUSY-retryable; first sample: -BUSY durable log staging is full, retry)
ops = 1297444
errors = 0
busy_retryable = 0
elapsed_s = 306.986
ops_per_sec = 4226
p50_us = 8191
p99_us = 96255
p999_us = 851967
p9999_us = 8126463
max_us = 10062465
ops = 1329352
errors = 6
busy_retryable = 6
elapsed_s = 303.486
ops_per_sec = 4380
p50_us = 8063
p99_us = 106495
p999_us = 770047
p9999_us = 7864319
max_us = 9304691
error_sample = -BUSY durable log staging is full, retry
inf-bench: 6 error replies under load (6 BUSY-retryable; first sample: -BUSY durable log staging is full, retry)
ops = 1206977
errors = 0
busy_retryable = 0
elapsed_s = 302.739
ops_per_sec = 3987
p50_us = 8959
p99_us = 108543
p999_us = 1310719
p9999_us = 7471103
max_us = 9434718
ops = 1087312
errors = 6
busy_retryable = 6
elapsed_s = 311.082
ops_per_sec = 3495
p50_us = 9983
p99_us = 112639
p999_us = 1540095
p9999_us = 9437183
max_us = 15154256
error_sample = -BUSY durable log staging is full, retry
inf-bench: 6 error replies under load (6 BUSY-retryable; first sample: -BUSY durable log staging is full, retry)
ops = 919097
errors = 7
busy_retryable = 7
elapsed_s = 308.241
ops_per_sec = 2982
p50_us = 9215
p99_us = 151551
p999_us = 3538943
p9999_us = 11534335
max_us = 16525278
error_sample = -BUSY durable log staging is full, retry
inf-bench: 7 error replies under load (7 BUSY-retryable; first sample: -BUSY durable log staging is full, retry)
ops = 289707
errors = 5
busy_retryable = 5
elapsed_s = 304.469
ops_per_sec = 952
p50_us = 9215
p99_us = 1703935
p999_us = 9175039
p9999_us = 14155775
max_us = 15991116
error_sample = -BUSY durable log staging is full, retry
inf-bench: 5 error replies under load (5 BUSY-retryable; first sample: -BUSY durable log staging is full, retry)
ops = 440782
errors = 6
busy_retryable = 6
elapsed_s = 300.010
ops_per_sec = 1469
p50_us = 8191
p99_us = 401407
p999_us = 7208959
p9999_us = 14417919
max_us = 16238406
error_sample = -BUSY durable log staging is full, retry
inf-bench: 6 error replies under load (6 BUSY-retryable; first sample: -BUSY durable log staging is full, retry)
ops = 289881
errors = 3
busy_retryable = 3
elapsed_s = 300.197
ops_per_sec = 966
p50_us = 9983
p99_us = 1310719
p999_us = 9961471
p9999_us = 15204351
max_us = 17532372
error_sample = -BUSY durable log staging is full, retry
inf-bench: 3 error replies under load (3 BUSY-retryable; first sample: -BUSY durable log staging is full, retry)
ops = 430803
errors = 13
busy_retryable = 13
elapsed_s = 305.907
ops_per_sec = 1408
p50_us = 8703
p99_us = 491519
p999_us = 6815743
p9999_us = 13893631
max_us = 15721517
error_sample = -BUSY durable log staging is full, retry
inf-bench: 13 error replies under load (13 BUSY-retryable; first sample: -BUSY durable log staging is full, retry)
ops = 432204
errors = 10
busy_retryable = 10
elapsed_s = 301.671
ops_per_sec = 1433
p50_us = 8447
p99_us = 376831
p999_us = 7733247
p9999_us = 16252927
max_us = 16305498
error_sample = -BUSY durable log staging is full, retry
inf-bench: 10 error replies under load (10 BUSY-retryable; first sample: -BUSY durable log staging is full, retry)
ops = 306963
errors = 15
busy_retryable = 15
elapsed_s = 300.010
ops_per_sec = 1023
p50_us = 9983
p99_us = 1212415
p999_us = 8650751
p9999_us = 12582911
max_us = 13888307
error_sample = -BUSY durable log staging is full, retry
inf-bench: 15 error replies under load (15 BUSY-retryable; first sample: -BUSY durable log staging is full, retry)
ops = 366197
errors = 0
busy_retryable = 0
elapsed_s = 306.133
ops_per_sec = 1196
p50_us = 9727
p99_us = 655359
p999_us = 7995391
p9999_us = 14680063
max_us = 16607480
inf-bench: server closed connection under load
