ops = 50831160
errors = 0
busy_retryable = 0
elapsed_s = 300.000
ops_per_sec = 169437
p50_us = 247
p99_us = 7039
p999_us = 75775
p9999_us = 622591
max_us = 2369401
ops = 171699705
errors = 0
busy_retryable = 0
elapsed_s = 300.000
ops_per_sec = 572332
p50_us = 179
p99_us = 783
p999_us = 6399
p9999_us = 11007
max_us = 715959
ops = 156407110
errors = 0
busy_retryable = 0
elapsed_s = 300.000
ops_per_sec = 521356
p50_us = 203
p99_us = 879
p999_us = 6399
p9999_us = 10751
max_us = 942641
ops = 164120794
errors = 0
busy_retryable = 0
elapsed_s = 300.000
ops_per_sec = 547069
p50_us = 187
p99_us = 831
p999_us = 6015
p9999_us = 9727
max_us = 506558
ops = 169365826
errors = 0
busy_retryable = 0
elapsed_s = 300.004
ops_per_sec = 564546
p50_us = 179
p99_us = 815
p999_us = 6271
p9999_us = 10239
max_us = 477445
ops = 165449401
errors = 0
busy_retryable = 0
elapsed_s = 300.000
ops_per_sec = 551497
p50_us = 187
p99_us = 831
p999_us = 6015
p9999_us = 9727
max_us = 106938
ops = 155824449
errors = 0
busy_retryable = 0
elapsed_s = 300.000
ops_per_sec = 519414
p50_us = 199
p99_us = 863
p999_us = 6399
p9999_us = 10239
max_us = 1051740
ops = 191168252
errors = 0
busy_retryable = 0
elapsed_s = 300.000
ops_per_sec = 637227
p50_us = 163
p99_us = 719
p999_us = 5375
p9999_us = 9215
max_us = 285627
ops = 167685670
errors = 0
busy_retryable = 0
elapsed_s = 300.000
ops_per_sec = 558952
p50_us = 187
p99_us = 799
p999_us = 5887
p9999_us = 9727
max_us = 145457
ops = 173878476
errors = 0
busy_retryable = 0
elapsed_s = 300.000
ops_per_sec = 579594
p50_us = 175
p99_us = 783
p999_us = 5887
p9999_us = 9727
max_us = 241514
ops = 168841241
errors = 0
busy_retryable = 0
elapsed_s = 300.007
ops_per_sec = 562791
p50_us = 183
p99_us = 815
p999_us = 5887
p9999_us = 9727
max_us = 122011
ops = 167825157
errors = 0
busy_retryable = 0
elapsed_s = 300.002
ops_per_sec = 559414
p50_us = 187
p99_us = 799
p999_us = 5887
p9999_us = 9727
max_us = 311162
ops = 169034879
errors = 0
busy_retryable = 0
elapsed_s = 300.000
ops_per_sec = 563449
p50_us = 183
p99_us = 799
p999_us = 5887
p9999_us = 9727
max_us = 363476
ops = 167234406
errors = 0
busy_retryable = 0
elapsed_s = 300.000
ops_per_sec = 557447
p50_us = 187
p99_us = 799
p999_us = 6015
p9999_us = 9727
max_us = 126272
ops = 172427565
errors = 0
busy_retryable = 0
elapsed_s = 300.000
ops_per_sec = 574758
p50_us = 179
p99_us = 799
p999_us = 6015
p9999_us = 9727
max_us = 52726
ops = 164092602
errors = 0
busy_retryable = 0
elapsed_s = 300.000
ops_per_sec = 546974
p50_us = 191
p99_us = 815
p999_us = 6143
p9999_us = 9983
max_us = 386496
ops = 164074443
errors = 0
busy_retryable = 0
elapsed_s = 300.001
ops_per_sec = 546914
p50_us = 191
p99_us = 847
p999_us = 6015
p9999_us = 9727
max_us = 49334
ops = 162223900
errors = 0
busy_retryable = 0
elapsed_s = 300.000
ops_per_sec = 540746
p50_us = 195
p99_us = 831
p999_us = 6015
p9999_us = 9727
max_us = 363492
ops = 148297761
errors = 0
busy_retryable = 0
elapsed_s = 300.000
ops_per_sec = 494325
p50_us = 215
p99_us = 879
p999_us = 6271
p9999_us = 9727
max_us = 145948
ops = 171051864
errors = 0
busy_retryable = 0
elapsed_s = 300.000
ops_per_sec = 570172
p50_us = 179
p99_us = 799
p999_us = 6015
p9999_us = 9727
max_us = 91370
ops = 170473878
errors = 0
busy_retryable = 0
elapsed_s = 300.000
ops_per_sec = 568246
p50_us = 183
p99_us = 799
p999_us = 5887
p9999_us = 9471
max_us = 363039
ops = 172749162
errors = 0
busy_retryable = 0
elapsed_s = 300.000
ops_per_sec = 575830
p50_us = 183
p99_us = 783
p999_us = 6015
p9999_us = 9727
max_us = 413380
ops = 165196145
errors = 0
busy_retryable = 0
elapsed_s = 300.001
ops_per_sec = 550653
p50_us = 195
p99_us = 799
p999_us = 5887
p9999_us = 9471
max_us = 149855
ops = 158692189
errors = 0
busy_retryable = 0
elapsed_s = 300.000
ops_per_sec = 528973
p50_us = 199
p99_us = 815
p999_us = 6271
p9999_us = 9727
max_us = 93803
ops = 166298011
errors = 0
busy_retryable = 0
elapsed_s = 300.000
ops_per_sec = 554326
p50_us = 187
p99_us = 799
p999_us = 5887
p9999_us = 9727
max_us = 411726
ops = 159722310
errors = 0
busy_retryable = 0
elapsed_s = 300.000
ops_per_sec = 532407
p50_us = 195
p99_us = 831
p999_us = 6143
p9999_us = 9983
max_us = 373272
ops = 174044990
errors = 0
busy_retryable = 0
elapsed_s = 300.000
ops_per_sec = 580149
p50_us = 179
p99_us = 783
p999_us = 5759
p9999_us = 9727
max_us = 447935
ops = 158830708
errors = 0
busy_retryable = 0
elapsed_s = 300.007
ops_per_sec = 529423
p50_us = 199
p99_us = 847
p999_us = 6143
p9999_us = 9727
max_us = 160105
ops = 158180422
errors = 0
busy_retryable = 0
elapsed_s = 300.000
ops_per_sec = 527267
p50_us = 195
p99_us = 847
p999_us = 6271
p9999_us = 10239
max_us = 448988
ops = 168548683
errors = 0
busy_retryable = 0
elapsed_s = 300.000
ops_per_sec = 561828
p50_us = 183
p99_us = 815
p999_us = 6143
p9999_us = 9983
max_us = 404029
ops = 160040249
errors = 0
busy_retryable = 0
elapsed_s = 300.000
ops_per_sec = 533467
p50_us = 195
p99_us = 831
p999_us = 6271
p9999_us = 9983
max_us = 504062
ops = 149426323
errors = 0
busy_retryable = 0
elapsed_s = 300.000
ops_per_sec = 498087
p50_us = 207
p99_us = 927
p999_us = 6143
p9999_us = 10239
max_us = 439391
ops = 172128058
errors = 0
busy_retryable = 0
elapsed_s = 300.000
ops_per_sec = 573759
p50_us = 179
p99_us = 799
p999_us = 5887
p9999_us = 9727
max_us = 147455
ops = 171485286
errors = 0
busy_retryable = 0
elapsed_s = 300.000
ops_per_sec = 571617
p50_us = 175
p99_us = 815
p999_us = 5887
p9999_us = 9727
max_us = 524760
ops = 169099547
errors = 0
busy_retryable = 0
elapsed_s = 300.000
ops_per_sec = 563664
p50_us = 183
p99_us = 783
p999_us = 6143
p9999_us = 9727
max_us = 56327
ops = 157116667
errors = 0
busy_retryable = 0
elapsed_s = 300.000
ops_per_sec = 523721
p50_us = 203
p99_us = 847
p999_us = 6399
p9999_us = 10495
max_us = 528732
ops = 174932485
errors = 0
busy_retryable = 0
elapsed_s = 300.000
ops_per_sec = 583108
p50_us = 179
p99_us = 783
p999_us = 5759
p9999_us = 9727
max_us = 172859
ops = 162950106
errors = 0
busy_retryable = 0
elapsed_s = 300.000
ops_per_sec = 543166
p50_us = 191
p99_us = 847
p999_us = 6143
p9999_us = 9727
max_us = 193804
ops = 155147886
errors = 0
busy_retryable = 0
elapsed_s = 300.000
ops_per_sec = 517159
p50_us = 203
p99_us = 863
p999_us = 6399
p9999_us = 10239
max_us = 406439
ops = 154939186
errors = 0
busy_retryable = 0
elapsed_s = 300.000
ops_per_sec = 516463
p50_us = 207
p99_us = 911
p999_us = 6399
p9999_us = 9983
max_us = 63344
ops = 161451518
errors = 0
busy_retryable = 0
elapsed_s = 300.000
ops_per_sec = 538171
p50_us = 195
p99_us = 831
p999_us = 6271
p9999_us = 10239
max_us = 81479
ops = 159307613
errors = 0
busy_retryable = 0
elapsed_s = 300.001
ops_per_sec = 531024
p50_us = 195
p99_us = 831
p999_us = 6399
p9999_us = 10239
max_us = 176711
ops = 162758328
errors = 0
busy_retryable = 0
elapsed_s = 300.000
ops_per_sec = 542527
p50_us = 187
p99_us = 831
p999_us = 6143
p9999_us = 10239
max_us = 379639
ops = 155285869
errors = 0
busy_retryable = 0
elapsed_s = 300.008
ops_per_sec = 517605
p50_us = 203
p99_us = 895
p999_us = 6527
p9999_us = 10495
max_us = 277185
ops = 161883905
errors = 0
busy_retryable = 0
elapsed_s = 300.000
ops_per_sec = 539612
p50_us = 195
p99_us = 847
p999_us = 6143
p9999_us = 9727
max_us = 130095
ops = 166894091
errors = 0
busy_retryable = 0
elapsed_s = 300.000
ops_per_sec = 556313
p50_us = 187
p99_us = 815
p999_us = 6015
p9999_us = 9983
max_us = 527973
ops = 166491648
errors = 0
busy_retryable = 0
elapsed_s = 300.000
ops_per_sec = 554971
p50_us = 187
p99_us = 799
p999_us = 6143
p9999_us = 9983
max_us = 149768
ops = 161382643
errors = 0
busy_retryable = 0
elapsed_s = 300.000
ops_per_sec = 537941
p50_us = 191
p99_us = 847
p999_us = 6143
p9999_us = 10239
max_us = 124963
ops = 153330352
errors = 0
busy_retryable = 0
elapsed_s = 300.001
ops_per_sec = 511100
p50_us = 203
p99_us = 863
p999_us = 6143
p9999_us = 9983
max_us = 479220
ops = 168812015
errors = 0
busy_retryable = 0
elapsed_s = 300.000
ops_per_sec = 562706
p50_us = 187
p99_us = 783
p999_us = 6143
p9999_us = 9727
max_us = 315565
ops = 172478008
errors = 0
busy_retryable = 0
elapsed_s = 300.000
ops_per_sec = 574926
p50_us = 183
p99_us = 783
p999_us = 5759
p9999_us = 9727
max_us = 399333
ops = 171739226
errors = 0
busy_retryable = 0
elapsed_s = 300.001
ops_per_sec = 572463
p50_us = 179
p99_us = 799
p999_us = 5887
p9999_us = 9727
max_us = 356510
ops = 165863427
errors = 0
busy_retryable = 0
elapsed_s = 300.001
ops_per_sec = 552877
p50_us = 187
p99_us = 815
p999_us = 6015
p9999_us = 9727
max_us = 110694
ops = 170103178
errors = 0
busy_retryable = 0
elapsed_s = 300.001
ops_per_sec = 567009
p50_us = 183
p99_us = 799
p999_us = 5887
p9999_us = 9471
max_us = 317299
ops = 175329520
errors = 0
busy_retryable = 0
elapsed_s = 300.001
ops_per_sec = 584431
p50_us = 175
p99_us = 783
p999_us = 5887
p9999_us = 9471
max_us = 154220
ops = 160967483
errors = 0
busy_retryable = 0
elapsed_s = 300.000
ops_per_sec = 536558
p50_us = 199
p99_us = 847
p999_us = 6143
p9999_us = 9471
max_us = 167014
ops = 165110915
errors = 0
busy_retryable = 0
elapsed_s = 300.001
ops_per_sec = 550368
p50_us = 191
p99_us = 815
p999_us = 6015
p9999_us = 9983
max_us = 494453
ops = 169932493
errors = 0
busy_retryable = 0
elapsed_s = 300.001
ops_per_sec = 566440
p50_us = 183
p99_us = 783
p999_us = 5887
p9999_us = 9727
max_us = 157654
ops = 170837382
errors = 0
busy_retryable = 0
elapsed_s = 300.000
ops_per_sec = 569457
p50_us = 179
p99_us = 799
p999_us = 6015
p9999_us = 9983
max_us = 362788
ops = 161586036
errors = 0
busy_retryable = 0
elapsed_s = 300.000
ops_per_sec = 538619
p50_us = 195
p99_us = 831
p999_us = 6271
p9999_us = 9983
max_us = 180102
ops = 160961043
errors = 0
busy_retryable = 0
elapsed_s = 300.000
ops_per_sec = 536536
p50_us = 199
p99_us = 831
p999_us = 6271
p9999_us = 9983
max_us = 463096
ops = 171454970
errors = 0
busy_retryable = 0
elapsed_s = 300.000
ops_per_sec = 571516
p50_us = 179
p99_us = 799
p999_us = 6015
p9999_us = 9727
max_us = 131882
ops = 166750822
errors = 0
busy_retryable = 0
elapsed_s = 300.000
ops_per_sec = 555835
p50_us = 187
p99_us = 815
p999_us = 6015
p9999_us = 9727
max_us = 140854
ops = 173015081
errors = 0
busy_retryable = 0
elapsed_s = 300.000
ops_per_sec = 576716
p50_us = 179
p99_us = 767
p999_us = 6015
p9999_us = 9983
max_us = 182720
ops = 166625176
errors = 0
busy_retryable = 0
elapsed_s = 300.000
ops_per_sec = 555417
p50_us = 191
p99_us = 799
p999_us = 6143
p9999_us = 10239
max_us = 424520
ops = 161325639
errors = 0
busy_retryable = 0
elapsed_s = 300.000
ops_per_sec = 537751
p50_us = 195
p99_us = 847
p999_us = 6143
p9999_us = 9983
max_us = 659329
ops = 173302574
errors = 0
busy_retryable = 0
elapsed_s = 300.000
ops_per_sec = 577674
p50_us = 175
p99_us = 799
p999_us = 6015
p9999_us = 9727
max_us = 344096
ops = 152806239
errors = 0
busy_retryable = 0
elapsed_s = 300.000
ops_per_sec = 509353
p50_us = 203
p99_us = 895
p999_us = 6527
p9999_us = 10239
max_us = 400433
ops = 159689501
errors = 0
busy_retryable = 0
elapsed_s = 300.000
ops_per_sec = 532298
p50_us = 195
p99_us = 895
p999_us = 6143
p9999_us = 9983
max_us = 257886
ops = 166762478
errors = 0
busy_retryable = 0
elapsed_s = 300.000
ops_per_sec = 555874
p50_us = 187
p99_us = 815
p999_us = 6015
p9999_us = 9983
max_us = 86748
ops = 163748673
errors = 0
busy_retryable = 0
elapsed_s = 300.000
ops_per_sec = 545828
p50_us = 183
p99_us = 863
p999_us = 6399
p9999_us = 10751
max_us = 153981
ops = 164764060
errors = 0
busy_retryable = 0
elapsed_s = 300.005
ops_per_sec = 549205
p50_us = 187
p99_us = 847
p999_us = 6143
p9999_us = 9983
max_us = 84754
ops = 157558364
errors = 0
busy_retryable = 0
elapsed_s = 300.000
ops_per_sec = 525194
p50_us = 203
p99_us = 879
p999_us = 6271
p9999_us = 10239
max_us = 159002
ops = 154872087
errors = 0
busy_retryable = 0
elapsed_s = 300.000
ops_per_sec = 516240
p50_us = 203
p99_us = 911
p999_us = 6271
p9999_us = 10239
max_us = 151670
ops = 173041965
errors = 0
busy_retryable = 0
elapsed_s = 300.000
ops_per_sec = 576806
p50_us = 179
p99_us = 799
p999_us = 6015
p9999_us = 10495
max_us = 271954
ops = 158479826
errors = 0
busy_retryable = 0
elapsed_s = 300.000
ops_per_sec = 528265
p50_us = 199
p99_us = 863
p999_us = 6143
p9999_us = 9727
max_us = 198988
ops = 177881186
errors = 0
busy_retryable = 0
elapsed_s = 300.000
ops_per_sec = 592937
p50_us = 175
p99_us = 783
p999_us = 6015
p9999_us = 10239
max_us = 298790
ops = 170459216
errors = 0
busy_retryable = 0
elapsed_s = 300.001
ops_per_sec = 568196
p50_us = 179
p99_us = 815
p999_us = 6015
p9999_us = 9983
max_us = 127164
ops = 159653890
errors = 0
busy_retryable = 0
elapsed_s = 300.000
ops_per_sec = 532179
p50_us = 195
p99_us = 847
p999_us = 6271
p9999_us = 10495
max_us = 488314
ops = 158267377
errors = 0
busy_retryable = 0
elapsed_s = 300.000
ops_per_sec = 527557
p50_us = 199
p99_us = 863
p999_us = 6143
p9999_us = 10239
max_us = 232963
ops = 149933740
errors = 0
busy_retryable = 0
elapsed_s = 300.000
ops_per_sec = 499779
p50_us = 219
p99_us = 927
p999_us = 6399
p9999_us = 10495
max_us = 468338
ops = 166059174
errors = 0
busy_retryable = 0
elapsed_s = 300.001
ops_per_sec = 553529
p50_us = 187
p99_us = 863
p999_us = 5887
p9999_us = 9727
max_us = 91149
ops = 169541434
errors = 0
busy_retryable = 0
elapsed_s = 300.000
ops_per_sec = 565137
p50_us = 179
p99_us = 831
p999_us = 6015
p9999_us = 10239
max_us = 316911
ops = 158413510
errors = 0
busy_retryable = 0
elapsed_s = 300.000
ops_per_sec = 528045
p50_us = 199
p99_us = 879
p999_us = 6143
p9999_us = 10495
max_us = 309353
ops = 162848786
errors = 0
busy_retryable = 0
elapsed_s = 300.001
ops_per_sec = 542828
p50_us = 195
p99_us = 847
p999_us = 6143
p9999_us = 10239
max_us = 177959
ops = 153758161
errors = 0
busy_retryable = 0
elapsed_s = 300.000
ops_per_sec = 512527
p50_us = 203
p99_us = 927
p999_us = 6527
p9999_us = 10495
max_us = 139961
ops = 167484601
errors = 0
busy_retryable = 0
elapsed_s = 300.000
ops_per_sec = 558281
p50_us = 183
p99_us = 847
p999_us = 6143
p9999_us = 10495
max_us = 409779
ops = 142534361
errors = 0
busy_retryable = 0
elapsed_s = 300.000
ops_per_sec = 475114
p50_us = 223
p99_us = 959
p999_us = 6527
p9999_us = 10751
max_us = 104513
ops = 164563274
errors = 0
busy_retryable = 0
elapsed_s = 300.001
ops_per_sec = 548543
p50_us = 191
p99_us = 831
p999_us = 6143
p9999_us = 10751
max_us = 589731
ops = 172052850
errors = 0
busy_retryable = 0
elapsed_s = 300.000
ops_per_sec = 573509
p50_us = 179
p99_us = 783
p999_us = 6015
p9999_us = 10495
max_us = 656473
ops = 164641418
errors = 0
busy_retryable = 0
elapsed_s = 300.000
ops_per_sec = 548804
p50_us = 183
p99_us = 831
p999_us = 6271
p9999_us = 10751
max_us = 342293
ops = 166244382
errors = 0
busy_retryable = 0
elapsed_s = 300.000
ops_per_sec = 554147
p50_us = 187
p99_us = 831
p999_us = 6015
p9999_us = 10495
max_us = 147037
ops = 174928307
errors = 0
busy_retryable = 0
elapsed_s = 300.000
ops_per_sec = 583094
p50_us = 175
p99_us = 799
p999_us = 6015
p9999_us = 10495
max_us = 188802
ops = 169352895
errors = 0
busy_retryable = 0
elapsed_s = 300.000
ops_per_sec = 564509
p50_us = 183
p99_us = 831
p999_us = 6143
p9999_us = 10495
max_us = 125918
ops = 162866208
errors = 0
busy_retryable = 0
elapsed_s = 300.000
ops_per_sec = 542887
p50_us = 191
p99_us = 847
p999_us = 6015
p9999_us = 11007
max_us = 177014
ops = 172963601
errors = 0
busy_retryable = 0
elapsed_s = 300.000
ops_per_sec = 576545
p50_us = 179
p99_us = 799
p999_us = 5759
p9999_us = 9983
max_us = 220294
ops = 170422480
errors = 0
busy_retryable = 0
elapsed_s = 300.000
ops_per_sec = 568074
p50_us = 183
p99_us = 815
p999_us = 6015
p9999_us = 10495
max_us = 286452
ops = 166716283
errors = 0
busy_retryable = 0
elapsed_s = 300.000
ops_per_sec = 555720
p50_us = 187
p99_us = 831
p999_us = 6143
p9999_us = 10495
max_us = 180000
ops = 165023110
errors = 0
busy_retryable = 0
elapsed_s = 300.000
ops_per_sec = 550076
p50_us = 187
p99_us = 863
p999_us = 6143
p9999_us = 10495
max_us = 457883
ops = 176436220
errors = 0
busy_retryable = 0
elapsed_s = 300.003
ops_per_sec = 588114
p50_us = 175
p99_us = 799
p999_us = 5887
p9999_us = 10239
max_us = 203195
ops = 170476940
errors = 0
busy_retryable = 0
elapsed_s = 300.000
ops_per_sec = 568256
p50_us = 179
p99_us = 815
p999_us = 6271
p9999_us = 11007
max_us = 235178
ops = 163664337
errors = 0
busy_retryable = 0
elapsed_s = 300.000
ops_per_sec = 545547
p50_us = 191
p99_us = 863
p999_us = 6143
p9999_us = 10495
max_us = 409041
ops = 172275521
errors = 0
busy_retryable = 0
elapsed_s = 300.000
ops_per_sec = 574251
p50_us = 179
p99_us = 831
p999_us = 6015
p9999_us = 10239
max_us = 622006
ops = 154025945
errors = 0
busy_retryable = 0
elapsed_s = 300.000
ops_per_sec = 513419
p50_us = 203
p99_us = 927
p999_us = 6143
p9999_us = 10239
max_us = 175647
ops = 157282047
errors = 0
busy_retryable = 0
elapsed_s = 300.000
ops_per_sec = 524273
p50_us = 195
p99_us = 911
p999_us = 6271
p9999_us = 11263
max_us = 363852
ops = 148203696
errors = 0
busy_retryable = 0
elapsed_s = 300.000
ops_per_sec = 494012
p50_us = 215
p99_us = 943
p999_us = 6655
p9999_us = 10751
max_us = 58549
ops = 173573838
errors = 0
busy_retryable = 0
elapsed_s = 300.000
ops_per_sec = 578579
p50_us = 179
p99_us = 783
p999_us = 5887
p9999_us = 10495
max_us = 1009167
ops = 193457971
errors = 0
busy_retryable = 0
elapsed_s = 300.001
ops_per_sec = 644858
p50_us = 155
p99_us = 735
p999_us = 5631
p9999_us = 10239
max_us = 570502
ops = 161515396
errors = 0
busy_retryable = 0
elapsed_s = 300.001
ops_per_sec = 538383
p50_us = 195
p99_us = 879
p999_us = 6143
p9999_us = 11007
max_us = 478391
ops = 167003273
errors = 0
busy_retryable = 0
elapsed_s = 300.000
ops_per_sec = 556677
p50_us = 183
p99_us = 847
p999_us = 6143
p9999_us = 10495
max_us = 41073
ops = 157636324
errors = 0
busy_retryable = 0
elapsed_s = 300.001
ops_per_sec = 525453
p50_us = 195
p99_us = 911
p999_us = 6271
p9999_us = 11007
max_us = 147500
ops = 166852923
errors = 0
busy_retryable = 0
elapsed_s = 300.000
ops_per_sec = 556176
p50_us = 187
p99_us = 831
p999_us = 6143
p9999_us = 10751
max_us = 358076
ops = 157383714
errors = 0
busy_retryable = 0
elapsed_s = 300.000
ops_per_sec = 524612
p50_us = 195
p99_us = 911
p999_us = 6399
p9999_us = 10751
max_us = 377990
ops = 163360203
errors = 0
busy_retryable = 0
elapsed_s = 300.002
ops_per_sec = 544531
p50_us = 187
p99_us = 879
p999_us = 6143
p9999_us = 10495
max_us = 199237
ops = 163561030
errors = 0
busy_retryable = 0
elapsed_s = 300.000
ops_per_sec = 545203
p50_us = 187
p99_us = 863
p999_us = 6271
p9999_us = 10495
max_us = 35028
ops = 168859032
errors = 0
busy_retryable = 0
elapsed_s = 300.000
ops_per_sec = 562863
p50_us = 183
p99_us = 847
p999_us = 6015
p9999_us = 10239
max_us = 132923
ops = 153689403
errors = 0
busy_retryable = 0
elapsed_s = 300.211
ops_per_sec = 511937
p50_us = 203
p99_us = 911
p999_us = 6655
p9999_us = 11007
max_us = 363702
ops = 158095659
errors = 0
busy_retryable = 0
elapsed_s = 300.000
ops_per_sec = 526985
p50_us = 199
p99_us = 863
p999_us = 6399
p9999_us = 11007
max_us = 365378
ops = 157551035
errors = 0
busy_retryable = 0
elapsed_s = 300.001
ops_per_sec = 525169
p50_us = 199
p99_us = 911
p999_us = 6271
p9999_us = 11007
max_us = 91616
ops = 147377432
errors = 0
busy_retryable = 0
elapsed_s = 300.000
ops_per_sec = 491257
p50_us = 215
p99_us = 959
p999_us = 6783
p9999_us = 12287
max_us = 406281
ops = 165090552
errors = 0
busy_retryable = 0
elapsed_s = 300.000
ops_per_sec = 550301
p50_us = 187
p99_us = 863
p999_us = 6143
p9999_us = 10495
max_us = 168929
ops = 161342781
errors = 0
busy_retryable = 0
elapsed_s = 300.006
ops_per_sec = 537798
p50_us = 191
p99_us = 879
p999_us = 6015
p9999_us = 10239
max_us = 281305
ops = 169676051
errors = 0
busy_retryable = 0
elapsed_s = 300.000
ops_per_sec = 565586
p50_us = 183
p99_us = 863
p999_us = 6143
p9999_us = 10239
max_us = 94432
ops = 164221597
errors = 0
busy_retryable = 0
elapsed_s = 300.000
ops_per_sec = 547404
p50_us = 187
p99_us = 863
p999_us = 6143
p9999_us = 10751
max_us = 233192
ops = 172099955
errors = 0
busy_retryable = 0
elapsed_s = 300.000
ops_per_sec = 573666
p50_us = 179
p99_us = 815
p999_us = 5887
p9999_us = 11263
max_us = 186651
ops = 168347176
errors = 0
busy_retryable = 0
elapsed_s = 300.003
ops_per_sec = 561151
p50_us = 183
p99_us = 831
p999_us = 6015
p9999_us = 10495
max_us = 405054
ops = 167623034
errors = 0
busy_retryable = 0
elapsed_s = 300.000
ops_per_sec = 558743
p50_us = 183
p99_us = 815
p999_us = 6399
p9999_us = 11263
max_us = 178456
ops = 172602625
errors = 0
busy_retryable = 0
elapsed_s = 300.000
ops_per_sec = 575341
p50_us = 179
p99_us = 831
p999_us = 6143
p9999_us = 10495
max_us = 45683
ops = 158081229
errors = 0
busy_retryable = 0
elapsed_s = 300.000
ops_per_sec = 526937
p50_us = 199
p99_us = 879
p999_us = 6271
p9999_us = 11263
max_us = 134892
ops = 170684943
errors = 0
busy_retryable = 0
elapsed_s = 300.000
ops_per_sec = 568949
p50_us = 179
p99_us = 831
p999_us = 6143
p9999_us = 10751
max_us = 329674
ops = 154823750
errors = 0
busy_retryable = 0
elapsed_s = 300.000
ops_per_sec = 516078
p50_us = 207
p99_us = 943
p999_us = 6783
p9999_us = 11519
max_us = 129514
ops = 169866919
errors = 0
busy_retryable = 0
elapsed_s = 300.000
ops_per_sec = 566222
p50_us = 179
p99_us = 863
p999_us = 6143
p9999_us = 10495
max_us = 492976
ops = 160310709
errors = 0
busy_retryable = 0
elapsed_s = 300.000
ops_per_sec = 534368
p50_us = 191
p99_us = 911
p999_us = 6143
p9999_us = 10751
max_us = 52576
ops = 158959928
errors = 0
busy_retryable = 0
elapsed_s = 300.001
ops_per_sec = 529864
p50_us = 191
p99_us = 927
p999_us = 6143
p9999_us = 11007
max_us = 350706
ops = 163390587
errors = 0
busy_retryable = 0
elapsed_s = 300.015
ops_per_sec = 544608
p50_us = 191
p99_us = 895
p999_us = 6399
p9999_us = 11519
max_us = 475518
ops = 171341550
errors = 0
busy_retryable = 0
elapsed_s = 300.000
ops_per_sec = 571138
p50_us = 175
p99_us = 831
p999_us = 6271
p9999_us = 11007
max_us = 474225
ops = 164605917
errors = 0
busy_retryable = 0
elapsed_s = 300.001
ops_per_sec = 548685
p50_us = 183
p99_us = 911
p999_us = 6271
p9999_us = 11007
max_us = 120925
ops = 160870250
errors = 0
busy_retryable = 0
elapsed_s = 300.007
ops_per_sec = 536221
p50_us = 195
p99_us = 911
p999_us = 6399
p9999_us = 11263
max_us = 342537
ops = 153971854
errors = 0
busy_retryable = 0
elapsed_s = 300.000
ops_per_sec = 513239
p50_us = 203
p99_us = 863
p999_us = 6271
p9999_us = 9983
max_us = 111089
ops = 168825528
errors = 0
busy_retryable = 0
elapsed_s = 300.000
ops_per_sec = 562751
p50_us = 183
p99_us = 799
p999_us = 5887
p9999_us = 9471
max_us = 163759
ops = 161311104
errors = 0
busy_retryable = 0
elapsed_s = 300.005
ops_per_sec = 537695
p50_us = 195
p99_us = 799
p999_us = 6143
p9999_us = 9983
max_us = 456903
ops = 168520443
errors = 0
busy_retryable = 0
elapsed_s = 300.001
ops_per_sec = 561734
p50_us = 187
p99_us = 799
p999_us = 5759
p9999_us = 9471
max_us = 144551
ops = 162575723
errors = 0
busy_retryable = 0
elapsed_s = 300.000
ops_per_sec = 541918
p50_us = 191
p99_us = 831
p999_us = 6143
p9999_us = 9727
max_us = 388448
ops = 168449106
errors = 0
busy_retryable = 0
elapsed_s = 300.000
ops_per_sec = 561496
p50_us = 187
p99_us = 799
p999_us = 5887
p9999_us = 9471
max_us = 46285
ops = 178616050
errors = 0
busy_retryable = 0
elapsed_s = 300.001
ops_per_sec = 595385
p50_us = 175
p99_us = 751
p999_us = 5631
p9999_us = 9471
max_us = 263367
ops = 163105487
errors = 0
busy_retryable = 0
elapsed_s = 300.000
ops_per_sec = 543684
p50_us = 191
p99_us = 783
p999_us = 6143
p9999_us = 9727
max_us = 564180
ops = 150400117
errors = 0
busy_retryable = 0
elapsed_s = 300.000
ops_per_sec = 501333
p50_us = 223
p99_us = 863
p999_us = 6015
p9999_us = 9471
max_us = 649468
ops = 173325541
errors = 0
busy_retryable = 0
elapsed_s = 300.000
ops_per_sec = 577751
p50_us = 179
p99_us = 783
p999_us = 5759
p9999_us = 9471
max_us = 141658
ops = 169614972
errors = 0
busy_retryable = 0
elapsed_s = 300.001
ops_per_sec = 565382
p50_us = 183
p99_us = 799
p999_us = 5887
p9999_us = 9471
max_us = 172417
ops = 170401110
errors = 0
busy_retryable = 0
elapsed_s = 300.001
ops_per_sec = 568002
p50_us = 187
p99_us = 799
p999_us = 5887
p9999_us = 9727
max_us = 200189
ops = 161601969
errors = 0
busy_retryable = 0
elapsed_s = 300.000
ops_per_sec = 538673
p50_us = 199
p99_us = 847
p999_us = 6271
p9999_us = 9983
max_us = 264203
ops = 169592404
errors = 0
busy_retryable = 0
elapsed_s = 300.000
ops_per_sec = 565307
p50_us = 183
p99_us = 815
p999_us = 6015
p9999_us = 9727
max_us = 172763
ops = 161189602
errors = 0
busy_retryable = 0
elapsed_s = 300.000
ops_per_sec = 537298
p50_us = 195
p99_us = 831
p999_us = 6399
p9999_us = 9983
max_us = 211294
ops = 167752552
errors = 0
busy_retryable = 0
elapsed_s = 300.000
ops_per_sec = 559174
p50_us = 187
p99_us = 815
p999_us = 5887
p9999_us = 9727
max_us = 99550
ops = 164334643
errors = 0
busy_retryable = 0
elapsed_s = 300.001
ops_per_sec = 547781
p50_us = 187
p99_us = 847
p999_us = 6015
p9999_us = 9727
max_us = 156568
ops = 161391805
errors = 0
busy_retryable = 0
elapsed_s = 300.001
ops_per_sec = 537972
p50_us = 195
p99_us = 847
p999_us = 5887
p9999_us = 9471
max_us = 181127
ops = 154144525
errors = 0
busy_retryable = 0
elapsed_s = 300.001
ops_per_sec = 513814
p50_us = 203
p99_us = 863
p999_us = 6655
p9999_us = 10239
max_us = 156035
ops = 164661708
errors = 0
busy_retryable = 0
elapsed_s = 300.000
ops_per_sec = 548872
p50_us = 191
p99_us = 815
p999_us = 6143
p9999_us = 9983
max_us = 325330
ops = 149126966
errors = 0
busy_retryable = 0
elapsed_s = 300.005
ops_per_sec = 497082
p50_us = 211
p99_us = 879
p999_us = 6527
p9999_us = 10495
max_us = 424871
ops = 157058525
errors = 0
busy_retryable = 0
elapsed_s = 300.000
ops_per_sec = 523528
p50_us = 199
p99_us = 879
p999_us = 6271
p9999_us = 9727
max_us = 484318
ops = 169643789
errors = 0
busy_retryable = 0
elapsed_s = 300.000
ops_per_sec = 565479
p50_us = 183
p99_us = 799
p999_us = 6015
p9999_us = 9727
max_us = 123976
ops = 162774216
errors = 0
busy_retryable = 0
elapsed_s = 300.069
ops_per_sec = 542456
p50_us = 191
p99_us = 831
p999_us = 6271
p9999_us = 10239
max_us = 815757
ops = 161320732
errors = 0
busy_retryable = 0
elapsed_s = 300.000
ops_per_sec = 537735
p50_us = 191
p99_us = 863
p999_us = 6015
p9999_us = 9983
max_us = 626519
ops = 173595652
errors = 0
busy_retryable = 0
elapsed_s = 300.000
ops_per_sec = 578651
p50_us = 179
p99_us = 783
p999_us = 6015
p9999_us = 9727
max_us = 325946
ops = 174071169
errors = 0
busy_retryable = 0
elapsed_s = 300.000
ops_per_sec = 580237
p50_us = 175
p99_us = 783
p999_us = 5887
p9999_us = 9983
max_us = 413948
ops = 171478585
errors = 0
busy_retryable = 0
elapsed_s = 300.001
ops_per_sec = 571594
p50_us = 179
p99_us = 799
p999_us = 6015
p9999_us = 9727
max_us = 263752
ops = 177176317
errors = 0
busy_retryable = 0
elapsed_s = 300.000
ops_per_sec = 590587
p50_us = 175
p99_us = 767
p999_us = 5887
p9999_us = 10239
max_us = 284341
ops = 173178564
errors = 0
busy_retryable = 0
elapsed_s = 300.000
ops_per_sec = 577261
p50_us = 175
p99_us = 783
p999_us = 5759
p9999_us = 10495
max_us = 353345
ops = 186026321
errors = 0
busy_retryable = 0
elapsed_s = 300.003
ops_per_sec = 620081
p50_us = 163
p99_us = 751
p999_us = 5631
p9999_us = 9983
max_us = 289855
ops = 184254982
errors = 0
busy_retryable = 0
elapsed_s = 300.000
ops_per_sec = 614182
p50_us = 167
p99_us = 751
p999_us = 5631
p9999_us = 9983
max_us = 385418
ops = 174680956
errors = 0
busy_retryable = 0
elapsed_s = 300.000
ops_per_sec = 582269
p50_us = 175
p99_us = 783
p999_us = 6015
p9999_us = 9983
max_us = 851209
ops = 183524688
errors = 0
busy_retryable = 0
elapsed_s = 300.001
ops_per_sec = 611747
p50_us = 171
p99_us = 751
p999_us = 5631
p9999_us = 9983
max_us = 803563
ops = 159032485
errors = 0
busy_retryable = 0
elapsed_s = 300.000
ops_per_sec = 530108
p50_us = 195
p99_us = 847
p999_us = 6015
p9999_us = 10495
max_us = 983140
ops = 182108846
errors = 0
busy_retryable = 0
elapsed_s = 300.000
ops_per_sec = 607029
p50_us = 171
p99_us = 767
p999_us = 5887
p9999_us = 10239
max_us = 243390
ops = 172207346
errors = 0
busy_retryable = 0
elapsed_s = 300.000
ops_per_sec = 574024
p50_us = 179
p99_us = 815
p999_us = 5887
p9999_us = 9983
max_us = 400639
ops = 150274068
errors = 0
busy_retryable = 0
elapsed_s = 300.006
ops_per_sec = 500904
p50_us = 215
p99_us = 943
p999_us = 6783
p9999_us = 10751
max_us = 192028
ops = 165153879
errors = 0
busy_retryable = 0
elapsed_s = 300.001
ops_per_sec = 550511
p50_us = 187
p99_us = 847
p999_us = 6143
p9999_us = 10239
max_us = 214002
ops = 180203442
errors = 0
busy_retryable = 0
elapsed_s = 300.000
ops_per_sec = 600677
p50_us = 171
p99_us = 783
p999_us = 5887
p9999_us = 10239
max_us = 1041891
ops = 166636208
errors = 0
busy_retryable = 0
elapsed_s = 300.000
ops_per_sec = 555453
p50_us = 187
p99_us = 847
p999_us = 6015
p9999_us = 9983
max_us = 416509
ops = 155881658
errors = 0
busy_retryable = 0
elapsed_s = 300.001
ops_per_sec = 519605
p50_us = 195
p99_us = 911
p999_us = 6143
p9999_us = 10239
max_us = 347709
ops = 167426422
errors = 0
busy_retryable = 0
elapsed_s = 300.000
ops_per_sec = 558088
p50_us = 183
p99_us = 815
p999_us = 6143
p9999_us = 10239
max_us = 166264
ops = 175382359
errors = 0
busy_retryable = 0
elapsed_s = 300.001
ops_per_sec = 584606
p50_us = 179
p99_us = 799
p999_us = 5887
p9999_us = 9983
max_us = 394052
ops = 172333279
errors = 0
busy_retryable = 0
elapsed_s = 300.000
ops_per_sec = 574444
p50_us = 179
p99_us = 799
p999_us = 6015
p9999_us = 10239
max_us = 388975
ops = 174296572
errors = 0
busy_retryable = 0
elapsed_s = 300.000
ops_per_sec = 580988
p50_us = 175
p99_us = 799
p999_us = 5887
p9999_us = 10239
max_us = 589792
ops = 175971199
errors = 0
busy_retryable = 0
elapsed_s = 300.000
ops_per_sec = 586570
p50_us = 175
p99_us = 783
p999_us = 6015
p9999_us = 10495
max_us = 663255
ops = 158464278
errors = 0
busy_retryable = 0
elapsed_s = 300.000
ops_per_sec = 528213
p50_us = 199
p99_us = 879
p999_us = 6015
p9999_us = 10239
max_us = 220290
ops = 165197156
errors = 0
busy_retryable = 0
elapsed_s = 300.001
ops_per_sec = 550655
p50_us = 187
p99_us = 847
p999_us = 6015
p9999_us = 9983
max_us = 246867
ops = 161198819
errors = 0
busy_retryable = 0
elapsed_s = 300.000
ops_per_sec = 537329
p50_us = 191
p99_us = 863
p999_us = 6143
p9999_us = 10751
max_us = 201662
ops = 165605036
errors = 0
busy_retryable = 0
elapsed_s = 300.000
ops_per_sec = 552016
p50_us = 187
p99_us = 831
p999_us = 6015
p9999_us = 9983
max_us = 201365
ops = 155268255
errors = 0
busy_retryable = 0
elapsed_s = 300.010
ops_per_sec = 517544
p50_us = 199
p99_us = 895
p999_us = 6143
p9999_us = 10495
max_us = 287892
ops = 186284058
errors = 0
busy_retryable = 0
elapsed_s = 300.001
ops_per_sec = 620946
p50_us = 163
p99_us = 751
p999_us = 5631
p9999_us = 10495
max_us = 897389
ops = 172244441
errors = 0
busy_retryable = 0
elapsed_s = 300.000
ops_per_sec = 574147
p50_us = 179
p99_us = 815
p999_us = 6143
p9999_us = 10751
max_us = 170672
ops = 166966521
errors = 0
busy_retryable = 0
elapsed_s = 300.001
ops_per_sec = 556554
p50_us = 195
p99_us = 863
p999_us = 6015
p9999_us = 9983
max_us = 147954
ops = 193961191
errors = 0
busy_retryable = 0
elapsed_s = 300.000
ops_per_sec = 646536
p50_us = 159
p99_us = 735
p999_us = 5503
p9999_us = 9983
max_us = 292060
ops = 164288866
errors = 0
busy_retryable = 0
elapsed_s = 300.000
ops_per_sec = 547629
p50_us = 187
p99_us = 847
p999_us = 6143
p9999_us = 11007
max_us = 617996
ops = 150684936
errors = 0
busy_retryable = 0
elapsed_s = 300.001
ops_per_sec = 502282
p50_us = 207
p99_us = 927
p999_us = 6399
p9999_us = 10495
max_us = 59888
ops = 165602952
errors = 0
busy_retryable = 0
elapsed_s = 300.001
ops_per_sec = 552008
p50_us = 187
p99_us = 831
p999_us = 6143
p9999_us = 10495
max_us = 184571
ops = 163921207
errors = 0
busy_retryable = 0
elapsed_s = 300.000
ops_per_sec = 546403
p50_us = 187
p99_us = 847
p999_us = 6271
p9999_us = 11007
max_us = 431000
ops = 165228418
errors = 0
busy_retryable = 0
elapsed_s = 300.000
ops_per_sec = 550760
p50_us = 183
p99_us = 863
p999_us = 6271
p9999_us = 10751
max_us = 209318
ops = 152183461
errors = 0
busy_retryable = 0
elapsed_s = 300.004
ops_per_sec = 507272
p50_us = 207
p99_us = 879
p999_us = 6655
p9999_us = 10751
max_us = 268584
ops = 172307513
errors = 0
busy_retryable = 0
elapsed_s = 300.000
ops_per_sec = 574358
p50_us = 183
p99_us = 799
p999_us = 6015
p9999_us = 10495
max_us = 142511
ops = 170222591
errors = 0
busy_retryable = 0
elapsed_s = 300.000
ops_per_sec = 567408
p50_us = 179
p99_us = 815
p999_us = 6143
p9999_us = 10495
max_us = 151447
ops = 166486365
errors = 0
busy_retryable = 0
elapsed_s = 300.000
ops_per_sec = 554954
p50_us = 191
p99_us = 831
p999_us = 6271
p9999_us = 11263
max_us = 267619
ops = 158708201
errors = 0
busy_retryable = 0
elapsed_s = 300.000
ops_per_sec = 529027
p50_us = 195
p99_us = 911
p999_us = 6399
p9999_us = 11007
max_us = 317682
ops = 165095745
errors = 0
busy_retryable = 0
elapsed_s = 300.000
ops_per_sec = 550318
p50_us = 187
p99_us = 879
p999_us = 6399
p9999_us = 11263
max_us = 514183
ops = 157593571
errors = 0
busy_retryable = 0
elapsed_s = 300.007
ops_per_sec = 525299
p50_us = 199
p99_us = 895
p999_us = 6271
p9999_us = 10495
max_us = 253682
ops = 165307180
errors = 0
busy_retryable = 0
elapsed_s = 300.000
ops_per_sec = 551023
p50_us = 187
p99_us = 815
p999_us = 6399
p9999_us = 10751
max_us = 398766
ops = 161611328
errors = 0
busy_retryable = 0
elapsed_s = 300.005
ops_per_sec = 538695
p50_us = 191
p99_us = 911
p999_us = 6143
p9999_us = 10239
max_us = 215952
ops = 163289216
errors = 0
busy_retryable = 0
elapsed_s = 300.000
ops_per_sec = 544297
p50_us = 187
p99_us = 863
p999_us = 6143
p9999_us = 10495
max_us = 162496
ops = 162529066
errors = 0
busy_retryable = 0
elapsed_s = 300.000
ops_per_sec = 541763
p50_us = 191
p99_us = 863
p999_us = 6015
p9999_us = 10495
max_us = 234658
ops = 169160691
errors = 0
busy_retryable = 0
elapsed_s = 300.000
ops_per_sec = 563868
p50_us = 179
p99_us = 831
p999_us = 6143
p9999_us = 11007
max_us = 487596
ops = 158820488
errors = 0
busy_retryable = 0
elapsed_s = 300.000
ops_per_sec = 529401
p50_us = 199
p99_us = 911
p999_us = 6399
p9999_us = 10751
max_us = 293770
ops = 168783411
errors = 0
busy_retryable = 0
elapsed_s = 300.000
ops_per_sec = 562611
p50_us = 187
p99_us = 847
p999_us = 6015
p9999_us = 10495
max_us = 102680
ops = 164442718
errors = 0
busy_retryable = 0
elapsed_s = 300.000
ops_per_sec = 548142
p50_us = 191
p99_us = 863
p999_us = 6143
p9999_us = 10495
max_us = 286380
ops = 160077502
errors = 0
busy_retryable = 0
elapsed_s = 300.001
ops_per_sec = 533591
p50_us = 191
p99_us = 895
p999_us = 6271
p9999_us = 10751
max_us = 321185
ops = 160166541
errors = 0
busy_retryable = 0
elapsed_s = 300.000
ops_per_sec = 533888
p50_us = 195
p99_us = 879
p999_us = 6271
p9999_us = 10751
max_us = 409538
ops = 171334313
errors = 0
busy_retryable = 0
elapsed_s = 300.000
ops_per_sec = 571114
p50_us = 175
p99_us = 831
p999_us = 6015
p9999_us = 11007
max_us = 505331
ops = 165731447
errors = 0
busy_retryable = 0
elapsed_s = 300.002
ops_per_sec = 552435
p50_us = 187
p99_us = 863
p999_us = 6015
p9999_us = 11007
max_us = 319629
ops = 157263006
errors = 0
busy_retryable = 0
elapsed_s = 300.000
ops_per_sec = 524209
p50_us = 195
p99_us = 927
p999_us = 6399
p9999_us = 10751
max_us = 113259
ops = 161526467
errors = 0
busy_retryable = 0
elapsed_s = 300.000
ops_per_sec = 538421
p50_us = 191
p99_us = 879
p999_us = 6143
p9999_us = 10495
max_us = 145516
ops = 185232720
errors = 0
busy_retryable = 0
elapsed_s = 300.000
ops_per_sec = 617442
p50_us = 167
p99_us = 751
p999_us = 5503
p9999_us = 9471
max_us = 141227
ops = 180526674
errors = 0
busy_retryable = 0
elapsed_s = 300.000
ops_per_sec = 601755
p50_us = 171
p99_us = 751
p999_us = 5759
p9999_us = 9471
max_us = 167622
ops = 166235873
errors = 0
busy_retryable = 0
elapsed_s = 300.001
ops_per_sec = 554118
p50_us = 187
p99_us = 815
p999_us = 5887
p9999_us = 9471
max_us = 223046
ops = 158999504
errors = 0
busy_retryable = 0
elapsed_s = 300.000
ops_per_sec = 529998
p50_us = 199
p99_us = 831
p999_us = 6015
p9999_us = 9471
max_us = 441592
ops = 167972699
errors = 0
busy_retryable = 0
elapsed_s = 300.000
ops_per_sec = 559908
p50_us = 183
p99_us = 799
p999_us = 6015
p9999_us = 9727
max_us = 157914
ops = 159173538
errors = 0
busy_retryable = 0
elapsed_s = 300.000
ops_per_sec = 530578
p50_us = 215
p99_us = 847
p999_us = 6399
p9999_us = 9983
max_us = 121022
ops = 155745615
errors = 0
busy_retryable = 0
elapsed_s = 300.000
ops_per_sec = 519151
p50_us = 203
p99_us = 863
p999_us = 6143
p9999_us = 9471
max_us = 125394
ops = 160970110
errors = 0
busy_retryable = 0
elapsed_s = 300.000
ops_per_sec = 536566
p50_us = 195
p99_us = 799
p999_us = 6399
p9999_us = 9983
max_us = 160101
ops = 174733897
errors = 0
busy_retryable = 0
elapsed_s = 300.000
ops_per_sec = 582446
p50_us = 175
p99_us = 783
p999_us = 5887
p9999_us = 9727
max_us = 398046
ops = 164738831
errors = 0
busy_retryable = 0
elapsed_s = 300.001
ops_per_sec = 549128
p50_us = 191
p99_us = 799
p999_us = 6143
p9999_us = 9727
max_us = 163166
ops = 162492212
errors = 0
busy_retryable = 0
elapsed_s = 300.004
ops_per_sec = 541634
p50_us = 195
p99_us = 831
p999_us = 6015
p9999_us = 9727
max_us = 84456
ops = 166652241
errors = 0
busy_retryable = 0
elapsed_s = 300.000
ops_per_sec = 555507
p50_us = 187
p99_us = 799
p999_us = 5887
p9999_us = 9471
max_us = 205882
ops = 184048898
errors = 0
busy_retryable = 0
elapsed_s = 300.000
ops_per_sec = 613496
p50_us = 167
p99_us = 751
p999_us = 5631
p9999_us = 9471
max_us = 280413
ops = 167986726
errors = 0
busy_retryable = 0
elapsed_s = 300.001
ops_per_sec = 559955
p50_us = 187
p99_us = 831
p999_us = 6015
p9999_us = 9727
max_us = 152448
ops = 171467781
errors = 0
busy_retryable = 0
elapsed_s = 300.000
ops_per_sec = 571558
p50_us = 179
p99_us = 799
p999_us = 5887
p9999_us = 9471
max_us = 190700
ops = 170540970
errors = 0
busy_retryable = 0
elapsed_s = 300.000
ops_per_sec = 568469
p50_us = 183
p99_us = 767
p999_us = 6015
p9999_us = 9727
max_us = 300806
ops = 164472788
errors = 0
busy_retryable = 0
elapsed_s = 300.000
ops_per_sec = 548242
p50_us = 195
p99_us = 831
p999_us = 5887
p9999_us = 9471
max_us = 149808
ops = 161854602
errors = 0
busy_retryable = 0
elapsed_s = 300.001
ops_per_sec = 539514
p50_us = 199
p99_us = 831
p999_us = 6015
p9999_us = 9471
max_us = 143651
ops = 169461046
errors = 0
busy_retryable = 0
elapsed_s = 300.003
ops_per_sec = 564864
p50_us = 183
p99_us = 799
p999_us = 5759
p9999_us = 9215
max_us = 276521
ops = 170069531
errors = 0
busy_retryable = 0
elapsed_s = 300.000
ops_per_sec = 566898
p50_us = 183
p99_us = 799
p999_us = 5887
p9999_us = 9727
max_us = 369246
ops = 169277859
errors = 0
busy_retryable = 0
elapsed_s = 300.000
ops_per_sec = 564259
p50_us = 187
p99_us = 799
p999_us = 5759
p9999_us = 9471
max_us = 175384
ops = 162396620
errors = 0
busy_retryable = 0
elapsed_s = 300.000
ops_per_sec = 541321
p50_us = 195
p99_us = 815
p999_us = 6015
p9999_us = 9471
max_us = 60722
ops = 171018176
errors = 0
busy_retryable = 0
elapsed_s = 300.000
ops_per_sec = 570060
p50_us = 183
p99_us = 799
p999_us = 5887
p9999_us = 9471
max_us = 303916
ops = 168118049
errors = 0
busy_retryable = 0
elapsed_s = 300.000
ops_per_sec = 560393
p50_us = 183
p99_us = 815
p999_us = 5887
p9999_us = 9471
max_us = 442724
ops = 164526466
errors = 0
busy_retryable = 0
elapsed_s = 300.000
ops_per_sec = 548421
p50_us = 191
p99_us = 815
p999_us = 6143
p9999_us = 9727
max_us = 200463
ops = 156193109
errors = 0
busy_retryable = 0
elapsed_s = 300.000
ops_per_sec = 520643
p50_us = 203
p99_us = 847
p999_us = 6015
p9999_us = 9727
max_us = 470623
ops = 167177367
errors = 0
busy_retryable = 0
elapsed_s = 300.000
ops_per_sec = 557257
p50_us = 187
p99_us = 815
p999_us = 6015
p9999_us = 9471
max_us = 282026
ops = 164530015
errors = 0
busy_retryable = 0
elapsed_s = 300.000
ops_per_sec = 548433
p50_us = 191
p99_us = 815
p999_us = 6015
p9999_us = 9727
max_us = 550095
ops = 170669016
errors = 0
busy_retryable = 0
elapsed_s = 300.009
ops_per_sec = 568879
p50_us = 183
p99_us = 799
p999_us = 5887
p9999_us = 9471
max_us = 115623
ops = 171250738
errors = 0
busy_retryable = 0
elapsed_s = 300.000
ops_per_sec = 570835
p50_us = 183
p99_us = 783
p999_us = 5631
p9999_us = 9471
max_us = 195763
ops = 145553323
errors = 0
busy_retryable = 0
elapsed_s = 300.000
ops_per_sec = 485177
p50_us = 215
p99_us = 927
p999_us = 6399
p9999_us = 9727
max_us = 159391
ops = 158595535
errors = 0
busy_retryable = 0
elapsed_s = 300.000
ops_per_sec = 528651
p50_us = 199
p99_us = 815
p999_us = 6143
p9999_us = 9727
max_us = 341989
ops = 156855091
errors = 0
busy_retryable = 0
elapsed_s = 300.000
ops_per_sec = 522850
p50_us = 199
p99_us = 831
p999_us = 6271
p9999_us = 9983
max_us = 354853
ops = 168657144
errors = 0
busy_retryable = 0
elapsed_s = 300.000
ops_per_sec = 562190
p50_us = 183
p99_us = 815
p999_us = 5759
p9999_us = 9471
max_us = 411535
ops = 168585748
errors = 0
busy_retryable = 0
elapsed_s = 300.000
ops_per_sec = 561952
p50_us = 183
p99_us = 783
p999_us = 5887
p9999_us = 9471
max_us = 557322
ops = 162189089
errors = 0
busy_retryable = 0
elapsed_s = 300.000
ops_per_sec = 540630
p50_us = 195
p99_us = 815
p999_us = 6015
p9999_us = 9727
max_us = 379782
ops = 179253882
errors = 0
busy_retryable = 0
elapsed_s = 300.003
ops_per_sec = 597508
p50_us = 175
p99_us = 767
p999_us = 5759
p9999_us = 9471
max_us = 102573
ops = 176042395
errors = 0
busy_retryable = 0
elapsed_s = 300.000
ops_per_sec = 586807
p50_us = 175
p99_us = 767
p999_us = 5887
p9999_us = 9727
max_us = 533064
ops = 169197587
errors = 0
busy_retryable = 0
elapsed_s = 300.000
ops_per_sec = 563991
p50_us = 183
p99_us = 799
p999_us = 6015
p9999_us = 9727
max_us = 287900
ops = 168843677
errors = 0
busy_retryable = 0
elapsed_s = 300.000
ops_per_sec = 562811
p50_us = 183
p99_us = 783
p999_us = 5887
p9999_us = 9727
max_us = 558291
ops = 173455530
errors = 0
busy_retryable = 0
elapsed_s = 300.000
ops_per_sec = 578184
p50_us = 179
p99_us = 783
p999_us = 5887
p9999_us = 9727
max_us = 171321
ops = 169721734
errors = 0
busy_retryable = 0
elapsed_s = 300.000
ops_per_sec = 565738
p50_us = 183
p99_us = 799
p999_us = 5887
p9999_us = 9727
max_us = 237334
ops = 167862489
errors = 0
busy_retryable = 0
elapsed_s = 300.000
ops_per_sec = 559541
p50_us = 187
p99_us = 799
p999_us = 5759
p9999_us = 9471
max_us = 699255
ops = 171427871
errors = 0
busy_retryable = 0
elapsed_s = 300.000
ops_per_sec = 571425
p50_us = 183
p99_us = 783
p999_us = 5759
p9999_us = 9471
max_us = 108467
ops = 163093999
errors = 0
busy_retryable = 0
elapsed_s = 300.000
ops_per_sec = 543646
p50_us = 191
p99_us = 815
p999_us = 6143
p9999_us = 9727
max_us = 128161
ops = 171238356
errors = 0
busy_retryable = 0
elapsed_s = 300.000
ops_per_sec = 570794
p50_us = 183
p99_us = 799
p999_us = 5887
p9999_us = 9471
max_us = 99010
ops = 168591402
errors = 0
busy_retryable = 0
elapsed_s = 300.000
ops_per_sec = 561970
p50_us = 183
p99_us = 799
p999_us = 6015
p9999_us = 9471
max_us = 251438
ops = 153765832
errors = 0
busy_retryable = 0
elapsed_s = 300.000
ops_per_sec = 512552
p50_us = 207
p99_us = 847
p999_us = 6143
p9999_us = 9727
max_us = 145435
ops = 157591820
errors = 0
busy_retryable = 0
elapsed_s = 300.000
ops_per_sec = 525305
p50_us = 199
p99_us = 847
p999_us = 6143
p9999_us = 9471
max_us = 81719
ops = 175697673
errors = 0
busy_retryable = 0
elapsed_s = 300.000
ops_per_sec = 585658
p50_us = 175
p99_us = 783
p999_us = 5631
p9999_us = 9471
max_us = 210998
ops = 165750692
errors = 0
busy_retryable = 0
elapsed_s = 300.001
ops_per_sec = 552500
p50_us = 187
p99_us = 815
p999_us = 6015
p9999_us = 9471
max_us = 139217
ops = 154750360
errors = 0
busy_retryable = 0
elapsed_s = 300.000
ops_per_sec = 515834
p50_us = 203
p99_us = 847
p999_us = 6015
p9999_us = 9471
max_us = 183976
ops = 172682113
errors = 0
busy_retryable = 0
elapsed_s = 300.001
ops_per_sec = 575606
p50_us = 183
p99_us = 767
p999_us = 5887
p9999_us = 9471
max_us = 174982
ops = 163650778
errors = 0
busy_retryable = 0
elapsed_s = 300.001
ops_per_sec = 545502
p50_us = 195
p99_us = 815
p999_us = 6015
p9999_us = 9471
max_us = 300001
ops = 166653800
errors = 0
busy_retryable = 0
elapsed_s = 300.000
ops_per_sec = 555512
p50_us = 187
p99_us = 815
p999_us = 6015
p9999_us = 9727
max_us = 293662
ops = 154440853
errors = 0
busy_retryable = 0
elapsed_s = 300.004
ops_per_sec = 514796
p50_us = 203
p99_us = 847
p999_us = 6399
p9999_us = 9727
max_us = 61720
ops = 174064676
errors = 0
busy_retryable = 0
elapsed_s = 300.000
ops_per_sec = 580215
p50_us = 179
p99_us = 783
p999_us = 5759
p9999_us = 9471
max_us = 161875
ops = 168478633
errors = 0
busy_retryable = 0
elapsed_s = 300.001
ops_per_sec = 561594
p50_us = 187
p99_us = 815
p999_us = 5887
p9999_us = 9471
max_us = 90127
ops = 172047334
errors = 0
busy_retryable = 0
elapsed_s = 300.000
ops_per_sec = 573491
p50_us = 179
p99_us = 783
p999_us = 5887
p9999_us = 9471
max_us = 167249
ops = 174471043
errors = 0
busy_retryable = 0
elapsed_s = 300.000
ops_per_sec = 581570
p50_us = 179
p99_us = 783
p999_us = 5887
p9999_us = 9471
max_us = 234742
ops = 163708524
errors = 0
busy_retryable = 0
elapsed_s = 300.000
ops_per_sec = 545694
p50_us = 191
p99_us = 799
p999_us = 6143
p9999_us = 9727
max_us = 346313
ops = 170695495
errors = 0
busy_retryable = 0
elapsed_s = 300.000
ops_per_sec = 568984
p50_us = 183
p99_us = 799
p999_us = 5887
p9999_us = 9471
max_us = 85501
ops = 165586723
errors = 0
busy_retryable = 0
elapsed_s = 300.000
ops_per_sec = 551955
p50_us = 191
p99_us = 783
p999_us = 6015
p9999_us = 9727
max_us = 486490
ops = 177862673
errors = 0
busy_retryable = 0
elapsed_s = 300.000
ops_per_sec = 592875
p50_us = 175
p99_us = 767
p999_us = 5887
p9999_us = 9471
max_us = 140249
ops = 168734302
errors = 0
busy_retryable = 0
elapsed_s = 300.001
ops_per_sec = 562446
p50_us = 191
p99_us = 799
p999_us = 6015
p9999_us = 9471
max_us = 158687
ops = 170304272
errors = 0
busy_retryable = 0
elapsed_s = 300.000
ops_per_sec = 567680
p50_us = 187
p99_us = 783
p999_us = 5887
p9999_us = 9471
max_us = 512716
ops = 171758596
errors = 0
busy_retryable = 0
elapsed_s = 300.000
ops_per_sec = 572528
p50_us = 183
p99_us = 783
p999_us = 6015
p9999_us = 9471
max_us = 128260
ops = 173476539
errors = 0
busy_retryable = 0
elapsed_s = 300.000
ops_per_sec = 578254
p50_us = 179
p99_us = 783
p999_us = 5759
p9999_us = 9471
max_us = 367944
ops = 168345079
errors = 0
busy_retryable = 0
elapsed_s = 300.000
ops_per_sec = 561150
p50_us = 187
p99_us = 815
p999_us = 6015
p9999_us = 9471
max_us = 179881
ops = 165760496
errors = 0
busy_retryable = 0
elapsed_s = 300.000
ops_per_sec = 552534
p50_us = 187
p99_us = 815
p999_us = 6015
p9999_us = 9727
max_us = 191789
ops = 171394273
errors = 0
busy_retryable = 0
elapsed_s = 300.000
ops_per_sec = 571313
p50_us = 183
p99_us = 783
p999_us = 5887
p9999_us = 9471
max_us = 51940
ops = 168642185
errors = 0
busy_retryable = 0
elapsed_s = 300.000
ops_per_sec = 562140
p50_us = 187
p99_us = 783
p999_us = 6015
p9999_us = 9727
max_us = 541123
ops = 159801944
errors = 0
busy_retryable = 0
elapsed_s = 300.000
ops_per_sec = 532672
p50_us = 207
p99_us = 831
p999_us = 6271
p9999_us = 9983
max_us = 235003
ops = 169944177
errors = 0
busy_retryable = 0
elapsed_s = 300.000
ops_per_sec = 566480
p50_us = 183
p99_us = 799
p999_us = 5887
p9999_us = 9471
max_us = 235989
ops = 156189438
errors = 0
busy_retryable = 0
elapsed_s = 300.001
ops_per_sec = 520630
p50_us = 203
p99_us = 863
p999_us = 6015
p9999_us = 9471
max_us = 157832
ops = 167785831
errors = 0
busy_retryable = 0
elapsed_s = 300.000
ops_per_sec = 559286
p50_us = 187
p99_us = 815
p999_us = 6015
p9999_us = 9471
max_us = 155897
ops = 170504808
errors = 0
busy_retryable = 0
elapsed_s = 300.000
ops_per_sec = 568349
p50_us = 183
p99_us = 783
p999_us = 5759
p9999_us = 9471
max_us = 285259
ops = 171099680
errors = 0
busy_retryable = 0
elapsed_s = 300.000
ops_per_sec = 570331
p50_us = 183
p99_us = 799
p999_us = 5759
p9999_us = 9471
max_us = 178446
ops = 164338792
errors = 0
busy_retryable = 0
elapsed_s = 300.008
ops_per_sec = 547781
p50_us = 191
p99_us = 815
p999_us = 5887
p9999_us = 9471
max_us = 166013
ops = 174575192
errors = 0
busy_retryable = 0
elapsed_s = 300.000
ops_per_sec = 581917
p50_us = 179
p99_us = 767
p999_us = 5887
p9999_us = 9727
max_us = 293938
ops = 166755424
errors = 0
busy_retryable = 0
elapsed_s = 300.008
ops_per_sec = 555837
p50_us = 191
p99_us = 815
p999_us = 5759
p9999_us = 9215
max_us = 243660
ops = 165089145
errors = 0
busy_retryable = 0
elapsed_s = 300.000
ops_per_sec = 550296
p50_us = 187
p99_us = 831
p999_us = 6015
p9999_us = 9471
max_us = 116471
ops = 163354997
errors = 0
busy_retryable = 0
elapsed_s = 300.000
ops_per_sec = 544516
p50_us = 191
p99_us = 831
p999_us = 6015
p9999_us = 9471
max_us = 553724
ops = 174473158
errors = 0
busy_retryable = 0
elapsed_s = 300.000
ops_per_sec = 581576
p50_us = 179
p99_us = 783
p999_us = 5759
p9999_us = 9471
max_us = 115474
ops = 167533046
errors = 0
busy_retryable = 0
elapsed_s = 300.001
ops_per_sec = 558443
p50_us = 187
p99_us = 799
p999_us = 6015
p9999_us = 9471
max_us = 202279
ops = 168399110
errors = 0
busy_retryable = 0
elapsed_s = 300.000
ops_per_sec = 561330
p50_us = 183
p99_us = 783
p999_us = 6015
p9999_us = 9727
max_us = 445914
ops = 166169851
errors = 0
busy_retryable = 0
elapsed_s = 300.000
ops_per_sec = 553899
p50_us = 187
p99_us = 783
p999_us = 6143
p9999_us = 9727
max_us = 187437
ops = 161933886
errors = 0
busy_retryable = 0
elapsed_s = 300.000
ops_per_sec = 539779
p50_us = 195
p99_us = 831
p999_us = 6015
p9999_us = 9727
max_us = 98850
ops = 169809584
errors = 0
busy_retryable = 0
elapsed_s = 300.000
ops_per_sec = 566031
p50_us = 183
p99_us = 799
p999_us = 5887
p9999_us = 9471
max_us = 104509
ops = 168711530
errors = 0
busy_retryable = 0
elapsed_s = 300.001
ops_per_sec = 562369
p50_us = 187
p99_us = 799
p999_us = 6143
p9999_us = 9727
max_us = 161346
ops = 169985735
errors = 0
busy_retryable = 0
elapsed_s = 300.000
ops_per_sec = 566618
p50_us = 183
p99_us = 783
p999_us = 6143
p9999_us = 9727
max_us = 402426
ops = 156214370
errors = 0
busy_retryable = 0
elapsed_s = 300.000
ops_per_sec = 520714
p50_us = 203
p99_us = 831
p999_us = 6143
p9999_us = 9471
max_us = 311970
ops = 155446285
errors = 0
busy_retryable = 0
elapsed_s = 300.000
ops_per_sec = 518154
p50_us = 211
p99_us = 847
p999_us = 6527
p9999_us = 9983
max_us = 165435
ops = 159307025
errors = 0
busy_retryable = 0
elapsed_s = 300.000
ops_per_sec = 531023
p50_us = 199
p99_us = 863
p999_us = 6015
p9999_us = 9471
max_us = 200507
ops = 156760411
errors = 0
busy_retryable = 0
elapsed_s = 300.001
ops_per_sec = 522534
p50_us = 199
p99_us = 815
p999_us = 6399
p9999_us = 9727
max_us = 239856
ops = 172094811
errors = 0
busy_retryable = 0
elapsed_s = 300.001
ops_per_sec = 573648
p50_us = 183
p99_us = 767
p999_us = 6015
p9999_us = 9727
max_us = 442400
ops = 168933746
errors = 0
busy_retryable = 0
elapsed_s = 300.000
ops_per_sec = 563112
p50_us = 183
p99_us = 799
p999_us = 6143
p9999_us = 9471
max_us = 407461
ops = 160420379
errors = 0
busy_retryable = 0
elapsed_s = 300.000
ops_per_sec = 534734
p50_us = 195
p99_us = 831
p999_us = 6143
p9999_us = 9727
max_us = 224080
ops = 164234047
errors = 0
busy_retryable = 0
elapsed_s = 300.002
ops_per_sec = 547443
p50_us = 187
p99_us = 831
p999_us = 6015
p9999_us = 9471
max_us = 48892
ops = 174585445
errors = 0
busy_retryable = 0
elapsed_s = 300.000
ops_per_sec = 581951
p50_us = 179
p99_us = 767
p999_us = 5759
p9999_us = 9471
max_us = 275620
ops = 169437493
errors = 0
busy_retryable = 0
elapsed_s = 300.007
ops_per_sec = 564778
p50_us = 183
p99_us = 799
p999_us = 6015
p9999_us = 9727
max_us = 355912
ops = 172230726
errors = 0
busy_retryable = 0
elapsed_s = 300.000
ops_per_sec = 574102
p50_us = 179
p99_us = 783
p999_us = 5887
p9999_us = 9471
max_us = 543978
ops = 168454189
errors = 0
busy_retryable = 0
elapsed_s = 300.000
ops_per_sec = 561513
p50_us = 187
p99_us = 783
p999_us = 5887
p9999_us = 9471
max_us = 657372
ops = 178053319
errors = 0
busy_retryable = 0
elapsed_s = 300.000
ops_per_sec = 593510
p50_us = 175
p99_us = 767
p999_us = 5631
p9999_us = 9471
max_us = 334809
ops = 165990834
errors = 0
busy_retryable = 0
elapsed_s = 300.000
ops_per_sec = 553302
p50_us = 187
p99_us = 815
p999_us = 5887
p9999_us = 9471
max_us = 135227
ops = 172443876
errors = 0
busy_retryable = 0
elapsed_s = 300.000
ops_per_sec = 574812
p50_us = 179
p99_us = 767
p999_us = 6015
p9999_us = 9727
max_us = 196667
ops = 187700737
errors = 0
busy_retryable = 0
elapsed_s = 300.001
ops_per_sec = 625668
p50_us = 159
p99_us = 719
p999_us = 5503
p9999_us = 9471
max_us = 1250049
ops = 173078848
errors = 0
busy_retryable = 0
elapsed_s = 300.000
ops_per_sec = 576929
p50_us = 179
p99_us = 783
p999_us = 5759
p9999_us = 9471
max_us = 171193
ops = 176984971
errors = 0
busy_retryable = 0
elapsed_s = 300.000
ops_per_sec = 589949
p50_us = 179
p99_us = 767
p999_us = 5759
p9999_us = 9727
max_us = 437581
ops = 159500999
errors = 0
busy_retryable = 0
elapsed_s = 300.001
ops_per_sec = 531669
p50_us = 195
p99_us = 831
p999_us = 6271
p9999_us = 9727
max_us = 301497
ops = 175537110
errors = 0
busy_retryable = 0
elapsed_s = 300.000
ops_per_sec = 585123
p50_us = 179
p99_us = 767
p999_us = 5887
p9999_us = 9727
max_us = 238887
ops = 169391474
errors = 0
busy_retryable = 0
elapsed_s = 300.001
ops_per_sec = 564637
p50_us = 183
p99_us = 799
p999_us = 6143
p9999_us = 9983
max_us = 282924
ops = 163504176
errors = 0
busy_retryable = 0
elapsed_s = 300.001
ops_per_sec = 545013
p50_us = 191
p99_us = 831
p999_us = 6015
p9999_us = 9471
max_us = 357960
ops = 158717955
errors = 0
busy_retryable = 0
elapsed_s = 300.000
ops_per_sec = 529059
p50_us = 199
p99_us = 831
p999_us = 6015
p9999_us = 9727
max_us = 488760
ops = 169279729
errors = 0
busy_retryable = 0
elapsed_s = 300.000
ops_per_sec = 564265
p50_us = 183
p99_us = 799
p999_us = 6015
p9999_us = 9471
max_us = 109982
ops = 175453158
errors = 0
busy_retryable = 0
elapsed_s = 300.005
ops_per_sec = 584833
p50_us = 175
p99_us = 767
p999_us = 5887
p9999_us = 9471
max_us = 137839
ops = 167795731
errors = 0
busy_retryable = 0
elapsed_s = 300.001
ops_per_sec = 559318
p50_us = 187
p99_us = 847
p999_us = 6143
p9999_us = 9983
max_us = 203626
ops = 160736034
errors = 0
busy_retryable = 0
elapsed_s = 300.000
ops_per_sec = 535786
p50_us = 195
p99_us = 815
p999_us = 5887
p9999_us = 9727
max_us = 142043
ops = 177929130
errors = 0
busy_retryable = 0
elapsed_s = 300.000
ops_per_sec = 593096
p50_us = 175
p99_us = 751
p999_us = 5759
p9999_us = 9471
max_us = 201686
ops = 178191589
errors = 0
busy_retryable = 0
elapsed_s = 300.000
ops_per_sec = 593971
p50_us = 175
p99_us = 767
p999_us = 5759
p9999_us = 9471
max_us = 144547
ops = 153438384
errors = 0
busy_retryable = 0
elapsed_s = 300.000
ops_per_sec = 511461
p50_us = 207
p99_us = 847
p999_us = 6399
p9999_us = 9983
max_us = 283940
ops = 154497144
errors = 0
busy_retryable = 0
elapsed_s = 300.000
ops_per_sec = 514990
p50_us = 207
p99_us = 863
p999_us = 6399
p9999_us = 9983
max_us = 275051
ops = 166854467
errors = 0
busy_retryable = 0
elapsed_s = 300.000
ops_per_sec = 556181
p50_us = 187
p99_us = 799
p999_us = 6143
p9999_us = 9727
max_us = 470114
ops = 169709522
errors = 0
busy_retryable = 0
elapsed_s = 300.000
ops_per_sec = 565698
p50_us = 183
p99_us = 783
p999_us = 6015
p9999_us = 9727
max_us = 699870
ops = 179880361
errors = 0
busy_retryable = 0
elapsed_s = 300.000
ops_per_sec = 599600
p50_us = 171
p99_us = 767
p999_us = 5759
p9999_us = 9471
max_us = 171516
ops = 176775256
errors = 0
busy_retryable = 0
elapsed_s = 300.000
ops_per_sec = 589250
p50_us = 171
p99_us = 767
p999_us = 5887
p9999_us = 9727
max_us = 389832
ops = 172291581
errors = 0
busy_retryable = 0
elapsed_s = 300.000
ops_per_sec = 574305
p50_us = 179
p99_us = 783
p999_us = 6015
p9999_us = 9983
max_us = 151909
ops = 167174858
errors = 0
busy_retryable = 0
elapsed_s = 300.000
ops_per_sec = 557249
p50_us = 191
p99_us = 815
p999_us = 6015
p9999_us = 9727
max_us = 162459
ops = 152681820
errors = 0
busy_retryable = 0
elapsed_s = 300.000
ops_per_sec = 508939
p50_us = 219
p99_us = 879
p999_us = 6271
p9999_us = 9983
max_us = 330742
ops = 173291635
errors = 0
busy_retryable = 0
elapsed_s = 300.007
ops_per_sec = 577625
p50_us = 179
p99_us = 799
p999_us = 5887
p9999_us = 9727
max_us = 410398
ops = 161997597
errors = 0
busy_retryable = 0
elapsed_s = 300.000
ops_per_sec = 539991
p50_us = 195
p99_us = 863
p999_us = 6143
p9999_us = 9727
max_us = 121805
ops = 155403888
errors = 0
busy_retryable = 0
elapsed_s = 300.001
ops_per_sec = 518012
p50_us = 203
p99_us = 863
p999_us = 6271
p9999_us = 9983
max_us = 315447
ops = 157167639
errors = 0
busy_retryable = 0
elapsed_s = 300.000
ops_per_sec = 523891
p50_us = 203
p99_us = 847
p999_us = 6271
p9999_us = 9983
max_us = 157342
ops = 161065036
errors = 0
busy_retryable = 0
elapsed_s = 300.000
ops_per_sec = 536883
p50_us = 195
p99_us = 847
p999_us = 6271
p9999_us = 10239
max_us = 139549
ops = 156771926
errors = 0
busy_retryable = 0
elapsed_s = 300.000
ops_per_sec = 522572
p50_us = 195
p99_us = 847
p999_us = 6015
p9999_us = 10239
max_us = 474659
ops = 170008877
errors = 0
busy_retryable = 0
elapsed_s = 300.001
ops_per_sec = 566695
p50_us = 183
p99_us = 799
p999_us = 6015
p9999_us = 9983
max_us = 361532
ops = 159331144
errors = 0
busy_retryable = 0
elapsed_s = 300.000
ops_per_sec = 531103
p50_us = 199
p99_us = 831
p999_us = 6527
p9999_us = 10495
max_us = 124672
ops = 178745951
errors = 0
busy_retryable = 0
elapsed_s = 300.000
ops_per_sec = 595819
p50_us = 175
p99_us = 767
p999_us = 5759
p9999_us = 10239
max_us = 336179
ops = 172944824
errors = 0
busy_retryable = 0
elapsed_s = 300.000
ops_per_sec = 576482
p50_us = 183
p99_us = 799
p999_us = 5887
p9999_us = 9983
max_us = 452583
ops = 164332664
errors = 0
busy_retryable = 0
elapsed_s = 300.000
ops_per_sec = 547775
p50_us = 191
p99_us = 831
p999_us = 6015
p9999_us = 10239
max_us = 295353
ops = 177163738
errors = 0
busy_retryable = 0
elapsed_s = 300.000
ops_per_sec = 590545
p50_us = 171
p99_us = 767
p999_us = 5631
p9999_us = 10495
max_us = 555221
ops = 190843473
errors = 0
busy_retryable = 0
elapsed_s = 300.000
ops_per_sec = 636144
p50_us = 159
p99_us = 719
p999_us = 5503
p9999_us = 10495
max_us = 843763
ops = 196663542
errors = 0
busy_retryable = 0
elapsed_s = 300.003
ops_per_sec = 655538
p50_us = 159
p99_us = 703
p999_us = 5503
p9999_us = 10239
max_us = 290076
ops = 184059083
errors = 0
busy_retryable = 0
elapsed_s = 300.000
ops_per_sec = 613530
p50_us = 163
p99_us = 751
p999_us = 5759
p9999_us = 11007
max_us = 671723
ops = 176784287
errors = 0
busy_retryable = 0
elapsed_s = 300.000
ops_per_sec = 589280
p50_us = 171
p99_us = 783
p999_us = 6015
p9999_us = 10495
max_us = 528275
ops = 183767936
errors = 0
busy_retryable = 0
elapsed_s = 300.000
ops_per_sec = 612559
p50_us = 167
p99_us = 735
p999_us = 5759
p9999_us = 10495
max_us = 590991
ops = 168081242
errors = 0
busy_retryable = 0
elapsed_s = 300.000
ops_per_sec = 560270
p50_us = 183
p99_us = 815
p999_us = 5887
p9999_us = 11007
max_us = 476475
ops = 185331988
errors = 0
busy_retryable = 0
elapsed_s = 300.000
ops_per_sec = 617773
p50_us = 171
p99_us = 735
p999_us = 5631
p9999_us = 10495
max_us = 536570
ops = 171012622
errors = 0
busy_retryable = 0
elapsed_s = 300.056
ops_per_sec = 569936
p50_us = 175
p99_us = 783
p999_us = 5887
p9999_us = 11775
max_us = 459375
ops = 188967541
errors = 0
busy_retryable = 0
elapsed_s = 300.002
ops_per_sec = 629887
p50_us = 163
p99_us = 719
p999_us = 5631
p9999_us = 10751
max_us = 1427557
ops = 194197491
errors = 0
busy_retryable = 0
elapsed_s = 300.000
ops_per_sec = 647324
p50_us = 159
p99_us = 703
p999_us = 5503
p9999_us = 9983
max_us = 533417
ops = 180647691
errors = 0
busy_retryable = 0
elapsed_s = 300.000
ops_per_sec = 602158
p50_us = 163
p99_us = 751
p999_us = 5631
p9999_us = 10495
max_us = 590011
ops = 193845948
errors = 0
busy_retryable = 0
elapsed_s = 300.000
ops_per_sec = 646152
p50_us = 163
p99_us = 703
p999_us = 5503
p9999_us = 10495
max_us = 554888
ops = 181220366
errors = 0
busy_retryable = 0
elapsed_s = 300.007
ops_per_sec = 604053
p50_us = 167
p99_us = 751
p999_us = 5759
p9999_us = 11007
max_us = 480374
ops = 185547982
errors = 0
busy_retryable = 0
elapsed_s = 300.006
ops_per_sec = 618482
p50_us = 171
p99_us = 719
p999_us = 5247
p9999_us = 9727
max_us = 475372
ops = 213770478
errors = 0
busy_retryable = 0
elapsed_s = 300.001
ops_per_sec = 712567
p50_us = 131
p99_us = 639
p999_us = 4863
p9999_us = 12031
max_us = 2392804
ops = 237565674
errors = 0
busy_retryable = 0
elapsed_s = 300.001
ops_per_sec = 791883
p50_us = 115
p99_us = 591
p999_us = 4351
p9999_us = 11007
max_us = 538103
ops = 210458386
errors = 0
busy_retryable = 0
elapsed_s = 300.000
ops_per_sec = 701527
p50_us = 127
p99_us = 639
p999_us = 4735
p9999_us = 13311
max_us = 1435387
ops = 195975885
errors = 0
busy_retryable = 0
elapsed_s = 300.000
ops_per_sec = 653252
p50_us = 135
p99_us = 655
p999_us = 4863
p9999_us = 20479
max_us = 2145644
ops = 217676390
errors = 0
busy_retryable = 0
elapsed_s = 300.000
ops_per_sec = 725587
p50_us = 127
p99_us = 655
p999_us = 4863
p9999_us = 13823
max_us = 607361
ops = 240569913
errors = 0
busy_retryable = 0
elapsed_s = 300.000
ops_per_sec = 801899
p50_us = 115
p99_us = 591
p999_us = 4223
p9999_us = 11007
max_us = 885861
ops = 203646366
errors = 0
busy_retryable = 0
elapsed_s = 300.000
ops_per_sec = 678820
p50_us = 139
p99_us = 639
p999_us = 5119
p9999_us = 16127
max_us = 1278584
ops = 216010973
errors = 0
busy_retryable = 0
elapsed_s = 300.000
ops_per_sec = 720036
p50_us = 119
p99_us = 639
p999_us = 4991
p9999_us = 14847
max_us = 2293261
inf-bench: server closed connection under load
