    Finished `release` profile [optimized + debuginfo] target(s) in 0.02s
inf-sim: m2-durable sweep shard 0/8: 1250 seeds, 0 violations, 0 legal taxonomy refusals, 0 equivalence checks, 0 documents compared, cut classes [], frame pipeline [pipelined_seeds:0 depth_max:1 waits_barrier:0 waits_rotation:0]
inf-sim: sim_seconds=4704.226956 published=0 delivered=0
inf-sim: m2-durable sweep shard 6/8: 1250 seeds, 0 violations, 0 legal taxonomy refusals, 0 equivalence checks, 0 documents compared, cut classes [], frame pipeline [pipelined_seeds:1250 depth_max:3 waits_barrier:94501 waits_rotation:386]
inf-sim: sim_seconds=4790.125126 published=0 delivered=0
inf-sim: m2-durable sweep shard 2/8: 1250 seeds, 0 violations, 0 legal taxonomy refusals, 0 equivalence checks, 0 documents compared, cut classes [], frame pipeline [pipelined_seeds:1250 depth_max:3 waits_barrier:94478 waits_rotation:409]
inf-sim: sim_seconds=4805.087050 published=0 delivered=0
inf-sim: m2-durable sweep shard 4/8: 1250 seeds, 0 violations, 0 legal taxonomy refusals, 0 equivalence checks, 0 documents compared, cut classes [], frame pipeline [pipelined_seeds:0 depth_max:1 waits_barrier:0 waits_rotation:0]
inf-sim: sim_seconds=4770.301558 published=0 delivered=0
inf-sim: m2-durable sweep shard 1/8: 1250 seeds, 0 violations, 0 legal taxonomy refusals, 0 equivalence checks, 0 documents compared, cut classes [], frame pipeline [pipelined_seeds:0 depth_max:1 waits_barrier:0 waits_rotation:0]
inf-sim: sim_seconds=4791.717358 published=0 delivered=0
inf-sim: m2-durable sweep shard 7/8: 1250 seeds, 0 violations, 0 legal taxonomy refusals, 0 equivalence checks, 0 documents compared, cut classes [], frame pipeline [pipelined_seeds:1250 depth_max:3 waits_barrier:48462 waits_rotation:42284]
inf-sim: sim_seconds=4808.396990 published=0 delivered=0
inf-sim: m2-durable sweep shard 5/8: 1250 seeds, 0 violations, 0 legal taxonomy refusals, 0 equivalence checks, 0 documents compared, cut classes [], frame pipeline [pipelined_seeds:1250 depth_max:3 waits_barrier:49449 waits_rotation:42376]
inf-sim: sim_seconds=4989.425834 published=0 delivered=0
inf-sim: m2-durable sweep shard 3/8: 1250 seeds, 0 violations, 0 legal taxonomy refusals, 0 equivalence checks, 0 documents compared, cut classes [], frame pipeline [pipelined_seeds:1250 depth_max:2 waits_barrier:49224 waits_rotation:42142]
inf-sim: sim_seconds=5000.635019 published=0 delivered=0
scenario=m2-durable base_seed=0xd5ee0000 sweep=10000 shard=0/8 plant=None replay_canary=false seeds_run=1250 violations=0 refused=0 equivalence_checks=0 documents_compared=0 corpus_documents=0 cut_classes=[] pipelined_seeds=0 depth_max=1 waits_barrier=0 waits_rotation=0
scenario=m2-durable base_seed=0xd5ee0000 sweep=10000 shard=1/8 plant=None replay_canary=false seeds_run=1250 violations=0 refused=0 equivalence_checks=0 documents_compared=0 corpus_documents=0 cut_classes=[] pipelined_seeds=0 depth_max=1 waits_barrier=0 waits_rotation=0
scenario=m2-durable base_seed=0xd5ee0000 sweep=10000 shard=2/8 plant=None replay_canary=false seeds_run=1250 violations=0 refused=0 equivalence_checks=0 documents_compared=0 corpus_documents=0 cut_classes=[] pipelined_seeds=1250 depth_max=3 waits_barrier=94478 waits_rotation=409
scenario=m2-durable base_seed=0xd5ee0000 sweep=10000 shard=3/8 plant=None replay_canary=false seeds_run=1250 violations=0 refused=0 equivalence_checks=0 documents_compared=0 corpus_documents=0 cut_classes=[] pipelined_seeds=1250 depth_max=2 waits_barrier=49224 waits_rotation=42142
scenario=m2-durable base_seed=0xd5ee0000 sweep=10000 shard=4/8 plant=None replay_canary=false seeds_run=1250 violations=0 refused=0 equivalence_checks=0 documents_compared=0 corpus_documents=0 cut_classes=[] pipelined_seeds=0 depth_max=1 waits_barrier=0 waits_rotation=0
scenario=m2-durable base_seed=0xd5ee0000 sweep=10000 shard=5/8 plant=None replay_canary=false seeds_run=1250 violations=0 refused=0 equivalence_checks=0 documents_compared=0 corpus_documents=0 cut_classes=[] pipelined_seeds=1250 depth_max=3 waits_barrier=49449 waits_rotation=42376
scenario=m2-durable base_seed=0xd5ee0000 sweep=10000 shard=6/8 plant=None replay_canary=false seeds_run=1250 violations=0 refused=0 equivalence_checks=0 documents_compared=0 corpus_documents=0 cut_classes=[] pipelined_seeds=1250 depth_max=3 waits_barrier=94501 waits_rotation=386
scenario=m2-durable base_seed=0xd5ee0000 sweep=10000 shard=7/8 plant=None replay_canary=false seeds_run=1250 violations=0 refused=0 equivalence_checks=0 documents_compared=0 corpus_documents=0 cut_classes=[] pipelined_seeds=1250 depth_max=3 waits_barrier=48462 waits_rotation=42284
exit=0
