# 2026-08-26T00:10:29-04:00 binary=infinityd c42c475 (git c42c475986d2, x86_64-unknown-linux-gnu) git=c42c475 dirty=0 thermal: 27800 37000 39000  gov=performance no_turbo=1 strays=0 load=2.55 2.00 1.83 devstat= 164438 48280 13099057 80747 2315986 1785340 137253215 1655103 0 534023 1988307 50118 0 200122912 25922 310684 226533
=== 2026-08-26T00:10:29-04:00 M1 s35 flush-0 ===
inf-bench env-check
  PROBE                RESULT
  git-dirty-tree       PASS
  cpufreq-governor     PASS
  cpufreq-epp          PASS
  thermal-throttle     PASS
  power-source         SKIP  macos-only probe (this host: linux)
  low-power-mode       SKIP  macos-only probe (this host: linux)

env-check: OK
  s35: 40s drive-state idle before 4c rep0 c32
  s35: 40s drive-state idle before 4c rep0 c256
  s35: 40s drive-state idle before 1c rep0 c32

== gate verdicts ==
  S29: tiered always scaling slope (c256/c64) PENDING (tooling)
  S29: tiered:flat always parity at 64 conns PENDING (tooling)
  S29: tiered:flat always parity at 256 conns PENDING (tooling)
  S29: tiered:flat always p99 ratio at 256 conns PENDING (tooling)
  S27: client-visible -BUSY refusals under provoked staging pressure PENDING (tooling)
  S27: last:first throughput across back-to-back write repeats PENDING (tooling)
  S27: worst per-leg max latency at everysec under provoked pressure PENDING (tooling)
  S35: always p50 over the barrier p50 at 32 conns FAIL
  S35: N-cell vs 1-cell barrier p50 ratio (device characterization — informational since the ADR-0087 fourth amendment, 2026-08-22) FAIL (informational)
  S35: N-cell vs 1-cell always client p50 ratio (informational since 2026-08-22 — carries the pipeline's seal wait at K ≥ 2) FAIL (informational)
  S36: server CPU across the pure-write everysec leg PENDING (tooling)
  S36: everysec pure-write throughput vs the same-session tmpfs control PENDING (tooling)
  S36: checkpoint + MANIFEST bytes over log frame bytes (the derived trigger's 1/α bound) PENDING (tooling)
  S36: log + checkpoint write amplification (informational — the padding term is shape-dependent) PENDING (tooling)
  S36: everysec max latency at the comparator-matched offered rate (S27 D5) PENDING (tooling)
  S39b: warmed zero-fill bytes per log frame byte under recycling (arm) PENDING (tooling)
  S39b: rotations not served by the pool over the warmed window, worst cell PENDING (tooling)
  S39b: padding share moved by recycling (the S39c control) PENDING (tooling)
  S39b: always c32 p50 under recycling over baseline PENDING (tooling)
  S39b: always c32 p99 under recycling over baseline PENDING (tooling)
  S39b: read leg under recycling over baseline (the E4.7 ±2 % rule) PENDING (tooling)
  S39b: first crash-restart recovery boot on the recycled log over baseline PENDING (tooling)
  S39b: rotations per cell the row actually performed (validity) PENDING (tooling)
  S39b/D9: pool waits fed before the bound over waits ended (arm) PENDING (tooling)
  S39b/D9: rotations onto an un-zeroed segment on the arm, worst replicate PENDING (tooling)
  S39b/D9: rotations that found no next segment on the arm, worst replicate PENDING (tooling)
  S39b/D9: preallocs refused for space on the arm, worst replicate PENDING (tooling)
  S39b: accounted host bytes per log frame byte under recycling (informational) PENDING (tooling)
  S39b: block-device sectors written per log frame byte under recycling (informational) PENDING (tooling)
  S39d: fixed-work first-boot recovery, slowest cell's engine total, arm over baseline PENDING (tooling)
  S39d: absolute first-boot recovery wall on the recycled log (the S18 < 15 s STOP gate re-read) PENDING (tooling)
  S39d: both arms recovered exactly the records written (fixed-work validity) PENDING (tooling)
  S39d: slack-audit phase time over the cell sums, arm over baseline (the recycling term, informational) PENDING (tooling)
  S40: everysec max latency at the memtier shape, worst leg (S27 D5) PENDING (tooling)
  S40: achieved over offered rate, worst leg (validity — a saturated leg's max is a saturation number) PENDING (tooling)
  S40: seconds whose per-second maximum exceeded 50 ms, summed over legs (informational) PENDING (tooling)
  S37 step 1: blind-overwrite ceiling throughput over the shipping path at 256 conns PENDING (tooling)
  S37 step 1: blind-overwrite ceiling p99 gain at 256 conns PENDING (tooling)
  S37 step 1: share of arm B's SETs that skipped a cold read (validity — 0 = the instrument never engaged) PENDING (tooling)
  S37 step 2 discriminator: widest COLD-READ-QD arm throughput over the baseline cap at 256 conns PENDING (tooling)
  S37 step 2 discriminator: widest COLD-READ-QD arm p99 over the baseline cap at 256 conns (the tail the wider cap charges) PENDING (tooling)
  S37 step 2 discriminator: the baseline's device QD p99 at issue (≈ the cap = the cap bound; validity of the discriminator) PENDING (tooling)
  S42: first boot over second boot of a fresh data directory (the in-boot probe's cost) PENDING (tooling)
  S42: every first boot reported io_properties_source=probed-at-boot on every cell (validity) PENDING (tooling)
  S42: every second boot reported io_properties_source=file with the identity verified (validity) PENDING (tooling)
  S42: the file the first boot wrote is schema 3 (identity-bound) PENDING (tooling)
  S42: always p50 over the barrier p50 at 32 conns on the directory the first boot probed (S35's bar on the stock boot) PENDING (tooling)
  S42: always c32 ops/s on the stock boot (informational — read against the probed arm's replicate spread) PENDING (tooling)
  S39d: replay-phase rate on the slowest cell, arm (C38b's statistic on the loop clock, this row's shape — informational) PENDING (tooling)
  S39d: replay-phase rate on the slowest cell, baseline (informational) PENDING (tooling)

gate-run: report written to /home/kcaicedo/bench-data/s34/campaign-M/m1-s35-flush-0/1787717597-gate-run/report.md
inf-bench: 1 binding gate(s) FAILED
=== exit 1 2026-08-26T00:13:17-04:00 ===
=== 2026-08-26T00:13:17-04:00 M1 s35 fua-0 ===
inf-bench env-check
  PROBE                RESULT
  git-dirty-tree       PASS
  cpufreq-governor     PASS
  cpufreq-epp          PASS
  thermal-throttle     PASS
  power-source         SKIP  macos-only probe (this host: linux)
  low-power-mode       SKIP  macos-only probe (this host: linux)

env-check: OK
  s35: 40s drive-state idle before 4c rep0 c32
  s35: 40s drive-state idle before 4c rep0 c256
  s35: 40s drive-state idle before 1c rep0 c32

== gate verdicts ==
  S29: tiered always scaling slope (c256/c64) PENDING (tooling)
  S29: tiered:flat always parity at 64 conns PENDING (tooling)
  S29: tiered:flat always parity at 256 conns PENDING (tooling)
  S29: tiered:flat always p99 ratio at 256 conns PENDING (tooling)
  S27: client-visible -BUSY refusals under provoked staging pressure PENDING (tooling)
  S27: last:first throughput across back-to-back write repeats PENDING (tooling)
  S27: worst per-leg max latency at everysec under provoked pressure PENDING (tooling)
  S35: always p50 over the barrier p50 at 32 conns PASS
  S35: N-cell vs 1-cell barrier p50 ratio (device characterization — informational since the ADR-0087 fourth amendment, 2026-08-22) PASS (informational)
  S35: N-cell vs 1-cell always client p50 ratio (informational since 2026-08-22 — carries the pipeline's seal wait at K ≥ 2) FAIL (informational)
  S36: server CPU across the pure-write everysec leg PENDING (tooling)
  S36: everysec pure-write throughput vs the same-session tmpfs control PENDING (tooling)
  S36: checkpoint + MANIFEST bytes over log frame bytes (the derived trigger's 1/α bound) PENDING (tooling)
  S36: log + checkpoint write amplification (informational — the padding term is shape-dependent) PENDING (tooling)
  S36: everysec max latency at the comparator-matched offered rate (S27 D5) PENDING (tooling)
  S39b: warmed zero-fill bytes per log frame byte under recycling (arm) PENDING (tooling)
  S39b: rotations not served by the pool over the warmed window, worst cell PENDING (tooling)
  S39b: padding share moved by recycling (the S39c control) PENDING (tooling)
  S39b: always c32 p50 under recycling over baseline PENDING (tooling)
  S39b: always c32 p99 under recycling over baseline PENDING (tooling)
  S39b: read leg under recycling over baseline (the E4.7 ±2 % rule) PENDING (tooling)
  S39b: first crash-restart recovery boot on the recycled log over baseline PENDING (tooling)
  S39b: rotations per cell the row actually performed (validity) PENDING (tooling)
  S39b/D9: pool waits fed before the bound over waits ended (arm) PENDING (tooling)
  S39b/D9: rotations onto an un-zeroed segment on the arm, worst replicate PENDING (tooling)
  S39b/D9: rotations that found no next segment on the arm, worst replicate PENDING (tooling)
  S39b/D9: preallocs refused for space on the arm, worst replicate PENDING (tooling)
  S39b: accounted host bytes per log frame byte under recycling (informational) PENDING (tooling)
  S39b: block-device sectors written per log frame byte under recycling (informational) PENDING (tooling)
  S39d: fixed-work first-boot recovery, slowest cell's engine total, arm over baseline PENDING (tooling)
  S39d: absolute first-boot recovery wall on the recycled log (the S18 < 15 s STOP gate re-read) PENDING (tooling)
  S39d: both arms recovered exactly the records written (fixed-work validity) PENDING (tooling)
  S39d: slack-audit phase time over the cell sums, arm over baseline (the recycling term, informational) PENDING (tooling)
  S40: everysec max latency at the memtier shape, worst leg (S27 D5) PENDING (tooling)
  S40: achieved over offered rate, worst leg (validity — a saturated leg's max is a saturation number) PENDING (tooling)
  S40: seconds whose per-second maximum exceeded 50 ms, summed over legs (informational) PENDING (tooling)
  S37 step 1: blind-overwrite ceiling throughput over the shipping path at 256 conns PENDING (tooling)
  S37 step 1: blind-overwrite ceiling p99 gain at 256 conns PENDING (tooling)
  S37 step 1: share of arm B's SETs that skipped a cold read (validity — 0 = the instrument never engaged) PENDING (tooling)
  S37 step 2 discriminator: widest COLD-READ-QD arm throughput over the baseline cap at 256 conns PENDING (tooling)
  S37 step 2 discriminator: widest COLD-READ-QD arm p99 over the baseline cap at 256 conns (the tail the wider cap charges) PENDING (tooling)
  S37 step 2 discriminator: the baseline's device QD p99 at issue (≈ the cap = the cap bound; validity of the discriminator) PENDING (tooling)
  S42: first boot over second boot of a fresh data directory (the in-boot probe's cost) PENDING (tooling)
  S42: every first boot reported io_properties_source=probed-at-boot on every cell (validity) PENDING (tooling)
  S42: every second boot reported io_properties_source=file with the identity verified (validity) PENDING (tooling)
  S42: the file the first boot wrote is schema 3 (identity-bound) PENDING (tooling)
  S42: always p50 over the barrier p50 at 32 conns on the directory the first boot probed (S35's bar on the stock boot) PENDING (tooling)
  S42: always c32 ops/s on the stock boot (informational — read against the probed arm's replicate spread) PENDING (tooling)
  S39d: replay-phase rate on the slowest cell, arm (C38b's statistic on the loop clock, this row's shape — informational) PENDING (tooling)
  S39d: replay-phase rate on the slowest cell, baseline (informational) PENDING (tooling)

gate-run: report written to /home/kcaicedo/bench-data/s34/campaign-M/m1-s35-fua-0/1787717765-gate-run/report.md
=== exit 0 2026-08-26T00:16:05-04:00 ===
=== 2026-08-26T00:16:05-04:00 M1 s35 fua-1 ===
inf-bench env-check
  PROBE                RESULT
  git-dirty-tree       PASS
  cpufreq-governor     PASS
  cpufreq-epp          PASS
  thermal-throttle     PASS
  power-source         SKIP  macos-only probe (this host: linux)
  low-power-mode       SKIP  macos-only probe (this host: linux)

env-check: OK
  s35: 40s drive-state idle before 4c rep0 c32
  s35: 40s drive-state idle before 4c rep0 c256
  s35: 40s drive-state idle before 1c rep0 c32

== gate verdicts ==
  S29: tiered always scaling slope (c256/c64) PENDING (tooling)
  S29: tiered:flat always parity at 64 conns PENDING (tooling)
  S29: tiered:flat always parity at 256 conns PENDING (tooling)
  S29: tiered:flat always p99 ratio at 256 conns PENDING (tooling)
  S27: client-visible -BUSY refusals under provoked staging pressure PENDING (tooling)
  S27: last:first throughput across back-to-back write repeats PENDING (tooling)
  S27: worst per-leg max latency at everysec under provoked pressure PENDING (tooling)
  S35: always p50 over the barrier p50 at 32 conns PASS
  S35: N-cell vs 1-cell barrier p50 ratio (device characterization — informational since the ADR-0087 fourth amendment, 2026-08-22) PASS (informational)
  S35: N-cell vs 1-cell always client p50 ratio (informational since 2026-08-22 — carries the pipeline's seal wait at K ≥ 2) FAIL (informational)
  S36: server CPU across the pure-write everysec leg PENDING (tooling)
  S36: everysec pure-write throughput vs the same-session tmpfs control PENDING (tooling)
  S36: checkpoint + MANIFEST bytes over log frame bytes (the derived trigger's 1/α bound) PENDING (tooling)
  S36: log + checkpoint write amplification (informational — the padding term is shape-dependent) PENDING (tooling)
  S36: everysec max latency at the comparator-matched offered rate (S27 D5) PENDING (tooling)
  S39b: warmed zero-fill bytes per log frame byte under recycling (arm) PENDING (tooling)
  S39b: rotations not served by the pool over the warmed window, worst cell PENDING (tooling)
  S39b: padding share moved by recycling (the S39c control) PENDING (tooling)
  S39b: always c32 p50 under recycling over baseline PENDING (tooling)
  S39b: always c32 p99 under recycling over baseline PENDING (tooling)
  S39b: read leg under recycling over baseline (the E4.7 ±2 % rule) PENDING (tooling)
  S39b: first crash-restart recovery boot on the recycled log over baseline PENDING (tooling)
  S39b: rotations per cell the row actually performed (validity) PENDING (tooling)
  S39b/D9: pool waits fed before the bound over waits ended (arm) PENDING (tooling)
  S39b/D9: rotations onto an un-zeroed segment on the arm, worst replicate PENDING (tooling)
  S39b/D9: rotations that found no next segment on the arm, worst replicate PENDING (tooling)
  S39b/D9: preallocs refused for space on the arm, worst replicate PENDING (tooling)
  S39b: accounted host bytes per log frame byte under recycling (informational) PENDING (tooling)
  S39b: block-device sectors written per log frame byte under recycling (informational) PENDING (tooling)
  S39d: fixed-work first-boot recovery, slowest cell's engine total, arm over baseline PENDING (tooling)
  S39d: absolute first-boot recovery wall on the recycled log (the S18 < 15 s STOP gate re-read) PENDING (tooling)
  S39d: both arms recovered exactly the records written (fixed-work validity) PENDING (tooling)
  S39d: slack-audit phase time over the cell sums, arm over baseline (the recycling term, informational) PENDING (tooling)
  S40: everysec max latency at the memtier shape, worst leg (S27 D5) PENDING (tooling)
  S40: achieved over offered rate, worst leg (validity — a saturated leg's max is a saturation number) PENDING (tooling)
  S40: seconds whose per-second maximum exceeded 50 ms, summed over legs (informational) PENDING (tooling)
  S37 step 1: blind-overwrite ceiling throughput over the shipping path at 256 conns PENDING (tooling)
  S37 step 1: blind-overwrite ceiling p99 gain at 256 conns PENDING (tooling)
  S37 step 1: share of arm B's SETs that skipped a cold read (validity — 0 = the instrument never engaged) PENDING (tooling)
  S37 step 2 discriminator: widest COLD-READ-QD arm throughput over the baseline cap at 256 conns PENDING (tooling)
  S37 step 2 discriminator: widest COLD-READ-QD arm p99 over the baseline cap at 256 conns (the tail the wider cap charges) PENDING (tooling)
  S37 step 2 discriminator: the baseline's device QD p99 at issue (≈ the cap = the cap bound; validity of the discriminator) PENDING (tooling)
  S42: first boot over second boot of a fresh data directory (the in-boot probe's cost) PENDING (tooling)
  S42: every first boot reported io_properties_source=probed-at-boot on every cell (validity) PENDING (tooling)
  S42: every second boot reported io_properties_source=file with the identity verified (validity) PENDING (tooling)
  S42: the file the first boot wrote is schema 3 (identity-bound) PENDING (tooling)
  S42: always p50 over the barrier p50 at 32 conns on the directory the first boot probed (S35's bar on the stock boot) PENDING (tooling)
  S42: always c32 ops/s on the stock boot (informational — read against the probed arm's replicate spread) PENDING (tooling)
  S39d: replay-phase rate on the slowest cell, arm (C38b's statistic on the loop clock, this row's shape — informational) PENDING (tooling)
  S39d: replay-phase rate on the slowest cell, baseline (informational) PENDING (tooling)

gate-run: report written to /home/kcaicedo/bench-data/s34/campaign-M/m1-s35-fua-1/1787717933-gate-run/report.md
=== exit 0 2026-08-26T00:18:53-04:00 ===
=== 2026-08-26T00:18:53-04:00 M1 s35 flush-1 ===
inf-bench env-check
  PROBE                RESULT
  git-dirty-tree       PASS
  cpufreq-governor     PASS
  cpufreq-epp          PASS
  thermal-throttle     PASS
  power-source         SKIP  macos-only probe (this host: linux)
  low-power-mode       SKIP  macos-only probe (this host: linux)

env-check: OK
  s35: 40s drive-state idle before 4c rep0 c32
  s35: 40s drive-state idle before 4c rep0 c256
  s35: 40s drive-state idle before 1c rep0 c32

== gate verdicts ==
  S29: tiered always scaling slope (c256/c64) PENDING (tooling)
  S29: tiered:flat always parity at 64 conns PENDING (tooling)
  S29: tiered:flat always parity at 256 conns PENDING (tooling)
  S29: tiered:flat always p99 ratio at 256 conns PENDING (tooling)
  S27: client-visible -BUSY refusals under provoked staging pressure PENDING (tooling)
  S27: last:first throughput across back-to-back write repeats PENDING (tooling)
  S27: worst per-leg max latency at everysec under provoked pressure PENDING (tooling)
  S35: always p50 over the barrier p50 at 32 conns FAIL
  S35: N-cell vs 1-cell barrier p50 ratio (device characterization — informational since the ADR-0087 fourth amendment, 2026-08-22) FAIL (informational)
  S35: N-cell vs 1-cell always client p50 ratio (informational since 2026-08-22 — carries the pipeline's seal wait at K ≥ 2) FAIL (informational)
  S36: server CPU across the pure-write everysec leg PENDING (tooling)
  S36: everysec pure-write throughput vs the same-session tmpfs control PENDING (tooling)
  S36: checkpoint + MANIFEST bytes over log frame bytes (the derived trigger's 1/α bound) PENDING (tooling)
  S36: log + checkpoint write amplification (informational — the padding term is shape-dependent) PENDING (tooling)
  S36: everysec max latency at the comparator-matched offered rate (S27 D5) PENDING (tooling)
  S39b: warmed zero-fill bytes per log frame byte under recycling (arm) PENDING (tooling)
  S39b: rotations not served by the pool over the warmed window, worst cell PENDING (tooling)
  S39b: padding share moved by recycling (the S39c control) PENDING (tooling)
  S39b: always c32 p50 under recycling over baseline PENDING (tooling)
  S39b: always c32 p99 under recycling over baseline PENDING (tooling)
  S39b: read leg under recycling over baseline (the E4.7 ±2 % rule) PENDING (tooling)
  S39b: first crash-restart recovery boot on the recycled log over baseline PENDING (tooling)
  S39b: rotations per cell the row actually performed (validity) PENDING (tooling)
  S39b/D9: pool waits fed before the bound over waits ended (arm) PENDING (tooling)
  S39b/D9: rotations onto an un-zeroed segment on the arm, worst replicate PENDING (tooling)
  S39b/D9: rotations that found no next segment on the arm, worst replicate PENDING (tooling)
  S39b/D9: preallocs refused for space on the arm, worst replicate PENDING (tooling)
  S39b: accounted host bytes per log frame byte under recycling (informational) PENDING (tooling)
  S39b: block-device sectors written per log frame byte under recycling (informational) PENDING (tooling)
  S39d: fixed-work first-boot recovery, slowest cell's engine total, arm over baseline PENDING (tooling)
  S39d: absolute first-boot recovery wall on the recycled log (the S18 < 15 s STOP gate re-read) PENDING (tooling)
  S39d: both arms recovered exactly the records written (fixed-work validity) PENDING (tooling)
  S39d: slack-audit phase time over the cell sums, arm over baseline (the recycling term, informational) PENDING (tooling)
  S40: everysec max latency at the memtier shape, worst leg (S27 D5) PENDING (tooling)
  S40: achieved over offered rate, worst leg (validity — a saturated leg's max is a saturation number) PENDING (tooling)
  S40: seconds whose per-second maximum exceeded 50 ms, summed over legs (informational) PENDING (tooling)
  S37 step 1: blind-overwrite ceiling throughput over the shipping path at 256 conns PENDING (tooling)
  S37 step 1: blind-overwrite ceiling p99 gain at 256 conns PENDING (tooling)
  S37 step 1: share of arm B's SETs that skipped a cold read (validity — 0 = the instrument never engaged) PENDING (tooling)
  S37 step 2 discriminator: widest COLD-READ-QD arm throughput over the baseline cap at 256 conns PENDING (tooling)
  S37 step 2 discriminator: widest COLD-READ-QD arm p99 over the baseline cap at 256 conns (the tail the wider cap charges) PENDING (tooling)
  S37 step 2 discriminator: the baseline's device QD p99 at issue (≈ the cap = the cap bound; validity of the discriminator) PENDING (tooling)
  S42: first boot over second boot of a fresh data directory (the in-boot probe's cost) PENDING (tooling)
  S42: every first boot reported io_properties_source=probed-at-boot on every cell (validity) PENDING (tooling)
  S42: every second boot reported io_properties_source=file with the identity verified (validity) PENDING (tooling)
  S42: the file the first boot wrote is schema 3 (identity-bound) PENDING (tooling)
  S42: always p50 over the barrier p50 at 32 conns on the directory the first boot probed (S35's bar on the stock boot) PENDING (tooling)
  S42: always c32 ops/s on the stock boot (informational — read against the probed arm's replicate spread) PENDING (tooling)
  S39d: replay-phase rate on the slowest cell, arm (C38b's statistic on the loop clock, this row's shape — informational) PENDING (tooling)
  S39d: replay-phase rate on the slowest cell, baseline (informational) PENDING (tooling)

gate-run: report written to /home/kcaicedo/bench-data/s34/campaign-M/m1-s35-flush-1/1787718101-gate-run/report.md
inf-bench: 1 binding gate(s) FAILED
=== exit 1 2026-08-26T00:21:41-04:00 ===
=== 2026-08-26T00:21:41-04:00 M1 s35 flush-2 ===
inf-bench env-check
  PROBE                RESULT
  git-dirty-tree       PASS
  cpufreq-governor     PASS
  cpufreq-epp          PASS
  thermal-throttle     PASS
  power-source         SKIP  macos-only probe (this host: linux)
  low-power-mode       SKIP  macos-only probe (this host: linux)

env-check: OK
  s35: 40s drive-state idle before 4c rep0 c32
  s35: 40s drive-state idle before 4c rep0 c256
  s35: 40s drive-state idle before 1c rep0 c32

== gate verdicts ==
  S29: tiered always scaling slope (c256/c64) PENDING (tooling)
  S29: tiered:flat always parity at 64 conns PENDING (tooling)
  S29: tiered:flat always parity at 256 conns PENDING (tooling)
  S29: tiered:flat always p99 ratio at 256 conns PENDING (tooling)
  S27: client-visible -BUSY refusals under provoked staging pressure PENDING (tooling)
  S27: last:first throughput across back-to-back write repeats PENDING (tooling)
  S27: worst per-leg max latency at everysec under provoked pressure PENDING (tooling)
  S35: always p50 over the barrier p50 at 32 conns FAIL
  S35: N-cell vs 1-cell barrier p50 ratio (device characterization — informational since the ADR-0087 fourth amendment, 2026-08-22) FAIL (informational)
  S35: N-cell vs 1-cell always client p50 ratio (informational since 2026-08-22 — carries the pipeline's seal wait at K ≥ 2) FAIL (informational)
  S36: server CPU across the pure-write everysec leg PENDING (tooling)
  S36: everysec pure-write throughput vs the same-session tmpfs control PENDING (tooling)
  S36: checkpoint + MANIFEST bytes over log frame bytes (the derived trigger's 1/α bound) PENDING (tooling)
  S36: log + checkpoint write amplification (informational — the padding term is shape-dependent) PENDING (tooling)
  S36: everysec max latency at the comparator-matched offered rate (S27 D5) PENDING (tooling)
  S39b: warmed zero-fill bytes per log frame byte under recycling (arm) PENDING (tooling)
  S39b: rotations not served by the pool over the warmed window, worst cell PENDING (tooling)
  S39b: padding share moved by recycling (the S39c control) PENDING (tooling)
  S39b: always c32 p50 under recycling over baseline PENDING (tooling)
  S39b: always c32 p99 under recycling over baseline PENDING (tooling)
  S39b: read leg under recycling over baseline (the E4.7 ±2 % rule) PENDING (tooling)
  S39b: first crash-restart recovery boot on the recycled log over baseline PENDING (tooling)
  S39b: rotations per cell the row actually performed (validity) PENDING (tooling)
  S39b/D9: pool waits fed before the bound over waits ended (arm) PENDING (tooling)
  S39b/D9: rotations onto an un-zeroed segment on the arm, worst replicate PENDING (tooling)
  S39b/D9: rotations that found no next segment on the arm, worst replicate PENDING (tooling)
  S39b/D9: preallocs refused for space on the arm, worst replicate PENDING (tooling)
  S39b: accounted host bytes per log frame byte under recycling (informational) PENDING (tooling)
  S39b: block-device sectors written per log frame byte under recycling (informational) PENDING (tooling)
  S39d: fixed-work first-boot recovery, slowest cell's engine total, arm over baseline PENDING (tooling)
  S39d: absolute first-boot recovery wall on the recycled log (the S18 < 15 s STOP gate re-read) PENDING (tooling)
  S39d: both arms recovered exactly the records written (fixed-work validity) PENDING (tooling)
  S39d: slack-audit phase time over the cell sums, arm over baseline (the recycling term, informational) PENDING (tooling)
  S40: everysec max latency at the memtier shape, worst leg (S27 D5) PENDING (tooling)
  S40: achieved over offered rate, worst leg (validity — a saturated leg's max is a saturation number) PENDING (tooling)
  S40: seconds whose per-second maximum exceeded 50 ms, summed over legs (informational) PENDING (tooling)
  S37 step 1: blind-overwrite ceiling throughput over the shipping path at 256 conns PENDING (tooling)
  S37 step 1: blind-overwrite ceiling p99 gain at 256 conns PENDING (tooling)
  S37 step 1: share of arm B's SETs that skipped a cold read (validity — 0 = the instrument never engaged) PENDING (tooling)
  S37 step 2 discriminator: widest COLD-READ-QD arm throughput over the baseline cap at 256 conns PENDING (tooling)
  S37 step 2 discriminator: widest COLD-READ-QD arm p99 over the baseline cap at 256 conns (the tail the wider cap charges) PENDING (tooling)
  S37 step 2 discriminator: the baseline's device QD p99 at issue (≈ the cap = the cap bound; validity of the discriminator) PENDING (tooling)
  S42: first boot over second boot of a fresh data directory (the in-boot probe's cost) PENDING (tooling)
  S42: every first boot reported io_properties_source=probed-at-boot on every cell (validity) PENDING (tooling)
  S42: every second boot reported io_properties_source=file with the identity verified (validity) PENDING (tooling)
  S42: the file the first boot wrote is schema 3 (identity-bound) PENDING (tooling)
  S42: always p50 over the barrier p50 at 32 conns on the directory the first boot probed (S35's bar on the stock boot) PENDING (tooling)
  S42: always c32 ops/s on the stock boot (informational — read against the probed arm's replicate spread) PENDING (tooling)
  S39d: replay-phase rate on the slowest cell, arm (C38b's statistic on the loop clock, this row's shape — informational) PENDING (tooling)
  S39d: replay-phase rate on the slowest cell, baseline (informational) PENDING (tooling)

gate-run: report written to /home/kcaicedo/bench-data/s34/campaign-M/m1-s35-flush-2/1787718269-gate-run/report.md
inf-bench: 1 binding gate(s) FAILED
=== exit 1 2026-08-26T00:24:29-04:00 ===
=== 2026-08-26T00:24:29-04:00 M1 s35 fua-2 ===
inf-bench env-check
  PROBE                RESULT
  git-dirty-tree       PASS
  cpufreq-governor     PASS
  cpufreq-epp          PASS
  thermal-throttle     PASS
  power-source         SKIP  macos-only probe (this host: linux)
  low-power-mode       SKIP  macos-only probe (this host: linux)

env-check: OK
  s35: 40s drive-state idle before 4c rep0 c32
  s35: 40s drive-state idle before 4c rep0 c256
  s35: 40s drive-state idle before 1c rep0 c32

== gate verdicts ==
  S29: tiered always scaling slope (c256/c64) PENDING (tooling)
  S29: tiered:flat always parity at 64 conns PENDING (tooling)
  S29: tiered:flat always parity at 256 conns PENDING (tooling)
  S29: tiered:flat always p99 ratio at 256 conns PENDING (tooling)
  S27: client-visible -BUSY refusals under provoked staging pressure PENDING (tooling)
  S27: last:first throughput across back-to-back write repeats PENDING (tooling)
  S27: worst per-leg max latency at everysec under provoked pressure PENDING (tooling)
  S35: always p50 over the barrier p50 at 32 conns PASS
  S35: N-cell vs 1-cell barrier p50 ratio (device characterization — informational since the ADR-0087 fourth amendment, 2026-08-22) PASS (informational)
  S35: N-cell vs 1-cell always client p50 ratio (informational since 2026-08-22 — carries the pipeline's seal wait at K ≥ 2) FAIL (informational)
  S36: server CPU across the pure-write everysec leg PENDING (tooling)
  S36: everysec pure-write throughput vs the same-session tmpfs control PENDING (tooling)
  S36: checkpoint + MANIFEST bytes over log frame bytes (the derived trigger's 1/α bound) PENDING (tooling)
  S36: log + checkpoint write amplification (informational — the padding term is shape-dependent) PENDING (tooling)
  S36: everysec max latency at the comparator-matched offered rate (S27 D5) PENDING (tooling)
  S39b: warmed zero-fill bytes per log frame byte under recycling (arm) PENDING (tooling)
  S39b: rotations not served by the pool over the warmed window, worst cell PENDING (tooling)
  S39b: padding share moved by recycling (the S39c control) PENDING (tooling)
  S39b: always c32 p50 under recycling over baseline PENDING (tooling)
  S39b: always c32 p99 under recycling over baseline PENDING (tooling)
  S39b: read leg under recycling over baseline (the E4.7 ±2 % rule) PENDING (tooling)
  S39b: first crash-restart recovery boot on the recycled log over baseline PENDING (tooling)
  S39b: rotations per cell the row actually performed (validity) PENDING (tooling)
  S39b/D9: pool waits fed before the bound over waits ended (arm) PENDING (tooling)
  S39b/D9: rotations onto an un-zeroed segment on the arm, worst replicate PENDING (tooling)
  S39b/D9: rotations that found no next segment on the arm, worst replicate PENDING (tooling)
  S39b/D9: preallocs refused for space on the arm, worst replicate PENDING (tooling)
  S39b: accounted host bytes per log frame byte under recycling (informational) PENDING (tooling)
  S39b: block-device sectors written per log frame byte under recycling (informational) PENDING (tooling)
  S39d: fixed-work first-boot recovery, slowest cell's engine total, arm over baseline PENDING (tooling)
  S39d: absolute first-boot recovery wall on the recycled log (the S18 < 15 s STOP gate re-read) PENDING (tooling)
  S39d: both arms recovered exactly the records written (fixed-work validity) PENDING (tooling)
  S39d: slack-audit phase time over the cell sums, arm over baseline (the recycling term, informational) PENDING (tooling)
  S40: everysec max latency at the memtier shape, worst leg (S27 D5) PENDING (tooling)
  S40: achieved over offered rate, worst leg (validity — a saturated leg's max is a saturation number) PENDING (tooling)
  S40: seconds whose per-second maximum exceeded 50 ms, summed over legs (informational) PENDING (tooling)
  S37 step 1: blind-overwrite ceiling throughput over the shipping path at 256 conns PENDING (tooling)
  S37 step 1: blind-overwrite ceiling p99 gain at 256 conns PENDING (tooling)
  S37 step 1: share of arm B's SETs that skipped a cold read (validity — 0 = the instrument never engaged) PENDING (tooling)
  S37 step 2 discriminator: widest COLD-READ-QD arm throughput over the baseline cap at 256 conns PENDING (tooling)
  S37 step 2 discriminator: widest COLD-READ-QD arm p99 over the baseline cap at 256 conns (the tail the wider cap charges) PENDING (tooling)
  S37 step 2 discriminator: the baseline's device QD p99 at issue (≈ the cap = the cap bound; validity of the discriminator) PENDING (tooling)
  S42: first boot over second boot of a fresh data directory (the in-boot probe's cost) PENDING (tooling)
  S42: every first boot reported io_properties_source=probed-at-boot on every cell (validity) PENDING (tooling)
  S42: every second boot reported io_properties_source=file with the identity verified (validity) PENDING (tooling)
  S42: the file the first boot wrote is schema 3 (identity-bound) PENDING (tooling)
  S42: always p50 over the barrier p50 at 32 conns on the directory the first boot probed (S35's bar on the stock boot) PENDING (tooling)
  S42: always c32 ops/s on the stock boot (informational — read against the probed arm's replicate spread) PENDING (tooling)
  S39d: replay-phase rate on the slowest cell, arm (C38b's statistic on the loop clock, this row's shape — informational) PENDING (tooling)
  S39d: replay-phase rate on the slowest cell, baseline (informational) PENDING (tooling)

gate-run: report written to /home/kcaicedo/bench-data/s34/campaign-M/m1-s35-fua-2/1787718438-gate-run/report.md
=== exit 0 2026-08-26T00:27:18-04:00 ===
=== 2026-08-26T00:27:18-04:00 M2 everysec flush-0 ===
inf-bench env-check
  PROBE                RESULT
  git-dirty-tree       PASS
  cpufreq-governor     PASS
  cpufreq-epp          PASS
  thermal-throttle     PASS
  power-source         SKIP  macos-only probe (this host: linux)
  low-power-mode       SKIP  macos-only probe (this host: linux)

env-check: OK

== row: everysec penalty vs memory-mode ns (interleaved ABBA × 3) ==
  rep 0 memory-ns: 2353984 ops/s, p999 931 µs
  rep 0 everysec:  1536190 ops/s, p999 17407 µs
  rep 1 everysec:  1381843 ops/s, p999 16703 µs
  rep 1 memory-ns: 2379653 ops/s, p999 795 µs
  rep 2 memory-ns: 2354012 ops/s, p999 901 µs
  rep 2 everysec:  1966659 ops/s, p999 10175 µs

== gate verdicts ==
  Zero-cost A/B: pipelined ops regression PENDING (tooling)
  Zero-cost A/B: pipelined p99.9 regression PENDING (tooling)
  Zero-cost A/B: unpipelined 512-conn ops regression PENDING (tooling)
  Zero-cost A/B: unpipelined p99.9 regression PENDING (tooling)
  Zero-cost A/B: ttl-heavy write-mix ops regression PENDING (tooling)
  Zero-cost A/B: ttl-heavy p99.9 regression PENDING (tooling)
  Memory-only rows append zero log records PENDING (tooling)
  everysec penalty vs memory mode        FAIL
  always grouped writes                  PENDING (tooling)
  Replay throughput per cell             PENDING (tooling)
  10 GB node cold boot                   PENDING (tooling)
  DST durability oracle: 10k seeds       PENDING (tooling)
  Crash matrix green in CI               PENDING (tooling)
  Checkpoint under full load: foreground p99.9 (anti-BGREWRITEAOF) PENDING (tooling)
  RSS under continuous checkpoints vs no-checkpoint control (anti-2x) PENDING (tooling)
  M0/M1 gates re-pass                    PENDING (tooling)
  One log write per iteration            PENDING (tooling)
  acks/fsync grouping ratio above floor  PENDING (tooling)
  sum(domains) vs RSS divergence (with log domains) PENDING (tooling)

gate-run: report written to /home/kcaicedo/bench-data/s34/campaign-M/m2-esec-flush-0/1787718545-gate-run/report.md
inf-bench: 1 binding gate(s) FAILED
=== exit 1 2026-08-26T00:29:05-04:00 ===
=== 2026-08-26T00:29:05-04:00 M2 everysec fua-0 ===
inf-bench env-check
  PROBE                RESULT
  git-dirty-tree       PASS
  cpufreq-governor     PASS
  cpufreq-epp          PASS
  thermal-throttle     PASS
  power-source         SKIP  macos-only probe (this host: linux)
  low-power-mode       SKIP  macos-only probe (this host: linux)

env-check: OK

== row: everysec penalty vs memory-mode ns (interleaved ABBA × 3) ==
  rep 0 memory-ns: 2404384 ops/s, p999 785 µs
  rep 0 everysec:  1337247 ops/s, p999 107263 µs
  rep 1 everysec:  801376 ops/s, p999 184831 µs
  rep 1 memory-ns: 2381284 ops/s, p999 875 µs
  rep 2 memory-ns: 2406316 ops/s, p999 767 µs
  rep 2 everysec:  1221714 ops/s, p999 135679 µs

== gate verdicts ==
  Zero-cost A/B: pipelined ops regression PENDING (tooling)
  Zero-cost A/B: pipelined p99.9 regression PENDING (tooling)
  Zero-cost A/B: unpipelined 512-conn ops regression PENDING (tooling)
  Zero-cost A/B: unpipelined p99.9 regression PENDING (tooling)
  Zero-cost A/B: ttl-heavy write-mix ops regression PENDING (tooling)
  Zero-cost A/B: ttl-heavy p99.9 regression PENDING (tooling)
  Memory-only rows append zero log records PENDING (tooling)
  everysec penalty vs memory mode        FAIL
  always grouped writes                  PENDING (tooling)
  Replay throughput per cell             PENDING (tooling)
  10 GB node cold boot                   PENDING (tooling)
  DST durability oracle: 10k seeds       PENDING (tooling)
  Crash matrix green in CI               PENDING (tooling)
  Checkpoint under full load: foreground p99.9 (anti-BGREWRITEAOF) PENDING (tooling)
  RSS under continuous checkpoints vs no-checkpoint control (anti-2x) PENDING (tooling)
  M0/M1 gates re-pass                    PENDING (tooling)
  One log write per iteration            PENDING (tooling)
  acks/fsync grouping ratio above floor  PENDING (tooling)
  sum(domains) vs RSS divergence (with log domains) PENDING (tooling)

gate-run: report written to /home/kcaicedo/bench-data/s34/campaign-M/m2-esec-fua-0/1787718652-gate-run/report.md
inf-bench: 1 binding gate(s) FAILED
=== exit 1 2026-08-26T00:30:52-04:00 ===
=== 2026-08-26T00:30:52-04:00 M2 everysec fua-1 ===
inf-bench env-check
  PROBE                RESULT
  git-dirty-tree       PASS
  cpufreq-governor     PASS
  cpufreq-epp          PASS
  thermal-throttle     PASS
  power-source         SKIP  macos-only probe (this host: linux)
  low-power-mode       SKIP  macos-only probe (this host: linux)

env-check: OK

== row: everysec penalty vs memory-mode ns (interleaved ABBA × 3) ==
  rep 0 memory-ns: 2421414 ops/s, p999 761 µs
  rep 0 everysec:  1733924 ops/s, p999 8671 µs
  rep 1 everysec:  901779 ops/s, p999 167935 µs
  rep 1 memory-ns: 2404045 ops/s, p999 755 µs
  rep 2 memory-ns: 2328254 ops/s, p999 903 µs
  rep 2 everysec:  1022241 ops/s, p999 135679 µs

== gate verdicts ==
  Zero-cost A/B: pipelined ops regression PENDING (tooling)
  Zero-cost A/B: pipelined p99.9 regression PENDING (tooling)
  Zero-cost A/B: unpipelined 512-conn ops regression PENDING (tooling)
  Zero-cost A/B: unpipelined p99.9 regression PENDING (tooling)
  Zero-cost A/B: ttl-heavy write-mix ops regression PENDING (tooling)
  Zero-cost A/B: ttl-heavy p99.9 regression PENDING (tooling)
  Memory-only rows append zero log records PENDING (tooling)
  everysec penalty vs memory mode        FAIL
  always grouped writes                  PENDING (tooling)
  Replay throughput per cell             PENDING (tooling)
  10 GB node cold boot                   PENDING (tooling)
  DST durability oracle: 10k seeds       PENDING (tooling)
  Crash matrix green in CI               PENDING (tooling)
  Checkpoint under full load: foreground p99.9 (anti-BGREWRITEAOF) PENDING (tooling)
  RSS under continuous checkpoints vs no-checkpoint control (anti-2x) PENDING (tooling)
  M0/M1 gates re-pass                    PENDING (tooling)
  One log write per iteration            PENDING (tooling)
  acks/fsync grouping ratio above floor  PENDING (tooling)
  sum(domains) vs RSS divergence (with log domains) PENDING (tooling)

gate-run: report written to /home/kcaicedo/bench-data/s34/campaign-M/m2-esec-fua-1/1787718758-gate-run/report.md
inf-bench: 1 binding gate(s) FAILED
=== exit 1 2026-08-26T00:32:38-04:00 ===
=== 2026-08-26T00:32:38-04:00 M2 everysec flush-1 ===
inf-bench env-check
  PROBE                RESULT
  git-dirty-tree       PASS
  cpufreq-governor     PASS
  cpufreq-epp          PASS
  thermal-throttle     PASS
  power-source         SKIP  macos-only probe (this host: linux)
  low-power-mode       SKIP  macos-only probe (this host: linux)

env-check: OK

== row: everysec penalty vs memory-mode ns (interleaved ABBA × 3) ==
  rep 0 memory-ns: 2407223 ops/s, p999 797 µs
  rep 0 everysec:  1255859 ops/s, p999 23679 µs
  rep 1 everysec:  930186 ops/s, p999 286719 µs
  rep 1 memory-ns: 2400229 ops/s, p999 751 µs
  rep 2 memory-ns: 2341043 ops/s, p999 867 µs
  rep 2 everysec:  1209251 ops/s, p999 62847 µs

== gate verdicts ==
  Zero-cost A/B: pipelined ops regression PENDING (tooling)
  Zero-cost A/B: pipelined p99.9 regression PENDING (tooling)
  Zero-cost A/B: unpipelined 512-conn ops regression PENDING (tooling)
  Zero-cost A/B: unpipelined p99.9 regression PENDING (tooling)
  Zero-cost A/B: ttl-heavy write-mix ops regression PENDING (tooling)
  Zero-cost A/B: ttl-heavy p99.9 regression PENDING (tooling)
  Memory-only rows append zero log records PENDING (tooling)
  everysec penalty vs memory mode        FAIL
  always grouped writes                  PENDING (tooling)
  Replay throughput per cell             PENDING (tooling)
  10 GB node cold boot                   PENDING (tooling)
  DST durability oracle: 10k seeds       PENDING (tooling)
  Crash matrix green in CI               PENDING (tooling)
  Checkpoint under full load: foreground p99.9 (anti-BGREWRITEAOF) PENDING (tooling)
  RSS under continuous checkpoints vs no-checkpoint control (anti-2x) PENDING (tooling)
  M0/M1 gates re-pass                    PENDING (tooling)
  One log write per iteration            PENDING (tooling)
  acks/fsync grouping ratio above floor  PENDING (tooling)
  sum(domains) vs RSS divergence (with log domains) PENDING (tooling)

gate-run: report written to /home/kcaicedo/bench-data/s34/campaign-M/m2-esec-flush-1/1787718865-gate-run/report.md
inf-bench: 1 binding gate(s) FAILED
=== exit 1 2026-08-26T00:34:25-04:00 ===
=== 2026-08-26T00:34:25-04:00 M2 everysec flush-2 ===
inf-bench env-check
  PROBE                RESULT
  git-dirty-tree       PASS
  cpufreq-governor     PASS
  cpufreq-epp          PASS
  thermal-throttle     PASS
  power-source         SKIP  macos-only probe (this host: linux)
  low-power-mode       SKIP  macos-only probe (this host: linux)

env-check: OK

== row: everysec penalty vs memory-mode ns (interleaved ABBA × 3) ==
  rep 0 memory-ns: 2345296 ops/s, p999 899 µs
  rep 0 everysec:  1380379 ops/s, p999 16575 µs
  rep 1 everysec:  949308 ops/s, p999 55807 µs
  rep 1 memory-ns: 2340850 ops/s, p999 893 µs
  rep 2 memory-ns: 2370265 ops/s, p999 861 µs
  rep 2 everysec:  1104592 ops/s, p999 77311 µs

== gate verdicts ==
  Zero-cost A/B: pipelined ops regression PENDING (tooling)
  Zero-cost A/B: pipelined p99.9 regression PENDING (tooling)
  Zero-cost A/B: unpipelined 512-conn ops regression PENDING (tooling)
  Zero-cost A/B: unpipelined p99.9 regression PENDING (tooling)
  Zero-cost A/B: ttl-heavy write-mix ops regression PENDING (tooling)
  Zero-cost A/B: ttl-heavy p99.9 regression PENDING (tooling)
  Memory-only rows append zero log records PENDING (tooling)
  everysec penalty vs memory mode        FAIL
  always grouped writes                  PENDING (tooling)
  Replay throughput per cell             PENDING (tooling)
  10 GB node cold boot                   PENDING (tooling)
  DST durability oracle: 10k seeds       PENDING (tooling)
  Crash matrix green in CI               PENDING (tooling)
  Checkpoint under full load: foreground p99.9 (anti-BGREWRITEAOF) PENDING (tooling)
  RSS under continuous checkpoints vs no-checkpoint control (anti-2x) PENDING (tooling)
  M0/M1 gates re-pass                    PENDING (tooling)
  One log write per iteration            PENDING (tooling)
  acks/fsync grouping ratio above floor  PENDING (tooling)
  sum(domains) vs RSS divergence (with log domains) PENDING (tooling)

gate-run: report written to /home/kcaicedo/bench-data/s34/campaign-M/m2-esec-flush-2/1787718973-gate-run/report.md
inf-bench: 1 binding gate(s) FAILED
=== exit 1 2026-08-26T00:36:13-04:00 ===
=== 2026-08-26T00:36:13-04:00 M2 everysec fua-2 ===
inf-bench env-check
  PROBE                RESULT
  git-dirty-tree       PASS
  cpufreq-governor     PASS
  cpufreq-epp          PASS
  thermal-throttle     PASS
  power-source         SKIP  macos-only probe (this host: linux)
  low-power-mode       SKIP  macos-only probe (this host: linux)

env-check: OK

== row: everysec penalty vs memory-mode ns (interleaved ABBA × 3) ==
  rep 0 memory-ns: 2399141 ops/s, p999 771 µs
  rep 0 everysec:  1381763 ops/s, p999 98559 µs
  rep 1 everysec:  287955 ops/s, p999 526335 µs
  rep 1 memory-ns: 2380125 ops/s, p999 813 µs
  rep 2 memory-ns: 2323101 ops/s, p999 915 µs
  rep 2 everysec:  993327 ops/s, p999 145919 µs

== gate verdicts ==
  Zero-cost A/B: pipelined ops regression PENDING (tooling)
  Zero-cost A/B: pipelined p99.9 regression PENDING (tooling)
  Zero-cost A/B: unpipelined 512-conn ops regression PENDING (tooling)
  Zero-cost A/B: unpipelined p99.9 regression PENDING (tooling)
  Zero-cost A/B: ttl-heavy write-mix ops regression PENDING (tooling)
  Zero-cost A/B: ttl-heavy p99.9 regression PENDING (tooling)
  Memory-only rows append zero log records PENDING (tooling)
  everysec penalty vs memory mode        FAIL
  always grouped writes                  PENDING (tooling)
  Replay throughput per cell             PENDING (tooling)
  10 GB node cold boot                   PENDING (tooling)
  DST durability oracle: 10k seeds       PENDING (tooling)
  Crash matrix green in CI               PENDING (tooling)
  Checkpoint under full load: foreground p99.9 (anti-BGREWRITEAOF) PENDING (tooling)
  RSS under continuous checkpoints vs no-checkpoint control (anti-2x) PENDING (tooling)
  M0/M1 gates re-pass                    PENDING (tooling)
  One log write per iteration            PENDING (tooling)
  acks/fsync grouping ratio above floor  PENDING (tooling)
  sum(domains) vs RSS divergence (with log domains) PENDING (tooling)

gate-run: report written to /home/kcaicedo/bench-data/s34/campaign-M/m2-esec-fua-2/1787719080-gate-run/report.md
inf-bench: 1 binding gate(s) FAILED
=== exit 1 2026-08-26T00:38:00-04:00 ===
=== 2026-08-26T00:38:00-04:00 M3 s39d replay flush-class vs fua ===
inf-bench env-check
  PROBE                RESULT
  git-dirty-tree       PASS
  cpufreq-governor     PASS
  cpufreq-epp          PASS
  thermal-throttle     PASS
  power-source         SKIP  macos-only probe (this host: linux)
  low-power-mode       SKIP  macos-only probe (this host: linux)

env-check: OK
  s35: 40s drive-state idle before s39d base rep0
  s39d base: warm 3000000 records at 46979 ops/s, boundary checkpoint 12.5 s, truncated 8 recycled 0 rotations_min_cell 2 (warmed=true)
  s35: 40s drive-state idle before s39d base fresh-image recovery boot
  s39d rep0 base: rep0 base warm_ops=46979 tail_ops=52701 warmed=true warm[rotations=8 recycled=0 truncated=8 rotations_min_cell=2 waits_expired=0] end[rotations=12 recycled=0 truncated=8 frame_bytes=3359713640 zero_fill=0] boot_wall_s=2.294 proc_read_bytes=3160109056 records_recovered=3200000 slowest_cell[total_ms=2256.2 start_ms=7.4 ckpt_ms=2062.3 replay_ms=94.0 audit_ms=92.4 finish_ms=0.2 dominating=ckpt] sum_cells[total_ms=9013.5 ckpt_ms=8236.4 replay_ms=375.6 audit_ms=371.0 finish_ms=0.3 ckpt_bytes=3160240128 replay_bytes=1212299792 replay_frames=112502 audit_bytes=2008925680 audit_valid_frames=0 audit_foreign_frames=0 stale_files=0 residue_slacks=0 residue_stops=0]
  s35: 40s drive-state idle before s39d arm rep0
  s39d arm: warm 3000000 records at 128741 ops/s, boundary checkpoint 16.8 s, truncated 16 recycled 4 rotations_min_cell 4 (warmed=true)
  s35: 40s drive-state idle before s39d arm fresh-image recovery boot
  s39d rep0 arm: rep0 arm warm_ops=128741 tail_ops=292746 warmed=true warm[rotations=16 recycled=4 truncated=16 rotations_min_cell=4 waits_expired=8] end[rotations=16 recycled=4 truncated=16 frame_bytes=3767754752 zero_fill=4294967296] boot_wall_s=3.916 proc_read_bytes=5307330560 records_recovered=3200000 slowest_cell[total_ms=3815.5 start_ms=3.7 ckpt_ms=2314.1 replay_ms=429.6 audit_ms=1067.9 finish_ms=0.1 dominating=ckpt] sum_cells[total_ms=15245.2 ckpt_ms=9248.8 replay_ms=1696.5 audit_ms=4284.5 finish_ms=0.5 ckpt_bytes=3160240128 replay_bytes=459534336 replay_frames=29411 audit_bytes=1687949312 audit_valid_frames=0 audit_foreign_frames=51867 stale_files=4 residue_slacks=4 residue_stops=4]
  s35: 40s drive-state idle before s39d arm rep1
  s39d arm: warm 3000000 records at 99685 ops/s, boundary checkpoint 17.8 s, truncated 16 recycled 4 rotations_min_cell 4 (warmed=true)
  s35: 40s drive-state idle before s39d arm fresh-image recovery boot
  s39d rep1 arm: rep1 arm warm_ops=99685 tail_ops=278573 warmed=true warm[rotations=16 recycled=4 truncated=16 rotations_min_cell=4 waits_expired=8] end[rotations=16 recycled=4 truncated=16 frame_bytes=3768745984 zero_fill=4294967296] boot_wall_s=3.710 proc_read_bytes=5307330560 records_recovered=3200000 slowest_cell[total_ms=3628.3 start_ms=3.8 ckpt_ms=2115.7 replay_ms=405.4 audit_ms=1103.3 finish_ms=0.1 dominating=ckpt] sum_cells[total_ms=14477.3 ckpt_ms=8442.1 replay_ms=1681.2 audit_ms=4338.3 finish_ms=0.7 ckpt_bytes=3160240128 replay_bytes=459636736 replay_frames=28612 audit_bytes=1687846912 audit_valid_frames=0 audit_foreign_frames=51921 stale_files=4 residue_slacks=4 residue_stops=4]
  s35: 40s drive-state idle before s39d base rep1
  s39d base: warm 3000000 records at 49760 ops/s, boundary checkpoint 11.9 s, truncated 8 recycled 0 rotations_min_cell 2 (warmed=true)
  s35: 40s drive-state idle before s39d base fresh-image recovery boot
  s39d rep1 base: rep1 base warm_ops=49760 tail_ops=54319 warmed=true warm[rotations=8 recycled=0 truncated=8 rotations_min_cell=2 waits_expired=0] end[rotations=12 recycled=0 truncated=8 frame_bytes=3359081448 zero_fill=0] boot_wall_s=2.313 proc_read_bytes=3160109056 records_recovered=3200000 slowest_cell[total_ms=2282.8 start_ms=3.8 ckpt_ms=2092.8 replay_ms=93.5 audit_ms=92.6 finish_ms=0.0 dominating=ckpt] sum_cells[total_ms=9123.4 ckpt_ms=8361.6 replay_ms=375.3 audit_ms=371.1 finish_ms=0.1 ckpt_bytes=3160240128 replay_bytes=1211721316 replay_frames=100068 audit_bytes=2009504156 audit_valid_frames=0 audit_foreign_frames=0 stale_files=0 residue_slacks=0 residue_stops=0]
  s35: 40s drive-state idle before s39d base rep2
  s39d base: warm 3000000 records at 49830 ops/s, boundary checkpoint 7.1 s, truncated 8 recycled 0 rotations_min_cell 2 (warmed=true)
  s35: 40s drive-state idle before s39d base fresh-image recovery boot
  s39d rep2 base: rep2 base warm_ops=49830 tail_ops=63337 warmed=true warm[rotations=8 recycled=0 truncated=8 rotations_min_cell=2 waits_expired=0] end[rotations=12 recycled=0 truncated=8 frame_bytes=3359641876 zero_fill=0] boot_wall_s=2.277 proc_read_bytes=3160109056 records_recovered=3200000 slowest_cell[total_ms=2247.7 start_ms=5.9 ckpt_ms=2054.2 replay_ms=94.4 audit_ms=93.1 finish_ms=0.0 dominating=ckpt] sum_cells[total_ms=8982.4 ckpt_ms=8209.9 replay_ms=376.5 audit_ms=372.1 finish_ms=0.1 ckpt_bytes=3160240128 replay_bytes=1212239980 replay_frames=109431 audit_bytes=2008985492 audit_valid_frames=0 audit_foreign_frames=0 stale_files=0 residue_slacks=0 residue_stops=0]
  s35: 40s drive-state idle before s39d arm rep2
  s39d arm: warm 3000000 records at 116005 ops/s, boundary checkpoint 17.9 s, truncated 16 recycled 4 rotations_min_cell 4 (warmed=true)
  s35: 40s drive-state idle before s39d arm fresh-image recovery boot
  s39d rep2 arm: rep2 arm warm_ops=116005 tail_ops=297215 warmed=true warm[rotations=16 recycled=4 truncated=16 rotations_min_cell=4 waits_expired=8] end[rotations=16 recycled=4 truncated=16 frame_bytes=3768934400 zero_fill=4294967296] boot_wall_s=3.591 proc_read_bytes=5307330560 records_recovered=3200000 slowest_cell[total_ms=3561.7 start_ms=3.5 ckpt_ms=2057.8 replay_ms=436.2 audit_ms=1064.1 finish_ms=0.1 dominating=ckpt] sum_cells[total_ms=14189.3 ckpt_ms=8217.6 replay_ms=1718.9 audit_ms=4237.5 finish_ms=0.5 ckpt_bytes=3160240128 replay_bytes=469540864 replay_frames=30081 audit_bytes=1677942784 audit_valid_frames=0 audit_foreign_frames=51906 stale_files=4 residue_slacks=4 residue_stops=4]

== gate verdicts ==
  S29: tiered always scaling slope (c256/c64) PENDING (tooling)
  S29: tiered:flat always parity at 64 conns PENDING (tooling)
  S29: tiered:flat always parity at 256 conns PENDING (tooling)
  S29: tiered:flat always p99 ratio at 256 conns PENDING (tooling)
  S27: client-visible -BUSY refusals under provoked staging pressure PENDING (tooling)
  S27: last:first throughput across back-to-back write repeats PENDING (tooling)
  S27: worst per-leg max latency at everysec under provoked pressure PENDING (tooling)
  S35: always p50 over the barrier p50 at 32 conns PENDING (tooling)
  S35: N-cell vs 1-cell barrier p50 ratio (device characterization — informational since the ADR-0087 fourth amendment, 2026-08-22) PENDING (tooling)
  S35: N-cell vs 1-cell always client p50 ratio (informational since 2026-08-22 — carries the pipeline's seal wait at K ≥ 2) PENDING (tooling)
  S36: server CPU across the pure-write everysec leg PENDING (tooling)
  S36: everysec pure-write throughput vs the same-session tmpfs control PENDING (tooling)
  S36: checkpoint + MANIFEST bytes over log frame bytes (the derived trigger's 1/α bound) PENDING (tooling)
  S36: log + checkpoint write amplification (informational — the padding term is shape-dependent) PENDING (tooling)
  S36: everysec max latency at the comparator-matched offered rate (S27 D5) PENDING (tooling)
  S39b: warmed zero-fill bytes per log frame byte under recycling (arm) PENDING (tooling)
  S39b: rotations not served by the pool over the warmed window, worst cell PENDING (tooling)
  S39b: padding share moved by recycling (the S39c control) PENDING (tooling)
  S39b: always c32 p50 under recycling over baseline PENDING (tooling)
  S39b: always c32 p99 under recycling over baseline PENDING (tooling)
  S39b: read leg under recycling over baseline (the E4.7 ±2 % rule) PENDING (tooling)
  S39b: first crash-restart recovery boot on the recycled log over baseline PENDING (tooling)
  S39b: rotations per cell the row actually performed (validity) PENDING (tooling)
  S39b/D9: pool waits fed before the bound over waits ended (arm) PENDING (tooling)
  S39b/D9: rotations onto an un-zeroed segment on the arm, worst replicate PENDING (tooling)
  S39b/D9: rotations that found no next segment on the arm, worst replicate PENDING (tooling)
  S39b/D9: preallocs refused for space on the arm, worst replicate PENDING (tooling)
  S39b: accounted host bytes per log frame byte under recycling (informational) PENDING (tooling)
  S39b: block-device sectors written per log frame byte under recycling (informational) PENDING (tooling)
  S39d: fixed-work first-boot recovery, slowest cell's engine total, arm over baseline FAIL (informational)
  S39d: absolute first-boot recovery wall on the recycled log (the S18 < 15 s STOP gate re-read) PASS
  S39d: both arms recovered exactly the records written (fixed-work validity) PASS
  S39d: slack-audit phase time over the cell sums, arm over baseline (the recycling term, informational) FAIL (informational)
  S40: everysec max latency at the memtier shape, worst leg (S27 D5) PENDING (tooling)
  S40: achieved over offered rate, worst leg (validity — a saturated leg's max is a saturation number) PENDING (tooling)
  S40: seconds whose per-second maximum exceeded 50 ms, summed over legs (informational) PENDING (tooling)
  S37 step 1: blind-overwrite ceiling throughput over the shipping path at 256 conns PENDING (tooling)
  S37 step 1: blind-overwrite ceiling p99 gain at 256 conns PENDING (tooling)
  S37 step 1: share of arm B's SETs that skipped a cold read (validity — 0 = the instrument never engaged) PENDING (tooling)
  S37 step 2 discriminator: widest COLD-READ-QD arm throughput over the baseline cap at 256 conns PENDING (tooling)
  S37 step 2 discriminator: widest COLD-READ-QD arm p99 over the baseline cap at 256 conns (the tail the wider cap charges) PENDING (tooling)
  S37 step 2 discriminator: the baseline's device QD p99 at issue (≈ the cap = the cap bound; validity of the discriminator) PENDING (tooling)
  S42: first boot over second boot of a fresh data directory (the in-boot probe's cost) PENDING (tooling)
  S42: every first boot reported io_properties_source=probed-at-boot on every cell (validity) PENDING (tooling)
  S42: every second boot reported io_properties_source=file with the identity verified (validity) PENDING (tooling)
  S42: the file the first boot wrote is schema 3 (identity-bound) PENDING (tooling)
  S42: always p50 over the barrier p50 at 32 conns on the directory the first boot probed (S35's bar on the stock boot) PENDING (tooling)
  S42: always c32 ops/s on the stock boot (informational — read against the probed arm's replicate spread) PENDING (tooling)
  S39d: replay-phase rate on the slowest cell, arm (C38b's statistic on the loop clock, this row's shape — informational) FAIL (informational)
  S39d: replay-phase rate on the slowest cell, baseline (informational) PASS (informational)

gate-run: report written to /home/kcaicedo/bench-data/s34/campaign-M/m3-s39d/1787719953-gate-run/report.md
=== exit 0 2026-08-26T00:52:33-04:00 ===
# 2026-08-26T00:52:33-04:00 binary=infinityd c42c475 (git c42c475986d2, x86_64-unknown-linux-gnu) git=c42c475 dirty=0 thermal: 27800 34000 39000  gov=performance no_turbo=1 strays=0 load=1.81 2.31 3.15 devstat= 359884 48314 62792609 218406 6492659 3151345 478916271 13686204 0 1169005 14322642 50118 0 200122912 25922 495644 392109
CAMPAIGN DONE
