inf-bench env-check
  PROBE                RESULT
  git-dirty-tree       FAIL  dirty git tree: 9 uncommitted entries
  cpufreq-governor     FAIL  scaling_governor != performance on 24 cpus: cpu0=powersave, cpu1=powersave, cpu10=powersave, cpu11=powersave (+20 more)
  cpufreq-epp          PASS
  thermal-throttle     FAIL  thermal throttling occurred: cpu0/package_throttle_count=21651, cpu1/package_throttle_count=21651, cpu10/core_throttle_count=13118, cpu10/package_throttle_count=25347
  power-source         SKIP  macos-only probe (this host: linux)
  low-power-mode       SKIP  macos-only probe (this host: linux)

  *** DIRTY TREE — dev run only, output is not citation-grade ***
gate-run: CONTINUING WITH FAILED ENV-CHECK — results are not citation-grade
== ycsb row: ycsb-a-zipfian ==
== ycsb: saturation probe (ycsb-a-zipfian, +50% conns) ==
== ycsb row: ycsb-b-zipfian ==

== gate verdicts ==
  Degenerate A/B: pipelined ops regression PENDING (tooling)
  Degenerate A/B: pipelined p99.9 regression PENDING (tooling)
  Degenerate A/B: unpipelined ops regression PENDING (tooling)
  Degenerate A/B: unpipelined p99.9 regression PENDING (tooling)
  Degenerate A/B: ttl-heavy ops regression PENDING (tooling)
  Degenerate A/B: ttl-heavy p99.9 regression PENDING (tooling)
  Degenerate A/B: peak-RSS regression (worst row) PENDING (tooling)
  Memory-mode node constructs zero tiered tables PENDING (tooling)
  Tiering code-path counters identically zero PENDING (tooling)
  Write amplification, worst tiered namespace PENDING (tooling)
  Memory-only rows append zero log records (M2 posture carried) PENDING (tooling)
  Mixed-node attribution divergence (M4-S20) PENDING (tooling)
  Cache-namespace p99 isolation under the mixed node (M4-S20) PENDING (tooling)
  Hot set at memory speed: memory-hit p50 delta PENDING (tooling)
  Hot set at memory speed: memory-hit p99 delta PENDING (tooling)
  Hot set at memory speed: memory-hit p99.9 delta PENDING (tooling)
  Cold reads: p99 < 1.5 ms on NVMe under loaded zipfian rows PENDING (tooling)
  Memory honesty: RSS slope over the 24 h endurance run PENDING (tooling)
  Endurance: zero crashes over the full 24 h run PENDING (tooling)
  M3 regression: worst M3 gate delta on memory-mode namespaces PENDING (tooling)
  Recovery with tiering on: replay throughput per cell PENDING (tooling)
  Recovery with tiering on: 10 GB boot   PENDING (tooling)
  Never-none invariant: zero violations in the 10k-seed DST sweep PENDING (tooling)
  Crash + ENOSPC matrices: all fault points green PENDING (tooling)
  Foreground protection: p99.9 during demotion + compaction storms PENDING (tooling)

gate-run: report written to .artifacts/m4/s23/soak-20260731-0255/legs/1785482461-gate-run/report.md
inf-bench env-check
  PROBE                RESULT
  git-dirty-tree       FAIL  dirty git tree: 10 uncommitted entries
  cpufreq-governor     FAIL  scaling_governor != performance on 24 cpus: cpu0=powersave, cpu1=powersave, cpu10=powersave, cpu11=powersave (+20 more)
  cpufreq-epp          PASS
  thermal-throttle     FAIL  thermal throttling occurred: cpu0/package_throttle_count=21794, cpu1/package_throttle_count=21794, cpu10/core_throttle_count=13208, cpu10/package_throttle_count=25490
  power-source         SKIP  macos-only probe (this host: linux)
  low-power-mode       SKIP  macos-only probe (this host: linux)

  *** DIRTY TREE — dev run only, output is not citation-grade ***
gate-run: CONTINUING WITH FAILED ENV-CHECK — results are not citation-grade
== ycsb row: ycsb-a-zipfian ==
== ycsb: saturation probe (ycsb-a-zipfian, +50% conns) ==
== ycsb row: ycsb-b-zipfian ==

== gate verdicts ==
  Degenerate A/B: pipelined ops regression PENDING (tooling)
  Degenerate A/B: pipelined p99.9 regression PENDING (tooling)
  Degenerate A/B: unpipelined ops regression PENDING (tooling)
  Degenerate A/B: unpipelined p99.9 regression PENDING (tooling)
  Degenerate A/B: ttl-heavy ops regression PENDING (tooling)
  Degenerate A/B: ttl-heavy p99.9 regression PENDING (tooling)
  Degenerate A/B: peak-RSS regression (worst row) PENDING (tooling)
  Memory-mode node constructs zero tiered tables PENDING (tooling)
  Tiering code-path counters identically zero PENDING (tooling)
  Write amplification, worst tiered namespace PENDING (tooling)
  Memory-only rows append zero log records (M2 posture carried) PENDING (tooling)
  Mixed-node attribution divergence (M4-S20) PENDING (tooling)
  Cache-namespace p99 isolation under the mixed node (M4-S20) PENDING (tooling)
  Hot set at memory speed: memory-hit p50 delta PENDING (tooling)
  Hot set at memory speed: memory-hit p99 delta PENDING (tooling)
  Hot set at memory speed: memory-hit p99.9 delta PENDING (tooling)
  Cold reads: p99 < 1.5 ms on NVMe under loaded zipfian rows PENDING (tooling)
  Memory honesty: RSS slope over the 24 h endurance run PENDING (tooling)
  Endurance: zero crashes over the full 24 h run PENDING (tooling)
  M3 regression: worst M3 gate delta on memory-mode namespaces PENDING (tooling)
  Recovery with tiering on: replay throughput per cell PENDING (tooling)
  Recovery with tiering on: 10 GB boot   PENDING (tooling)
  Never-none invariant: zero violations in the 10k-seed DST sweep PENDING (tooling)
  Crash + ENOSPC matrices: all fault points green PENDING (tooling)
  Foreground protection: p99.9 during demotion + compaction storms PENDING (tooling)

gate-run: report written to .artifacts/m4/s23/soak-20260731-0255/legs/1785482711-gate-run/report.md
inf-bench env-check
  PROBE                RESULT
  git-dirty-tree       FAIL  dirty git tree: 10 uncommitted entries
  cpufreq-governor     FAIL  scaling_governor != performance on 24 cpus: cpu0=powersave, cpu1=powersave, cpu10=powersave, cpu11=powersave (+20 more)
  cpufreq-epp          PASS
  thermal-throttle     FAIL  thermal throttling occurred: cpu0/package_throttle_count=21794, cpu1/package_throttle_count=21794, cpu10/core_throttle_count=13208, cpu10/package_throttle_count=25490
  power-source         SKIP  macos-only probe (this host: linux)
  low-power-mode       SKIP  macos-only probe (this host: linux)

  *** DIRTY TREE — dev run only, output is not citation-grade ***
gate-run: CONTINUING WITH FAILED ENV-CHECK — results are not citation-grade
== ycsb row: ycsb-a-zipfian ==
== ycsb: saturation probe (ycsb-a-zipfian, +50% conns) ==
== ycsb row: ycsb-b-zipfian ==

== gate verdicts ==
  Degenerate A/B: pipelined ops regression PENDING (tooling)
  Degenerate A/B: pipelined p99.9 regression PENDING (tooling)
  Degenerate A/B: unpipelined ops regression PENDING (tooling)
  Degenerate A/B: unpipelined p99.9 regression PENDING (tooling)
  Degenerate A/B: ttl-heavy ops regression PENDING (tooling)
  Degenerate A/B: ttl-heavy p99.9 regression PENDING (tooling)
  Degenerate A/B: peak-RSS regression (worst row) PENDING (tooling)
  Memory-mode node constructs zero tiered tables PENDING (tooling)
  Tiering code-path counters identically zero PENDING (tooling)
  Write amplification, worst tiered namespace PENDING (tooling)
  Memory-only rows append zero log records (M2 posture carried) PENDING (tooling)
  Mixed-node attribution divergence (M4-S20) PENDING (tooling)
  Cache-namespace p99 isolation under the mixed node (M4-S20) PENDING (tooling)
  Hot set at memory speed: memory-hit p50 delta PENDING (tooling)
  Hot set at memory speed: memory-hit p99 delta PENDING (tooling)
  Hot set at memory speed: memory-hit p99.9 delta PENDING (tooling)
  Cold reads: p99 < 1.5 ms on NVMe under loaded zipfian rows PENDING (tooling)
  Memory honesty: RSS slope over the 24 h endurance run PENDING (tooling)
  Endurance: zero crashes over the full 24 h run PENDING (tooling)
  M3 regression: worst M3 gate delta on memory-mode namespaces PENDING (tooling)
  Recovery with tiering on: replay throughput per cell PENDING (tooling)
  Recovery with tiering on: 10 GB boot   PENDING (tooling)
  Never-none invariant: zero violations in the 10k-seed DST sweep PENDING (tooling)
  Crash + ENOSPC matrices: all fault points green PENDING (tooling)
  Foreground protection: p99.9 during demotion + compaction storms PENDING (tooling)

gate-run: report written to .artifacts/m4/s23/soak-20260731-0255/legs/1785482752-gate-run/report.md
