I0717 21:14:57.867789   58124 init.cc:144] dragonfly running in opt mode.
                   .--::--.                   
   :+*=:          =@@@@@@@@=          :+*+:   
  %@@@@@@%*=.     =@@@@@@@@-     .=*%@@@@@@#  
  @@@@@@@@@@@@#+-. .%@@@@#. .-+#@@@@@@@@@@@%  
  -@@@@@@@@@@@@@@@@*:#@@#:*@@@@@@@@@@@@@@@@-  
    :+*********####-%@%%@%-####********++.    
   .%@@@@@@@@@@@@@%:@@@@@@:@@@@@@@@@@@@@@%    
   .@@@@@@@@%*+-:   =@@@@=  .:-+*%@@@@@@@%.   
     =*+-:           ###*          .:-+*=     
                     %@@%                     
                     *@@*                     
                     +@@=                     
                     :##:                     
                     :@@:                     
                      @@                      
                      ..                      
* Logs will be written to the first available of the following paths:
* For the available flags type dragonfly [--help | --helpfull]
* Documentation can be found at: https://www.dragonflydb.io/docs
I0717 21:14:57.867844   58124 dfly_main.cc:1096] Starting dragonfly df-v1.39.0-699862e5da7cb29bf5642a1da422c4c78cefae38
I0717 21:14:57.867944   58124 dfly_main.cc:1137] Using proactor_threads=16 (overriding cgroup-derived 0)
W0717 21:14:57.867949   58124 dfly_main.cc:1144] SWAP is enabled. Consider disabling it when running Dragonfly.
I0717 21:14:57.867954   58124 dfly_main.cc:1150] maxmemory has not been specified. Deciding myself....
I0717 21:14:57.867955   58124 dfly_main.cc:1159] Found 20.98GiB available memory. Setting maxmemory to 16.78GiB
I0717 21:14:57.869096   58132 uring_proactor.cc:263] IORing with 1024 entries, allocated 98368 bytes, cq_entries is 2048
I0717 21:14:57.870045   58124 proactor_pool.cc:149] Running 16 io threads
I0717 21:14:57.870956   58124 dragonfly_listener.cc:152] SSL version: OpenSSL 3.4.5 7 Apr 2026
W0717 21:14:57.870985   58124 dfly_main.cc:350] Protected mode enabled. Binding to localhost only because no password is set. To accept remote connections, set a password with --requirepass or specify a bind address with --bind.
I0717 21:14:57.872212   58124 server_family.cc:1221] Host OS: Linux 7.0.0-28-generic x86_64 with 16 threads
I0717 21:14:57.882478   58132 listener_interface.cc:102] sock[37] AcceptServer - listening on 127.0.0.1:7001
