2026-08-22T18:43:59-04:00
infinityd 8cbd75b (git 8cbd75b60f89, x86_64-unknown-linux-gnu)
8cbd75b
dirty=0
performance
infinityd running: 0 redis running: 1
  457214    35453 91078431   479778 57410902  2334572 1744283834 49144100        0  3192672 49821296    64487        0 293792280    36082   179481   161334
inf-bench env-check
  PROBE                RESULT
  git-dirty-tree       PASS
  cpufreq-governor     PASS
  cpufreq-epp          PASS
  thermal-throttle     PASS
  power-source         SKIP  macos-only probe (this host: linux)
  low-power-mode       SKIP  macos-only probe (this host: linux)

env-check: OK
  s35: 40s drive-state idle before s39b base rep0
  s35: 40s drive-state idle before s39b base fresh-image recovery boot
  s39b rep0 base: rep0 base c32 ops=27728 p50_us=727 p99_us=16511 max_us=333597 barrier_p50_us=591 barrier_p99_us=14847 parked=0 read_ops=1623408 rotations=36 recycled=0 misses=0 fallbacks=0 pool_full=0 truncated=32 rotations_min_cell=9 trigger_at_s=15.0 warmed=true firstgen[zero_fill=2412249088 frame_bytes=1184145408 share=2.037] warmed[zero_fill=8255700992 frame_bytes=8091717632 share=1.020 padding_pct=51.9 host_per_log=2.202 device_per_log=2.207 ckpt=1473224704 deficit=7] recovery_first_boot_s=3.925 recover_residue_slacks=0 recover_residue_stops=0
  s35: 40s drive-state idle before s39b arm rep0
  s35: 40s drive-state idle before s39b arm fresh-image recovery boot
  s39b rep0 arm: rep0 arm c32 ops=31584 p50_us=717 p99_us=2599 max_us=144600 barrier_p50_us=591 barrier_p99_us=1791 parked=0 read_ops=1566680 rotations=43 recycled=30 misses=17 fallbacks=0 pool_full=4 truncated=39 rotations_min_cell=10 trigger_at_s=16.0 warmed=true firstgen[zero_fill=2559311872 frame_bytes=1257385984 share=2.035] warmed[zero_fill=2004090880 frame_bytes=9263808512 share=0.216 padding_pct=51.7 host_per_log=1.415 device_per_log=1.420 ckpt=1841893376 deficit=2] recovery_first_boot_s=3.535 recover_residue_slacks=8 recover_residue_stops=8
  s35: 40s drive-state idle before s39b arm rep1
  s35: 40s drive-state idle before s39b arm fresh-image recovery boot
  s39b rep1 arm: rep1 arm c32 ops=34456 p50_us=711 p99_us=2079 max_us=75407 barrier_p50_us=607 barrier_p99_us=1503 parked=0 read_ops=1590185 rotations=45 recycled=31 misses=18 fallbacks=0 pool_full=2 truncated=41 rotations_min_cell=11 trigger_at_s=15.0 warmed=true firstgen[zero_fill=2414346240 frame_bytes=1185542144 share=2.036] warmed[zero_fill=2417491968 frame_bytes=10317185024 share=0.234 padding_pct=51.8 host_per_log=1.423 device_per_log=1.428 ckpt=1947324416 deficit=2] recovery_first_boot_s=5.225 recover_residue_slacks=9 recover_residue_stops=9
  s35: 40s drive-state idle before s39b base rep1
  s35: 40s drive-state idle before s39b base fresh-image recovery boot
  s39b rep1 base: rep1 base c32 ops=29340 p50_us=731 p99_us=6575 max_us=367336 barrier_p50_us=607 barrier_p99_us=1887 parked=0 read_ops=1594155 rotations=39 recycled=0 misses=0 fallbacks=0 pool_full=0 truncated=35 rotations_min_cell=9 trigger_at_s=26.1 warmed=true firstgen[zero_fill=2529689600 frame_bytes=1241583616 share=2.037] warmed[zero_fill=8556380160 frame_bytes=8491298816 share=1.008 padding_pct=51.8 host_per_log=2.200 device_per_log=2.205 ckpt=1631313920 deficit=8] recovery_first_boot_s=3.601 recover_residue_slacks=0 recover_residue_stops=0
  s35: 40s drive-state idle before s39b base rep2
  s35: 40s drive-state idle before s39b base fresh-image recovery boot
  s39b rep2 base: rep2 base c32 ops=29296 p50_us=731 p99_us=10943 max_us=254956 barrier_p50_us=607 barrier_p99_us=2047 parked=0 read_ops=1609839 rotations=39 recycled=0 misses=0 fallbacks=0 pool_full=0 truncated=34 rotations_min_cell=9 trigger_at_s=15.0 warmed=true firstgen[zero_fill=2445803520 frame_bytes=1200857088 share=2.037] warmed[zero_fill=8656257024 frame_bytes=8611807232 share=1.005 padding_pct=51.9 host_per_log=2.188 device_per_log=2.199 ckpt=1578561536 deficit=8] recovery_first_boot_s=3.834 recover_residue_slacks=0 recover_residue_stops=0
  s35: 40s drive-state idle before s39b arm rep2
  s35: 40s drive-state idle before s39b arm fresh-image recovery boot
  s39b rep2 arm: rep2 arm c32 ops=32409 p50_us=709 p99_us=2223 max_us=267668 barrier_p50_us=591 barrier_p99_us=1567 parked=0 read_ops=1576101 rotations=42 recycled=29 misses=17 fallbacks=0 pool_full=1 truncated=38 rotations_min_cell=10 trigger_at_s=15.1 warmed=true firstgen[zero_fill=2420375552 frame_bytes=1188167680 share=2.037] warmed[zero_fill=2143027200 frame_bytes=9653215232 share=0.222 padding_pct=51.9 host_per_log=1.407 device_per_log=1.412 ckpt=1789263872 deficit=2] recovery_first_boot_s=4.957 recover_residue_slacks=7 recover_residue_stops=7

== gate verdicts ==
  S29: tiered always scaling slope (c256/c64) PENDING (tooling)
  S29: tiered:flat always parity at 64 conns PENDING (tooling)
  S29: tiered:flat always parity at 256 conns PENDING (tooling)
  S29: tiered:flat always p99 ratio at 256 conns PENDING (tooling)
  S27: client-visible -BUSY refusals under provoked staging pressure PENDING (tooling)
  S27: last:first throughput across back-to-back write repeats PENDING (tooling)
  S27: worst per-leg max latency at everysec under provoked pressure PENDING (tooling)
  S35: always p50 over the barrier p50 at 32 conns PENDING (tooling)
  S35: N-cell vs 1-cell barrier p50 ratio (device characterization — informational since the ADR-0087 fourth amendment, 2026-08-22) PENDING (tooling)
  S35: N-cell vs 1-cell always client p50 ratio (informational since 2026-08-22 — carries the pipeline's seal wait at K ≥ 2) PENDING (tooling)
  S36: server CPU across the pure-write everysec leg PENDING (tooling)
  S36: everysec pure-write throughput vs the same-session tmpfs control PENDING (tooling)
  S36: checkpoint + MANIFEST bytes over log frame bytes (the derived trigger's 1/α bound) PENDING (tooling)
  S36: log + checkpoint write amplification (informational — the padding term is shape-dependent) PENDING (tooling)
  S36: everysec max latency at the comparator-matched offered rate (S27 D5) PENDING (tooling)
  S39b: warmed zero-fill bytes per log frame byte under recycling (arm) FAIL
  S39b: rotations not served by the pool over the warmed window, worst cell PASS
  S39b: padding share moved by recycling (the S39c control) PASS
  S39b: always c32 p50 under recycling over baseline PASS
  S39b: always c32 p99 under recycling over baseline PASS
  S39b: read leg under recycling over baseline (the E4.7 ±2 % rule) FAIL
  S39b: first crash-restart recovery boot on the recycled log over baseline FAIL
  S39b: rotations per cell the row actually performed (validity) PASS
  S39b: accounted host bytes per log frame byte under recycling (informational) PASS (informational)
  S39b: block-device sectors written per log frame byte under recycling (informational) PASS (informational)

gate-run: report written to /home/kcaicedo/bench-data/s39b/campaign-F/run/1787440124-gate-run/report.md
inf-bench: 3 binding gate(s) FAILED
