test aligned::tests::aligned_box_round_trip ... ok
test aligned::tests::buffers_mut_yields_disjoint_registration_slices ... ok
test aligned::tests::double_release_panics - should panic ... ok
test aligned::tests::every_buffer_is_aligned_and_disjoint ... ok
test aligned::tests::exhaustion_is_backpressure_not_error ... ok
test aligned::tests::lease_write_read_release_round_trip ... ok
test arena::tests::alloc_free_roundtrip_preserves_bytes ... ok
test arena::tests::budget_exhaustion_is_none_not_growth ... ok
test arena::tests::bytes_mut_refuses_a_wrapping_len - should panic ... ok
test arena::tests::bytes_refuses_a_wrapping_len - should panic ... ok
test arena::tests::class_table_is_monotonic_and_covers ... ok
test arena::tests::double_free_at_the_list_head_panics_in_every_profile - should panic ... ok
test arena::tests::double_free_deeper_in_the_list_panics_in_debug - should panic ... ok
test arena::tests::freed_slot_is_reused_before_bump ... ok
test arena::tests::gate_corpus_class_has_zero_slack ... ok
test arena::tests::huge_allocations_map_and_unmap ... ok
test arena::tests::resize_in_place_within_class_only ... ok
test arena::tests::reused_slot_left_untouched_frees_cleanly ... ok
test arena::tests::stale_huge_addr_after_a_smaller_recycle_panics - should panic ... ok
test arena::tests::stale_huge_addr_after_slot_recycle_reads_the_successor_never_a_dead_pointer ... ok
test arena::tests::stale_huge_addr_panics_not_ub - should panic ... ok
test arena::tests::storm_reconciles_byte_exact ... ok
test buffer_pool::tests::buffers_are_distinct_and_sized ... ok
test buffer_pool::tests::double_release_panics - should panic ... ok
test buffer_pool::tests::exhaustion_is_backpressure_not_growth ... ok
test buffer_pool::tests::lease_release_storm_reconciles ... ok
test buffer_pool::tests::promote_unstaged_panics - should panic ... ok
test buffer_pool::tests::reconcile_detects_leak ... ok
test buffer_pool::tests::staging_lifecycle_promote_and_unstage ... ok
test buffer_pool::tests::unstage_free_panics - should panic ... ok
test counting_allocator::tests::delegates_and_counts_allocations ... ok
test counting_allocator::tests::thread_bytes_sum_requested_sizes ... ok
test counting_allocator::tests::thread_counter_ignores_other_threads ... ok
test region::tests::access_to_uncommitted_page_panics_in_debug - should panic ... ok
test region::tests::commit_decommit_at_host_page_interior_offsets ... ok
test region::tests::commit_write_read_round_trip ... ok
test region::tests::decommit_then_recommit_reuses_pages ... ok
test region::tests::decommit_uncommitted_panics - should panic ... ok
test region::tests::double_commit_panics - should panic ... ok
test region::tests::out_of_bounds_access_panics - should panic ... ok
test region::tests::writes_span_page_boundaries ... ok
test result: ok. 41 passed; 0 failed; 0 ignored; 0 measured; 0 filtered out; finished in 357.30s
test result: ok. 0 passed; 0 failed; 0 ignored; 0 measured; 0 filtered out; finished in 0.00s
