121129:C 22 Aug 2026 16:20:03.653 # WARNING Memory overcommit must be enabled! Without it, a background save or replication may fail under low memory condition. Being disabled, it can also cause failures without low memory condition, see https://github.com/jemalloc/jemalloc/issues/1328. To fix this issue add 'vm.overcommit_memory = 1' to /etc/sysctl.conf and then reboot or run the command 'sysctl vm.overcommit_memory=1' for this to take effect.
121129:C 22 Aug 2026 16:20:03.653 * oO0OoO0OoO0Oo Redis is starting oO0OoO0OoO0Oo
121129:C 22 Aug 2026 16:20:03.653 * Redis version=8.0.5, bits=64, commit=00000000, modified=0, pid=121129, just started
121129:C 22 Aug 2026 16:20:03.653 * Configuration loaded
121129:M 22 Aug 2026 16:20:03.653 * monotonic clock: POSIX clock_gettime
121129:M 22 Aug 2026 16:20:03.654 * Running mode=standalone, port=7401.
121129:M 22 Aug 2026 16:20:03.654 * Server initialized
121129:M 22 Aug 2026 16:20:03.656 * Creating AOF base file appendonly.aof.1.base.rdb on server start
121129:M 22 Aug 2026 16:20:03.660 * Creating AOF incr file appendonly.aof.1.incr.aof on server start
121129:M 22 Aug 2026 16:20:03.660 * Ready to accept connections tcp
121129:M 22 Aug 2026 16:20:04.465 * Starting automatic rewriting of AOF on 7527915800% growth
121129:M 22 Aug 2026 16:20:04.468 * Creating AOF incr file appendonly.aof.2.incr.aof on background rewrite
121129:M 22 Aug 2026 16:20:04.469 * Background append only file rewriting started by pid 121142
121142:C 22 Aug 2026 16:20:04.509 * Successfully created the temporary AOF base file temp-rewriteaof-bg-121142.aof
121142:C 22 Aug 2026 16:20:04.509 * Fork CoW for AOF rewrite: current 1 MB, peak 1 MB, average 0 MB
121129:M 22 Aug 2026 16:20:04.570 * Background AOF rewrite terminated with success
121129:M 22 Aug 2026 16:20:04.570 * Successfully renamed the temporary AOF base file temp-rewriteaof-bg-121142.aof into appendonly.aof.2.base.rdb
121129:M 22 Aug 2026 16:20:04.573 * Removing the history file appendonly.aof.1.incr.aof in the background
121129:M 22 Aug 2026 16:20:04.573 * Removing the history file appendonly.aof.1.base.rdb in the background
121129:M 22 Aug 2026 16:20:04.577 * Background AOF rewrite finished successfully
121129:M 22 Aug 2026 16:20:05.180 * Starting automatic rewriting of AOF on 496% growth
121129:M 22 Aug 2026 16:20:05.184 * Creating AOF incr file appendonly.aof.3.incr.aof on background rewrite
121129:M 22 Aug 2026 16:20:05.184 * Background append only file rewriting started by pid 121146
121146:C 22 Aug 2026 16:20:05.258 * Successfully created the temporary AOF base file temp-rewriteaof-bg-121146.aof
121146:C 22 Aug 2026 16:20:05.258 * Fork CoW for AOF rewrite: current 1 MB, peak 1 MB, average 1 MB
121129:M 22 Aug 2026 16:20:05.285 * Background AOF rewrite terminated with success
121129:M 22 Aug 2026 16:20:05.285 * Successfully renamed the temporary AOF base file temp-rewriteaof-bg-121146.aof into appendonly.aof.3.base.rdb
121129:M 22 Aug 2026 16:20:05.289 * Removing the history file appendonly.aof.2.incr.aof in the background
121129:M 22 Aug 2026 16:20:05.289 * Removing the history file appendonly.aof.2.base.rdb in the background
121129:M 22 Aug 2026 16:20:05.292 * Background AOF rewrite finished successfully
121129:M 22 Aug 2026 16:20:05.795 * Starting automatic rewriting of AOF on 357% growth
121129:M 22 Aug 2026 16:20:05.799 * Creating AOF incr file appendonly.aof.4.incr.aof on background rewrite
121129:M 22 Aug 2026 16:20:05.802 * Background append only file rewriting started by pid 121147
121147:C 22 Aug 2026 16:20:05.873 * Successfully created the temporary AOF base file temp-rewriteaof-bg-121147.aof
121147:C 22 Aug 2026 16:20:05.873 * Fork CoW for AOF rewrite: current 1 MB, peak 1 MB, average 1 MB
121129:M 22 Aug 2026 16:20:05.902 * Background AOF rewrite terminated with success
121129:M 22 Aug 2026 16:20:05.902 * Successfully renamed the temporary AOF base file temp-rewriteaof-bg-121147.aof into appendonly.aof.4.base.rdb
121129:M 22 Aug 2026 16:20:05.906 * Removing the history file appendonly.aof.3.incr.aof in the background
121129:M 22 Aug 2026 16:20:05.906 * Removing the history file appendonly.aof.3.base.rdb in the background
121129:M 22 Aug 2026 16:20:05.909 * Background AOF rewrite finished successfully
121129:M 22 Aug 2026 16:20:06.410 * Starting automatic rewriting of AOF on 308% growth
121129:M 22 Aug 2026 16:20:06.414 * Creating AOF incr file appendonly.aof.5.incr.aof on background rewrite
121129:M 22 Aug 2026 16:20:06.416 * Background append only file rewriting started by pid 121148
121148:C 22 Aug 2026 16:20:06.500 * Successfully created the temporary AOF base file temp-rewriteaof-bg-121148.aof
121148:C 22 Aug 2026 16:20:06.501 * Fork CoW for AOF rewrite: current 1 MB, peak 1 MB, average 1 MB
121129:M 22 Aug 2026 16:20:06.516 * Background AOF rewrite terminated with success
121129:M 22 Aug 2026 16:20:06.516 * Successfully renamed the temporary AOF base file temp-rewriteaof-bg-121148.aof into appendonly.aof.5.base.rdb
121129:M 22 Aug 2026 16:20:06.519 * Removing the history file appendonly.aof.4.incr.aof in the background
121129:M 22 Aug 2026 16:20:06.520 * Removing the history file appendonly.aof.4.base.rdb in the background
121129:M 22 Aug 2026 16:20:06.523 * Background AOF rewrite finished successfully
121129:M 22 Aug 2026 16:20:07.025 * Starting automatic rewriting of AOF on 277% growth
121129:M 22 Aug 2026 16:20:07.028 * Creating AOF incr file appendonly.aof.6.incr.aof on background rewrite
121129:M 22 Aug 2026 16:20:07.031 * Background append only file rewriting started by pid 121149
121149:C 22 Aug 2026 16:20:07.123 * Successfully created the temporary AOF base file temp-rewriteaof-bg-121149.aof
121149:C 22 Aug 2026 16:20:07.124 * Fork CoW for AOF rewrite: current 1 MB, peak 1 MB, average 1 MB
121129:M 22 Aug 2026 16:20:07.132 * Background AOF rewrite terminated with success
121129:M 22 Aug 2026 16:20:07.132 * Successfully renamed the temporary AOF base file temp-rewriteaof-bg-121149.aof into appendonly.aof.6.base.rdb
121129:M 22 Aug 2026 16:20:07.135 * Removing the history file appendonly.aof.5.incr.aof in the background
121129:M 22 Aug 2026 16:20:07.135 * Removing the history file appendonly.aof.5.base.rdb in the background
121129:M 22 Aug 2026 16:20:07.138 * Background AOF rewrite finished successfully
121129:M 22 Aug 2026 16:20:07.641 * Starting automatic rewriting of AOF on 258% growth
121129:M 22 Aug 2026 16:20:07.644 * Creating AOF incr file appendonly.aof.7.incr.aof on background rewrite
121129:M 22 Aug 2026 16:20:07.647 * Background append only file rewriting started by pid 121150
121150:C 22 Aug 2026 16:20:07.759 * Successfully created the temporary AOF base file temp-rewriteaof-bg-121150.aof
121150:C 22 Aug 2026 16:20:07.760 * Fork CoW for AOF rewrite: current 1 MB, peak 1 MB, average 1 MB
121129:M 22 Aug 2026 16:20:07.848 * Background AOF rewrite terminated with success
121129:M 22 Aug 2026 16:20:07.848 * Successfully renamed the temporary AOF base file temp-rewriteaof-bg-121150.aof into appendonly.aof.7.base.rdb
121129:M 22 Aug 2026 16:20:07.851 * Removing the history file appendonly.aof.6.incr.aof in the background
121129:M 22 Aug 2026 16:20:07.851 * Removing the history file appendonly.aof.6.base.rdb in the background
121129:M 22 Aug 2026 16:20:07.855 * Background AOF rewrite finished successfully
121129:M 22 Aug 2026 16:20:08.257 * Starting automatic rewriting of AOF on 127% growth
121129:M 22 Aug 2026 16:20:08.261 * Creating AOF incr file appendonly.aof.8.incr.aof on background rewrite
121129:M 22 Aug 2026 16:20:08.264 * Background append only file rewriting started by pid 121151
121151:C 22 Aug 2026 16:20:08.396 * Successfully created the temporary AOF base file temp-rewriteaof-bg-121151.aof
121151:C 22 Aug 2026 16:20:08.396 * Fork CoW for AOF rewrite: current 1 MB, peak 1 MB, average 1 MB
121129:M 22 Aug 2026 16:20:08.467 * Background AOF rewrite terminated with success
121129:M 22 Aug 2026 16:20:08.467 * Successfully renamed the temporary AOF base file temp-rewriteaof-bg-121151.aof into appendonly.aof.8.base.rdb
121129:M 22 Aug 2026 16:20:08.471 * Removing the history file appendonly.aof.7.incr.aof in the background
121129:M 22 Aug 2026 16:20:08.471 * Removing the history file appendonly.aof.7.base.rdb in the background
121129:M 22 Aug 2026 16:20:08.474 * Background AOF rewrite finished successfully
121129:M 22 Aug 2026 16:20:08.876 * Starting automatic rewriting of AOF on 120% growth
121129:M 22 Aug 2026 16:20:08.879 * Creating AOF incr file appendonly.aof.9.incr.aof on background rewrite
121129:M 22 Aug 2026 16:20:08.881 * Background append only file rewriting started by pid 121152
121152:C 22 Aug 2026 16:20:09.025 * Successfully created the temporary AOF base file temp-rewriteaof-bg-121152.aof
121152:C 22 Aug 2026 16:20:09.026 * Fork CoW for AOF rewrite: current 1 MB, peak 1 MB, average 1 MB
121129:M 22 Aug 2026 16:20:09.082 * Background AOF rewrite terminated with success
121129:M 22 Aug 2026 16:20:09.082 * Successfully renamed the temporary AOF base file temp-rewriteaof-bg-121152.aof into appendonly.aof.9.base.rdb
121129:M 22 Aug 2026 16:20:09.087 * Removing the history file appendonly.aof.8.incr.aof in the background
121129:M 22 Aug 2026 16:20:09.087 * Removing the history file appendonly.aof.8.base.rdb in the background
121129:M 22 Aug 2026 16:20:09.090 * Background AOF rewrite finished successfully
121129:M 22 Aug 2026 16:20:09.491 * Starting automatic rewriting of AOF on 116% growth
121129:M 22 Aug 2026 16:20:09.495 * Creating AOF incr file appendonly.aof.10.incr.aof on background rewrite
121129:M 22 Aug 2026 16:20:09.498 * Background append only file rewriting started by pid 121153
121153:C 22 Aug 2026 16:20:09.652 * Successfully created the temporary AOF base file temp-rewriteaof-bg-121153.aof
121153:C 22 Aug 2026 16:20:09.653 * Fork CoW for AOF rewrite: current 1 MB, peak 1 MB, average 1 MB
121129:M 22 Aug 2026 16:20:09.700 * Background AOF rewrite terminated with success
121129:M 22 Aug 2026 16:20:09.700 * Successfully renamed the temporary AOF base file temp-rewriteaof-bg-121153.aof into appendonly.aof.10.base.rdb
121129:M 22 Aug 2026 16:20:09.704 * Removing the history file appendonly.aof.9.incr.aof in the background
121129:M 22 Aug 2026 16:20:09.704 * Removing the history file appendonly.aof.9.base.rdb in the background
121129:M 22 Aug 2026 16:20:09.707 * Background AOF rewrite finished successfully
121129:M 22 Aug 2026 16:20:10.108 * Starting automatic rewriting of AOF on 108% growth
121129:M 22 Aug 2026 16:20:10.112 * Creating AOF incr file appendonly.aof.11.incr.aof on background rewrite
121129:M 22 Aug 2026 16:20:10.114 * Background append only file rewriting started by pid 121154
121154:C 22 Aug 2026 16:20:10.286 * Successfully created the temporary AOF base file temp-rewriteaof-bg-121154.aof
121154:C 22 Aug 2026 16:20:10.287 * Fork CoW for AOF rewrite: current 1 MB, peak 1 MB, average 1 MB
121129:M 22 Aug 2026 16:20:10.317 * Background AOF rewrite terminated with success
121129:M 22 Aug 2026 16:20:10.317 * Successfully renamed the temporary AOF base file temp-rewriteaof-bg-121154.aof into appendonly.aof.11.base.rdb
121129:M 22 Aug 2026 16:20:10.321 * Removing the history file appendonly.aof.10.incr.aof in the background
121129:M 22 Aug 2026 16:20:10.321 * Removing the history file appendonly.aof.10.base.rdb in the background
121129:M 22 Aug 2026 16:20:10.324 * Background AOF rewrite finished successfully
121129:M 22 Aug 2026 16:20:10.727 * Starting automatic rewriting of AOF on 102% growth
121129:M 22 Aug 2026 16:20:10.730 * Creating AOF incr file appendonly.aof.12.incr.aof on background rewrite
121129:M 22 Aug 2026 16:20:10.734 * Background append only file rewriting started by pid 121155
121155:C 22 Aug 2026 16:20:10.917 * Successfully created the temporary AOF base file temp-rewriteaof-bg-121155.aof
121155:C 22 Aug 2026 16:20:10.917 * Fork CoW for AOF rewrite: current 1 MB, peak 1 MB, average 1 MB
121129:M 22 Aug 2026 16:20:10.936 * Background AOF rewrite terminated with success
121129:M 22 Aug 2026 16:20:10.936 * Successfully renamed the temporary AOF base file temp-rewriteaof-bg-121155.aof into appendonly.aof.12.base.rdb
121129:M 22 Aug 2026 16:20:10.939 * Removing the history file appendonly.aof.11.incr.aof in the background
121129:M 22 Aug 2026 16:20:10.940 * Removing the history file appendonly.aof.11.base.rdb in the background
121129:M 22 Aug 2026 16:20:10.943 * Background AOF rewrite finished successfully
121129:M 22 Aug 2026 16:20:11.344 * Starting automatic rewriting of AOF on 100% growth
121129:M 22 Aug 2026 16:20:11.348 * Creating AOF incr file appendonly.aof.13.incr.aof on background rewrite
121129:M 22 Aug 2026 16:20:11.351 * Background append only file rewriting started by pid 121156
121156:C 22 Aug 2026 16:20:11.551 * Successfully created the temporary AOF base file temp-rewriteaof-bg-121156.aof
121156:C 22 Aug 2026 16:20:11.552 * Fork CoW for AOF rewrite: current 1 MB, peak 1 MB, average 1 MB
121129:M 22 Aug 2026 16:20:11.654 * Background AOF rewrite terminated with success
121129:M 22 Aug 2026 16:20:11.654 * Successfully renamed the temporary AOF base file temp-rewriteaof-bg-121156.aof into appendonly.aof.13.base.rdb
121129:M 22 Aug 2026 16:20:11.657 * Removing the history file appendonly.aof.12.incr.aof in the background
121129:M 22 Aug 2026 16:20:11.658 * Removing the history file appendonly.aof.12.base.rdb in the background
121129:M 22 Aug 2026 16:20:11.661 * Background AOF rewrite finished successfully
121129:M 22 Aug 2026 16:20:12.264 * Starting automatic rewriting of AOF on 116% growth
121129:M 22 Aug 2026 16:20:12.267 * Creating AOF incr file appendonly.aof.14.incr.aof on background rewrite
121129:M 22 Aug 2026 16:20:12.271 * Background append only file rewriting started by pid 121157
121157:C 22 Aug 2026 16:20:12.514 * Successfully created the temporary AOF base file temp-rewriteaof-bg-121157.aof
121157:C 22 Aug 2026 16:20:12.515 * Fork CoW for AOF rewrite: current 1 MB, peak 1 MB, average 1 MB
121129:M 22 Aug 2026 16:20:12.572 * Background AOF rewrite terminated with success
121129:M 22 Aug 2026 16:20:12.572 * Successfully renamed the temporary AOF base file temp-rewriteaof-bg-121157.aof into appendonly.aof.14.base.rdb
121129:M 22 Aug 2026 16:20:12.576 * Removing the history file appendonly.aof.13.incr.aof in the background
121129:M 22 Aug 2026 16:20:12.576 * Removing the history file appendonly.aof.13.base.rdb in the background
121129:M 22 Aug 2026 16:20:12.579 * Background AOF rewrite finished successfully
121129:M 22 Aug 2026 16:20:13.182 * Starting automatic rewriting of AOF on 112% growth
121129:M 22 Aug 2026 16:20:13.186 * Creating AOF incr file appendonly.aof.15.incr.aof on background rewrite
121129:M 22 Aug 2026 16:20:13.188 * Background append only file rewriting started by pid 121158
121158:C 22 Aug 2026 16:20:13.453 * Successfully created the temporary AOF base file temp-rewriteaof-bg-121158.aof
121158:C 22 Aug 2026 16:20:13.454 * Fork CoW for AOF rewrite: current 1 MB, peak 1 MB, average 1 MB
121129:M 22 Aug 2026 16:20:13.490 * Background AOF rewrite terminated with success
121129:M 22 Aug 2026 16:20:13.490 * Successfully renamed the temporary AOF base file temp-rewriteaof-bg-121158.aof into appendonly.aof.15.base.rdb
121129:M 22 Aug 2026 16:20:13.493 * Removing the history file appendonly.aof.14.incr.aof in the background
121129:M 22 Aug 2026 16:20:13.493 * Removing the history file appendonly.aof.14.base.rdb in the background
121129:M 22 Aug 2026 16:20:13.496 * Background AOF rewrite finished successfully
121129:M 22 Aug 2026 16:20:14.100 * Starting automatic rewriting of AOF on 106% growth
121129:M 22 Aug 2026 16:20:14.103 * Creating AOF incr file appendonly.aof.16.incr.aof on background rewrite
121129:M 22 Aug 2026 16:20:14.106 * Background append only file rewriting started by pid 121160
121160:C 22 Aug 2026 16:20:14.392 * Successfully created the temporary AOF base file temp-rewriteaof-bg-121160.aof
121160:C 22 Aug 2026 16:20:14.393 * Fork CoW for AOF rewrite: current 1 MB, peak 1 MB, average 1 MB
121129:M 22 Aug 2026 16:20:14.407 * Background AOF rewrite terminated with success
121129:M 22 Aug 2026 16:20:14.407 * Successfully renamed the temporary AOF base file temp-rewriteaof-bg-121160.aof into appendonly.aof.16.base.rdb
121129:M 22 Aug 2026 16:20:14.410 * Removing the history file appendonly.aof.15.incr.aof in the background
121129:M 22 Aug 2026 16:20:14.410 * Removing the history file appendonly.aof.15.base.rdb in the background
121129:M 22 Aug 2026 16:20:14.414 * Background AOF rewrite finished successfully
121129:M 22 Aug 2026 16:20:15.017 * Starting automatic rewriting of AOF on 101% growth
121129:M 22 Aug 2026 16:20:15.021 * Creating AOF incr file appendonly.aof.17.incr.aof on background rewrite
121129:M 22 Aug 2026 16:20:15.023 * Background append only file rewriting started by pid 121165
121165:C 22 Aug 2026 16:20:15.315 * Successfully created the temporary AOF base file temp-rewriteaof-bg-121165.aof
121165:C 22 Aug 2026 16:20:15.316 * Fork CoW for AOF rewrite: current 2 MB, peak 2 MB, average 1 MB
121129:M 22 Aug 2026 16:20:15.327 * Background AOF rewrite terminated with success
121129:M 22 Aug 2026 16:20:15.327 * Successfully renamed the temporary AOF base file temp-rewriteaof-bg-121165.aof into appendonly.aof.17.base.rdb
121129:M 22 Aug 2026 16:20:15.333 * Removing the history file appendonly.aof.16.incr.aof in the background
121129:M 22 Aug 2026 16:20:15.333 * Removing the history file appendonly.aof.16.base.rdb in the background
121129:M 22 Aug 2026 16:20:15.337 * Background AOF rewrite finished successfully
121129:M 22 Aug 2026 16:20:16.039 * Starting automatic rewriting of AOF on 110% growth
121129:M 22 Aug 2026 16:20:16.092 * Creating AOF incr file appendonly.aof.18.incr.aof on background rewrite
121129:M 22 Aug 2026 16:20:16.094 * Background append only file rewriting started by pid 121167
121167:C 22 Aug 2026 16:20:16.395 * Successfully created the temporary AOF base file temp-rewriteaof-bg-121167.aof
121167:C 22 Aug 2026 16:20:16.396 * Fork CoW for AOF rewrite: current 3 MB, peak 3 MB, average 2 MB
121129:M 22 Aug 2026 16:20:16.494 * Background AOF rewrite terminated with success
121129:M 22 Aug 2026 16:20:16.494 * Successfully renamed the temporary AOF base file temp-rewriteaof-bg-121167.aof into appendonly.aof.18.base.rdb
121129:M 22 Aug 2026 16:20:16.498 * Removing the history file appendonly.aof.17.incr.aof in the background
121129:M 22 Aug 2026 16:20:16.498 * Removing the history file appendonly.aof.17.base.rdb in the background
121129:M 22 Aug 2026 16:20:16.501 * Background AOF rewrite finished successfully
121129:M 22 Aug 2026 16:20:17.305 * Starting automatic rewriting of AOF on 105% growth
121129:M 22 Aug 2026 16:20:17.308 * Creating AOF incr file appendonly.aof.19.incr.aof on background rewrite
121129:M 22 Aug 2026 16:20:17.309 * Background append only file rewriting started by pid 121168
121168:C 22 Aug 2026 16:20:17.643 * Successfully created the temporary AOF base file temp-rewriteaof-bg-121168.aof
121168:C 22 Aug 2026 16:20:17.644 * Fork CoW for AOF rewrite: current 2 MB, peak 2 MB, average 1 MB
121129:M 22 Aug 2026 16:20:17.711 * Background AOF rewrite terminated with success
121129:M 22 Aug 2026 16:20:17.711 * Successfully renamed the temporary AOF base file temp-rewriteaof-bg-121168.aof into appendonly.aof.19.base.rdb
121129:M 22 Aug 2026 16:20:17.715 * Removing the history file appendonly.aof.18.incr.aof in the background
121129:M 22 Aug 2026 16:20:17.715 * Removing the history file appendonly.aof.18.base.rdb in the background
121129:M 22 Aug 2026 16:20:17.719 * Background AOF rewrite finished successfully
121129:M 22 Aug 2026 16:20:18.523 * Starting automatic rewriting of AOF on 101% growth
121129:M 22 Aug 2026 16:20:18.527 * Creating AOF incr file appendonly.aof.20.incr.aof on background rewrite
121129:M 22 Aug 2026 16:20:18.528 * Background append only file rewriting started by pid 121169
121169:C 22 Aug 2026 16:20:18.887 * Successfully created the temporary AOF base file temp-rewriteaof-bg-121169.aof
121169:C 22 Aug 2026 16:20:18.889 * Fork CoW for AOF rewrite: current 2 MB, peak 2 MB, average 1 MB
121129:M 22 Aug 2026 16:20:18.933 * Background AOF rewrite terminated with success
121129:M 22 Aug 2026 16:20:18.933 * Successfully renamed the temporary AOF base file temp-rewriteaof-bg-121169.aof into appendonly.aof.20.base.rdb
121129:M 22 Aug 2026 16:20:18.938 * Removing the history file appendonly.aof.19.incr.aof in the background
121129:M 22 Aug 2026 16:20:18.938 * Removing the history file appendonly.aof.19.base.rdb in the background
121129:M 22 Aug 2026 16:20:18.942 * Background AOF rewrite finished successfully
121129:M 22 Aug 2026 16:20:19.848 * Starting automatic rewriting of AOF on 109% growth
121129:M 22 Aug 2026 16:20:19.852 * Creating AOF incr file appendonly.aof.21.incr.aof on background rewrite
121129:M 22 Aug 2026 16:20:19.853 * Background append only file rewriting started by pid 121170
121170:C 22 Aug 2026 16:20:20.249 * Successfully created the temporary AOF base file temp-rewriteaof-bg-121170.aof
121170:C 22 Aug 2026 16:20:20.250 * Fork CoW for AOF rewrite: current 2 MB, peak 2 MB, average 1 MB
121129:M 22 Aug 2026 16:20:20.257 * Background AOF rewrite terminated with success
121129:M 22 Aug 2026 16:20:20.257 * Successfully renamed the temporary AOF base file temp-rewriteaof-bg-121170.aof into appendonly.aof.21.base.rdb
121129:M 22 Aug 2026 16:20:20.261 * Removing the history file appendonly.aof.20.incr.aof in the background
121129:M 22 Aug 2026 16:20:20.261 * Removing the history file appendonly.aof.20.base.rdb in the background
121129:M 22 Aug 2026 16:20:20.264 * Background AOF rewrite finished successfully
121129:M 22 Aug 2026 16:20:21.170 * Starting automatic rewriting of AOF on 103% growth
121129:M 22 Aug 2026 16:20:21.175 * Creating AOF incr file appendonly.aof.22.incr.aof on background rewrite
121129:M 22 Aug 2026 16:20:21.176 * Background append only file rewriting started by pid 121171
121171:C 22 Aug 2026 16:20:21.609 * Successfully created the temporary AOF base file temp-rewriteaof-bg-121171.aof
121171:C 22 Aug 2026 16:20:21.610 * Fork CoW for AOF rewrite: current 2 MB, peak 2 MB, average 2 MB
121129:M 22 Aug 2026 16:20:21.680 * Background AOF rewrite terminated with success
121129:M 22 Aug 2026 16:20:21.680 * Successfully renamed the temporary AOF base file temp-rewriteaof-bg-121171.aof into appendonly.aof.22.base.rdb
121129:M 22 Aug 2026 16:20:21.683 * Removing the history file appendonly.aof.21.incr.aof in the background
121129:M 22 Aug 2026 16:20:21.683 * Removing the history file appendonly.aof.21.base.rdb in the background
121129:M 22 Aug 2026 16:20:21.686 * Background AOF rewrite finished successfully
121129:M 22 Aug 2026 16:20:22.791 * Starting automatic rewriting of AOF on 109% growth
121129:M 22 Aug 2026 16:20:22.795 * Creating AOF incr file appendonly.aof.23.incr.aof on background rewrite
121129:M 22 Aug 2026 16:20:22.796 * Background append only file rewriting started by pid 121172
121172:C 22 Aug 2026 16:20:23.271 * Successfully created the temporary AOF base file temp-rewriteaof-bg-121172.aof
121172:C 22 Aug 2026 16:20:23.272 * Fork CoW for AOF rewrite: current 2 MB, peak 2 MB, average 1 MB
121129:M 22 Aug 2026 16:20:23.298 * Background AOF rewrite terminated with success
121129:M 22 Aug 2026 16:20:23.298 * Successfully renamed the temporary AOF base file temp-rewriteaof-bg-121172.aof into appendonly.aof.23.base.rdb
121129:M 22 Aug 2026 16:20:23.301 * Removing the history file appendonly.aof.22.incr.aof in the background
121129:M 22 Aug 2026 16:20:23.301 * Removing the history file appendonly.aof.22.base.rdb in the background
121129:M 22 Aug 2026 16:20:23.305 * Background AOF rewrite finished successfully
121129:M 22 Aug 2026 16:20:24.410 * Starting automatic rewriting of AOF on 103% growth
121129:M 22 Aug 2026 16:20:24.413 * Creating AOF incr file appendonly.aof.24.incr.aof on background rewrite
121129:M 22 Aug 2026 16:20:24.415 * Background append only file rewriting started by pid 121176
121176:C 22 Aug 2026 16:20:24.931 * Successfully created the temporary AOF base file temp-rewriteaof-bg-121176.aof
121176:C 22 Aug 2026 16:20:24.932 * Fork CoW for AOF rewrite: current 3 MB, peak 3 MB, average 2 MB
121129:M 22 Aug 2026 16:20:25.022 * Background AOF rewrite terminated with success
121129:M 22 Aug 2026 16:20:25.022 * Successfully renamed the temporary AOF base file temp-rewriteaof-bg-121176.aof into appendonly.aof.24.base.rdb
121129:M 22 Aug 2026 16:20:25.026 * Removing the history file appendonly.aof.23.incr.aof in the background
121129:M 22 Aug 2026 16:20:25.026 * Removing the history file appendonly.aof.23.base.rdb in the background
121129:M 22 Aug 2026 16:20:25.030 * Background AOF rewrite finished successfully
121129:M 22 Aug 2026 16:20:26.239 * Starting automatic rewriting of AOF on 101% growth
121129:M 22 Aug 2026 16:20:26.243 * Creating AOF incr file appendonly.aof.25.incr.aof on background rewrite
121129:M 22 Aug 2026 16:20:26.244 * Background append only file rewriting started by pid 121177
121177:C 22 Aug 2026 16:20:26.800 * Successfully created the temporary AOF base file temp-rewriteaof-bg-121177.aof
121177:C 22 Aug 2026 16:20:26.802 * Fork CoW for AOF rewrite: current 3 MB, peak 3 MB, average 2 MB
121129:M 22 Aug 2026 16:20:26.851 * Background AOF rewrite terminated with success
121129:M 22 Aug 2026 16:20:26.851 * Successfully renamed the temporary AOF base file temp-rewriteaof-bg-121177.aof into appendonly.aof.25.base.rdb
121129:M 22 Aug 2026 16:20:26.854 * Removing the history file appendonly.aof.24.incr.aof in the background
121129:M 22 Aug 2026 16:20:26.854 * Removing the history file appendonly.aof.24.base.rdb in the background
121129:M 22 Aug 2026 16:20:26.858 * Background AOF rewrite finished successfully
121129:M 22 Aug 2026 16:20:28.165 * Starting automatic rewriting of AOF on 103% growth
121129:M 22 Aug 2026 16:20:28.168 * Creating AOF incr file appendonly.aof.26.incr.aof on background rewrite
121129:M 22 Aug 2026 16:20:28.170 * Background append only file rewriting started by pid 121183
121183:C 22 Aug 2026 16:20:28.772 * Successfully created the temporary AOF base file temp-rewriteaof-bg-121183.aof
121183:C 22 Aug 2026 16:20:28.773 * Fork CoW for AOF rewrite: current 4 MB, peak 4 MB, average 2 MB
121129:M 22 Aug 2026 16:20:28.781 * Background AOF rewrite terminated with success
121129:M 22 Aug 2026 16:20:28.781 * Successfully renamed the temporary AOF base file temp-rewriteaof-bg-121183.aof into appendonly.aof.26.base.rdb
121129:M 22 Aug 2026 16:20:28.785 * Removing the history file appendonly.aof.25.incr.aof in the background
121129:M 22 Aug 2026 16:20:28.785 * Removing the history file appendonly.aof.25.base.rdb in the background
121129:M 22 Aug 2026 16:20:28.788 * Background AOF rewrite finished successfully
121129:M 22 Aug 2026 16:20:30.196 * Starting automatic rewriting of AOF on 104% growth
121129:M 22 Aug 2026 16:20:30.237 * Creating AOF incr file appendonly.aof.27.incr.aof on background rewrite
121129:M 22 Aug 2026 16:20:30.241 * Background append only file rewriting started by pid 121184
121184:C 22 Aug 2026 16:20:30.874 * Successfully created the temporary AOF base file temp-rewriteaof-bg-121184.aof
121184:C 22 Aug 2026 16:20:30.876 * Fork CoW for AOF rewrite: current 5 MB, peak 5 MB, average 2 MB
121129:M 22 Aug 2026 16:20:30.949 * Background AOF rewrite terminated with success
121129:M 22 Aug 2026 16:20:30.949 * Successfully renamed the temporary AOF base file temp-rewriteaof-bg-121184.aof into appendonly.aof.27.base.rdb
121129:M 22 Aug 2026 16:20:30.954 * Removing the history file appendonly.aof.26.incr.aof in the background
121129:M 22 Aug 2026 16:20:30.954 * Removing the history file appendonly.aof.26.base.rdb in the background
121129:M 22 Aug 2026 16:20:30.957 * Background AOF rewrite finished successfully
121129:M 22 Aug 2026 16:20:32.467 * Starting automatic rewriting of AOF on 102% growth
121129:M 22 Aug 2026 16:20:32.470 * Creating AOF incr file appendonly.aof.28.incr.aof on background rewrite
121129:M 22 Aug 2026 16:20:32.475 * Background append only file rewriting started by pid 121185
121185:C 22 Aug 2026 16:20:33.163 * Successfully created the temporary AOF base file temp-rewriteaof-bg-121185.aof
121185:C 22 Aug 2026 16:20:33.164 * Fork CoW for AOF rewrite: current 8 MB, peak 8 MB, average 5 MB
121129:M 22 Aug 2026 16:20:33.180 * Background AOF rewrite terminated with success
121129:M 22 Aug 2026 16:20:33.180 * Successfully renamed the temporary AOF base file temp-rewriteaof-bg-121185.aof into appendonly.aof.28.base.rdb
121129:M 22 Aug 2026 16:20:33.183 * Removing the history file appendonly.aof.27.incr.aof in the background
121129:M 22 Aug 2026 16:20:33.183 * Removing the history file appendonly.aof.27.base.rdb in the background
121129:M 22 Aug 2026 16:20:33.188 * Background AOF rewrite finished successfully
121129:M 22 Aug 2026 16:20:34.796 * Starting automatic rewriting of AOF on 105% growth
121129:M 22 Aug 2026 16:20:34.799 * Creating AOF incr file appendonly.aof.29.incr.aof on background rewrite
121129:M 22 Aug 2026 16:20:34.802 * Background append only file rewriting started by pid 121186
121186:C 22 Aug 2026 16:20:35.550 * Successfully created the temporary AOF base file temp-rewriteaof-bg-121186.aof
121186:C 22 Aug 2026 16:20:35.552 * Fork CoW for AOF rewrite: current 4 MB, peak 4 MB, average 3 MB
121129:M 22 Aug 2026 16:20:35.610 * Background AOF rewrite terminated with success
121129:M 22 Aug 2026 16:20:35.610 * Successfully renamed the temporary AOF base file temp-rewriteaof-bg-121186.aof into appendonly.aof.29.base.rdb
121129:M 22 Aug 2026 16:20:35.614 * Removing the history file appendonly.aof.28.incr.aof in the background
121129:M 22 Aug 2026 16:20:35.614 * Removing the history file appendonly.aof.28.base.rdb in the background
121129:M 22 Aug 2026 16:20:35.618 * Background AOF rewrite finished successfully
121129:M 22 Aug 2026 16:20:37.328 * Starting automatic rewriting of AOF on 101% growth
121129:M 22 Aug 2026 16:20:37.332 * Creating AOF incr file appendonly.aof.30.incr.aof on background rewrite
121129:M 22 Aug 2026 16:20:37.336 * Background append only file rewriting started by pid 121187
121187:C 22 Aug 2026 16:20:38.148 * Successfully created the temporary AOF base file temp-rewriteaof-bg-121187.aof
121187:C 22 Aug 2026 16:20:38.150 * Fork CoW for AOF rewrite: current 5 MB, peak 5 MB, average 3 MB
121129:M 22 Aug 2026 16:20:38.246 * Background AOF rewrite terminated with success
121129:M 22 Aug 2026 16:20:38.246 * Successfully renamed the temporary AOF base file temp-rewriteaof-bg-121187.aof into appendonly.aof.30.base.rdb
121129:M 22 Aug 2026 16:20:38.250 * Removing the history file appendonly.aof.29.incr.aof in the background
121129:M 22 Aug 2026 16:20:38.250 * Removing the history file appendonly.aof.29.base.rdb in the background
121129:M 22 Aug 2026 16:20:38.254 * Background AOF rewrite finished successfully
121129:M 22 Aug 2026 16:20:40.163 * Starting automatic rewriting of AOF on 102% growth
121129:M 22 Aug 2026 16:20:40.167 * Creating AOF incr file appendonly.aof.31.incr.aof on background rewrite
121129:M 22 Aug 2026 16:20:40.170 * Background append only file rewriting started by pid 121193
121193:C 22 Aug 2026 16:20:41.036 * Successfully created the temporary AOF base file temp-rewriteaof-bg-121193.aof
121193:C 22 Aug 2026 16:20:41.038 * Fork CoW for AOF rewrite: current 5 MB, peak 5 MB, average 3 MB
121129:M 22 Aug 2026 16:20:41.086 * Background AOF rewrite terminated with success
121129:M 22 Aug 2026 16:20:41.086 * Successfully renamed the temporary AOF base file temp-rewriteaof-bg-121193.aof into appendonly.aof.31.base.rdb
121129:M 22 Aug 2026 16:20:41.089 * Removing the history file appendonly.aof.30.incr.aof in the background
121129:M 22 Aug 2026 16:20:41.089 * Removing the history file appendonly.aof.30.base.rdb in the background
121129:M 22 Aug 2026 16:20:41.093 * Background AOF rewrite finished successfully
121129:M 22 Aug 2026 16:20:43.103 * Starting automatic rewriting of AOF on 103% growth
121129:M 22 Aug 2026 16:20:43.107 * Creating AOF incr file appendonly.aof.32.incr.aof on background rewrite
121129:M 22 Aug 2026 16:20:43.111 * Background append only file rewriting started by pid 121194
121194:C 22 Aug 2026 16:20:44.059 * Successfully created the temporary AOF base file temp-rewriteaof-bg-121194.aof
121194:C 22 Aug 2026 16:20:44.061 * Fork CoW for AOF rewrite: current 6 MB, peak 6 MB, average 3 MB
121129:M 22 Aug 2026 16:20:44.133 * Background AOF rewrite terminated with success
121129:M 22 Aug 2026 16:20:44.133 * Successfully renamed the temporary AOF base file temp-rewriteaof-bg-121194.aof into appendonly.aof.32.base.rdb
121129:M 22 Aug 2026 16:20:44.174 * Removing the history file appendonly.aof.31.incr.aof in the background
121129:M 22 Aug 2026 16:20:44.174 * Removing the history file appendonly.aof.31.base.rdb in the background
121129:M 22 Aug 2026 16:20:44.178 * Background AOF rewrite finished successfully
121129:M 22 Aug 2026 16:20:46.291 * Starting automatic rewriting of AOF on 103% growth
121129:M 22 Aug 2026 16:20:46.295 * Creating AOF incr file appendonly.aof.33.incr.aof on background rewrite
121129:M 22 Aug 2026 16:20:46.300 * Background append only file rewriting started by pid 121199
121199:C 22 Aug 2026 16:20:47.307 * Successfully created the temporary AOF base file temp-rewriteaof-bg-121199.aof
121199:C 22 Aug 2026 16:20:47.310 * Fork CoW for AOF rewrite: current 8 MB, peak 8 MB, average 4 MB
121129:M 22 Aug 2026 16:20:47.420 * Background AOF rewrite terminated with success
121129:M 22 Aug 2026 16:20:47.420 * Successfully renamed the temporary AOF base file temp-rewriteaof-bg-121199.aof into appendonly.aof.33.base.rdb
121129:M 22 Aug 2026 16:20:47.424 * Removing the history file appendonly.aof.32.incr.aof in the background
121129:M 22 Aug 2026 16:20:47.424 * Removing the history file appendonly.aof.32.base.rdb in the background
121129:M 22 Aug 2026 16:20:47.427 * Background AOF rewrite finished successfully
121129:M 22 Aug 2026 16:20:49.845 * Starting automatic rewriting of AOF on 104% growth
121129:M 22 Aug 2026 16:20:49.849 * Creating AOF incr file appendonly.aof.34.incr.aof on background rewrite
121129:M 22 Aug 2026 16:20:49.857 * Background append only file rewriting started by pid 121200
121200:C 22 Aug 2026 16:20:51.007 * Successfully created the temporary AOF base file temp-rewriteaof-bg-121200.aof
121200:C 22 Aug 2026 16:20:51.009 * Fork CoW for AOF rewrite: current 15 MB, peak 15 MB, average 8 MB
121129:M 22 Aug 2026 16:20:51.068 * Background AOF rewrite terminated with success
121129:M 22 Aug 2026 16:20:51.068 * Successfully renamed the temporary AOF base file temp-rewriteaof-bg-121200.aof into appendonly.aof.34.base.rdb
121129:M 22 Aug 2026 16:20:51.072 * Removing the history file appendonly.aof.33.incr.aof in the background
121129:M 22 Aug 2026 16:20:51.072 * Removing the history file appendonly.aof.33.base.rdb in the background
121129:M 22 Aug 2026 16:20:51.075 * Background AOF rewrite finished successfully
121129:M 22 Aug 2026 16:20:53.591 * Starting automatic rewriting of AOF on 101% growth
121129:M 22 Aug 2026 16:20:53.594 * Creating AOF incr file appendonly.aof.35.incr.aof on background rewrite
121129:M 22 Aug 2026 16:20:53.599 * Background append only file rewriting started by pid 121206
121206:C 22 Aug 2026 16:20:54.821 * Successfully created the temporary AOF base file temp-rewriteaof-bg-121206.aof
121206:C 22 Aug 2026 16:20:54.823 * Fork CoW for AOF rewrite: current 15 MB, peak 15 MB, average 8 MB
121129:M 22 Aug 2026 16:20:54.920 * Background AOF rewrite terminated with success
121129:M 22 Aug 2026 16:20:54.920 * Successfully renamed the temporary AOF base file temp-rewriteaof-bg-121206.aof into appendonly.aof.35.base.rdb
121129:M 22 Aug 2026 16:20:54.924 * Removing the history file appendonly.aof.34.incr.aof in the background
121129:M 22 Aug 2026 16:20:54.924 * Removing the history file appendonly.aof.34.base.rdb in the background
121129:M 22 Aug 2026 16:20:54.928 * Background AOF rewrite finished successfully
121129:M 22 Aug 2026 16:20:57.747 * Starting automatic rewriting of AOF on 105% growth
121129:M 22 Aug 2026 16:20:57.751 * Creating AOF incr file appendonly.aof.36.incr.aof on background rewrite
121129:M 22 Aug 2026 16:20:57.758 * Background append only file rewriting started by pid 121208
121208:C 22 Aug 2026 16:20:59.074 * Successfully created the temporary AOF base file temp-rewriteaof-bg-121208.aof
121208:C 22 Aug 2026 16:20:59.077 * Fork CoW for AOF rewrite: current 16 MB, peak 16 MB, average 8 MB
121129:M 22 Aug 2026 16:20:59.178 * Background AOF rewrite terminated with success
121129:M 22 Aug 2026 16:20:59.178 * Successfully renamed the temporary AOF base file temp-rewriteaof-bg-121208.aof into appendonly.aof.36.base.rdb
121129:M 22 Aug 2026 16:20:59.182 * Removing the history file appendonly.aof.35.incr.aof in the background
121129:M 22 Aug 2026 16:20:59.182 * Removing the history file appendonly.aof.35.base.rdb in the background
121129:M 22 Aug 2026 16:20:59.186 * Background AOF rewrite finished successfully
121129:M 22 Aug 2026 16:21:02.111 * Starting automatic rewriting of AOF on 101% growth
121129:M 22 Aug 2026 16:21:02.114 * Creating AOF incr file appendonly.aof.37.incr.aof on background rewrite
121129:M 22 Aug 2026 16:21:02.121 * Background append only file rewriting started by pid 121209
121209:C 22 Aug 2026 16:21:03.523 * Successfully created the temporary AOF base file temp-rewriteaof-bg-121209.aof
121209:C 22 Aug 2026 16:21:03.527 * Fork CoW for AOF rewrite: current 18 MB, peak 18 MB, average 11 MB
121129:M 22 Aug 2026 16:21:03.535 * Background AOF rewrite terminated with success
121129:M 22 Aug 2026 16:21:03.535 * Successfully renamed the temporary AOF base file temp-rewriteaof-bg-121209.aof into appendonly.aof.37.base.rdb
121129:M 22 Aug 2026 16:21:03.540 * Removing the history file appendonly.aof.36.incr.aof in the background
121129:M 22 Aug 2026 16:21:03.540 * Removing the history file appendonly.aof.36.base.rdb in the background
121129:M 22 Aug 2026 16:21:03.544 * Background AOF rewrite finished successfully
