cell 1: swept dropped namespace 16 residue (12 files) — ADR-0100 D6
cell 0: swept dropped namespace 16 residue (12 files) — ADR-0100 D6
cell 1: swept dropped namespace 16 residue (9 files) — ADR-0100 D6
cell 0: swept dropped namespace 16 residue (9 files) — ADR-0100 D6
cell 1: swept dropped namespace 16 residue (7 files) — ADR-0100 D6
cell 0: swept dropped namespace 16 residue (7 files) — ADR-0100 D6
cell 0: swept dropped namespace 16 residue (11 files) — ADR-0100 D6
cell 1: swept dropped namespace 16 residue (8 files) — ADR-0100 D6
cell 1: swept dropped namespace 16 residue (11 files) — ADR-0100 D6
cell 0: swept dropped namespace 16 residue (8 files) — ADR-0100 D6
cell 0: swept dropped namespace 16 residue (7 files) — ADR-0100 D6
cell 1: swept dropped namespace 16 residue (7 files) — ADR-0100 D6
cell 0: swept dropped namespace 16 residue (9 files) — ADR-0100 D6
cell 1: swept dropped namespace 16 residue (9 files) — ADR-0100 D6
cell 1: swept dropped namespace 16 residue (9 files) — ADR-0100 D6
cell 0: swept dropped namespace 16 residue (10 files) — ADR-0100 D6
cell 1: swept dropped namespace 16 residue (14 files) — ADR-0100 D6
cell 0: swept dropped namespace 16 residue (9 files) — ADR-0100 D6
cell 1: swept dropped namespace 16 residue (10 files) — ADR-0100 D6
cell 0: swept dropped namespace 16 residue (7 files) — ADR-0100 D6
cell 1: swept dropped namespace 16 residue (6 files) — ADR-0100 D6
cell 0: swept dropped namespace 16 residue (10 files) — ADR-0100 D6
cell 0: swept dropped namespace 16 residue (0 files) — ADR-0100 D6
cell 1: swept dropped namespace 16 residue (0 files) — ADR-0100 D6
cell 1: swept dropped namespace 16 residue (22 files) — ADR-0100 D6
cell 0: swept dropped namespace 16 residue (3 files) — ADR-0100 D6
cell 0: swept dropped namespace 16 residue (0 files) — ADR-0100 D6
cell 1: swept dropped namespace 16 residue (0 files) — ADR-0100 D6
cell 0: swept dropped namespace 16 residue (16 files) — ADR-0100 D6
cell 1: swept dropped namespace 16 residue (6 files) — ADR-0100 D6
cell 0: swept dropped namespace 16 residue (18 files) — ADR-0100 D6
cell 1: swept dropped namespace 16 residue (5 files) — ADR-0100 D6
cell 1: swept dropped namespace 16 residue (9 files) — ADR-0100 D6
cell 0: swept dropped namespace 16 residue (12 files) — ADR-0100 D6
cell 1: swept dropped namespace 16 residue (11 files) — ADR-0100 D6
cell 0: swept dropped namespace 16 residue (6 files) — ADR-0100 D6
cell 0: swept dropped namespace 16 residue (9 files) — ADR-0100 D6
cell 1: swept dropped namespace 16 residue (8 files) — ADR-0100 D6
cell 0: swept dropped namespace 16 residue (13 files) — ADR-0100 D6
cell 1: swept dropped namespace 16 residue (9 files) — ADR-0100 D6
cell 0: swept dropped namespace 16 residue (21 files) — ADR-0100 D6
cell 1: swept dropped namespace 16 residue (14 files) — ADR-0100 D6
cell 0: swept dropped namespace 16 residue (8 files) — ADR-0100 D6
cell 1: swept dropped namespace 16 residue (12 files) — ADR-0100 D6
cell 1: swept dropped namespace 16 residue (11 files) — ADR-0100 D6
cell 0: swept dropped namespace 16 residue (10 files) — ADR-0100 D6
cell 0: swept dropped namespace 16 residue (14 files) — ADR-0100 D6
cell 1: swept dropped namespace 16 residue (5 files) — ADR-0100 D6
cell 1: swept dropped namespace 16 residue (3 files) — ADR-0100 D6
cell 0: swept dropped namespace 16 residue (13 files) — ADR-0100 D6
cell 1: swept dropped namespace 16 residue (14 files) — ADR-0100 D6
cell 0: swept dropped namespace 16 residue (7 files) — ADR-0100 D6
cell 1: swept dropped namespace 16 residue (6 files) — ADR-0100 D6
cell 0: swept dropped namespace 16 residue (10 files) — ADR-0100 D6
cell 0: swept dropped namespace 16 residue (8 files) — ADR-0100 D6
cell 1: swept dropped namespace 16 residue (10 files) — ADR-0100 D6
cell 1: swept dropped namespace 16 residue (7 files) — ADR-0100 D6
cell 0: swept dropped namespace 16 residue (15 files) — ADR-0100 D6
cell 0: swept dropped namespace 16 residue (11 files) — ADR-0100 D6
cell 1: swept dropped namespace 16 residue (9 files) — ADR-0100 D6
cell 1: swept dropped namespace 16 residue (0 files) — ADR-0100 D6
cell 0: swept dropped namespace 16 residue (0 files) — ADR-0100 D6
cell 0: swept dropped namespace 16 residue (12 files) — ADR-0100 D6
cell 1: swept dropped namespace 16 residue (6 files) — ADR-0100 D6
cell 0: swept dropped namespace 16 residue (14 files) — ADR-0100 D6
cell 1: swept dropped namespace 16 residue (10 files) — ADR-0100 D6
cell 0: swept dropped namespace 16 residue (10 files) — ADR-0100 D6
cell 1: swept dropped namespace 16 residue (11 files) — ADR-0100 D6
cell 0: swept dropped namespace 16 residue (13 files) — ADR-0100 D6
cell 1: swept dropped namespace 16 residue (16 files) — ADR-0100 D6
cell 1: swept dropped namespace 16 residue (9 files) — ADR-0100 D6
cell 0: swept dropped namespace 16 residue (18 files) — ADR-0100 D6
cell 1: swept dropped namespace 16 residue (7 files) — ADR-0100 D6
cell 0: swept dropped namespace 16 residue (17 files) — ADR-0100 D6
cell 0: swept dropped namespace 16 residue (0 files) — ADR-0100 D6
cell 1: swept dropped namespace 16 residue (0 files) — ADR-0100 D6
cell 0: swept dropped namespace 16 residue (13 files) — ADR-0100 D6
cell 1: swept dropped namespace 16 residue (13 files) — ADR-0100 D6
cell 1: swept dropped namespace 16 residue (13 files) — ADR-0100 D6
cell 0: swept dropped namespace 16 residue (11 files) — ADR-0100 D6
cell 1: swept dropped namespace 16 residue (14 files) — ADR-0100 D6
cell 0: swept dropped namespace 16 residue (10 files) — ADR-0100 D6
cell 1: swept dropped namespace 16 residue (0 files) — ADR-0100 D6
cell 0: swept dropped namespace 16 residue (0 files) — ADR-0100 D6
cell 1: swept dropped namespace 16 residue (10 files) — ADR-0100 D6
cell 0: swept dropped namespace 16 residue (11 files) — ADR-0100 D6
cell 0: swept dropped namespace 16 residue (15 files) — ADR-0100 D6
cell 1: swept dropped namespace 16 residue (13 files) — ADR-0100 D6
cell 1: swept dropped namespace 16 residue (7 files) — ADR-0100 D6
cell 0: swept dropped namespace 16 residue (8 files) — ADR-0100 D6
cell 1: swept dropped namespace 16 residue (17 files) — ADR-0100 D6
cell 0: swept dropped namespace 16 residue (5 files) — ADR-0100 D6
cell 1: swept dropped namespace 16 residue (10 files) — ADR-0100 D6
cell 0: swept dropped namespace 16 residue (10 files) — ADR-0100 D6
inf-sim: m4-tiered sweep shard 7/8: 8 seeds, 0 violations, 0 legal taxonomy refusals, 35520 commands, 1136 keys audited, 0 B flushed pre-cut, 1151 cold resolves, 3395 blob sets, 76 blob-key race replans, dir-open fault armed on 0 seeds (0 fired), 8 DISKFULL refusals, drop-race 133 values / 107 typed-other; post-drop reboots 8 (8 with MANIFEST residue), cut inside DROP: 1 whole / 7 swept (ADR-0100); shadow arm on 0 seeds: 0 tickets (0 open at the cut), 0 same-key / 0 collision verdicts, 0 stale, 0 fallbacks; forced collisions: 0 tickets, 0 collision verdicts, 0 ticketed fallbacks, 0 DBSIZE drains, 0 SCAN twins; open-ticket rows on 0 seeds: 0 tickets held open, 0 DBSIZE drains reading 0 twins, 0 SCAN twins, 0 retargets, 0 read-free forced deletes, 0 ticketed fallbacks, 0 collision verdicts, 0 injected read errors relayed, 0 settled without a read after resume; rebuilt multi-ticket rows on 8 seeds: 16 tickets rebuilt, 8 DELs draining several, 0 same-key twins among them, 0 filler writes, 16 reboots
inf-sim: sim_seconds=182.551990 published=0 delivered=0
cell 0: swept dropped namespace 16 residue (10 files) — ADR-0100 D6
cell 1: swept dropped namespace 16 residue (10 files) — ADR-0100 D6
cell 1: swept dropped namespace 16 residue (9 files) — ADR-0100 D6
cell 0: swept dropped namespace 16 residue (15 files) — ADR-0100 D6
cell 0: swept dropped namespace 16 residue (10 files) — ADR-0100 D6
cell 1: swept dropped namespace 16 residue (8 files) — ADR-0100 D6
cell 1: swept dropped namespace 16 residue (13 files) — ADR-0100 D6
cell 0: swept dropped namespace 16 residue (15 files) — ADR-0100 D6
inf-sim: m4-tiered sweep shard 3/8: 8 seeds, 0 violations, 0 legal taxonomy refusals, 38457 commands, 1142 keys audited, 2098452 B flushed pre-cut, 1168 cold resolves, 3765 blob sets, 90 blob-key race replans, dir-open fault armed on 0 seeds (0 fired), 8 DISKFULL refusals, drop-race 139 values / 101 typed-other; post-drop reboots 8 (8 with MANIFEST residue), cut inside DROP: 1 whole / 7 swept (ADR-0100); shadow arm on 0 seeds: 0 tickets (0 open at the cut), 0 same-key / 0 collision verdicts, 0 stale, 0 fallbacks; forced collisions: 0 tickets, 0 collision verdicts, 0 ticketed fallbacks, 0 DBSIZE drains, 0 SCAN twins; open-ticket rows on 0 seeds: 0 tickets held open, 0 DBSIZE drains reading 0 twins, 0 SCAN twins, 0 retargets, 0 read-free forced deletes, 0 ticketed fallbacks, 0 collision verdicts, 0 injected read errors relayed, 0 settled without a read after resume; rebuilt multi-ticket rows on 8 seeds: 16 tickets rebuilt, 8 DELs draining several, 0 same-key twins among them, 0 filler writes, 16 reboots
inf-sim: sim_seconds=209.839299 published=0 delivered=0
cell 0: swept dropped namespace 16 residue (9 files) — ADR-0100 D6
cell 1: swept dropped namespace 16 residue (6 files) — ADR-0100 D6
cell 1: swept dropped namespace 16 residue (9 files) — ADR-0100 D6
cell 0: swept dropped namespace 16 residue (12 files) — ADR-0100 D6
cell 0: swept dropped namespace 16 residue (11 files) — ADR-0100 D6
cell 1: swept dropped namespace 16 residue (9 files) — ADR-0100 D6
cell 0: swept dropped namespace 16 residue (10 files) — ADR-0100 D6
cell 1: swept dropped namespace 16 residue (14 files) — ADR-0100 D6
cell 1: swept dropped namespace 16 residue (13 files) — ADR-0100 D6
cell 0: swept dropped namespace 16 residue (9 files) — ADR-0100 D6
cell 0: swept dropped namespace 16 residue (14 files) — ADR-0100 D6
cell 1: swept dropped namespace 16 residue (10 files) — ADR-0100 D6
cell 0: swept dropped namespace 16 residue (18 files) — ADR-0100 D6
cell 1: swept dropped namespace 16 residue (12 files) — ADR-0100 D6
cell 0: swept dropped namespace 16 residue (19 files) — ADR-0100 D6
cell 1: swept dropped namespace 16 residue (12 files) — ADR-0100 D6
cell 0: swept dropped namespace 16 residue (17 files) — ADR-0100 D6
cell 1: swept dropped namespace 16 residue (5 files) — ADR-0100 D6
cell 1: swept dropped namespace 16 residue (10 files) — ADR-0100 D6
cell 0: swept dropped namespace 16 residue (15 files) — ADR-0100 D6
cell 0: swept dropped namespace 16 residue (10 files) — ADR-0100 D6
cell 1: swept dropped namespace 16 residue (7 files) — ADR-0100 D6
cell 1: swept dropped namespace 16 residue (0 files) — ADR-0100 D6
cell 0: swept dropped namespace 16 residue (0 files) — ADR-0100 D6
cell 0: swept dropped namespace 16 residue (5 files) — ADR-0100 D6
cell 1: swept dropped namespace 16 residue (17 files) — ADR-0100 D6
cell 0: swept dropped namespace 16 residue (0 files) — ADR-0100 D6
cell 1: swept dropped namespace 16 residue (0 files) — ADR-0100 D6
cell 0: swept dropped namespace 16 residue (18 files) — ADR-0100 D6
cell 1: swept dropped namespace 16 residue (13 files) — ADR-0100 D6
inf-sim: m4-tiered sweep shard 4/8: 8 seeds, 0 violations, 0 legal taxonomy refusals, 42089 commands, 1135 keys audited, 4200196 B flushed pre-cut, 1689 cold resolves, 3389 blob sets, 76 blob-key race replans, dir-open fault armed on 0 seeds (0 fired), 8 DISKFULL refusals, drop-race 115 values / 125 typed-other; post-drop reboots 8 (8 with MANIFEST residue), cut inside DROP: 1 whole / 7 swept (ADR-0100); shadow arm on 8 seeds: 475 tickets (0 open at the cut), 475 same-key / 0 collision verdicts, 0 stale, 0 fallbacks; forced collisions: 64 tickets, 32 collision verdicts, 0 ticketed fallbacks, 0 DBSIZE drains, 0 SCAN twins; open-ticket rows on 8 seeds: 32 tickets held open, 24 DBSIZE drains reading 45 twins, 64 SCAN twins, 32 retargets, 16 read-free forced deletes, 32 ticketed fallbacks, 32 collision verdicts, 8 injected read errors relayed, 26 settled without a read after resume; rebuilt multi-ticket rows on 8 seeds: 32 tickets rebuilt, 16 DELs draining several, 8 same-key twins among them, 6144 filler writes, 16 reboots
inf-sim: sim_seconds=296.787918 published=0 delivered=0
cell 1: swept dropped namespace 16 residue (5 files) — ADR-0100 D6
cell 0: swept dropped namespace 16 residue (18 files) — ADR-0100 D6
inf-sim: m4-tiered sweep shard 6/8: 8 seeds, 0 violations, 0 legal taxonomy refusals, 43407 commands, 1150 keys audited, 4201408 B flushed pre-cut, 1642 cold resolves, 3526 blob sets, 87 blob-key race replans, dir-open fault armed on 0 seeds (0 fired), 8 DISKFULL refusals, drop-race 104 values / 136 typed-other; post-drop reboots 8 (8 with MANIFEST residue), cut inside DROP: 0 whole / 8 swept (ADR-0100); shadow arm on 8 seeds: 459 tickets (0 open at the cut), 459 same-key / 0 collision verdicts, 0 stale, 0 fallbacks; forced collisions: 64 tickets, 32 collision verdicts, 0 ticketed fallbacks, 0 DBSIZE drains, 0 SCAN twins; open-ticket rows on 8 seeds: 32 tickets held open, 24 DBSIZE drains reading 46 twins, 64 SCAN twins, 32 retargets, 16 read-free forced deletes, 32 ticketed fallbacks, 32 collision verdicts, 8 injected read errors relayed, 25 settled without a read after resume; rebuilt multi-ticket rows on 8 seeds: 32 tickets rebuilt, 16 DELs draining several, 8 same-key twins among them, 6144 filler writes, 16 reboots
inf-sim: sim_seconds=290.853879 published=0 delivered=0
cell 0: swept dropped namespace 16 residue (12 files) — ADR-0100 D6
cell 1: swept dropped namespace 16 residue (13 files) — ADR-0100 D6
cell 1: swept dropped namespace 16 residue (10 files) — ADR-0100 D6
cell 0: swept dropped namespace 16 residue (15 files) — ADR-0100 D6
cell 1: swept dropped namespace 16 residue (4 files) — ADR-0100 D6
cell 0: swept dropped namespace 16 residue (14 files) — ADR-0100 D6
inf-sim: m4-tiered sweep shard 2/8: 8 seeds, 0 violations, 0 legal taxonomy refusals, 44063 commands, 1152 keys audited, 5256012 B flushed pre-cut, 1699 cold resolves, 3645 blob sets, 73 blob-key race replans, dir-open fault armed on 0 seeds (0 fired), 8 DISKFULL refusals, drop-race 99 values / 141 typed-other; post-drop reboots 8 (8 with MANIFEST residue), cut inside DROP: 2 whole / 6 swept (ADR-0100); shadow arm on 8 seeds: 478 tickets (0 open at the cut), 478 same-key / 0 collision verdicts, 0 stale, 0 fallbacks; forced collisions: 64 tickets, 32 collision verdicts, 0 ticketed fallbacks, 0 DBSIZE drains, 0 SCAN twins; open-ticket rows on 8 seeds: 32 tickets held open, 24 DBSIZE drains reading 46 twins, 64 SCAN twins, 32 retargets, 16 read-free forced deletes, 32 ticketed fallbacks, 32 collision verdicts, 8 injected read errors relayed, 26 settled without a read after resume; rebuilt multi-ticket rows on 8 seeds: 32 tickets rebuilt, 16 DELs draining several, 8 same-key twins among them, 6144 filler writes, 16 reboots
inf-sim: sim_seconds=298.169958 published=0 delivered=0
inf-sim: m4-tiered sweep shard 1/8: 8 seeds, 0 violations, 0 legal taxonomy refusals, 43631 commands, 1143 keys audited, 6302915 B flushed pre-cut, 1706 cold resolves, 3542 blob sets, 87 blob-key race replans, dir-open fault armed on 0 seeds (0 fired), 8 DISKFULL refusals, drop-race 74 values / 166 typed-other; post-drop reboots 8 (8 with MANIFEST residue), cut inside DROP: 0 whole / 8 swept (ADR-0100); shadow arm on 8 seeds: 480 tickets (0 open at the cut), 479 same-key / 0 collision verdicts, 0 stale, 0 fallbacks; forced collisions: 64 tickets, 32 collision verdicts, 0 ticketed fallbacks, 0 DBSIZE drains, 0 SCAN twins; open-ticket rows on 8 seeds: 32 tickets held open, 24 DBSIZE drains reading 45 twins, 64 SCAN twins, 32 retargets, 16 read-free forced deletes, 32 ticketed fallbacks, 32 collision verdicts, 8 injected read errors relayed, 25 settled without a read after resume; rebuilt multi-ticket rows on 8 seeds: 32 tickets rebuilt, 16 DELs draining several, 8 same-key twins among them, 6144 filler writes, 16 reboots
inf-sim: sim_seconds=299.954692 published=0 delivered=0
inf-sim: m4-tiered sweep shard 5/8: 8 seeds, 0 violations, 0 legal taxonomy refusals, 43201 commands, 1133 keys audited, 6299685 B flushed pre-cut, 1683 cold resolves, 3493 blob sets, 89 blob-key race replans, dir-open fault armed on 8 seeds (8 fired), 8 DISKFULL refusals, drop-race 63 values / 177 typed-other; post-drop reboots 8 (8 with MANIFEST residue), cut inside DROP: 0 whole / 8 swept (ADR-0100); shadow arm on 8 seeds: 474 tickets (0 open at the cut), 473 same-key / 0 collision verdicts, 0 stale, 0 fallbacks; forced collisions: 64 tickets, 32 collision verdicts, 0 ticketed fallbacks, 0 DBSIZE drains, 0 SCAN twins; open-ticket rows on 8 seeds: 32 tickets held open, 24 DBSIZE drains reading 47 twins, 64 SCAN twins, 32 retargets, 16 read-free forced deletes, 32 ticketed fallbacks, 32 collision verdicts, 8 injected read errors relayed, 26 settled without a read after resume; rebuilt multi-ticket rows on 8 seeds: 32 tickets rebuilt, 16 DELs draining several, 8 same-key twins among them, 6144 filler writes, 16 reboots
inf-sim: sim_seconds=301.560408 published=0 delivered=0
cell 1: swept dropped namespace 16 residue (15 files) — ADR-0100 D6
cell 0: swept dropped namespace 16 residue (14 files) — ADR-0100 D6
inf-sim: m4-tiered sweep shard 0/8: 8 seeds, 0 violations, 0 legal taxonomy refusals, 46632 commands, 1152 keys audited, 7352657 B flushed pre-cut, 1709 cold resolves, 3888 blob sets, 83 blob-key race replans, dir-open fault armed on 0 seeds (0 fired), 8 DISKFULL refusals, drop-race 103 values / 137 typed-other; post-drop reboots 8 (8 with MANIFEST residue), cut inside DROP: 2 whole / 6 swept (ADR-0100); shadow arm on 8 seeds: 481 tickets (0 open at the cut), 480 same-key / 0 collision verdicts, 0 stale, 0 fallbacks; forced collisions: 64 tickets, 32 collision verdicts, 0 ticketed fallbacks, 0 DBSIZE drains, 0 SCAN twins; open-ticket rows on 8 seeds: 32 tickets held open, 24 DBSIZE drains reading 44 twins, 64 SCAN twins, 32 retargets, 16 read-free forced deletes, 32 ticketed fallbacks, 32 collision verdicts, 8 injected read errors relayed, 25 settled without a read after resume; rebuilt multi-ticket rows on 8 seeds: 32 tickets rebuilt, 16 DELs draining several, 8 same-key twins among them, 6144 filler writes, 16 reboots
inf-sim: sim_seconds=320.156355 published=0 delivered=0
run-sweep: m4-tiered shard 0/8 wrote no manifest (/tmp/tmp.Fif3ZztsKs/manifest-shard-0.txt)
run-sweep: m4-tiered shard 1/8 wrote no manifest (/tmp/tmp.Fif3ZztsKs/manifest-shard-1.txt)
run-sweep: m4-tiered shard 2/8 wrote no manifest (/tmp/tmp.Fif3ZztsKs/manifest-shard-2.txt)
run-sweep: m4-tiered shard 3/8 wrote no manifest (/tmp/tmp.Fif3ZztsKs/manifest-shard-3.txt)
run-sweep: m4-tiered shard 4/8 wrote no manifest (/tmp/tmp.Fif3ZztsKs/manifest-shard-4.txt)
run-sweep: m4-tiered shard 5/8 wrote no manifest (/tmp/tmp.Fif3ZztsKs/manifest-shard-5.txt)
run-sweep: m4-tiered shard 6/8 wrote no manifest (/tmp/tmp.Fif3ZztsKs/manifest-shard-6.txt)
run-sweep: m4-tiered shard 7/8 wrote no manifest (/tmp/tmp.Fif3ZztsKs/manifest-shard-7.txt)
run-sweep: m4-tiered sweep FAILED (results under /tmp/tmp.Fif3ZztsKs)
