inf-bench env-check
  PROBE                RESULT
  git-dirty-tree       FAIL  dirty git tree: 19 uncommitted entries
  cpufreq-governor     FAIL  scaling_governor != performance on 24 cpus: cpu0=powersave, cpu1=powersave, cpu10=powersave, cpu11=powersave (+20 more)
  cpufreq-epp          PASS
  thermal-throttle     FAIL  thermal throttling occurred: cpu0/package_throttle_count=2916, cpu1/package_throttle_count=2916, cpu10/core_throttle_count=2056, cpu10/package_throttle_count=3300
  power-source         SKIP  macos-only probe (this host: linux)
  low-power-mode       SKIP  macos-only probe (this host: linux)

  *** DIRTY TREE — dev run only, output is not citation-grade ***
gate-run: CONTINUING WITH FAILED ENV-CHECK — results are not citation-grade

== pipelined replicates (conns=64 P=16, 10s x 3) ==
  rep 0: 3726391 ops/s, p999 1695 us, windowed sqes/submit 19.1
  rep 1: 3576279 ops/s, p999 1407 us, windowed sqes/submit 17.7
  rep 2: 3599002 ops/s, p999 1535 us, windowed sqes/submit 19.7

== cross-cell penalty (natural vs --route-local-only) ==
  natural 3507078 ops/s vs all-local 8660565 ops/s => penalty 59.5%

== comparator anchor (dragonfly --proactor_threads=4) ==
  infinityd natural 3559139 ops/s vs dragonfly 2437915 ops/s => 1.46x

== unpipelined 512-conn A/B vs redis ==
  infinityd 1055756 ops/s vs redis 375588 ops/s => 2.81x

== RSS fill: 10000000 keys x (16 B, 64 B), both engines ==
  infinityd fill: 4390987 sets/s
  redis fill: 1603697 sets/s
  RSS: infinityd 1129304064 B vs redis 1854484480 B => 0.609x

== gate verdicts ==
  Pipelined GET/SET node throughput      FAIL (DEV-TIER, non-binding)
  Unpipelined throughput vs Redis, 512 conns PASS (DEV-TIER, non-binding)
  io_uring SQEs per submit under pipelined load PASS
  Fabric hop RTT p50 under load          FAIL (DEV-TIER, non-binding)
  Cross-cell architecture vs Dragonfly, uniform random PASS (DEV-TIER, non-binding)
  Cross-cell penalty, uniform random keys (informational; M1 S17 target) FAIL (informational)
  p99.9 latency (memtier, 8 threads)     PASS (DEV-TIER, non-binding)
  RSS @ 10M keys x (16 B, 64 B)          PASS (DEV-TIER, non-binding)
  Reactor loop iteration p99.9           PASS (DEV-TIER, non-binding)
  Syscall CPU share under pipelined load PENDING (tooling)

gate-run: report written to .artifacts/m0/1783359278-gate-run/report.md
