inf-bench env-check
  PROBE                RESULT
  git-dirty-tree       FAIL  dirty git tree: 24 uncommitted entries
  cpufreq-governor     FAIL  scaling_governor != performance on 24 cpus: cpu0=powersave, cpu1=powersave, cpu10=powersave, cpu11=powersave (+20 more)
  cpufreq-epp          PASS
  thermal-throttle     FAIL  thermal throttling occurred: cpu0/core_throttle_count=62, cpu0/package_throttle_count=14745, cpu1/core_throttle_count=62, cpu1/package_throttle_count=14745
  power-source         SKIP  macos-only probe (this host: linux)
  low-power-mode       SKIP  macos-only probe (this host: linux)

  *** DIRTY TREE — dev run only, output is not citation-grade ***
gate-run: CONTINUING WITH FAILED ENV-CHECK — results are not citation-grade

== pipelined replicates (conns=64 P=16, 10s x 3) ==
  rep 0: 3824585 ops/s, p999 1695 us, windowed sqes/submit 21.1
  rep 1: 3543703 ops/s, p999 1343 us, windowed sqes/submit 12.1
  rep 2: 3609260 ops/s, p999 1567 us, windowed sqes/submit 19.4

== cross-cell penalty (natural vs --route-local-only) ==
  natural 3537904 ops/s vs all-local 8575758 ops/s => penalty 58.7%

== comparator anchor (dragonfly --proactor_threads=4) ==
  infinityd natural 3584421 ops/s vs dragonfly 2466444 ops/s => 1.45x

== unpipelined 512-conn A/B vs redis ==
  infinityd 1058511 ops/s vs redis 377424 ops/s => 2.80x

== RSS fill: 10000000 keys x (16 B, 64 B), both engines ==
  infinityd fill: 4217183 sets/s
  redis fill: 1615804 sets/s
  RSS: infinityd 1129369600 B vs redis 1854504960 B => 0.609x

== gate verdicts ==
  Pipelined GET/SET node throughput      FAIL (DEV-TIER, non-binding)
  Unpipelined throughput vs Redis, 512 conns PASS (DEV-TIER, non-binding)
  io_uring SQEs per submit under pipelined load PASS
  Fabric hop RTT p50 under load          FAIL (DEV-TIER, non-binding)
  Cross-cell architecture vs Dragonfly, uniform random PASS (DEV-TIER, non-binding)
  Cross-cell penalty, uniform random keys (informational; M1 S17 target) FAIL (informational)
  p99.9 latency (memtier, 8 threads)     PASS (DEV-TIER, non-binding)
  RSS @ 10M keys x (16 B, 64 B)          PASS (DEV-TIER, non-binding)
  Reactor loop iteration p99.9           PASS (DEV-TIER, non-binding)
  Syscall CPU share under pipelined load PENDING (tooling)

gate-run: report written to .artifacts/m0/1783359673-gate-run/report.md
