I0810 23:31:24.038724   62620 init.cc:144] dragonfly running in opt mode.
                   .--::--.                   
   :+*=:          =@@@@@@@@=          :+*+:   
  %@@@@@@%*=.     =@@@@@@@@-     .=*%@@@@@@#  
  @@@@@@@@@@@@#+-. .%@@@@#. .-+#@@@@@@@@@@@%  
  -@@@@@@@@@@@@@@@@*:#@@#:*@@@@@@@@@@@@@@@@-  
    :+*********####-%@%%@%-####********++.    
   .%@@@@@@@@@@@@@%:@@@@@@:@@@@@@@@@@@@@@%    
   .@@@@@@@@%*+-:   =@@@@=  .:-+*%@@@@@@@%.   
     =*+-:           ###*          .:-+*=     
                     %@@%                     
                     *@@*                     
                     +@@=                     
                     :##:                     
                     :@@:                     
                      @@                      
                      ..                      
* Logs will be written to the first available of the following paths:
* For the available flags type dragonfly [--help | --helpfull]
* Documentation can be found at: https://www.dragonflydb.io/docs
I0810 23:31:24.038817   62620 dfly_main.cc:1096] Starting dragonfly df-v1.39.0-699862e5da7cb29bf5642a1da422c4c78cefae38
I0810 23:31:24.038929   62620 dfly_main.cc:1137] Using proactor_threads=4 (overriding cgroup-derived 0)
W0810 23:31:24.038934   62620 dfly_main.cc:1144] SWAP is enabled. Consider disabling it when running Dragonfly.
I0810 23:31:24.038939   62620 dfly_main.cc:1150] maxmemory has not been specified. Deciding myself....
I0810 23:31:24.038941   62620 dfly_main.cc:1159] Found 25.80GiB available memory. Setting maxmemory to 20.64GiB
I0810 23:31:24.039975   62621 uring_proactor.cc:263] IORing with 1024 entries, allocated 98368 bytes, cq_entries is 2048
I0810 23:31:24.040377   62620 proactor_pool.cc:149] Running 4 io threads
I0810 23:31:24.041170   62620 dragonfly_listener.cc:152] SSL version: OpenSSL 3.4.5 7 Apr 2026
W0810 23:31:24.041193   62620 dfly_main.cc:350] Protected mode enabled. Binding to localhost only because no password is set. To accept remote connections, set a password with --requirepass or specify a bind address with --bind.
I0810 23:31:24.042093   62620 server_family.cc:1221] Host OS: Linux 7.0.0-29-generic x86_64 with 4 threads
I0810 23:31:24.047204   62622 listener_interface.cc:102] sock[11] AcceptServer - listening on 127.0.0.1:7001
I0810 23:31:24.904819   62621 version_monitor.cc:174] Your current version '1.39.0' is not the latest version. A newer version '1.40.1' is now available. Please consider an update.
