infinityd: listening on 6499
infinityd 6bd25b1 (git 6bd25b139d16, x86_64-unknown-linux-gnu)
infinityd: 4 cells, port 6499, backend io_uring, route natural
infinityd: capabilities Capabilities { backend: "io_uring", multishot_accept: true, multishot_recv: true, provided_buffers: true, fixed_buffers: true, single_issuer: true, defer_taskrun: true, performance_tier: true }
control: recovery 0/4 cells ready, 0/0 bytes (100.0%), eta 0s
control: recovery 0/4 cells ready, 0/0 bytes (100.0%), eta 0s
control: recovery 0/4 cells ready, 0/0 bytes (100.0%), eta 0s
control: recovery 0/4 cells ready, 0/0 bytes (100.0%), eta 0s
control: recovery 0/4 cells ready, 0/0 bytes (100.0%), eta 0s
control: cell 0 not ready — in start (0/0 bytes) for 5s
control: cell 1 not ready — in start (0/0 bytes) for 5s
control: cell 2 not ready — in start (0/0 bytes) for 5s
control: cell 3 not ready — in start (0/0 bytes) for 5s
control: recovery 0/4 cells ready, 0/0 bytes (100.0%), eta 0s
control: cell 0 not ready — in start (0/0 bytes) for 6s
control: cell 1 not ready — in start (0/0 bytes) for 6s
control: cell 2 not ready — in start (0/0 bytes) for 6s
control: cell 3 not ready — in start (0/0 bytes) for 6s
control: recovery 0/4 cells ready, 0/0 bytes (100.0%), eta 0s
control: cell 0 not ready — in start (0/0 bytes) for 7s
control: cell 1 not ready — in start (0/0 bytes) for 7s
control: cell 2 not ready — in start (0/0 bytes) for 7s
control: cell 3 not ready — in start (0/0 bytes) for 7s
control: recovery 0/4 cells ready, 0/0 bytes (100.0%), eta 0s
control: cell 0 not ready — in start (0/0 bytes) for 8s
control: cell 1 not ready — in start (0/0 bytes) for 8s
control: cell 2 not ready — in start (0/0 bytes) for 8s
control: cell 3 not ready — in start (0/0 bytes) for 8s
control: recovery 0/4 cells ready, 0/0 bytes (100.0%), eta 0s
control: cell 0 not ready — in start (0/0 bytes) for 9s
control: cell 1 not ready — in start (0/0 bytes) for 9s
control: cell 2 not ready — in start (0/0 bytes) for 9s
control: cell 3 not ready — in start (0/0 bytes) for 9s
control: recovery 0/4 cells ready, 0/0 bytes (100.0%), eta 0s
control: cell 0 not ready — in start (0/0 bytes) for 10s
control: cell 1 not ready — in start (0/0 bytes) for 10s
control: cell 2 not ready — in start (0/0 bytes) for 10s
control: cell 3 not ready — in start (0/0 bytes) for 10s
control: recovery 0/4 cells ready, 0/0 bytes (100.0%), eta 0s
control: cell 0 not ready — in start (0/0 bytes) for 11s
control: cell 1 not ready — in start (0/0 bytes) for 11s
control: cell 2 not ready — in start (0/0 bytes) for 11s
control: cell 3 not ready — in start (0/0 bytes) for 11s
control: recovery 0/4 cells ready, 0/0 bytes (100.0%), eta 0s
control: cell 0 not ready — in start (0/0 bytes) for 12s
control: cell 1 not ready — in start (0/0 bytes) for 12s
control: cell 2 not ready — in start (0/0 bytes) for 12s
control: cell 3 not ready — in start (0/0 bytes) for 12s
control: recovery 0/4 cells ready, 1372707705/4434993765 bytes (31.0%), eta 30s
control: cell 0 not ready — in checkpoint (282061956/1108522765 bytes) for 13s
control: cell 1 not ready — in checkpoint (187741492/1108406369 bytes) for 13s
control: cell 2 not ready — in checkpoint (179336396/1108640590 bytes) for 13s
control: cell 3 not ready — in replay (723567861/1109424041 bytes) for 13s
control: cell 3 recovered (3 segments, 1109424041 bytes, 3145831 records)
control: cell 0 recovered (3 segments, 1108522765 bytes, 2755593 records)
control: cell 1 recovered (3 segments, 1108406369 bytes, 2793601 records)
control: cell 2 recovered (3 segments, 1108640590 bytes, 2762763 records)
control: recovery complete — 4 cells serving (13415 ms)
