I0717 21:15:30.433984   58681 init.cc:144] dragonfly running in opt mode.
                   .--::--.                   
   :+*=:          =@@@@@@@@=          :+*+:   
  %@@@@@@%*=.     =@@@@@@@@-     .=*%@@@@@@#  
  @@@@@@@@@@@@#+-. .%@@@@#. .-+#@@@@@@@@@@@%  
  -@@@@@@@@@@@@@@@@*:#@@#:*@@@@@@@@@@@@@@@@-  
    :+*********####-%@%%@%-####********++.    
   .%@@@@@@@@@@@@@%:@@@@@@:@@@@@@@@@@@@@@%    
   .@@@@@@@@%*+-:   =@@@@=  .:-+*%@@@@@@@%.   
     =*+-:           ###*          .:-+*=     
                     %@@%                     
                     *@@*                     
                     +@@=                     
                     :##:                     
                     :@@:                     
                      @@                      
                      ..                      
* Logs will be written to the first available of the following paths:
* For the available flags type dragonfly [--help | --helpfull]
* Documentation can be found at: https://www.dragonflydb.io/docs
I0717 21:15:30.434046   58681 dfly_main.cc:1096] Starting dragonfly df-v1.39.0-699862e5da7cb29bf5642a1da422c4c78cefae38
I0717 21:15:30.434150   58681 dfly_main.cc:1137] Using proactor_threads=12 (overriding cgroup-derived 0)
W0717 21:15:30.434155   58681 dfly_main.cc:1144] SWAP is enabled. Consider disabling it when running Dragonfly.
I0717 21:15:30.434159   58681 dfly_main.cc:1150] maxmemory has not been specified. Deciding myself....
I0717 21:15:30.434161   58681 dfly_main.cc:1159] Found 21.18GiB available memory. Setting maxmemory to 16.95GiB
I0717 21:15:30.435219   58682 uring_proactor.cc:263] IORing with 1024 entries, allocated 98368 bytes, cq_entries is 2048
I0717 21:15:30.435859   58681 proactor_pool.cc:149] Running 12 io threads
I0717 21:15:30.436765   58681 dragonfly_listener.cc:152] SSL version: OpenSSL 3.4.5 7 Apr 2026
W0717 21:15:30.436799   58681 dfly_main.cc:350] Protected mode enabled. Binding to localhost only because no password is set. To accept remote connections, set a password with --requirepass or specify a bind address with --bind.
I0717 21:15:30.437676   58681 server_family.cc:1221] Host OS: Linux 7.0.0-28-generic x86_64 with 12 threads
I0717 21:15:30.442601   58683 listener_interface.cc:102] sock[29] AcceptServer - listening on 127.0.0.1:7001
