I0710 00:59:52.866090  106634 init.cc:144] dragonfly running in opt mode.
                   .--::--.                   
   :+*=:          =@@@@@@@@=          :+*+:   
  %@@@@@@%*=.     =@@@@@@@@-     .=*%@@@@@@#  
  @@@@@@@@@@@@#+-. .%@@@@#. .-+#@@@@@@@@@@@%  
  -@@@@@@@@@@@@@@@@*:#@@#:*@@@@@@@@@@@@@@@@-  
    :+*********####-%@%%@%-####********++.    
   .%@@@@@@@@@@@@@%:@@@@@@:@@@@@@@@@@@@@@%    
   .@@@@@@@@%*+-:   =@@@@=  .:-+*%@@@@@@@%.   
     =*+-:           ###*          .:-+*=     
                     %@@%                     
                     *@@*                     
                     +@@=                     
                     :##:                     
                     :@@:                     
                      @@                      
                      ..                      
* Logs will be written to the first available of the following paths:
* For the available flags type dragonfly [--help | --helpfull]
* Documentation can be found at: https://www.dragonflydb.io/docs
I0710 00:59:52.866155  106634 dfly_main.cc:1096] Starting dragonfly df-v1.39.0-699862e5da7cb29bf5642a1da422c4c78cefae38
I0710 00:59:52.866306  106634 dfly_main.cc:1137] Using proactor_threads=4 (overriding cgroup-derived 0)
W0710 00:59:52.866319  106634 dfly_main.cc:1144] SWAP is enabled. Consider disabling it when running Dragonfly.
I0710 00:59:52.866326  106634 dfly_main.cc:1150] maxmemory has not been specified. Deciding myself....
I0710 00:59:52.866329  106634 dfly_main.cc:1159] Found 24.69GiB available memory. Setting maxmemory to 19.75GiB
I0710 00:59:52.867116  106635 uring_proactor.cc:263] IORing with 1024 entries, allocated 98368 bytes, cq_entries is 2048
I0710 00:59:52.867353  106634 proactor_pool.cc:149] Running 4 io threads
I0710 00:59:52.868658  106634 dragonfly_listener.cc:152] SSL version: OpenSSL 3.4.5 7 Apr 2026
W0710 00:59:52.868694  106634 dfly_main.cc:350] Protected mode enabled. Binding to localhost only because no password is set. To accept remote connections, set a password with --requirepass or specify a bind address with --bind.
I0710 00:59:52.869582  106634 server_family.cc:1221] Host OS: Linux 7.0.0-27-generic x86_64 with 4 threads
I0710 00:59:52.874704  106636 listener_interface.cc:102] sock[13] AcceptServer - listening on 127.0.0.1:7001
