I0702 00:53:52.557404   63751 init.cc:144] dragonfly running in opt mode.
                   .--::--.                   
   :+*=:          =@@@@@@@@=          :+*+:   
  %@@@@@@%*=.     =@@@@@@@@-     .=*%@@@@@@#  
  @@@@@@@@@@@@#+-. .%@@@@#. .-+#@@@@@@@@@@@%  
  -@@@@@@@@@@@@@@@@*:#@@#:*@@@@@@@@@@@@@@@@-  
    :+*********####-%@%%@%-####********++.    
   .%@@@@@@@@@@@@@%:@@@@@@:@@@@@@@@@@@@@@%    
   .@@@@@@@@%*+-:   =@@@@=  .:-+*%@@@@@@@%.   
     =*+-:           ###*          .:-+*=     
                     %@@%                     
                     *@@*                     
                     +@@=                     
                     :##:                     
                     :@@:                     
                      @@                      
                      ..                      
* Logs will be written to the first available of the following paths:
* For the available flags type dragonfly [--help | --helpfull]
* Documentation can be found at: https://www.dragonflydb.io/docs
I0702 00:53:52.557475   63751 dfly_main.cc:1096] Starting dragonfly df-v1.39.0-699862e5da7cb29bf5642a1da422c4c78cefae38
I0702 00:53:52.557627   63751 dfly_main.cc:1137] Using proactor_threads=8 (overriding cgroup-derived 0)
W0702 00:53:52.557638   63751 dfly_main.cc:1144] SWAP is enabled. Consider disabling it when running Dragonfly.
I0702 00:53:52.557645   63751 dfly_main.cc:1150] maxmemory has not been specified. Deciding myself....
I0702 00:53:52.557648   63751 dfly_main.cc:1159] Found 22.66GiB available memory. Setting maxmemory to 18.13GiB
I0702 00:53:52.558830   63752 uring_proactor.cc:263] IORing with 1024 entries, allocated 98368 bytes, cq_entries is 2048
I0702 00:53:52.559420   63751 proactor_pool.cc:149] Running 8 io threads
I0702 00:53:52.560712   63751 dragonfly_listener.cc:152] SSL version: OpenSSL 3.4.5 7 Apr 2026
W0702 00:53:52.560754   63751 dfly_main.cc:350] Protected mode enabled. Binding to localhost only because no password is set. To accept remote connections, set a password with --requirepass or specify a bind address with --bind.
I0702 00:53:52.561632   63751 server_family.cc:1221] Host OS: Linux 7.0.0-27-generic x86_64 with 8 threads
I0702 00:53:52.568682   63753 listener_interface.cc:102] sock[21] AcceptServer - listening on 127.0.0.1:7001
