I0710 01:04:05.027434  108183 init.cc:144] dragonfly running in opt mode.
                   .--::--.                   
   :+*=:          =@@@@@@@@=          :+*+:   
  %@@@@@@%*=.     =@@@@@@@@-     .=*%@@@@@@#  
  @@@@@@@@@@@@#+-. .%@@@@#. .-+#@@@@@@@@@@@%  
  -@@@@@@@@@@@@@@@@*:#@@#:*@@@@@@@@@@@@@@@@-  
    :+*********####-%@%%@%-####********++.    
   .%@@@@@@@@@@@@@%:@@@@@@:@@@@@@@@@@@@@@%    
   .@@@@@@@@%*+-:   =@@@@=  .:-+*%@@@@@@@%.   
     =*+-:           ###*          .:-+*=     
                     %@@%                     
                     *@@*                     
                     +@@=                     
                     :##:                     
                     :@@:                     
                      @@                      
                      ..                      
* Logs will be written to the first available of the following paths:
* For the available flags type dragonfly [--help | --helpfull]
* Documentation can be found at: https://www.dragonflydb.io/docs
I0710 01:04:05.027498  108183 dfly_main.cc:1096] Starting dragonfly df-v1.39.0-699862e5da7cb29bf5642a1da422c4c78cefae38
I0710 01:04:05.027595  108183 dfly_main.cc:1137] Using proactor_threads=16 (overriding cgroup-derived 0)
W0710 01:04:05.027599  108183 dfly_main.cc:1144] SWAP is enabled. Consider disabling it when running Dragonfly.
I0710 01:04:05.027603  108183 dfly_main.cc:1150] maxmemory has not been specified. Deciding myself....
I0710 01:04:05.027604  108183 dfly_main.cc:1159] Found 24.53GiB available memory. Setting maxmemory to 19.63GiB
I0710 01:04:05.028768  108184 uring_proactor.cc:263] IORing with 1024 entries, allocated 98368 bytes, cq_entries is 2048
I0710 01:04:05.033376  108183 proactor_pool.cc:149] Running 16 io threads
I0710 01:04:05.035145  108183 dragonfly_listener.cc:152] SSL version: OpenSSL 3.4.5 7 Apr 2026
W0710 01:04:05.035180  108183 dfly_main.cc:350] Protected mode enabled. Binding to localhost only because no password is set. To accept remote connections, set a password with --requirepass or specify a bind address with --bind.
I0710 01:04:05.036239  108183 server_family.cc:1221] Host OS: Linux 7.0.0-27-generic x86_64 with 16 threads
I0710 01:04:05.042097  108185 listener_interface.cc:102] sock[37] AcceptServer - listening on 127.0.0.1:7000
