ops = 1854799
errors = 1
elapsed_s = 300.007
ops_per_sec = 6183
p50_us = 8191
p99_us = 62463
p999_us = 229375
p9999_us = 1048575
max_us = 1908003
inf-bench: 1 error replies under load
ops = 1901493
errors = 0
elapsed_s = 300.007
ops_per_sec = 6338
p50_us = 8063
p99_us = 62463
p999_us = 172031
p9999_us = 901119
max_us = 1600690
ops = 1822027
errors = 0
elapsed_s = 300.013
ops_per_sec = 6073
p50_us = 8447
p99_us = 59391
p999_us = 167935
p9999_us = 966655
max_us = 1571861
ops = 1788681
errors = 0
elapsed_s = 300.008
ops_per_sec = 5962
p50_us = 8447
p99_us = 69631
p999_us = 229375
p9999_us = 966655
max_us = 1473901
ops = 1889231
errors = 0
elapsed_s = 300.008
ops_per_sec = 6297
p50_us = 8063
p99_us = 56319
p999_us = 163839
p9999_us = 917503
max_us = 1300429
ops = 1802551
errors = 7
elapsed_s = 300.009
ops_per_sec = 6008
p50_us = 8447
p99_us = 73727
p999_us = 217087
p9999_us = 933887
max_us = 1718512
inf-bench: 7 error replies under load
ops = 1880186
errors = 0
elapsed_s = 300.010
ops_per_sec = 6267
p50_us = 8063
p99_us = 59391
p999_us = 204799
p9999_us = 868351
max_us = 1729838
ops = 1809086
errors = 4
elapsed_s = 300.009
ops_per_sec = 6030
p50_us = 8447
p99_us = 58367
p999_us = 172031
p9999_us = 1212415
max_us = 1854735
inf-bench: 4 error replies under load
ops = 1802127
errors = 0
elapsed_s = 300.010
ops_per_sec = 6007
p50_us = 8447
p99_us = 61439
p999_us = 229375
p9999_us = 851967
max_us = 1195510
ops = 1795364
errors = 6
elapsed_s = 300.010
ops_per_sec = 5984
p50_us = 8447
p99_us = 67583
p999_us = 217087
p9999_us = 1081343
max_us = 1608650
inf-bench: 6 error replies under load
ops = 1783946
errors = 0
elapsed_s = 300.008
ops_per_sec = 5946
p50_us = 8447
p99_us = 71679
p999_us = 188415
p9999_us = 917503
max_us = 1749565
ops = 1506814
errors = 7
elapsed_s = 300.016
ops_per_sec = 5022
p50_us = 10239
p99_us = 83967
p999_us = 192511
p9999_us = 1310719
max_us = 1730363
inf-bench: 7 error replies under load
ops = 1833746
errors = 0
elapsed_s = 300.010
ops_per_sec = 6112
p50_us = 8191
p99_us = 69631
p999_us = 176127
p9999_us = 1032191
max_us = 1577844
ops = 1828773
errors = 4
elapsed_s = 300.013
ops_per_sec = 6096
p50_us = 8191
p99_us = 60415
p999_us = 163839
p9999_us = 1032191
max_us = 1773094
inf-bench: 4 error replies under load
ops = 1777765
errors = 0
elapsed_s = 300.013
ops_per_sec = 5926
p50_us = 8447
p99_us = 73727
p999_us = 225279
p9999_us = 966655
max_us = 1469677
ops = 1738972
errors = 3
elapsed_s = 300.012
ops_per_sec = 5796
p50_us = 8447
p99_us = 59391
p999_us = 294911
p9999_us = 1835007
max_us = 5231703
inf-bench: 3 error replies under load
ops = 1680636
errors = 0
elapsed_s = 300.009
ops_per_sec = 5602
p50_us = 8959
p99_us = 63487
p999_us = 237567
p9999_us = 1081343
max_us = 1512093
ops = 1798405
errors = 0
elapsed_s = 300.015
ops_per_sec = 5994
p50_us = 8447
p99_us = 58367
p999_us = 217087
p9999_us = 1048575
max_us = 1678770
ops = 1668961
errors = 0
elapsed_s = 300.009
ops_per_sec = 5563
p50_us = 8959
p99_us = 73727
p999_us = 163839
p9999_us = 1245183
max_us = 1641985
ops = 1901465
errors = 0
elapsed_s = 300.011
ops_per_sec = 6338
p50_us = 8063
p99_us = 55295
p999_us = 163839
p9999_us = 1146879
max_us = 1745360
ops = 1815000
errors = 0
elapsed_s = 300.009
ops_per_sec = 6050
p50_us = 8191
p99_us = 59391
p999_us = 204799
p9999_us = 999423
max_us = 1378210
ops = 1908493
errors = 0
elapsed_s = 300.008
ops_per_sec = 6361
p50_us = 7935
p99_us = 59391
p999_us = 159743
p9999_us = 933887
max_us = 1576322
ops = 1804113
errors = 0
elapsed_s = 300.008
ops_per_sec = 6014
p50_us = 8447
p99_us = 69631
p999_us = 180223
p9999_us = 1015807
max_us = 1520634
ops = 1848605
errors = 4
elapsed_s = 300.009
ops_per_sec = 6162
p50_us = 8191
p99_us = 65535
p999_us = 184319
p9999_us = 1179647
max_us = 1697757
inf-bench: 4 error replies under load
ops = 1817674
errors = 1
elapsed_s = 300.011
ops_per_sec = 6059
p50_us = 8447
p99_us = 67583
p999_us = 180223
p9999_us = 1048575
max_us = 1585816
inf-bench: 1 error replies under load
ops = 1887253
errors = 6
elapsed_s = 300.009
ops_per_sec = 6291
p50_us = 8063
p99_us = 69631
p999_us = 172031
p9999_us = 999423
max_us = 1472914
inf-bench: 6 error replies under load
ops = 1804026
errors = 1
elapsed_s = 300.133
ops_per_sec = 6011
p50_us = 8447
p99_us = 69631
p999_us = 229375
p9999_us = 1179647
max_us = 1723961
inf-bench: 1 error replies under load
ops = 1816604
errors = 0
elapsed_s = 300.011
ops_per_sec = 6055
p50_us = 8447
p99_us = 56319
p999_us = 176127
p9999_us = 1114111
max_us = 1568932
ops = 1899409
errors = 1
elapsed_s = 300.115
ops_per_sec = 6329
p50_us = 8063
p99_us = 51199
p999_us = 188415
p9999_us = 966655
max_us = 1393226
inf-bench: 1 error replies under load
ops = 1956323
errors = 1
elapsed_s = 300.041
ops_per_sec = 6520
p50_us = 7935
p99_us = 57343
p999_us = 143359
p9999_us = 1212415
max_us = 1598057
inf-bench: 1 error replies under load
ops = 1797073
errors = 2
elapsed_s = 300.013
ops_per_sec = 5990
p50_us = 8447
p99_us = 73727
p999_us = 233471
p9999_us = 950271
max_us = 1454122
inf-bench: 2 error replies under load
ops = 1796802
errors = 2
elapsed_s = 300.019
ops_per_sec = 5989
p50_us = 8447
p99_us = 73727
p999_us = 200703
p9999_us = 1146879
max_us = 1648125
inf-bench: 2 error replies under load
ops = 1628209
errors = 10
elapsed_s = 300.008
ops_per_sec = 5427
p50_us = 9471
p99_us = 81919
p999_us = 278527
p9999_us = 917503
max_us = 1391213
inf-bench: 10 error replies under load
ops = 1840187
errors = 0
elapsed_s = 300.008
ops_per_sec = 6134
p50_us = 8191
p99_us = 62463
p999_us = 184319
p9999_us = 966655
max_us = 1713655
ops = 1708454
errors = 0
elapsed_s = 300.007
ops_per_sec = 5695
p50_us = 8703
p99_us = 69631
p999_us = 319487
p9999_us = 1048575
max_us = 1585976
ops = 1603866
errors = 0
elapsed_s = 300.007
ops_per_sec = 5346
p50_us = 9727
p99_us = 75775
p999_us = 233471
p9999_us = 966655
max_us = 1469610
ops = 1762607
errors = 2
elapsed_s = 300.045
ops_per_sec = 5874
p50_us = 8447
p99_us = 63487
p999_us = 200703
p9999_us = 1032191
max_us = 1656136
inf-bench: 2 error replies under load
ops = 1492299
errors = 4
elapsed_s = 300.013
ops_per_sec = 4974
p50_us = 10239
p99_us = 83967
p999_us = 286719
p9999_us = 1376255
max_us = 1957423
inf-bench: 4 error replies under load
ops = 1557533
errors = 1
elapsed_s = 300.010
ops_per_sec = 5192
p50_us = 9983
p99_us = 73727
p999_us = 237567
p9999_us = 1212415
max_us = 1690872
inf-bench: 1 error replies under load
ops = 1799800
errors = 1
elapsed_s = 300.009
ops_per_sec = 5999
p50_us = 8191
p99_us = 55295
p999_us = 176127
p9999_us = 1310719
max_us = 5775604
inf-bench: 1 error replies under load
ops = 1859342
errors = 6
elapsed_s = 300.009
ops_per_sec = 6198
p50_us = 8191
p99_us = 69631
p999_us = 196607
p9999_us = 933887
max_us = 1806018
inf-bench: 6 error replies under load
ops = 1801752
errors = 0
elapsed_s = 300.007
ops_per_sec = 6006
p50_us = 8447
p99_us = 73727
p999_us = 180223
p9999_us = 1114111
max_us = 1677924
ops = 1867100
errors = 0
elapsed_s = 300.014
ops_per_sec = 6223
p50_us = 8191
p99_us = 58367
p999_us = 167935
p9999_us = 1048575
max_us = 1635617
ops = 1791366
errors = 1
elapsed_s = 300.010
ops_per_sec = 5971
p50_us = 8447
p99_us = 62463
p999_us = 225279
p9999_us = 1015807
max_us = 1528874
inf-bench: 1 error replies under load
ops = 1870934
errors = 0
elapsed_s = 300.076
ops_per_sec = 6235
p50_us = 8063
p99_us = 67583
p999_us = 176127
p9999_us = 1015807
max_us = 1595140
ops = 1814442
errors = 0
elapsed_s = 300.009
ops_per_sec = 6048
p50_us = 8191
p99_us = 69631
p999_us = 229375
p9999_us = 933887
max_us = 1437775
ops = 1829802
errors = 0
elapsed_s = 300.016
ops_per_sec = 6099
p50_us = 8191
p99_us = 69631
p999_us = 200703
p9999_us = 966655
max_us = 1726570
ops = 1787453
errors = 7
elapsed_s = 300.093
ops_per_sec = 5956
p50_us = 8447
p99_us = 61439
p999_us = 270335
p9999_us = 983039
max_us = 1909354
inf-bench: 7 error replies under load
ops = 1861591
errors = 1
elapsed_s = 300.012
ops_per_sec = 6205
p50_us = 8063
p99_us = 55295
p999_us = 188415
p9999_us = 983039
max_us = 2024427
inf-bench: 1 error replies under load
ops = 1840358
errors = 1
elapsed_s = 300.011
ops_per_sec = 6134
p50_us = 8191
p99_us = 62463
p999_us = 176127
p9999_us = 1114111
max_us = 1997569
inf-bench: 1 error replies under load
ops = 1483792
errors = 3
elapsed_s = 300.047
ops_per_sec = 4945
p50_us = 10239
p99_us = 86015
p999_us = 270335
p9999_us = 1376255
max_us = 2121419
inf-bench: 3 error replies under load
ops = 1776062
errors = 4
elapsed_s = 300.008
ops_per_sec = 5920
p50_us = 8447
p99_us = 58367
p999_us = 176127
p9999_us = 1081343
max_us = 1860142
inf-bench: 4 error replies under load
ops = 1633451
errors = 1
elapsed_s = 300.007
ops_per_sec = 5445
p50_us = 8191
p99_us = 73727
p999_us = 335871
p9999_us = 4587519
max_us = 7697474
inf-bench: 1 error replies under load
ops = 1838797
errors = 2
elapsed_s = 300.038
ops_per_sec = 6129
p50_us = 8191
p99_us = 53247
p999_us = 176127
p9999_us = 1048575
max_us = 1785387
inf-bench: 2 error replies under load
ops = 1786473
errors = 0
elapsed_s = 300.007
ops_per_sec = 5955
p50_us = 8191
p99_us = 61439
p999_us = 172031
p9999_us = 1736703
max_us = 7310677
ops = 1807804
errors = 0
elapsed_s = 300.008
ops_per_sec = 6026
p50_us = 8447
p99_us = 71679
p999_us = 221183
p9999_us = 1146879
max_us = 1625696
ops = 1813729
errors = 0
elapsed_s = 300.025
ops_per_sec = 6045
p50_us = 7935
p99_us = 55295
p999_us = 172031
p9999_us = 3080191
max_us = 5593823
ops = 1759772
errors = 6
elapsed_s = 300.007
ops_per_sec = 5866
p50_us = 8191
p99_us = 58367
p999_us = 221183
p9999_us = 1835007
max_us = 5401995
inf-bench: 6 error replies under load
ops = 1826179
errors = 0
elapsed_s = 300.009
ops_per_sec = 6087
p50_us = 8191
p99_us = 75775
p999_us = 167935
p9999_us = 1146879
max_us = 1441120
ops = 1807693
errors = 3
elapsed_s = 300.008
ops_per_sec = 6025
p50_us = 8191
p99_us = 60415
p999_us = 212991
p9999_us = 1146879
max_us = 1999514
inf-bench: 3 error replies under load
ops = 1665217
errors = 2
elapsed_s = 300.011
ops_per_sec = 5551
p50_us = 8703
p99_us = 64511
p999_us = 225279
p9999_us = 1540095
max_us = 6862134
inf-bench: 2 error replies under load
ops = 1484549
errors = 5
elapsed_s = 300.009
ops_per_sec = 4948
p50_us = 9727
p99_us = 77823
p999_us = 286719
p9999_us = 3211263
max_us = 6688860
inf-bench: 5 error replies under load
ops = 1706716
errors = 1
elapsed_s = 300.079
ops_per_sec = 5688
p50_us = 8447
p99_us = 62463
p999_us = 294911
p9999_us = 3276799
max_us = 6778881
inf-bench: 1 error replies under load
ops = 1817180
errors = 0
elapsed_s = 300.010
ops_per_sec = 6057
p50_us = 8191
p99_us = 54271
p999_us = 147455
p9999_us = 1212415
max_us = 1647471
ops = 1496570
errors = 11
elapsed_s = 300.009
ops_per_sec = 4988
p50_us = 10239
p99_us = 77823
p999_us = 221183
p9999_us = 1441791
max_us = 1754091
inf-bench: 11 error replies under load
ops = 1485040
errors = 2
elapsed_s = 300.010
ops_per_sec = 4950
p50_us = 10239
p99_us = 67583
p999_us = 184319
p9999_us = 1409023
max_us = 2275411
inf-bench: 2 error replies under load
ops = 1483871
errors = 4
elapsed_s = 300.013
ops_per_sec = 4946
p50_us = 9983
p99_us = 67583
p999_us = 253951
p9999_us = 1703935
max_us = 6498802
inf-bench: 4 error replies under load
ops = 1508688
errors = 4
elapsed_s = 300.253
ops_per_sec = 5025
p50_us = 9983
p99_us = 77823
p999_us = 303103
p9999_us = 1376255
max_us = 1758594
inf-bench: 4 error replies under load
ops = 1478392
errors = 7
elapsed_s = 300.010
ops_per_sec = 4928
p50_us = 9983
p99_us = 79871
p999_us = 208895
p9999_us = 1703935
max_us = 7561252
inf-bench: 7 error replies under load
ops = 1526710
errors = 1
elapsed_s = 300.014
ops_per_sec = 5089
p50_us = 9727
p99_us = 86015
p999_us = 311295
p9999_us = 1572863
max_us = 6138721
inf-bench: 1 error replies under load
ops = 1790346
errors = 8
elapsed_s = 300.024
ops_per_sec = 5967
p50_us = 8191
p99_us = 71679
p999_us = 229375
p9999_us = 1671167
max_us = 4793077
inf-bench: 8 error replies under load
ops = 1862593
errors = 1
elapsed_s = 300.008
ops_per_sec = 6208
p50_us = 8191
p99_us = 55295
p999_us = 217087
p9999_us = 983039
max_us = 1631087
inf-bench: 1 error replies under load
ops = 1805351
errors = 0
elapsed_s = 300.008
ops_per_sec = 6018
p50_us = 8191
p99_us = 57343
p999_us = 180223
p9999_us = 1671167
max_us = 6791261
ops = 1861182
errors = 0
elapsed_s = 300.041
ops_per_sec = 6203
p50_us = 8063
p99_us = 56319
p999_us = 155647
p9999_us = 1212415
max_us = 1818155
ops = 1761146
errors = 2
elapsed_s = 300.014
ops_per_sec = 5870
p50_us = 8447
p99_us = 61439
p999_us = 188415
p9999_us = 1605631
max_us = 5889480
inf-bench: 2 error replies under load
ops = 1791490
errors = 3
elapsed_s = 300.008
ops_per_sec = 5971
p50_us = 8191
p99_us = 71679
p999_us = 180223
p9999_us = 1572863
max_us = 6785469
inf-bench: 3 error replies under load
ops = 1724164
errors = 5
elapsed_s = 300.080
ops_per_sec = 5746
p50_us = 8447
p99_us = 69631
p999_us = 217087
p9999_us = 2883583
max_us = 5546378
inf-bench: 5 error replies under load
ops = 1805793
errors = 0
elapsed_s = 300.008
ops_per_sec = 6019
p50_us = 8447
p99_us = 71679
p999_us = 200703
p9999_us = 1081343
max_us = 1555837
ops = 1770077
errors = 2
elapsed_s = 300.008
ops_per_sec = 5900
p50_us = 7935
p99_us = 56319
p999_us = 204799
p9999_us = 3670015
max_us = 6265334
inf-bench: 2 error replies under load
ops = 1848801
errors = 2
elapsed_s = 300.016
ops_per_sec = 6162
p50_us = 8063
p99_us = 57343
p999_us = 180223
p9999_us = 1114111
max_us = 1741099
inf-bench: 2 error replies under load
ops = 1803831
errors = 0
elapsed_s = 300.011
ops_per_sec = 6013
p50_us = 8063
p99_us = 60415
p999_us = 180223
p9999_us = 1769471
max_us = 5743774
ops = 1700144
errors = 6
elapsed_s = 300.010
ops_per_sec = 5667
p50_us = 8703
p99_us = 55295
p999_us = 303103
p9999_us = 1605631
max_us = 5595795
inf-bench: 6 error replies under load
ops = 1749737
errors = 2
elapsed_s = 300.009
ops_per_sec = 5832
p50_us = 8447
p99_us = 71679
p999_us = 221183
p9999_us = 1671167
max_us = 5624716
inf-bench: 2 error replies under load
ops = 1800277
errors = 2
elapsed_s = 300.013
ops_per_sec = 6001
p50_us = 8447
p99_us = 62463
p999_us = 245759
p9999_us = 1081343
max_us = 1438053
inf-bench: 2 error replies under load
ops = 1802987
errors = 5
elapsed_s = 300.010
ops_per_sec = 6010
p50_us = 8447
p99_us = 60415
p999_us = 221183
p9999_us = 1212415
max_us = 1854470
inf-bench: 5 error replies under load
ops = 1756590
errors = 6
elapsed_s = 300.008
ops_per_sec = 5855
p50_us = 8447
p99_us = 64511
p999_us = 208895
p9999_us = 1376255
max_us = 6911449
inf-bench: 6 error replies under load
ops = 1495479
errors = 0
elapsed_s = 300.008
ops_per_sec = 4985
p50_us = 10239
p99_us = 77823
p999_us = 221183
p9999_us = 1441791
max_us = 1837189
ops = 1504759
errors = 3
elapsed_s = 300.014
ops_per_sec = 5016
p50_us = 9727
p99_us = 81919
p999_us = 376831
p9999_us = 3538943
max_us = 7775935
inf-bench: 3 error replies under load
ops = 1508962
errors = 8
elapsed_s = 300.009
ops_per_sec = 5030
p50_us = 10239
p99_us = 79871
p999_us = 192511
p9999_us = 1277951
max_us = 1605930
inf-bench: 8 error replies under load
ops = 1555916
errors = 4
elapsed_s = 300.023
ops_per_sec = 5186
p50_us = 9471
p99_us = 81919
p999_us = 278527
p9999_us = 1703935
max_us = 6150024
inf-bench: 4 error replies under load
ops = 1478514
errors = 0
elapsed_s = 300.010
ops_per_sec = 4928
p50_us = 9983
p99_us = 75775
p999_us = 270335
p9999_us = 1966079
max_us = 5572348
ops = 1382124
errors = 1
elapsed_s = 300.094
ops_per_sec = 4606
p50_us = 10239
p99_us = 86015
p999_us = 450559
p9999_us = 4718591
max_us = 8464239
inf-bench: 1 error replies under load
ops = 1755362
errors = 3
elapsed_s = 300.007
ops_per_sec = 5851
p50_us = 8447
p99_us = 71679
p999_us = 188415
p9999_us = 1605631
max_us = 7783911
inf-bench: 3 error replies under load
ops = 1626523
errors = 0
elapsed_s = 300.011
ops_per_sec = 5422
p50_us = 8703
p99_us = 63487
p999_us = 278527
p9999_us = 3342335
max_us = 6867488
ops = 1586056
errors = 2
elapsed_s = 300.012
ops_per_sec = 5287
p50_us = 8959
p99_us = 69631
p999_us = 294911
p9999_us = 3211263
max_us = 6248526
inf-bench: 2 error replies under load
ops = 1792384
errors = 2
elapsed_s = 300.016
ops_per_sec = 5974
p50_us = 8191
p99_us = 56319
p999_us = 217087
p9999_us = 1572863
max_us = 5235347
inf-bench: 2 error replies under load
ops = 1672966
errors = 3
elapsed_s = 300.008
ops_per_sec = 5576
p50_us = 8191
p99_us = 71679
p999_us = 311295
p9999_us = 4718591
max_us = 11550474
inf-bench: 3 error replies under load
ops = 1611415
errors = 0
elapsed_s = 300.014
ops_per_sec = 5371
p50_us = 8447
p99_us = 61439
p999_us = 262143
p9999_us = 5505023
max_us = 8081007
ops = 1418285
errors = 4
elapsed_s = 300.013
ops_per_sec = 4727
p50_us = 9215
p99_us = 59391
p999_us = 573439
p9999_us = 5505023
max_us = 8192504
inf-bench: 4 error replies under load
ops = 1579919
errors = 2
elapsed_s = 300.012
ops_per_sec = 5266
p50_us = 8191
p99_us = 56319
p999_us = 417791
p9999_us = 7077887
max_us = 12926243
inf-bench: 2 error replies under load
ops = 1548768
errors = 0
elapsed_s = 300.010
ops_per_sec = 5162
p50_us = 8703
p99_us = 64511
p999_us = 393215
p9999_us = 5373951
max_us = 8758874
ops = 1697370
errors = 0
elapsed_s = 300.251
ops_per_sec = 5653
p50_us = 8447
p99_us = 67583
p999_us = 286719
p9999_us = 2949119
max_us = 8308204
ops = 1688851
errors = 2
elapsed_s = 300.063
ops_per_sec = 5628
p50_us = 8447
p99_us = 71679
p999_us = 303103
p9999_us = 3276799
max_us = 8298409
inf-bench: 2 error replies under load
ops = 1654631
errors = 0
elapsed_s = 300.010
ops_per_sec = 5515
p50_us = 8447
p99_us = 57343
p999_us = 327679
p9999_us = 4718591
max_us = 7890786
ops = 1750555
errors = 0
elapsed_s = 300.014
ops_per_sec = 5835
p50_us = 8191
p99_us = 64511
p999_us = 270335
p9999_us = 1474559
max_us = 5656891
ops = 1677046
errors = 0
elapsed_s = 300.008
ops_per_sec = 5590
p50_us = 8447
p99_us = 64511
p999_us = 192511
p9999_us = 4718591
max_us = 8029673
ops = 1642982
errors = 0
elapsed_s = 300.009
ops_per_sec = 5476
p50_us = 8959
p99_us = 62463
p999_us = 180223
p9999_us = 1638399
max_us = 6805903
ops = 1625327
errors = 6
elapsed_s = 300.008
ops_per_sec = 5418
p50_us = 9471
p99_us = 73727
p999_us = 208895
p9999_us = 1212415
max_us = 1971649
inf-bench: 6 error replies under load
ops = 1765628
errors = 0
elapsed_s = 300.031
ops_per_sec = 5885
p50_us = 8447
p99_us = 54271
p999_us = 196607
p9999_us = 1376255
max_us = 8241900
ops = 1617069
errors = 4
elapsed_s = 300.010
ops_per_sec = 5390
p50_us = 8703
p99_us = 73727
p999_us = 311295
p9999_us = 3932159
max_us = 8387601
inf-bench: 4 error replies under load
ops = 1548164
errors = 6
elapsed_s = 300.388
ops_per_sec = 5154
p50_us = 9727
p99_us = 83967
p999_us = 237567
p9999_us = 1540095
max_us = 2045693
inf-bench: 6 error replies under load
ops = 1467136
errors = 5
elapsed_s = 300.011
ops_per_sec = 4890
p50_us = 8191
p99_us = 69631
p999_us = 606207
p9999_us = 7602175
max_us = 11723148
inf-bench: 5 error replies under load
ops = 1750576
errors = 4
elapsed_s = 300.007
ops_per_sec = 5835
p50_us = 8447
p99_us = 67583
p999_us = 249855
p9999_us = 1540095
max_us = 6647906
inf-bench: 4 error replies under load
ops = 1612467
errors = 10
elapsed_s = 300.014
ops_per_sec = 5375
p50_us = 8703
p99_us = 69631
p999_us = 327679
p9999_us = 3014655
max_us = 7720151
inf-bench: 10 error replies under load
ops = 1409952
errors = 0
elapsed_s = 300.011
ops_per_sec = 4700
p50_us = 10239
p99_us = 83967
p999_us = 417791
p9999_us = 4063231
max_us = 7772686
ops = 1779668
errors = 1
elapsed_s = 300.009
ops_per_sec = 5932
p50_us = 8191
p99_us = 71679
p999_us = 180223
p9999_us = 1540095
max_us = 6771309
inf-bench: 1 error replies under load
ops = 1465327
errors = 11
elapsed_s = 300.017
ops_per_sec = 4884
p50_us = 9215
p99_us = 67583
p999_us = 434175
p9999_us = 6029311
max_us = 8776457
inf-bench: 11 error replies under load
ops = 1460140
errors = 2
elapsed_s = 300.010
ops_per_sec = 4867
p50_us = 10239
p99_us = 79871
p999_us = 401407
p9999_us = 1703935
max_us = 6736701
inf-bench: 2 error replies under load
ops = 1437368
errors = 0
elapsed_s = 300.059
ops_per_sec = 4790
p50_us = 10239
p99_us = 88063
p999_us = 303103
p9999_us = 1572863
max_us = 8270797
ops = 1729437
errors = 11
elapsed_s = 300.348
ops_per_sec = 5758
p50_us = 8191
p99_us = 60415
p999_us = 258047
p9999_us = 3211263
max_us = 7445353
inf-bench: 11 error replies under load
ops = 1829301
errors = 1
elapsed_s = 300.015
ops_per_sec = 6097
p50_us = 8191
p99_us = 65535
p999_us = 176127
p9999_us = 1245183
max_us = 1762951
inf-bench: 1 error replies under load
ops = 1596898
errors = 1
elapsed_s = 300.013
ops_per_sec = 5323
p50_us = 8447
p99_us = 60415
p999_us = 376831
p9999_us = 6029311
max_us = 12156586
inf-bench: 1 error replies under load
ops = 1592087
errors = 0
elapsed_s = 305.123
ops_per_sec = 5218
p50_us = 8191
p99_us = 58367
p999_us = 458751
p9999_us = 5242879
max_us = 8497870
ops = 1494522
errors = 12
elapsed_s = 307.707
ops_per_sec = 4857
p50_us = 9215
p99_us = 73727
p999_us = 376831
p9999_us = 5373951
max_us = 13596352
inf-bench: 12 error replies under load
ops = 1375061
errors = 0
elapsed_s = 300.010
ops_per_sec = 4583
p50_us = 10239
p99_us = 64511
p999_us = 442367
p9999_us = 5111807
max_us = 9009091
ops = 1311965
errors = 0
elapsed_s = 300.767
ops_per_sec = 4362
p50_us = 9215
p99_us = 86015
p999_us = 638975
p9999_us = 7077887
max_us = 12718268
ops = 1402495
errors = 0
elapsed_s = 300.098
ops_per_sec = 4673
p50_us = 9983
p99_us = 86015
p999_us = 376831
p9999_us = 4849663
max_us = 8217436
ops = 1742797
errors = 1
elapsed_s = 300.008
ops_per_sec = 5809
p50_us = 8447
p99_us = 71679
p999_us = 184319
p9999_us = 1310719
max_us = 6565721
inf-bench: 1 error replies under load
ops = 1860301
errors = 3
elapsed_s = 300.010
ops_per_sec = 6201
p50_us = 8063
p99_us = 56319
p999_us = 163839
p9999_us = 999423
max_us = 1664878
inf-bench: 3 error replies under load
ops = 1701810
errors = 0
elapsed_s = 300.007
ops_per_sec = 5673
p50_us = 8191
p99_us = 69631
p999_us = 249855
p9999_us = 1769471
max_us = 9016532
ops = 1770603
errors = 12
elapsed_s = 300.013
ops_per_sec = 5902
p50_us = 8191
p99_us = 59391
p999_us = 241663
p9999_us = 1474559
max_us = 7040211
inf-bench: 12 error replies under load
ops = 1680413
errors = 0
elapsed_s = 300.055
ops_per_sec = 5600
p50_us = 8959
p99_us = 64511
p999_us = 167935
p9999_us = 1114111
max_us = 1468608
ops = 1468233
errors = 3
elapsed_s = 300.041
ops_per_sec = 4893
p50_us = 10239
p99_us = 77823
p999_us = 344063
p9999_us = 2293759
max_us = 5232622
inf-bench: 3 error replies under load
ops = 1732567
errors = 0
elapsed_s = 300.014
ops_per_sec = 5775
p50_us = 8703
p99_us = 71679
p999_us = 196607
p9999_us = 1212415
max_us = 2015329
ops = 1754799
errors = 0
elapsed_s = 300.020
ops_per_sec = 5849
p50_us = 8447
p99_us = 69631
p999_us = 245759
p9999_us = 1507327
max_us = 6027104
ops = 1557092
errors = 3
elapsed_s = 300.040
ops_per_sec = 5190
p50_us = 9471
p99_us = 79871
p999_us = 319487
p9999_us = 1638399
max_us = 6959540
inf-bench: 3 error replies under load
ops = 1414074
errors = 2
elapsed_s = 300.010
ops_per_sec = 4713
p50_us = 9983
p99_us = 83967
p999_us = 335871
p9999_us = 4718591
max_us = 8061856
inf-bench: 2 error replies under load
ops = 1676951
errors = 0
elapsed_s = 300.009
ops_per_sec = 5590
p50_us = 8703
p99_us = 77823
p999_us = 196607
p9999_us = 1474559
max_us = 7131746
ops = 1754310
errors = 0
elapsed_s = 300.825
ops_per_sec = 5832
p50_us = 8447
p99_us = 73727
p999_us = 212991
p9999_us = 1835007
max_us = 6187380
ops = 1795749
errors = 2
elapsed_s = 300.009
ops_per_sec = 5986
p50_us = 8447
p99_us = 58367
p999_us = 212991
p9999_us = 1081343
max_us = 1714435
inf-bench: 2 error replies under load
ops = 1769819
errors = 0
elapsed_s = 300.875
ops_per_sec = 5882
p50_us = 8191
p99_us = 77823
p999_us = 311295
p9999_us = 1277951
max_us = 6773406
ops = 1790120
errors = 11
elapsed_s = 300.019
ops_per_sec = 5967
p50_us = 8191
p99_us = 59391
p999_us = 204799
p9999_us = 1507327
max_us = 6564726
inf-bench: 11 error replies under load
ops = 1727751
errors = 2
elapsed_s = 300.012
ops_per_sec = 5759
p50_us = 8703
p99_us = 58367
p999_us = 200703
p9999_us = 1179647
max_us = 1673163
inf-bench: 2 error replies under load
ops = 1508994
errors = 1
elapsed_s = 300.008
ops_per_sec = 5030
p50_us = 9983
p99_us = 61439
p999_us = 294911
p9999_us = 1572863
max_us = 6441485
inf-bench: 1 error replies under load
ops = 1462289
errors = 7
elapsed_s = 300.009
ops_per_sec = 4874
p50_us = 10239
p99_us = 81919
p999_us = 212991
p9999_us = 1802239
max_us = 6125669
inf-bench: 7 error replies under load
ops = 1435365
errors = 0
elapsed_s = 300.009
ops_per_sec = 4784
p50_us = 9983
p99_us = 81919
p999_us = 466943
p9999_us = 3538943
max_us = 6175218
ops = 1479956
errors = 0
elapsed_s = 300.012
ops_per_sec = 4933
p50_us = 10239
p99_us = 83967
p999_us = 225279
p9999_us = 1409023
max_us = 1938889
ops = 1612545
errors = 7
elapsed_s = 300.011
ops_per_sec = 5375
p50_us = 9215
p99_us = 77823
p999_us = 208895
p9999_us = 1310719
max_us = 1948921
inf-bench: 7 error replies under load
ops = 1766109
errors = 1
elapsed_s = 300.010
ops_per_sec = 5887
p50_us = 8191
p99_us = 69631
p999_us = 212991
p9999_us = 1736703
max_us = 5964342
inf-bench: 1 error replies under load
ops = 1776552
errors = 0
elapsed_s = 300.007
ops_per_sec = 5922
p50_us = 8191
p99_us = 57343
p999_us = 229375
p9999_us = 1212415
max_us = 8033633
ops = 1854930
errors = 0
elapsed_s = 300.926
ops_per_sec = 6164
p50_us = 8063
p99_us = 55295
p999_us = 167935
p9999_us = 1376255
max_us = 7899138
ops = 1724323
errors = 0
elapsed_s = 300.015
ops_per_sec = 5747
p50_us = 8703
p99_us = 69631
p999_us = 233471
p9999_us = 1114111
max_us = 1707488
ops = 1459834
errors = 1
elapsed_s = 300.011
ops_per_sec = 4866
p50_us = 10239
p99_us = 83967
p999_us = 217087
p9999_us = 1671167
max_us = 7565443
inf-bench: 1 error replies under load
ops = 1684789
errors = 1
elapsed_s = 300.009
ops_per_sec = 5616
p50_us = 8959
p99_us = 79871
p999_us = 212991
p9999_us = 1114111
max_us = 1640217
inf-bench: 1 error replies under load
ops = 1905343
errors = 0
elapsed_s = 300.008
ops_per_sec = 6351
p50_us = 7935
p99_us = 56319
p999_us = 176127
p9999_us = 1114111
max_us = 1569171
ops = 1829590
errors = 0
elapsed_s = 300.052
ops_per_sec = 6098
p50_us = 8191
p99_us = 61439
p999_us = 188415
p9999_us = 1245183
max_us = 1691122
ops = 1776412
errors = 7
elapsed_s = 300.011
ops_per_sec = 5921
p50_us = 8191
p99_us = 69631
p999_us = 241663
p9999_us = 1671167
max_us = 5753280
inf-bench: 7 error replies under load
ops = 1560866
errors = 0
elapsed_s = 300.009
ops_per_sec = 5203
p50_us = 9215
p99_us = 73727
p999_us = 352255
p9999_us = 3211263
max_us = 5580216
ops = 1773027
errors = 3
elapsed_s = 300.010
ops_per_sec = 5910
p50_us = 8191
p99_us = 63487
p999_us = 212991
p9999_us = 1671167
max_us = 6641494
inf-bench: 3 error replies under load
ops = 1795100
errors = 5
elapsed_s = 300.039
ops_per_sec = 5983
p50_us = 8447
p99_us = 77823
p999_us = 192511
p9999_us = 1212415
max_us = 1891238
inf-bench: 5 error replies under load
ops = 1820604
errors = 3
elapsed_s = 300.023
ops_per_sec = 6068
p50_us = 8191
p99_us = 69631
p999_us = 184319
p9999_us = 1081343
max_us = 1496247
inf-bench: 3 error replies under load
ops = 1734237
errors = 0
elapsed_s = 300.012
ops_per_sec = 5781
p50_us = 8703
p99_us = 60415
p999_us = 217087
p9999_us = 1032191
max_us = 1605079
ops = 1724765
errors = 13
elapsed_s = 300.009
ops_per_sec = 5749
p50_us = 8447
p99_us = 69631
p999_us = 245759
p9999_us = 1474559
max_us = 6903881
inf-bench: 13 error replies under load
ops = 1594989
errors = 0
elapsed_s = 300.049
ops_per_sec = 5316
p50_us = 8959
p99_us = 73727
p999_us = 249855
p9999_us = 3735551
max_us = 7623991
ops = 1719618
errors = 4
elapsed_s = 300.046
ops_per_sec = 5731
p50_us = 8191
p99_us = 56319
p999_us = 225279
p9999_us = 3080191
max_us = 6571016
inf-bench: 4 error replies under load
ops = 1660500
errors = 0
elapsed_s = 300.010
ops_per_sec = 5535
p50_us = 9215
p99_us = 63487
p999_us = 188415
p9999_us = 1179647
max_us = 1740833
ops = 1726052
errors = 1
elapsed_s = 300.013
ops_per_sec = 5753
p50_us = 8447
p99_us = 69631
p999_us = 208895
p9999_us = 1474559
max_us = 5050101
inf-bench: 1 error replies under load
ops = 1781424
errors = 0
elapsed_s = 300.874
ops_per_sec = 5921
p50_us = 8191
p99_us = 64511
p999_us = 217087
p9999_us = 1277951
max_us = 7546723
ops = 1539425
errors = 0
elapsed_s = 300.091
ops_per_sec = 5130
p50_us = 9727
p99_us = 79871
p999_us = 229375
p9999_us = 1671167
max_us = 8159994
ops = 1725662
errors = 0
elapsed_s = 300.008
ops_per_sec = 5752
p50_us = 8703
p99_us = 73727
p999_us = 208895
p9999_us = 1179647
max_us = 2245370
ops = 1717721
errors = 2
elapsed_s = 300.013
ops_per_sec = 5725
p50_us = 8447
p99_us = 62463
p999_us = 278527
p9999_us = 3538943
max_us = 8349003
inf-bench: 2 error replies under load
ops = 1840731
errors = 13
elapsed_s = 300.010
ops_per_sec = 6136
p50_us = 7935
p99_us = 63487
p999_us = 212991
p9999_us = 1507327
max_us = 5719728
inf-bench: 13 error replies under load
ops = 1550046
errors = 0
elapsed_s = 300.013
ops_per_sec = 5167
p50_us = 9471
p99_us = 73727
p999_us = 204799
p9999_us = 1736703
max_us = 7393882
ops = 1381557
errors = 0
elapsed_s = 300.018
ops_per_sec = 4605
p50_us = 10239
p99_us = 88063
p999_us = 368639
p9999_us = 4718591
max_us = 8342918
ops = 1742899
errors = 2
elapsed_s = 300.006
ops_per_sec = 5810
p50_us = 8447
p99_us = 75775
p999_us = 200703
p9999_us = 1212415
max_us = 1839730
inf-bench: 2 error replies under load
ops = 1762072
errors = 2
elapsed_s = 300.087
ops_per_sec = 5872
p50_us = 8447
p99_us = 67583
p999_us = 217087
p9999_us = 1277951
max_us = 6276503
inf-bench: 2 error replies under load
ops = 1728196
errors = 0
elapsed_s = 300.012
ops_per_sec = 5760
p50_us = 8191
p99_us = 56319
p999_us = 172031
p9999_us = 3145727
max_us = 6118338
ops = 1789978
errors = 0
elapsed_s = 300.014
ops_per_sec = 5966
p50_us = 8191
p99_us = 63487
p999_us = 204799
p9999_us = 1409023
max_us = 6075584
ops = 1730121
errors = 6
elapsed_s = 300.538
ops_per_sec = 5757
p50_us = 8191
p99_us = 69631
p999_us = 241663
p9999_us = 3145727
max_us = 6603287
inf-bench: 6 error replies under load
ops = 1846739
errors = 8
elapsed_s = 300.007
ops_per_sec = 6156
p50_us = 8191
p99_us = 65535
p999_us = 184319
p9999_us = 1114111
max_us = 1536045
inf-bench: 8 error replies under load
ops = 1790065
errors = 1
elapsed_s = 300.008
ops_per_sec = 5967
p50_us = 8191
p99_us = 64511
p999_us = 184319
p9999_us = 1671167
max_us = 5571457
inf-bench: 1 error replies under load
ops = 1617927
errors = 5
elapsed_s = 300.008
ops_per_sec = 5393
p50_us = 8703
p99_us = 65535
p999_us = 184319
p9999_us = 3473407
max_us = 8427885
inf-bench: 5 error replies under load
ops = 1575028
errors = 4
elapsed_s = 300.008
ops_per_sec = 5250
p50_us = 8959
p99_us = 67583
p999_us = 319487
p9999_us = 3407871
max_us = 7200343
inf-bench: 4 error replies under load
ops = 1764884
errors = 0
elapsed_s = 300.039
ops_per_sec = 5882
p50_us = 8447
p99_us = 58367
p999_us = 217087
p9999_us = 1343487
max_us = 5571228
ops = 1781603
errors = 8
elapsed_s = 300.009
ops_per_sec = 5938
p50_us = 8191
p99_us = 59391
p999_us = 184319
p9999_us = 1376255
max_us = 6653497
inf-bench: 8 error replies under load
ops = 1761555
errors = 0
elapsed_s = 300.007
ops_per_sec = 5872
p50_us = 8191
p99_us = 65535
p999_us = 233471
p9999_us = 3145727
max_us = 6934659
ops = 1726463
errors = 4
elapsed_s = 300.010
ops_per_sec = 5755
p50_us = 8191
p99_us = 56319
p999_us = 225279
p9999_us = 3145727
max_us = 5967658
inf-bench: 4 error replies under load
ops = 1813313
errors = 0
elapsed_s = 300.010
ops_per_sec = 6044
p50_us = 8447
p99_us = 71679
p999_us = 180223
p9999_us = 1032191
max_us = 1458915
ops = 1842164
errors = 3
elapsed_s = 300.011
ops_per_sec = 6140
p50_us = 8191
p99_us = 55295
p999_us = 200703
p9999_us = 1146879
max_us = 1790315
inf-bench: 3 error replies under load
ops = 1756274
errors = 0
elapsed_s = 300.025
ops_per_sec = 5854
p50_us = 8191
p99_us = 55295
p999_us = 270335
p9999_us = 1671167
max_us = 5611302
ops = 1678797
errors = 7
elapsed_s = 300.010
ops_per_sec = 5596
p50_us = 8703
p99_us = 77823
p999_us = 229375
p9999_us = 1245183
max_us = 1757757
inf-bench: 7 error replies under load
ops = 1545793
errors = 0
elapsed_s = 302.989
ops_per_sec = 5102
p50_us = 9471
p99_us = 67583
p999_us = 352255
p9999_us = 3407871
max_us = 6327270
ops = 1527936
errors = 0
elapsed_s = 300.154
ops_per_sec = 5091
p50_us = 9727
p99_us = 77823
p999_us = 368639
p9999_us = 2097151
max_us = 5211902
ops = 1735647
errors = 2
elapsed_s = 300.009
ops_per_sec = 5785
p50_us = 8191
p99_us = 64511
p999_us = 208895
p9999_us = 3407871
max_us = 6329205
inf-bench: 2 error replies under load
ops = 1738183
errors = 2
elapsed_s = 300.012
ops_per_sec = 5794
p50_us = 8447
p99_us = 57343
p999_us = 286719
p9999_us = 1032191
max_us = 1732480
inf-bench: 2 error replies under load
ops = 1730910
errors = 2
elapsed_s = 300.011
ops_per_sec = 5769
p50_us = 8703
p99_us = 67583
p999_us = 237567
p9999_us = 1114111
max_us = 1502083
inf-bench: 2 error replies under load
ops = 1673900
errors = 3
elapsed_s = 300.012
ops_per_sec = 5579
p50_us = 8447
p99_us = 59391
p999_us = 303103
p9999_us = 3211263
max_us = 6255772
inf-bench: 3 error replies under load
ops = 1527089
errors = 0
elapsed_s = 300.014
ops_per_sec = 5090
p50_us = 9983
p99_us = 75775
p999_us = 225279
p9999_us = 1343487
max_us = 1891012
ops = 1431268
errors = 0
elapsed_s = 300.008
ops_per_sec = 4771
p50_us = 9727
p99_us = 83967
p999_us = 458751
p9999_us = 4128767
max_us = 7502782
ops = 1817484
errors = 0
elapsed_s = 300.013
ops_per_sec = 6058
p50_us = 8191
p99_us = 59391
p999_us = 188415
p9999_us = 1179647
max_us = 1896414
ops = 1584159
errors = 2
elapsed_s = 300.009
ops_per_sec = 5280
p50_us = 9215
p99_us = 73727
p999_us = 319487
p9999_us = 1507327
max_us = 6415698
inf-bench: 2 error replies under load
ops = 1773958
errors = 0
elapsed_s = 300.053
ops_per_sec = 5912
p50_us = 8191
p99_us = 71679
p999_us = 184319
p9999_us = 1638399
max_us = 5021135
ops = 1774045
errors = 0
elapsed_s = 300.012
ops_per_sec = 5913
p50_us = 8191
p99_us = 53247
p999_us = 270335
p9999_us = 1638399
max_us = 5326416
ops = 1712311
errors = 0
elapsed_s = 300.008
ops_per_sec = 5708
p50_us = 8703
p99_us = 77823
p999_us = 200703
p9999_us = 1179647
max_us = 1598134
ops = 1755080
errors = 0
elapsed_s = 301.334
ops_per_sec = 5824
p50_us = 8447
p99_us = 71679
p999_us = 184319
p9999_us = 1277951
max_us = 1988625
ops = 1692925
errors = 0
elapsed_s = 300.013
ops_per_sec = 5643
p50_us = 8447
p99_us = 77823
p999_us = 229375
p9999_us = 1343487
max_us = 6552011
ops = 1825752
errors = 2
elapsed_s = 300.010
ops_per_sec = 6086
p50_us = 8191
p99_us = 71679
p999_us = 172031
p9999_us = 1245183
max_us = 1834636
inf-bench: 2 error replies under load
ops = 1759724
errors = 1
elapsed_s = 300.009
ops_per_sec = 5866
p50_us = 8191
p99_us = 54271
p999_us = 184319
p9999_us = 2818047
max_us = 5723232
inf-bench: 1 error replies under load
ops = 1761232
errors = 2
elapsed_s = 300.006
ops_per_sec = 5871
p50_us = 8447
p99_us = 56319
p999_us = 212991
p9999_us = 1409023
max_us = 5175254
inf-bench: 2 error replies under load
ops = 1569270
errors = 0
elapsed_s = 300.013
ops_per_sec = 5231
p50_us = 9471
p99_us = 75775
p999_us = 294911
p9999_us = 1441791
max_us = 6816399
ops = 1672216
errors = 1
elapsed_s = 300.016
ops_per_sec = 5574
p50_us = 8703
p99_us = 71679
p999_us = 233471
p9999_us = 1605631
max_us = 6002164
inf-bench: 1 error replies under load
ops = 1539664
errors = 2
elapsed_s = 300.009
ops_per_sec = 5132
p50_us = 9471
p99_us = 75775
p999_us = 335871
p9999_us = 1671167
max_us = 6715812
inf-bench: 2 error replies under load
ops = 1494839
errors = 0
elapsed_s = 300.010
ops_per_sec = 4983
p50_us = 10239
p99_us = 77823
p999_us = 217087
p9999_us = 1474559
max_us = 1890680
ops = 1768887
errors = 1
elapsed_s = 300.047
ops_per_sec = 5895
p50_us = 8191
p99_us = 73727
p999_us = 184319
p9999_us = 1441791
max_us = 6336943
inf-bench: 1 error replies under load
ops = 1860369
errors = 4
elapsed_s = 300.012
ops_per_sec = 6201
p50_us = 8063
p99_us = 58367
p999_us = 176127
p9999_us = 1048575
max_us = 1748876
inf-bench: 4 error replies under load
ops = 1810403
errors = 0
elapsed_s = 300.037
ops_per_sec = 6034
p50_us = 8191
p99_us = 71679
p999_us = 192511
p9999_us = 1146879
max_us = 1566084
ops = 1808199
errors = 1
elapsed_s = 300.024
ops_per_sec = 6027
p50_us = 8191
p99_us = 59391
p999_us = 212991
p9999_us = 1081343
max_us = 1524633
inf-bench: 1 error replies under load
ops = 1497773
errors = 2
elapsed_s = 300.086
ops_per_sec = 4991
p50_us = 9727
p99_us = 73727
p999_us = 294911
p9999_us = 3473407
max_us = 6357658
inf-bench: 2 error replies under load
ops = 1485218
errors = 1
elapsed_s = 300.008
ops_per_sec = 4951
p50_us = 10239
p99_us = 79871
p999_us = 249855
p9999_us = 1245183
max_us = 1669583
inf-bench: 1 error replies under load
ops = 1657799
errors = 0
elapsed_s = 300.009
ops_per_sec = 5526
p50_us = 8447
p99_us = 67583
p999_us = 319487
p9999_us = 2818047
max_us = 6221551
ops = 1637539
errors = 0
elapsed_s = 300.077
ops_per_sec = 5457
p50_us = 9471
p99_us = 75775
p999_us = 212991
p9999_us = 1146879
max_us = 1577787
ops = 1434537
errors = 1
elapsed_s = 300.053
ops_per_sec = 4781
p50_us = 10239
p99_us = 75775
p999_us = 335871
p9999_us = 3735551
max_us = 7089154
inf-bench: 1 error replies under load
ops = 1503104
errors = 4
elapsed_s = 300.013
ops_per_sec = 5010
p50_us = 10239
p99_us = 86015
p999_us = 217087
p9999_us = 1343487
max_us = 2032199
inf-bench: 4 error replies under load
ops = 1728238
errors = 0
elapsed_s = 300.089
ops_per_sec = 5759
p50_us = 8447
p99_us = 59391
p999_us = 229375
p9999_us = 1310719
max_us = 6070737
ops = 1796899
errors = 6
elapsed_s = 300.025
ops_per_sec = 5989
p50_us = 8447
p99_us = 57343
p999_us = 217087
p9999_us = 1146879
max_us = 1456379
inf-bench: 6 error replies under load
ops = 1801427
errors = 6
elapsed_s = 300.007
ops_per_sec = 6005
p50_us = 8191
p99_us = 64511
p999_us = 172031
p9999_us = 1507327
max_us = 5057889
inf-bench: 6 error replies under load
ops = 1812055
errors = 5
elapsed_s = 300.017
ops_per_sec = 6040
p50_us = 8191
p99_us = 56319
p999_us = 184319
p9999_us = 1572863
max_us = 6810677
inf-bench: 5 error replies under load
ops = 1820020
errors = 0
elapsed_s = 300.010
ops_per_sec = 6067
p50_us = 8191
p99_us = 60415
p999_us = 196607
p9999_us = 1376255
max_us = 7932239
ops = 1765405
errors = 0
elapsed_s = 300.010
ops_per_sec = 5884
p50_us = 8447
p99_us = 59391
p999_us = 163839
p9999_us = 1605631
max_us = 5159572
ops = 1800000
errors = 0
elapsed_s = 300.067
ops_per_sec = 5999
p50_us = 8447
p99_us = 59391
p999_us = 208895
p9999_us = 1245183
max_us = 2220368
ops = 1744235
errors = 3
elapsed_s = 300.010
ops_per_sec = 5814
p50_us = 8447
p99_us = 58367
p999_us = 237567
p9999_us = 1736703
max_us = 6044245
inf-bench: 3 error replies under load
ops = 1612729
errors = 8
elapsed_s = 300.012
ops_per_sec = 5376
p50_us = 9215
p99_us = 63487
p999_us = 278527
p9999_us = 1146879
max_us = 2028578
inf-bench: 8 error replies under load
ops = 1732957
errors = 0
elapsed_s = 300.271
ops_per_sec = 5771
p50_us = 8191
p99_us = 69631
p999_us = 241663
p9999_us = 3145727
max_us = 5280898
ops = 1858916
errors = 4
elapsed_s = 300.007
ops_per_sec = 6196
p50_us = 8191
p99_us = 67583
p999_us = 172031
p9999_us = 1081343
max_us = 1626376
inf-bench: 4 error replies under load
ops = 1750287
errors = 3
elapsed_s = 300.061
ops_per_sec = 5833
p50_us = 8447
p99_us = 58367
p999_us = 270335
p9999_us = 1802239
max_us = 4393368
inf-bench: 3 error replies under load
ops = 1802327
errors = 0
elapsed_s = 300.008
ops_per_sec = 6008
p50_us = 8191
p99_us = 53247
p999_us = 237567
p9999_us = 1310719
max_us = 6224750
ops = 1707787
errors = 0
elapsed_s = 300.009
ops_per_sec = 5692
p50_us = 8447
p99_us = 71679
p999_us = 237567
p9999_us = 3014655
max_us = 7170106
ops = 1643939
errors = 1
elapsed_s = 300.053
ops_per_sec = 5479
p50_us = 8959
p99_us = 62463
p999_us = 237567
p9999_us = 1671167
max_us = 5877897
inf-bench: 1 error replies under load
ops = 1443895
errors = 0
elapsed_s = 300.010
ops_per_sec = 4813
p50_us = 9983
p99_us = 86015
p999_us = 368639
p9999_us = 3670015
max_us = 5814160
ops = 1789283
errors = 0
elapsed_s = 300.007
ops_per_sec = 5964
p50_us = 8447
p99_us = 60415
p999_us = 172031
p9999_us = 1146879
max_us = 1617583
ops = 1796298
errors = 0
elapsed_s = 300.010
ops_per_sec = 5987
p50_us = 8191
p99_us = 55295
p999_us = 200703
p9999_us = 1671167
max_us = 5647160
ops = 1700858
errors = 0
elapsed_s = 300.012
ops_per_sec = 5669
p50_us = 8703
p99_us = 63487
p999_us = 262143
p9999_us = 1114111
max_us = 1715627
ops = 1504278
errors = 3
elapsed_s = 300.010
ops_per_sec = 5014
p50_us = 10239
p99_us = 86015
p999_us = 327679
p9999_us = 1212415
max_us = 1469009
inf-bench: 3 error replies under load
ops = 1792671
errors = 12
elapsed_s = 300.007
ops_per_sec = 5975
p50_us = 8447
p99_us = 67583
p999_us = 184319
p9999_us = 1048575
max_us = 1605922
inf-bench: 12 error replies under load
ops = 1725657
errors = 3
elapsed_s = 300.009
ops_per_sec = 5752
p50_us = 8191
p99_us = 59391
p999_us = 212991
p9999_us = 3211263
max_us = 7019852
inf-bench: 3 error replies under load
ops = 1754709
errors = 0
elapsed_s = 300.012
ops_per_sec = 5849
p50_us = 8447
p99_us = 67583
p999_us = 233471
p9999_us = 1081343
max_us = 1760028
ops = 1510027
errors = 0
elapsed_s = 300.008
ops_per_sec = 5033
p50_us = 9983
p99_us = 88063
p999_us = 344063
p9999_us = 1114111
max_us = 1511518
ops = 1764884
errors = 0
elapsed_s = 300.009
ops_per_sec = 5883
p50_us = 8447
p99_us = 75775
p999_us = 188415
p9999_us = 1114111
max_us = 1501312
ops = 1524961
errors = 0
elapsed_s = 300.048
ops_per_sec = 5082
p50_us = 9983
p99_us = 77823
p999_us = 262143
p9999_us = 1179647
max_us = 1507967
ops = 1495031
errors = 0
elapsed_s = 300.013
ops_per_sec = 4983
p50_us = 10239
p99_us = 81919
p999_us = 286719
p9999_us = 1277951
max_us = 1869445
ops = 1505852
errors = 0
elapsed_s = 300.014
ops_per_sec = 5019
p50_us = 10239
p99_us = 81919
p999_us = 294911
p9999_us = 1245183
max_us = 1913640
ops = 1789150
errors = 1
elapsed_s = 300.010
ops_per_sec = 5964
p50_us = 8447
p99_us = 63487
p999_us = 200703
p9999_us = 1081343
max_us = 1699530
inf-bench: 1 error replies under load
ops = 1829510
errors = 0
elapsed_s = 300.009
ops_per_sec = 6098
p50_us = 8063
p99_us = 56319
p999_us = 172031
p9999_us = 1441791
max_us = 6239950
ops = 1751120
errors = 3
elapsed_s = 300.009
ops_per_sec = 5837
p50_us = 8447
p99_us = 64511
p999_us = 262143
p9999_us = 1572863
max_us = 6248155
inf-bench: 3 error replies under load
ops = 1796799
errors = 0
elapsed_s = 300.010
ops_per_sec = 5989
p50_us = 8447
p99_us = 64511
p999_us = 200703
p9999_us = 999423
max_us = 1578319
ops = 1803398
errors = 0
elapsed_s = 300.009
ops_per_sec = 6011
p50_us = 8447
p99_us = 60415
p999_us = 208895
p9999_us = 901119
max_us = 1674193
ops = 1747665
errors = 0
elapsed_s = 300.007
ops_per_sec = 5825
p50_us = 8447
p99_us = 57343
p999_us = 253951
p9999_us = 1507327
max_us = 5303187
ops = 1818572
errors = 0
elapsed_s = 300.009
ops_per_sec = 6062
p50_us = 8447
p99_us = 71679
p999_us = 184319
p9999_us = 966655
max_us = 1453399
ops = 1544983
errors = 3
elapsed_s = 300.166
ops_per_sec = 5147
p50_us = 9983
p99_us = 83967
p999_us = 311295
p9999_us = 1146879
max_us = 1704948
inf-bench: 3 error replies under load
ops = 1508155
errors = 5
elapsed_s = 300.011
ops_per_sec = 5027
p50_us = 9983
p99_us = 86015
p999_us = 311295
p9999_us = 1081343
max_us = 1650168
inf-bench: 5 error replies under load
ops = 1821414
errors = 0
elapsed_s = 300.009
ops_per_sec = 6071
p50_us = 8191
p99_us = 59391
p999_us = 212991
p9999_us = 983039
max_us = 1755651
ops = 1560516
errors = 5
elapsed_s = 300.011
ops_per_sec = 5202
p50_us = 9983
p99_us = 79871
p999_us = 311295
p9999_us = 1015807
max_us = 1457453
inf-bench: 5 error replies under load
ops = 1730646
errors = 0
elapsed_s = 300.009
ops_per_sec = 5769
p50_us = 8447
p99_us = 75775
p999_us = 241663
p9999_us = 1146879
max_us = 6005470
ops = 1814197
errors = 6
elapsed_s = 300.009
ops_per_sec = 6047
p50_us = 8447
p99_us = 69631
p999_us = 176127
p9999_us = 933887
max_us = 1573672
inf-bench: 6 error replies under load
ops = 1776571
errors = 0
elapsed_s = 300.010
ops_per_sec = 5922
p50_us = 8447
p99_us = 64511
p999_us = 225279
p9999_us = 1245183
max_us = 5321627
ops = 1753399
errors = 11
elapsed_s = 300.009
ops_per_sec = 5844
p50_us = 8447
p99_us = 54271
p999_us = 249855
p9999_us = 1376255
max_us = 6694818
inf-bench: 11 error replies under load
ops = 1816384
errors = 7
elapsed_s = 300.008
ops_per_sec = 6054
p50_us = 8447
p99_us = 69631
p999_us = 155647
p9999_us = 1048575
max_us = 2234496
inf-bench: 7 error replies under load
ops = 1798018
errors = 0
elapsed_s = 300.030
ops_per_sec = 5993
p50_us = 8191
p99_us = 58367
p999_us = 204799
p9999_us = 1605631
max_us = 5002755
ops = 1800473
errors = 1
elapsed_s = 300.010
ops_per_sec = 6001
p50_us = 8447
p99_us = 59391
p999_us = 229375
p9999_us = 1015807
max_us = 1498688
inf-bench: 1 error replies under load
ops = 1810056
errors = 2
elapsed_s = 300.008
ops_per_sec = 6033
p50_us = 8191
p99_us = 60415
p999_us = 188415
p9999_us = 1605631
max_us = 6162851
inf-bench: 2 error replies under load
ops = 1835257
errors = 0
elapsed_s = 300.010
ops_per_sec = 6117
p50_us = 8191
p99_us = 71679
p999_us = 159743
p9999_us = 1146879
max_us = 1668578
ops = 1516620
errors = 2
elapsed_s = 300.036
ops_per_sec = 5055
p50_us = 10239
p99_us = 81919
p999_us = 249855
p9999_us = 1310719
max_us = 1648866
inf-bench: 2 error replies under load
ops = 1659836
errors = 0
elapsed_s = 300.008
ops_per_sec = 5533
p50_us = 9215
p99_us = 79871
p999_us = 262143
p9999_us = 933887
max_us = 1343660
ops = 1816591
errors = 0
elapsed_s = 300.122
ops_per_sec = 6053
p50_us = 8191
p99_us = 55295
p999_us = 233471
p9999_us = 1114111
max_us = 1828404
ops = 1637292
errors = 0
elapsed_s = 300.010
ops_per_sec = 5457
p50_us = 8959
p99_us = 71679
p999_us = 286719
p9999_us = 1343487
max_us = 8074522
ops = 1804568
errors = 0
elapsed_s = 300.010
ops_per_sec = 6015
p50_us = 8447
p99_us = 59391
p999_us = 204799
p9999_us = 983039
max_us = 1498638
ops = 1863781
errors = 2
elapsed_s = 300.007
ops_per_sec = 6212
p50_us = 8063
p99_us = 61439
p999_us = 184319
p9999_us = 950271
max_us = 1561781
inf-bench: 2 error replies under load
ops = 1810812
errors = 11
elapsed_s = 300.121
ops_per_sec = 6034
p50_us = 8447
p99_us = 60415
p999_us = 184319
p9999_us = 1114111
max_us = 1699792
inf-bench: 11 error replies under load
ops = 1799927
errors = 9
elapsed_s = 300.011
ops_per_sec = 6000
p50_us = 8447
p99_us = 71679
p999_us = 167935
p9999_us = 1114111
max_us = 1929538
inf-bench: 9 error replies under load
ops = 1503235
errors = 0
elapsed_s = 300.055
ops_per_sec = 5010
p50_us = 10239
p99_us = 88063
p999_us = 237567
p9999_us = 983039
max_us = 1607062
ops = 1373325
errors = 3
elapsed_s = 300.071
ops_per_sec = 4577
p50_us = 10239
p99_us = 81919
p999_us = 409599
p9999_us = 6029311
max_us = 15700201
inf-bench: 3 error replies under load
ops = 1454846
errors = 0
elapsed_s = 300.012
ops_per_sec = 4849
p50_us = 10239
p99_us = 83967
p999_us = 344063
p9999_us = 1277951
max_us = 7845259
ops = 1325041
errors = 0
elapsed_s = 300.011
ops_per_sec = 4417
p50_us = 9983
p99_us = 79871
p999_us = 557055
p9999_us = 6815743
max_us = 11405965
ops = 1784706
errors = 0
elapsed_s = 300.008
ops_per_sec = 5949
p50_us = 8447
p99_us = 60415
p999_us = 225279
p9999_us = 1081343
max_us = 1865635
ops = 1675154
errors = 0
elapsed_s = 300.012
ops_per_sec = 5584
p50_us = 8447
p99_us = 67583
p999_us = 286719
p9999_us = 3211263
max_us = 7142188
ops = 1325805
errors = 0
elapsed_s = 302.358
ops_per_sec = 4385
p50_us = 9983
p99_us = 86015
p999_us = 450559
p9999_us = 7733247
max_us = 13700859
inf-bench: server closed connection under load
