ops = 164510253
errors = 0
elapsed_s = 300.000
ops_per_sec = 548367
p50_us = 183
p99_us = 863
p999_us = 6399
p9999_us = 10239
max_us = 414450
ops = 153616671
errors = 0
elapsed_s = 300.000
ops_per_sec = 512055
p50_us = 227
p99_us = 911
p999_us = 6655
p9999_us = 10239
max_us = 374426
ops = 159060174
errors = 0
elapsed_s = 300.000
ops_per_sec = 530200
p50_us = 195
p99_us = 895
p999_us = 6143
p9999_us = 9983
max_us = 354572
ops = 162593387
errors = 0
elapsed_s = 300.006
ops_per_sec = 541968
p50_us = 187
p99_us = 879
p999_us = 6271
p9999_us = 10495
max_us = 302696
ops = 160101636
errors = 0
elapsed_s = 300.000
ops_per_sec = 533671
p50_us = 195
p99_us = 879
p999_us = 6399
p9999_us = 10495
max_us = 431502
ops = 168663600
errors = 0
elapsed_s = 300.000
ops_per_sec = 562211
p50_us = 183
p99_us = 863
p999_us = 6015
p9999_us = 10239
max_us = 186922
ops = 174016853
errors = 0
elapsed_s = 300.001
ops_per_sec = 580055
p50_us = 175
p99_us = 847
p999_us = 6015
p9999_us = 9983
max_us = 300785
ops = 168278524
errors = 0
elapsed_s = 300.000
ops_per_sec = 560928
p50_us = 183
p99_us = 847
p999_us = 6143
p9999_us = 10239
max_us = 194143
ops = 161695654
errors = 0
elapsed_s = 300.005
ops_per_sec = 538977
p50_us = 195
p99_us = 879
p999_us = 6271
p9999_us = 10239
max_us = 164776
ops = 170299321
errors = 0
elapsed_s = 300.000
ops_per_sec = 567664
p50_us = 179
p99_us = 863
p999_us = 6015
p9999_us = 10239
max_us = 116416
ops = 160913263
errors = 0
elapsed_s = 300.000
ops_per_sec = 536377
p50_us = 195
p99_us = 879
p999_us = 6527
p9999_us = 10239
max_us = 162158
ops = 169661828
errors = 0
elapsed_s = 300.000
ops_per_sec = 565539
p50_us = 179
p99_us = 847
p999_us = 6143
p9999_us = 10239
max_us = 126503
ops = 172548540
errors = 0
elapsed_s = 300.000
ops_per_sec = 575161
p50_us = 179
p99_us = 847
p999_us = 6015
p9999_us = 9983
max_us = 139007
ops = 171708257
errors = 0
elapsed_s = 300.000
ops_per_sec = 572360
p50_us = 175
p99_us = 847
p999_us = 6015
p9999_us = 9983
max_us = 339880
ops = 159561799
errors = 0
elapsed_s = 300.001
ops_per_sec = 531872
p50_us = 195
p99_us = 911
p999_us = 6143
p9999_us = 10239
max_us = 115307
ops = 158713043
errors = 0
elapsed_s = 300.000
ops_per_sec = 529043
p50_us = 187
p99_us = 895
p999_us = 6271
p9999_us = 11263
max_us = 408435
ops = 159372722
errors = 0
elapsed_s = 300.001
ops_per_sec = 531241
p50_us = 191
p99_us = 895
p999_us = 6527
p9999_us = 10495
max_us = 336499
ops = 176030219
errors = 0
elapsed_s = 300.000
ops_per_sec = 586767
p50_us = 171
p99_us = 847
p999_us = 5887
p9999_us = 9983
max_us = 92312
ops = 158995493
errors = 0
elapsed_s = 300.000
ops_per_sec = 529984
p50_us = 195
p99_us = 895
p999_us = 6143
p9999_us = 9983
max_us = 294332
ops = 162883311
errors = 0
elapsed_s = 300.000
ops_per_sec = 542944
p50_us = 199
p99_us = 895
p999_us = 6271
p9999_us = 10239
max_us = 215826
ops = 167261014
errors = 0
elapsed_s = 300.000
ops_per_sec = 557536
p50_us = 179
p99_us = 863
p999_us = 6271
p9999_us = 10239
max_us = 310036
ops = 162379373
errors = 0
elapsed_s = 300.003
ops_per_sec = 541259
p50_us = 195
p99_us = 879
p999_us = 6143
p9999_us = 10239
max_us = 141604
ops = 163876837
errors = 0
elapsed_s = 300.000
ops_per_sec = 546255
p50_us = 187
p99_us = 895
p999_us = 6143
p9999_us = 10495
max_us = 229873
ops = 170663636
errors = 0
elapsed_s = 300.000
ops_per_sec = 568878
p50_us = 183
p99_us = 847
p999_us = 6015
p9999_us = 9983
max_us = 219081
ops = 176885863
errors = 0
elapsed_s = 300.000
ops_per_sec = 589619
p50_us = 171
p99_us = 847
p999_us = 5887
p9999_us = 9727
max_us = 347927
ops = 168339614
errors = 0
elapsed_s = 300.000
ops_per_sec = 561131
p50_us = 179
p99_us = 863
p999_us = 6015
p9999_us = 10239
max_us = 200068
ops = 170533816
errors = 0
elapsed_s = 300.000
ops_per_sec = 568445
p50_us = 179
p99_us = 863
p999_us = 5887
p9999_us = 9983
max_us = 124650
ops = 174795986
errors = 0
elapsed_s = 300.002
ops_per_sec = 582650
p50_us = 175
p99_us = 847
p999_us = 6015
p9999_us = 10239
max_us = 423281
ops = 171054123
errors = 0
elapsed_s = 300.000
ops_per_sec = 570180
p50_us = 183
p99_us = 863
p999_us = 6015
p9999_us = 9983
max_us = 177288
ops = 146884186
errors = 0
elapsed_s = 300.035
ops_per_sec = 489557
p50_us = 227
p99_us = 959
p999_us = 6911
p9999_us = 10495
max_us = 123642
ops = 160373343
errors = 0
elapsed_s = 300.000
ops_per_sec = 534577
p50_us = 191
p99_us = 895
p999_us = 6399
p9999_us = 10495
max_us = 258556
ops = 166950352
errors = 0
elapsed_s = 300.001
ops_per_sec = 556500
p50_us = 183
p99_us = 879
p999_us = 6015
p9999_us = 9983
max_us = 156124
ops = 171679114
errors = 0
elapsed_s = 300.000
ops_per_sec = 572263
p50_us = 175
p99_us = 847
p999_us = 6015
p9999_us = 9983
max_us = 296087
ops = 177587130
errors = 0
elapsed_s = 300.001
ops_per_sec = 591956
p50_us = 171
p99_us = 831
p999_us = 5887
p9999_us = 9983
max_us = 304517
ops = 152893258
errors = 0
elapsed_s = 300.001
ops_per_sec = 509643
p50_us = 199
p99_us = 943
p999_us = 6527
p9999_us = 11007
max_us = 154270
ops = 169142794
errors = 0
elapsed_s = 300.000
ops_per_sec = 563809
p50_us = 187
p99_us = 863
p999_us = 6271
p9999_us = 9983
max_us = 588214
ops = 167222457
errors = 0
elapsed_s = 300.000
ops_per_sec = 557408
p50_us = 183
p99_us = 863
p999_us = 6271
p9999_us = 10239
max_us = 194589
ops = 170472239
errors = 0
elapsed_s = 300.000
ops_per_sec = 568240
p50_us = 179
p99_us = 863
p999_us = 6143
p9999_us = 10495
max_us = 133285
ops = 166352078
errors = 0
elapsed_s = 300.003
ops_per_sec = 554501
p50_us = 183
p99_us = 895
p999_us = 6015
p9999_us = 10239
max_us = 168156
ops = 176837116
errors = 0
elapsed_s = 300.000
ops_per_sec = 589456
p50_us = 171
p99_us = 831
p999_us = 6015
p9999_us = 10239
max_us = 364222
ops = 158737948
errors = 0
elapsed_s = 300.000
ops_per_sec = 529126
p50_us = 199
p99_us = 895
p999_us = 6399
p9999_us = 10239
max_us = 99318
ops = 173597680
errors = 0
elapsed_s = 300.000
ops_per_sec = 578658
p50_us = 175
p99_us = 831
p999_us = 6143
p9999_us = 10239
max_us = 232841
ops = 165977268
errors = 0
elapsed_s = 300.000
ops_per_sec = 553257
p50_us = 187
p99_us = 879
p999_us = 6143
p9999_us = 9983
max_us = 131924
ops = 167784233
errors = 0
elapsed_s = 300.000
ops_per_sec = 559280
p50_us = 183
p99_us = 863
p999_us = 6399
p9999_us = 10495
max_us = 182481
ops = 156177734
errors = 0
elapsed_s = 300.000
ops_per_sec = 520592
p50_us = 199
p99_us = 927
p999_us = 6015
p9999_us = 9983
max_us = 118429
ops = 163953673
errors = 0
elapsed_s = 300.000
ops_per_sec = 546512
p50_us = 191
p99_us = 879
p999_us = 6143
p9999_us = 10239
max_us = 116554
ops = 153396245
errors = 0
elapsed_s = 300.008
ops_per_sec = 511308
p50_us = 203
p99_us = 927
p999_us = 6399
p9999_us = 10495
max_us = 146144
ops = 170476161
errors = 0
elapsed_s = 300.001
ops_per_sec = 568253
p50_us = 179
p99_us = 863
p999_us = 6015
p9999_us = 10239
max_us = 304640
ops = 166048708
errors = 0
elapsed_s = 300.000
ops_per_sec = 553495
p50_us = 183
p99_us = 879
p999_us = 6271
p9999_us = 10239
max_us = 172990
ops = 157929857
errors = 0
elapsed_s = 300.000
ops_per_sec = 526432
p50_us = 199
p99_us = 911
p999_us = 6399
p9999_us = 10239
max_us = 218291
ops = 172930693
errors = 0
elapsed_s = 300.021
ops_per_sec = 576396
p50_us = 175
p99_us = 847
p999_us = 6015
p9999_us = 9983
max_us = 93783
ops = 166205196
errors = 0
elapsed_s = 300.000
ops_per_sec = 554017
p50_us = 183
p99_us = 879
p999_us = 6143
p9999_us = 10239
max_us = 278586
ops = 172551648
errors = 0
elapsed_s = 300.000
ops_per_sec = 575171
p50_us = 171
p99_us = 831
p999_us = 5887
p9999_us = 11263
max_us = 429552
ops = 163575852
errors = 0
elapsed_s = 300.000
ops_per_sec = 545252
p50_us = 191
p99_us = 895
p999_us = 6399
p9999_us = 10239
max_us = 214331
ops = 166446849
errors = 0
elapsed_s = 300.000
ops_per_sec = 554822
p50_us = 183
p99_us = 879
p999_us = 6143
p9999_us = 10239
max_us = 470723
ops = 159271490
errors = 0
elapsed_s = 300.000
ops_per_sec = 530904
p50_us = 199
p99_us = 895
p999_us = 6271
p9999_us = 10239
max_us = 151928
ops = 164828244
errors = 0
elapsed_s = 300.000
ops_per_sec = 549427
p50_us = 187
p99_us = 879
p999_us = 5887
p9999_us = 9983
max_us = 357308
ops = 172054099
errors = 0
elapsed_s = 300.000
ops_per_sec = 573513
p50_us = 175
p99_us = 847
p999_us = 6015
p9999_us = 10239
max_us = 616986
ops = 163353360
errors = 0
elapsed_s = 300.000
ops_per_sec = 544510
p50_us = 187
p99_us = 879
p999_us = 6143
p9999_us = 10239
max_us = 151492
ops = 158085598
errors = 0
elapsed_s = 300.000
ops_per_sec = 526951
p50_us = 195
p99_us = 895
p999_us = 6143
p9999_us = 10239
max_us = 228396
ops = 168563713
errors = 0
elapsed_s = 300.000
ops_per_sec = 561878
p50_us = 179
p99_us = 847
p999_us = 6271
p9999_us = 10751
max_us = 401200
ops = 172758699
errors = 0
elapsed_s = 300.000
ops_per_sec = 575861
p50_us = 175
p99_us = 831
p999_us = 6015
p9999_us = 10495
max_us = 447488
ops = 166506105
errors = 0
elapsed_s = 300.000
ops_per_sec = 555020
p50_us = 183
p99_us = 879
p999_us = 6143
p9999_us = 10751
max_us = 372280
ops = 150770404
errors = 0
elapsed_s = 300.000
ops_per_sec = 502567
p50_us = 211
p99_us = 943
p999_us = 6271
p9999_us = 10239
max_us = 145885
ops = 159058484
errors = 0
elapsed_s = 300.002
ops_per_sec = 530191
p50_us = 195
p99_us = 911
p999_us = 6143
p9999_us = 9983
max_us = 146470
ops = 166666762
errors = 0
elapsed_s = 300.001
ops_per_sec = 555555
p50_us = 183
p99_us = 879
p999_us = 6015
p9999_us = 10239
max_us = 194882
ops = 155672677
errors = 0
elapsed_s = 300.000
ops_per_sec = 518908
p50_us = 195
p99_us = 927
p999_us = 6271
p9999_us = 10495
max_us = 533849
ops = 169693384
errors = 0
elapsed_s = 300.000
ops_per_sec = 565644
p50_us = 179
p99_us = 863
p999_us = 6143
p9999_us = 10239
max_us = 125008
ops = 174993730
errors = 0
elapsed_s = 300.000
ops_per_sec = 583312
p50_us = 175
p99_us = 831
p999_us = 6143
p9999_us = 10495
max_us = 240053
ops = 163104711
errors = 0
elapsed_s = 300.000
ops_per_sec = 543682
p50_us = 191
p99_us = 879
p999_us = 6527
p9999_us = 10495
max_us = 507366
ops = 166605720
errors = 0
elapsed_s = 300.000
ops_per_sec = 555352
p50_us = 183
p99_us = 879
p999_us = 6015
p9999_us = 10239
max_us = 401434
ops = 166963335
errors = 0
elapsed_s = 300.001
ops_per_sec = 556543
p50_us = 183
p99_us = 879
p999_us = 6143
p9999_us = 10239
max_us = 148541
ops = 168399401
errors = 0
elapsed_s = 300.001
ops_per_sec = 561330
p50_us = 183
p99_us = 879
p999_us = 6015
p9999_us = 10239
max_us = 362038
ops = 165059854
errors = 0
elapsed_s = 300.000
ops_per_sec = 550199
p50_us = 183
p99_us = 879
p999_us = 6143
p9999_us = 10239
max_us = 558627
ops = 154141642
errors = 0
elapsed_s = 300.000
ops_per_sec = 513805
p50_us = 195
p99_us = 943
p999_us = 6015
p9999_us = 11007
max_us = 361269
ops = 154740843
errors = 0
elapsed_s = 300.001
ops_per_sec = 515801
p50_us = 199
p99_us = 927
p999_us = 6143
p9999_us = 10495
max_us = 455656
ops = 167920476
errors = 0
elapsed_s = 300.000
ops_per_sec = 559734
p50_us = 179
p99_us = 895
p999_us = 6271
p9999_us = 11519
max_us = 338691
ops = 159126692
errors = 0
elapsed_s = 300.000
ops_per_sec = 530422
p50_us = 191
p99_us = 943
p999_us = 6399
p9999_us = 11263
max_us = 234052
ops = 160298139
errors = 0
elapsed_s = 300.000
ops_per_sec = 534326
p50_us = 187
p99_us = 879
p999_us = 6399
p9999_us = 11519
max_us = 377987
ops = 172655973
errors = 0
elapsed_s = 300.000
ops_per_sec = 575519
p50_us = 175
p99_us = 847
p999_us = 6143
p9999_us = 10751
max_us = 182148
ops = 176159856
errors = 0
elapsed_s = 300.000
ops_per_sec = 587199
p50_us = 167
p99_us = 831
p999_us = 6143
p9999_us = 10751
max_us = 443942
ops = 170980059
errors = 0
elapsed_s = 300.007
ops_per_sec = 569921
p50_us = 175
p99_us = 847
p999_us = 6143
p9999_us = 10495
max_us = 319086
ops = 157137055
errors = 0
elapsed_s = 300.000
ops_per_sec = 523790
p50_us = 191
p99_us = 895
p999_us = 6527
p9999_us = 11519
max_us = 358002
ops = 154728728
errors = 0
elapsed_s = 300.000
ops_per_sec = 515762
p50_us = 199
p99_us = 959
p999_us = 6271
p9999_us = 10751
max_us = 129493
ops = 154765916
errors = 0
elapsed_s = 300.016
ops_per_sec = 515859
p50_us = 199
p99_us = 959
p999_us = 6527
p9999_us = 10751
max_us = 568025
ops = 162756057
errors = 0
elapsed_s = 300.001
ops_per_sec = 542519
p50_us = 187
p99_us = 895
p999_us = 6271
p9999_us = 11263
max_us = 546357
ops = 168555348
errors = 0
elapsed_s = 300.000
ops_per_sec = 561851
p50_us = 179
p99_us = 879
p999_us = 6143
p9999_us = 10751
max_us = 110390
ops = 174950429
errors = 0
elapsed_s = 300.000
ops_per_sec = 583167
p50_us = 171
p99_us = 847
p999_us = 6015
p9999_us = 10495
max_us = 468197
ops = 173380516
errors = 0
elapsed_s = 300.000
ops_per_sec = 577934
p50_us = 175
p99_us = 863
p999_us = 6143
p9999_us = 10495
max_us = 131054
ops = 160198782
errors = 0
elapsed_s = 300.000
ops_per_sec = 533995
p50_us = 191
p99_us = 911
p999_us = 6399
p9999_us = 11007
max_us = 353123
ops = 160730709
errors = 0
elapsed_s = 300.000
ops_per_sec = 535768
p50_us = 195
p99_us = 927
p999_us = 6143
p9999_us = 10751
max_us = 513018
ops = 152854686
errors = 0
elapsed_s = 300.000
ops_per_sec = 509515
p50_us = 199
p99_us = 927
p999_us = 6783
p9999_us = 12799
max_us = 590365
ops = 170908475
errors = 0
elapsed_s = 300.001
ops_per_sec = 569694
p50_us = 179
p99_us = 863
p999_us = 6143
p9999_us = 10495
max_us = 291286
ops = 161476975
errors = 0
elapsed_s = 300.011
ops_per_sec = 538238
p50_us = 183
p99_us = 911
p999_us = 6399
p9999_us = 12031
max_us = 490523
ops = 156030195
errors = 0
elapsed_s = 300.000
ops_per_sec = 520100
p50_us = 195
p99_us = 927
p999_us = 6399
p9999_us = 11775
max_us = 399417
ops = 147817857
errors = 0
elapsed_s = 300.000
ops_per_sec = 492726
p50_us = 207
p99_us = 959
p999_us = 6911
p9999_us = 11775
max_us = 362317
ops = 159320587
errors = 0
elapsed_s = 300.000
ops_per_sec = 531068
p50_us = 191
p99_us = 895
p999_us = 6143
p9999_us = 11519
max_us = 713377
ops = 156429823
errors = 0
elapsed_s = 300.000
ops_per_sec = 521432
p50_us = 191
p99_us = 927
p999_us = 6271
p9999_us = 12031
max_us = 928444
ops = 162882383
errors = 0
elapsed_s = 300.000
ops_per_sec = 542941
p50_us = 179
p99_us = 879
p999_us = 6271
p9999_us = 13311
max_us = 762391
ops = 167681475
errors = 0
elapsed_s = 300.000
ops_per_sec = 558937
p50_us = 171
p99_us = 863
p999_us = 6143
p9999_us = 12543
max_us = 812301
ops = 164277545
errors = 0
elapsed_s = 300.000
ops_per_sec = 547591
p50_us = 179
p99_us = 879
p999_us = 6015
p9999_us = 12287
max_us = 580295
ops = 170314403
errors = 0
elapsed_s = 300.001
ops_per_sec = 567714
p50_us = 175
p99_us = 863
p999_us = 6143
p9999_us = 11263
max_us = 641568
ops = 164756000
errors = 0
elapsed_s = 300.000
ops_per_sec = 549186
p50_us = 179
p99_us = 895
p999_us = 6143
p9999_us = 11263
max_us = 543785
ops = 166107736
errors = 0
elapsed_s = 300.000
ops_per_sec = 553692
p50_us = 179
p99_us = 879
p999_us = 6143
p9999_us = 13567
max_us = 709790
ops = 167140075
errors = 0
elapsed_s = 300.007
ops_per_sec = 557121
p50_us = 179
p99_us = 879
p999_us = 6143
p9999_us = 11263
max_us = 499915
ops = 170394682
errors = 0
elapsed_s = 300.000
ops_per_sec = 567982
p50_us = 171
p99_us = 863
p999_us = 6143
p9999_us = 11775
max_us = 758565
ops = 164332037
errors = 0
elapsed_s = 300.000
ops_per_sec = 547773
p50_us = 183
p99_us = 911
p999_us = 6143
p9999_us = 10751
max_us = 320950
ops = 169417810
errors = 0
elapsed_s = 300.000
ops_per_sec = 564725
p50_us = 183
p99_us = 879
p999_us = 6399
p9999_us = 11007
max_us = 145620
ops = 156231783
errors = 0
elapsed_s = 300.000
ops_per_sec = 520772
p50_us = 195
p99_us = 959
p999_us = 6271
p9999_us = 11007
max_us = 404269
ops = 162676820
errors = 0
elapsed_s = 300.000
ops_per_sec = 542255
p50_us = 187
p99_us = 895
p999_us = 6271
p9999_us = 10751
max_us = 605030
ops = 168259738
errors = 0
elapsed_s = 300.000
ops_per_sec = 560865
p50_us = 179
p99_us = 895
p999_us = 6143
p9999_us = 10495
max_us = 122456
ops = 163527859
errors = 0
elapsed_s = 300.000
ops_per_sec = 545092
p50_us = 175
p99_us = 847
p999_us = 6015
p9999_us = 15615
max_us = 831225
ops = 159570368
errors = 0
elapsed_s = 300.000
ops_per_sec = 531901
p50_us = 187
p99_us = 927
p999_us = 6399
p9999_us = 11263
max_us = 486504
ops = 156715511
errors = 0
elapsed_s = 300.002
ops_per_sec = 522382
p50_us = 191
p99_us = 911
p999_us = 6271
p9999_us = 11519
max_us = 623283
ops = 162817430
errors = 0
elapsed_s = 300.001
ops_per_sec = 542723
p50_us = 183
p99_us = 927
p999_us = 6143
p9999_us = 12031
max_us = 647884
ops = 167644990
errors = 0
elapsed_s = 300.000
ops_per_sec = 558816
p50_us = 179
p99_us = 895
p999_us = 6271
p9999_us = 11263
max_us = 450979
ops = 168036813
errors = 0
elapsed_s = 300.000
ops_per_sec = 560122
p50_us = 175
p99_us = 863
p999_us = 6271
p9999_us = 11775
max_us = 783953
ops = 158648103
errors = 0
elapsed_s = 300.000
ops_per_sec = 528826
p50_us = 195
p99_us = 927
p999_us = 6527
p9999_us = 11519
max_us = 335357
ops = 161671220
errors = 0
elapsed_s = 300.000
ops_per_sec = 538903
p50_us = 191
p99_us = 895
p999_us = 6271
p9999_us = 10751
max_us = 608693
ops = 164490268
errors = 0
elapsed_s = 300.000
ops_per_sec = 548300
p50_us = 183
p99_us = 879
p999_us = 6527
p9999_us = 11263
max_us = 415389
ops = 169896893
errors = 0
elapsed_s = 300.000
ops_per_sec = 566322
p50_us = 179
p99_us = 879
p999_us = 6143
p9999_us = 10495
max_us = 277381
ops = 167644754
errors = 0
elapsed_s = 300.001
ops_per_sec = 558814
p50_us = 175
p99_us = 863
p999_us = 6015
p9999_us = 13567
max_us = 946270
ops = 171743807
errors = 0
elapsed_s = 300.000
ops_per_sec = 572479
p50_us = 171
p99_us = 847
p999_us = 6143
p9999_us = 12543
max_us = 708605
ops = 163388116
errors = 0
elapsed_s = 300.136
ops_per_sec = 544380
p50_us = 183
p99_us = 879
p999_us = 6271
p9999_us = 12543
max_us = 680376
ops = 163107415
errors = 0
elapsed_s = 300.000
ops_per_sec = 543691
p50_us = 183
p99_us = 863
p999_us = 6399
p9999_us = 12031
max_us = 650419
ops = 156036079
errors = 0
elapsed_s = 300.000
ops_per_sec = 520120
p50_us = 175
p99_us = 863
p999_us = 6527
p9999_us = 24575
max_us = 727861
ops = 151226814
errors = 0
elapsed_s = 300.000
ops_per_sec = 504089
p50_us = 211
p99_us = 927
p999_us = 6655
p9999_us = 11263
max_us = 760345
ops = 164856079
errors = 0
elapsed_s = 300.000
ops_per_sec = 549520
p50_us = 183
p99_us = 895
p999_us = 6271
p9999_us = 10751
max_us = 380141
ops = 170661028
errors = 0
elapsed_s = 300.001
ops_per_sec = 568869
p50_us = 179
p99_us = 863
p999_us = 6143
p9999_us = 10239
max_us = 201353
ops = 160925076
errors = 0
elapsed_s = 300.002
ops_per_sec = 536413
p50_us = 187
p99_us = 911
p999_us = 6015
p9999_us = 10495
max_us = 648955
ops = 165320527
errors = 0
elapsed_s = 300.001
ops_per_sec = 551067
p50_us = 183
p99_us = 879
p999_us = 6399
p9999_us = 11263
max_us = 296012
ops = 164108903
errors = 0
elapsed_s = 300.000
ops_per_sec = 547029
p50_us = 187
p99_us = 911
p999_us = 6271
p9999_us = 11007
max_us = 147467
ops = 174005555
errors = 0
elapsed_s = 300.000
ops_per_sec = 580018
p50_us = 171
p99_us = 847
p999_us = 6271
p9999_us = 11007
max_us = 322975
ops = 167038894
errors = 0
elapsed_s = 300.000
ops_per_sec = 556796
p50_us = 183
p99_us = 863
p999_us = 6399
p9999_us = 11263
max_us = 292649
ops = 166772035
errors = 0
elapsed_s = 300.000
ops_per_sec = 555906
p50_us = 179
p99_us = 895
p999_us = 6271
p9999_us = 11263
max_us = 474371
ops = 169752258
errors = 0
elapsed_s = 300.000
ops_per_sec = 565840
p50_us = 179
p99_us = 879
p999_us = 6143
p9999_us = 10751
max_us = 292293
ops = 164520715
errors = 0
elapsed_s = 300.001
ops_per_sec = 548401
p50_us = 183
p99_us = 879
p999_us = 6271
p9999_us = 10751
max_us = 723682
ops = 167396106
errors = 0
elapsed_s = 300.000
ops_per_sec = 557986
p50_us = 179
p99_us = 895
p999_us = 6143
p9999_us = 11007
max_us = 425372
ops = 168541659
errors = 0
elapsed_s = 300.000
ops_per_sec = 561805
p50_us = 179
p99_us = 879
p999_us = 6143
p9999_us = 11007
max_us = 365385
ops = 168102989
errors = 0
elapsed_s = 300.030
ops_per_sec = 560287
p50_us = 179
p99_us = 879
p999_us = 6143
p9999_us = 10751
max_us = 229175
ops = 165648912
errors = 0
elapsed_s = 300.001
ops_per_sec = 552162
p50_us = 183
p99_us = 879
p999_us = 6015
p9999_us = 10751
max_us = 283091
ops = 164745750
errors = 0
elapsed_s = 300.000
ops_per_sec = 549152
p50_us = 183
p99_us = 895
p999_us = 6143
p9999_us = 11007
max_us = 345747
ops = 165580137
errors = 0
elapsed_s = 300.000
ops_per_sec = 551933
p50_us = 183
p99_us = 895
p999_us = 6399
p9999_us = 10751
max_us = 129173
ops = 166737957
errors = 0
elapsed_s = 300.000
ops_per_sec = 555792
p50_us = 183
p99_us = 895
p999_us = 6143
p9999_us = 10751
max_us = 330674
ops = 161556498
errors = 0
elapsed_s = 300.000
ops_per_sec = 538521
p50_us = 187
p99_us = 895
p999_us = 6527
p9999_us = 11263
max_us = 372772
ops = 172718474
errors = 0
elapsed_s = 300.000
ops_per_sec = 575727
p50_us = 175
p99_us = 847
p999_us = 6015
p9999_us = 11263
max_us = 394306
ops = 171075273
errors = 0
elapsed_s = 300.000
ops_per_sec = 570250
p50_us = 179
p99_us = 879
p999_us = 6015
p9999_us = 10751
max_us = 123612
ops = 163383084
errors = 0
elapsed_s = 300.000
ops_per_sec = 544610
p50_us = 187
p99_us = 895
p999_us = 6143
p9999_us = 11263
max_us = 158433
ops = 167462303
errors = 0
elapsed_s = 300.001
ops_per_sec = 558207
p50_us = 179
p99_us = 863
p999_us = 6271
p9999_us = 11007
max_us = 417210
ops = 166881343
errors = 0
elapsed_s = 300.000
ops_per_sec = 556270
p50_us = 179
p99_us = 879
p999_us = 6271
p9999_us = 11007
max_us = 357370
ops = 160875215
errors = 0
elapsed_s = 300.001
ops_per_sec = 536250
p50_us = 199
p99_us = 911
p999_us = 6527
p9999_us = 11263
max_us = 424139
ops = 165908027
errors = 0
elapsed_s = 300.001
ops_per_sec = 553024
p50_us = 187
p99_us = 895
p999_us = 6143
p9999_us = 10751
max_us = 193447
ops = 161207257
errors = 0
elapsed_s = 300.000
ops_per_sec = 537357
p50_us = 191
p99_us = 911
p999_us = 6399
p9999_us = 11007
max_us = 155644
ops = 165636659
errors = 0
elapsed_s = 300.000
ops_per_sec = 552122
p50_us = 183
p99_us = 879
p999_us = 6271
p9999_us = 10751
max_us = 584998
ops = 156222655
errors = 0
elapsed_s = 300.000
ops_per_sec = 520742
p50_us = 211
p99_us = 959
p999_us = 6271
p9999_us = 10495
max_us = 201451
ops = 164853263
errors = 0
elapsed_s = 300.000
ops_per_sec = 549510
p50_us = 187
p99_us = 895
p999_us = 6143
p9999_us = 10751
max_us = 148465
ops = 168359917
errors = 0
elapsed_s = 300.000
ops_per_sec = 561199
p50_us = 179
p99_us = 879
p999_us = 6143
p9999_us = 10751
max_us = 341443
ops = 174533814
errors = 0
elapsed_s = 300.000
ops_per_sec = 581779
p50_us = 167
p99_us = 847
p999_us = 6015
p9999_us = 11519
max_us = 297299
ops = 163388854
errors = 0
elapsed_s = 300.001
ops_per_sec = 544628
p50_us = 183
p99_us = 895
p999_us = 6271
p9999_us = 11263
max_us = 533397
ops = 174104437
errors = 0
elapsed_s = 300.000
ops_per_sec = 580347
p50_us = 175
p99_us = 847
p999_us = 6143
p9999_us = 10495
max_us = 215680
ops = 168321265
errors = 0
elapsed_s = 300.001
ops_per_sec = 561070
p50_us = 179
p99_us = 879
p999_us = 6271
p9999_us = 10751
max_us = 164725
ops = 151639908
errors = 0
elapsed_s = 300.001
ops_per_sec = 505465
p50_us = 223
p99_us = 975
p999_us = 6399
p9999_us = 10495
max_us = 182216
ops = 172726180
errors = 0
elapsed_s = 300.003
ops_per_sec = 575748
p50_us = 175
p99_us = 863
p999_us = 6271
p9999_us = 10751
max_us = 285068
ops = 169739666
errors = 0
elapsed_s = 300.001
ops_per_sec = 565798
p50_us = 175
p99_us = 863
p999_us = 6015
p9999_us = 11263
max_us = 522489
ops = 154551389
errors = 0
elapsed_s = 300.000
ops_per_sec = 515171
p50_us = 195
p99_us = 959
p999_us = 6271
p9999_us = 12287
max_us = 409034
ops = 172174709
errors = 0
elapsed_s = 300.000
ops_per_sec = 573915
p50_us = 179
p99_us = 879
p999_us = 6015
p9999_us = 10239
max_us = 120803
ops = 167611843
errors = 0
elapsed_s = 300.001
ops_per_sec = 558705
p50_us = 179
p99_us = 895
p999_us = 6143
p9999_us = 11519
max_us = 356960
ops = 159174147
errors = 0
elapsed_s = 300.000
ops_per_sec = 530580
p50_us = 191
p99_us = 943
p999_us = 6271
p9999_us = 10751
max_us = 412600
ops = 161598328
errors = 0
elapsed_s = 300.000
ops_per_sec = 538660
p50_us = 187
p99_us = 895
p999_us = 6399
p9999_us = 11263
max_us = 292867
ops = 162948931
errors = 0
elapsed_s = 300.000
ops_per_sec = 543162
p50_us = 199
p99_us = 911
p999_us = 6399
p9999_us = 10495
max_us = 137271
ops = 167474816
errors = 0
elapsed_s = 300.000
ops_per_sec = 558249
p50_us = 179
p99_us = 895
p999_us = 6015
p9999_us = 11007
max_us = 632891
ops = 154943546
errors = 0
elapsed_s = 300.000
ops_per_sec = 516478
p50_us = 199
p99_us = 927
p999_us = 6655
p9999_us = 11007
max_us = 331323
ops = 160821991
errors = 0
elapsed_s = 300.000
ops_per_sec = 536073
p50_us = 187
p99_us = 927
p999_us = 6271
p9999_us = 11263
max_us = 335181
ops = 157717366
errors = 0
elapsed_s = 300.000
ops_per_sec = 525724
p50_us = 191
p99_us = 927
p999_us = 6399
p9999_us = 11775
max_us = 377888
ops = 164276559
errors = 0
elapsed_s = 300.000
ops_per_sec = 547588
p50_us = 183
p99_us = 895
p999_us = 6271
p9999_us = 10495
max_us = 380415
ops = 162512521
errors = 0
elapsed_s = 300.000
ops_per_sec = 541708
p50_us = 183
p99_us = 895
p999_us = 6271
p9999_us = 11519
max_us = 390169
ops = 164230104
errors = 0
elapsed_s = 300.000
ops_per_sec = 547433
p50_us = 179
p99_us = 895
p999_us = 6271
p9999_us = 12543
max_us = 369041
ops = 163721051
errors = 0
elapsed_s = 300.007
ops_per_sec = 545724
p50_us = 187
p99_us = 895
p999_us = 6015
p9999_us = 10239
max_us = 487094
ops = 159462687
errors = 0
elapsed_s = 300.000
ops_per_sec = 531542
p50_us = 191
p99_us = 895
p999_us = 6527
p9999_us = 12799
max_us = 452957
ops = 166987586
errors = 0
elapsed_s = 300.008
ops_per_sec = 556610
p50_us = 183
p99_us = 895
p999_us = 6143
p9999_us = 10495
max_us = 163986
ops = 165983495
errors = 0
elapsed_s = 300.001
ops_per_sec = 553277
p50_us = 183
p99_us = 879
p999_us = 6143
p9999_us = 10751
max_us = 278912
ops = 154064151
errors = 0
elapsed_s = 300.000
ops_per_sec = 513546
p50_us = 195
p99_us = 943
p999_us = 6271
p9999_us = 13055
max_us = 588030
ops = 170459926
errors = 0
elapsed_s = 300.000
ops_per_sec = 568199
p50_us = 175
p99_us = 879
p999_us = 6015
p9999_us = 10495
max_us = 348970
ops = 170231955
errors = 0
elapsed_s = 300.001
ops_per_sec = 567438
p50_us = 175
p99_us = 879
p999_us = 6015
p9999_us = 10751
max_us = 409143
ops = 177841989
errors = 0
elapsed_s = 300.001
ops_per_sec = 592805
p50_us = 171
p99_us = 831
p999_us = 5887
p9999_us = 10239
max_us = 323324
ops = 170798990
errors = 0
elapsed_s = 300.000
ops_per_sec = 569329
p50_us = 175
p99_us = 863
p999_us = 6015
p9999_us = 11263
max_us = 477505
ops = 170107762
errors = 0
elapsed_s = 300.001
ops_per_sec = 567025
p50_us = 175
p99_us = 863
p999_us = 6143
p9999_us = 11263
max_us = 415615
ops = 172763999
errors = 0
elapsed_s = 300.002
ops_per_sec = 575877
p50_us = 175
p99_us = 863
p999_us = 6015
p9999_us = 10239
max_us = 106827
ops = 168024560
errors = 0
elapsed_s = 300.000
ops_per_sec = 560081
p50_us = 183
p99_us = 879
p999_us = 6143
p9999_us = 10751
max_us = 196920
ops = 158092312
errors = 0
elapsed_s = 300.000
ops_per_sec = 526974
p50_us = 191
p99_us = 927
p999_us = 6399
p9999_us = 11519
max_us = 719075
ops = 148851647
errors = 0
elapsed_s = 300.009
ops_per_sec = 496157
p50_us = 207
p99_us = 991
p999_us = 6271
p9999_us = 10751
max_us = 162849
ops = 156031383
errors = 0
elapsed_s = 300.000
ops_per_sec = 520104
p50_us = 195
p99_us = 927
p999_us = 6399
p9999_us = 11007
max_us = 370201
ops = 172667744
errors = 0
elapsed_s = 300.000
ops_per_sec = 575558
p50_us = 171
p99_us = 863
p999_us = 6143
p9999_us = 11519
max_us = 496678
ops = 175118836
errors = 0
elapsed_s = 300.000
ops_per_sec = 583729
p50_us = 171
p99_us = 863
p999_us = 6015
p9999_us = 10751
max_us = 365073
ops = 165153065
errors = 0
elapsed_s = 300.000
ops_per_sec = 550509
p50_us = 183
p99_us = 927
p999_us = 6143
p9999_us = 10751
max_us = 205150
ops = 168138640
errors = 0
elapsed_s = 300.000
ops_per_sec = 560461
p50_us = 183
p99_us = 879
p999_us = 6143
p9999_us = 10495
max_us = 112254
ops = 167701255
errors = 0
elapsed_s = 300.000
ops_per_sec = 559003
p50_us = 175
p99_us = 879
p999_us = 6143
p9999_us = 11007
max_us = 504048
ops = 148821800
errors = 0
elapsed_s = 300.000
ops_per_sec = 496072
p50_us = 211
p99_us = 991
p999_us = 6271
p9999_us = 9983
max_us = 125012
ops = 171739709
errors = 0
elapsed_s = 300.000
ops_per_sec = 572465
p50_us = 175
p99_us = 863
p999_us = 5887
p9999_us = 10751
max_us = 517909
ops = 164498697
errors = 0
elapsed_s = 300.000
ops_per_sec = 548328
p50_us = 183
p99_us = 911
p999_us = 6143
p9999_us = 11519
max_us = 373115
ops = 163882039
errors = 0
elapsed_s = 300.000
ops_per_sec = 546273
p50_us = 183
p99_us = 927
p999_us = 6143
p9999_us = 10751
max_us = 391878
ops = 171004239
errors = 0
elapsed_s = 300.000
ops_per_sec = 570013
p50_us = 175
p99_us = 879
p999_us = 6143
p9999_us = 11263
max_us = 450012
ops = 173685451
errors = 0
elapsed_s = 300.005
ops_per_sec = 578942
p50_us = 167
p99_us = 863
p999_us = 6143
p9999_us = 11007
max_us = 410156
ops = 164956556
errors = 0
elapsed_s = 300.000
ops_per_sec = 549854
p50_us = 187
p99_us = 895
p999_us = 6271
p9999_us = 10495
max_us = 232791
ops = 166198008
errors = 0
elapsed_s = 300.000
ops_per_sec = 553993
p50_us = 183
p99_us = 879
p999_us = 6271
p9999_us = 10495
max_us = 301168
ops = 158527281
errors = 0
elapsed_s = 300.000
ops_per_sec = 528424
p50_us = 195
p99_us = 927
p999_us = 6271
p9999_us = 11007
max_us = 378825
ops = 159147208
errors = 0
elapsed_s = 300.000
ops_per_sec = 530490
p50_us = 195
p99_us = 927
p999_us = 6271
p9999_us = 10751
max_us = 250174
ops = 162600445
errors = 0
elapsed_s = 300.001
ops_per_sec = 542000
p50_us = 191
p99_us = 911
p999_us = 6271
p9999_us = 11775
max_us = 387293
ops = 166442039
errors = 0
elapsed_s = 300.364
ops_per_sec = 554134
p50_us = 183
p99_us = 895
p999_us = 6015
p9999_us = 10239
max_us = 422615
ops = 162934080
errors = 0
elapsed_s = 300.000
ops_per_sec = 543113
p50_us = 183
p99_us = 895
p999_us = 6271
p9999_us = 11263
max_us = 418657
ops = 167309997
errors = 0
elapsed_s = 300.001
ops_per_sec = 557699
p50_us = 179
p99_us = 895
p999_us = 6143
p9999_us = 11519
max_us = 469628
ops = 160318859
errors = 0
elapsed_s = 300.000
ops_per_sec = 534395
p50_us = 191
p99_us = 911
p999_us = 6399
p9999_us = 11007
max_us = 490352
ops = 153926414
errors = 0
elapsed_s = 300.000
ops_per_sec = 513087
p50_us = 199
p99_us = 943
p999_us = 6399
p9999_us = 11775
max_us = 207960
ops = 170827281
errors = 0
elapsed_s = 300.000
ops_per_sec = 569423
p50_us = 175
p99_us = 863
p999_us = 6271
p9999_us = 11007
max_us = 287930
ops = 144433079
errors = 0
elapsed_s = 300.000
ops_per_sec = 481443
p50_us = 215
p99_us = 991
p999_us = 7039
p9999_us = 11519
max_us = 128054
ops = 161321775
errors = 0
elapsed_s = 300.000
ops_per_sec = 537739
p50_us = 187
p99_us = 911
p999_us = 6271
p9999_us = 10751
max_us = 149063
ops = 165545676
errors = 0
elapsed_s = 300.000
ops_per_sec = 551818
p50_us = 183
p99_us = 895
p999_us = 6271
p9999_us = 11007
max_us = 145264
ops = 170391934
errors = 0
elapsed_s = 300.000
ops_per_sec = 567972
p50_us = 179
p99_us = 879
p999_us = 6143
p9999_us = 11263
max_us = 389525
ops = 164253131
errors = 0
elapsed_s = 300.000
ops_per_sec = 547510
p50_us = 187
p99_us = 911
p999_us = 6015
p9999_us = 10239
max_us = 172316
ops = 152831023
errors = 0
elapsed_s = 300.001
ops_per_sec = 509435
p50_us = 195
p99_us = 975
p999_us = 6399
p9999_us = 11775
max_us = 426857
ops = 179237627
errors = 0
elapsed_s = 300.006
ops_per_sec = 597447
p50_us = 171
p99_us = 831
p999_us = 6143
p9999_us = 10239
max_us = 217985
ops = 169639993
errors = 0
elapsed_s = 300.000
ops_per_sec = 565466
p50_us = 175
p99_us = 863
p999_us = 6143
p9999_us = 11263
max_us = 447894
ops = 163155713
errors = 0
elapsed_s = 300.001
ops_per_sec = 543851
p50_us = 187
p99_us = 911
p999_us = 6143
p9999_us = 10239
max_us = 173682
ops = 163084880
errors = 0
elapsed_s = 300.005
ops_per_sec = 543608
p50_us = 187
p99_us = 911
p999_us = 6143
p9999_us = 11007
max_us = 264168
ops = 157056852
errors = 0
elapsed_s = 300.000
ops_per_sec = 523522
p50_us = 195
p99_us = 927
p999_us = 6527
p9999_us = 10751
max_us = 585970
ops = 176391564
errors = 0
elapsed_s = 300.001
ops_per_sec = 587969
p50_us = 171
p99_us = 847
p999_us = 6015
p9999_us = 10495
max_us = 397181
ops = 171789110
errors = 0
elapsed_s = 300.000
ops_per_sec = 572630
p50_us = 183
p99_us = 863
p999_us = 6271
p9999_us = 11007
max_us = 322076
ops = 158350129
errors = 0
elapsed_s = 300.000
ops_per_sec = 527833
p50_us = 191
p99_us = 911
p999_us = 6271
p9999_us = 11007
max_us = 455081
ops = 167245928
errors = 0
elapsed_s = 300.000
ops_per_sec = 557486
p50_us = 179
p99_us = 911
p999_us = 5887
p9999_us = 10495
max_us = 396129
ops = 171688127
errors = 0
elapsed_s = 300.001
ops_per_sec = 572292
p50_us = 179
p99_us = 863
p999_us = 6015
p9999_us = 10239
max_us = 232978
ops = 166713127
errors = 0
elapsed_s = 300.000
ops_per_sec = 555710
p50_us = 183
p99_us = 879
p999_us = 6271
p9999_us = 11007
max_us = 409433
ops = 159483591
errors = 0
elapsed_s = 300.000
ops_per_sec = 531611
p50_us = 191
p99_us = 943
p999_us = 6143
p9999_us = 10751
max_us = 143481
ops = 167391782
errors = 0
elapsed_s = 300.000
ops_per_sec = 557972
p50_us = 179
p99_us = 879
p999_us = 6143
p9999_us = 11007
max_us = 341066
ops = 160733103
errors = 0
elapsed_s = 300.000
ops_per_sec = 535776
p50_us = 203
p99_us = 927
p999_us = 6271
p9999_us = 10495
max_us = 264788
ops = 167079073
errors = 0
elapsed_s = 300.000
ops_per_sec = 556929
p50_us = 179
p99_us = 895
p999_us = 6143
p9999_us = 10751
max_us = 343640
ops = 169050212
errors = 0
elapsed_s = 300.000
ops_per_sec = 563500
p50_us = 179
p99_us = 879
p999_us = 6015
p9999_us = 10751
max_us = 354687
ops = 164786848
errors = 0
elapsed_s = 300.001
ops_per_sec = 549288
p50_us = 179
p99_us = 879
p999_us = 6143
p9999_us = 11775
max_us = 722373
ops = 171104073
errors = 0
elapsed_s = 300.000
ops_per_sec = 570346
p50_us = 175
p99_us = 879
p999_us = 6143
p9999_us = 10751
max_us = 518504
ops = 167318398
errors = 0
elapsed_s = 300.001
ops_per_sec = 557727
p50_us = 183
p99_us = 863
p999_us = 6271
p9999_us = 10239
max_us = 313022
ops = 169448248
errors = 0
elapsed_s = 300.000
ops_per_sec = 564827
p50_us = 179
p99_us = 879
p999_us = 6143
p9999_us = 10751
max_us = 530049
ops = 173951411
errors = 0
elapsed_s = 300.000
ops_per_sec = 579837
p50_us = 171
p99_us = 879
p999_us = 6015
p9999_us = 10751
max_us = 418369
ops = 172521961
errors = 0
elapsed_s = 300.000
ops_per_sec = 575072
p50_us = 175
p99_us = 863
p999_us = 6143
p9999_us = 10495
max_us = 142632
ops = 165957714
errors = 0
elapsed_s = 300.005
ops_per_sec = 553183
p50_us = 183
p99_us = 879
p999_us = 6015
p9999_us = 10239
max_us = 150178
ops = 164813016
errors = 0
elapsed_s = 300.001
ops_per_sec = 549376
p50_us = 187
p99_us = 895
p999_us = 6271
p9999_us = 10495
max_us = 134108
ops = 165502849
errors = 0
elapsed_s = 300.000
ops_per_sec = 551675
p50_us = 175
p99_us = 879
p999_us = 6271
p9999_us = 11775
max_us = 314157
ops = 161856730
errors = 0
elapsed_s = 300.001
ops_per_sec = 539521
p50_us = 191
p99_us = 911
p999_us = 6271
p9999_us = 10495
max_us = 130153
ops = 164915632
errors = 0
elapsed_s = 300.000
ops_per_sec = 549718
p50_us = 187
p99_us = 895
p999_us = 6271
p9999_us = 10495
max_us = 106434
ops = 160457650
errors = 0
elapsed_s = 300.000
ops_per_sec = 534858
p50_us = 195
p99_us = 895
p999_us = 6527
p9999_us = 11007
max_us = 139071
ops = 146828784
errors = 0
elapsed_s = 300.000
ops_per_sec = 489429
p50_us = 211
p99_us = 991
p999_us = 6655
p9999_us = 11007
max_us = 127824
ops = 154845636
errors = 0
elapsed_s = 300.001
ops_per_sec = 516150
p50_us = 203
p99_us = 943
p999_us = 6399
p9999_us = 11007
max_us = 123133
ops = 169911692
errors = 0
elapsed_s = 300.000
ops_per_sec = 566372
p50_us = 179
p99_us = 879
p999_us = 6143
p9999_us = 10751
max_us = 127519
ops = 167248784
errors = 0
elapsed_s = 300.000
ops_per_sec = 557495
p50_us = 183
p99_us = 895
p999_us = 6271
p9999_us = 10751
max_us = 208935
ops = 161830342
errors = 0
elapsed_s = 300.007
ops_per_sec = 539421
p50_us = 191
p99_us = 911
p999_us = 6399
p9999_us = 11007
max_us = 399931
ops = 158044121
errors = 0
elapsed_s = 300.007
ops_per_sec = 526802
p50_us = 191
p99_us = 911
p999_us = 6527
p9999_us = 11263
max_us = 338410
ops = 162966763
errors = 0
elapsed_s = 300.000
ops_per_sec = 543222
p50_us = 187
p99_us = 895
p999_us = 6399
p9999_us = 11007
max_us = 190419
ops = 168744167
errors = 0
elapsed_s = 300.000
ops_per_sec = 562480
p50_us = 179
p99_us = 895
p999_us = 6143
p9999_us = 11007
max_us = 140097
ops = 168673827
errors = 0
elapsed_s = 300.000
ops_per_sec = 562245
p50_us = 179
p99_us = 879
p999_us = 6143
p9999_us = 10751
max_us = 350486
ops = 159803144
errors = 0
elapsed_s = 300.001
ops_per_sec = 532676
p50_us = 195
p99_us = 927
p999_us = 6143
p9999_us = 11007
max_us = 152428
ops = 170268329
errors = 0
elapsed_s = 300.000
ops_per_sec = 567560
p50_us = 179
p99_us = 863
p999_us = 6143
p9999_us = 10495
max_us = 126306
ops = 169639302
errors = 0
elapsed_s = 300.000
ops_per_sec = 565463
p50_us = 179
p99_us = 879
p999_us = 6015
p9999_us = 10495
max_us = 110070
ops = 161394699
errors = 0
elapsed_s = 300.000
ops_per_sec = 537982
p50_us = 203
p99_us = 927
p999_us = 6271
p9999_us = 10239
max_us = 136076
ops = 144335930
errors = 0
elapsed_s = 300.000
ops_per_sec = 481119
p50_us = 235
p99_us = 1055
p999_us = 6399
p9999_us = 10495
max_us = 161954
ops = 168122470
errors = 0
elapsed_s = 300.000
ops_per_sec = 560408
p50_us = 187
p99_us = 863
p999_us = 6143
p9999_us = 10495
max_us = 350854
ops = 161477478
errors = 0
elapsed_s = 300.000
ops_per_sec = 538258
p50_us = 191
p99_us = 911
p999_us = 6143
p9999_us = 10239
max_us = 152182
ops = 163564138
errors = 0
elapsed_s = 300.066
ops_per_sec = 545093
p50_us = 187
p99_us = 911
p999_us = 6271
p9999_us = 11007
max_us = 371307
ops = 171256150
errors = 0
elapsed_s = 300.000
ops_per_sec = 570853
p50_us = 175
p99_us = 879
p999_us = 6143
p9999_us = 11007
max_us = 976670
ops = 168846747
errors = 0
elapsed_s = 300.000
ops_per_sec = 562822
p50_us = 183
p99_us = 863
p999_us = 6271
p9999_us = 10751
max_us = 113367
ops = 161220370
errors = 0
elapsed_s = 300.000
ops_per_sec = 537401
p50_us = 191
p99_us = 911
p999_us = 6655
p9999_us = 11519
max_us = 430081
ops = 149468104
errors = 0
elapsed_s = 300.000
ops_per_sec = 498226
p50_us = 211
p99_us = 991
p999_us = 6143
p9999_us = 10239
max_us = 233807
ops = 175623876
errors = 0
elapsed_s = 300.000
ops_per_sec = 585412
p50_us = 175
p99_us = 847
p999_us = 6143
p9999_us = 10751
max_us = 325232
ops = 173147230
errors = 0
elapsed_s = 300.000
ops_per_sec = 577157
p50_us = 175
p99_us = 863
p999_us = 6143
p9999_us = 10495
max_us = 413735
ops = 165356894
errors = 0
elapsed_s = 300.001
ops_per_sec = 551188
p50_us = 187
p99_us = 895
p999_us = 6399
p9999_us = 11007
max_us = 634116
ops = 163765421
errors = 0
elapsed_s = 300.000
ops_per_sec = 545884
p50_us = 191
p99_us = 895
p999_us = 6271
p9999_us = 10495
max_us = 407873
ops = 168302135
errors = 0
elapsed_s = 300.000
ops_per_sec = 561006
p50_us = 179
p99_us = 911
p999_us = 6015
p9999_us = 10751
max_us = 172214
ops = 172136212
errors = 0
elapsed_s = 300.006
ops_per_sec = 573775
p50_us = 175
p99_us = 879
p999_us = 5887
p9999_us = 10495
max_us = 1016721
ops = 167463682
errors = 0
elapsed_s = 300.000
ops_per_sec = 558211
p50_us = 179
p99_us = 911
p999_us = 6399
p9999_us = 11775
max_us = 147753
ops = 162446264
errors = 0
elapsed_s = 300.000
ops_per_sec = 541487
p50_us = 187
p99_us = 943
p999_us = 6271
p9999_us = 11263
max_us = 277987
ops = 165135817
errors = 0
elapsed_s = 300.000
ops_per_sec = 550452
p50_us = 183
p99_us = 927
p999_us = 6271
p9999_us = 11007
max_us = 162787
ops = 166834832
errors = 0
elapsed_s = 300.001
ops_per_sec = 556114
p50_us = 183
p99_us = 911
p999_us = 6271
p9999_us = 11519
max_us = 201365
ops = 173150516
errors = 0
elapsed_s = 300.000
ops_per_sec = 577168
p50_us = 175
p99_us = 879
p999_us = 6271
p9999_us = 10495
max_us = 230421
ops = 170748922
errors = 0
elapsed_s = 300.000
ops_per_sec = 569162
p50_us = 175
p99_us = 895
p999_us = 6271
p9999_us = 12543
max_us = 699197
ops = 166093892
errors = 0
elapsed_s = 300.001
ops_per_sec = 553644
p50_us = 183
p99_us = 911
p999_us = 6271
p9999_us = 11775
max_us = 675719
ops = 162902786
errors = 0
elapsed_s = 300.078
ops_per_sec = 542868
p50_us = 183
p99_us = 927
p999_us = 6271
p9999_us = 13055
max_us = 628100
ops = 167427706
errors = 0
elapsed_s = 300.006
ops_per_sec = 558082
p50_us = 179
p99_us = 927
p999_us = 6271
p9999_us = 12543
max_us = 641419
ops = 157140445
errors = 0
elapsed_s = 300.000
ops_per_sec = 523801
p50_us = 187
p99_us = 1007
p999_us = 6399
p9999_us = 13055
max_us = 584706
ops = 156697132
errors = 0
elapsed_s = 300.000
ops_per_sec = 522323
p50_us = 203
p99_us = 1007
p999_us = 6783
p9999_us = 12543
max_us = 610192
ops = 162208611
errors = 0
elapsed_s = 300.000
ops_per_sec = 540695
p50_us = 179
p99_us = 927
p999_us = 6527
p9999_us = 13823
max_us = 626875
inf-bench: server closed connection under load
