    Finished `release` profile [optimized + debuginfo] target(s) in 0.03s
cell 1: index 19/1 rebuilding (no-sidecar)
cell 0: index 19/1 rebuilding (no-sidecar)
cell 1: index 19/1 sidecar loaded (3 entries; tail caught up)
cell 0: index 19/1 sidecar loaded (3 entries; tail caught up)
cell 1: index 19/1 sidecar loaded (10 entries; tail caught up)
cell 0: index 19/1 sidecar loaded (10 entries; tail caught up)
cell 1: index 19/1 rebuilding (no-sidecar)
cell 0: index 19/1 rebuilding (no-sidecar)
cell 0: index 19/1 sidecar loaded (3 entries; tail caught up)
cell 1: index 19/1 sidecar loaded (3 entries; tail caught up)
cell 1: index 19/1 sidecar loaded (10 entries; tail caught up)
cell 0: index 19/1 sidecar loaded (10 entries; tail caught up)
cell 1: index 19/1 rebuilding (no-sidecar)
cell 0: index 19/1 rebuilding (no-sidecar)
cell 0: index 19/1 sidecar loaded (3 entries; tail caught up)
cell 1: index 19/1 sidecar loaded (3 entries; tail caught up)
cell 1: index 19/1 sidecar loaded (10 entries; tail caught up)
cell 0: index 19/1 sidecar loaded (10 entries; tail caught up)
cell 0: index 19/1 rebuilding (no-sidecar)
cell 1: index 19/1 rebuilding (no-sidecar)
cell 1: index 19/1 sidecar loaded (3 entries; tail caught up)
cell 0: index 19/1 sidecar loaded (3 entries; tail caught up)
cell 1: index 19/1 sidecar loaded (10 entries; tail caught up)
cell 0: index 19/1 sidecar loaded (10 entries; tail caught up)
cell 0: index 19/1 rebuilding (no-sidecar)
cell 1: index 19/1 rebuilding (no-sidecar)
cell 1: index 19/1 sidecar loaded (3 entries; tail caught up)
cell 0: index 19/1 sidecar loaded (3 entries; tail caught up)
inf-sim: m2-mode-transition sweep shard 3/4: 16 seeds, 0 violations, 0 legal taxonomy refusals, 0 equivalence checks, 0 documents compared, cut classes [], frame pipeline [pipelined_seeds:16 depth_max:4 waits_barrier:1135 waits_rotation:5 waits_reorder:0], device budget [background_bytes:0 deferrals:0 waits_pace:0 write_stall_max_us:82255], reopened_packed_tails:0 ckpt_downgrades:0 bound_splits:0 waits_fill:0 waits_group:0, recycling [recycled:0 misses:0 fallbacks:0 rotations:28 residue_slacks:9 waits_started:0 waits_satisfied:0 waits_expired:0 inline_preallocs:0], lift regime [seeds:0 tiered_ops:0 indexed_ops:0 sidecars_loaded:0 stale_slacks:0 plants:0 plant_lifts:0 plant_sidecars:0]
inf-sim: sim_seconds=73.108147 published=0 delivered=0
inf-sim: m2-mode-transition sweep shard 1/4: 16 seeds, 0 violations, 0 legal taxonomy refusals, 0 equivalence checks, 0 documents compared, cut classes [], frame pipeline [pipelined_seeds:8 depth_max:3 waits_barrier:556 waits_rotation:0 waits_reorder:0], device budget [background_bytes:0 deferrals:0 waits_pace:0 write_stall_max_us:90219], reopened_packed_tails:0 ckpt_downgrades:0 bound_splits:0 waits_fill:0 waits_group:0, recycling [recycled:0 misses:0 fallbacks:0 rotations:30 residue_slacks:5 waits_started:0 waits_satisfied:0 waits_expired:0 inline_preallocs:0], lift regime [seeds:0 tiered_ops:0 indexed_ops:0 sidecars_loaded:0 stale_slacks:0 plants:0 plant_lifts:0 plant_sidecars:0]
inf-sim: sim_seconds=76.764713 published=0 delivered=0
cell 0: index 19/1 sidecar loaded (10 entries; tail caught up)
cell 1: index 19/1 sidecar loaded (10 entries; tail caught up)
cell 0: index 19/1 rebuilding (no-sidecar)
cell 1: index 19/1 rebuilding (no-sidecar)
cell 0: index 19/1 sidecar loaded (3 entries; tail caught up)
cell 1: index 19/1 sidecar loaded (3 entries; tail caught up)
cell 0: index 19/1 sidecar loaded (10 entries; tail caught up)
cell 1: index 19/1 sidecar loaded (10 entries; tail caught up)
cell 1: index 19/1 rebuilding (no-sidecar)
cell 0: index 19/1 rebuilding (no-sidecar)
cell 0: index 19/1 sidecar loaded (3 entries; tail caught up)
cell 1: index 19/1 sidecar loaded (3 entries; tail caught up)
cell 0: index 19/1 sidecar loaded (10 entries; tail caught up)
cell 1: index 19/1 sidecar loaded (10 entries; tail caught up)
cell 1: index 19/1 rebuilding (no-sidecar)
cell 0: index 19/1 rebuilding (no-sidecar)
cell 1: index 19/1 sidecar loaded (3 entries; tail caught up)
cell 0: index 19/1 sidecar loaded (3 entries; tail caught up)
cell 1: index 19/1 sidecar loaded (10 entries; tail caught up)
cell 0: index 19/1 sidecar loaded (10 entries; tail caught up)
cell 1: index 19/1 rebuilding (no-sidecar)
cell 0: index 19/1 rebuilding (no-sidecar)
cell 1: index 19/1 sidecar loaded (3 entries; tail caught up)
cell 0: index 19/1 sidecar loaded (3 entries; tail caught up)
inf-sim: m2-mode-transition sweep shard 0/4: 16 seeds, 0 violations, 0 legal taxonomy refusals, 0 equivalence checks, 0 documents compared, cut classes [], frame pipeline [pipelined_seeds:0 depth_max:1 waits_barrier:0 waits_rotation:0 waits_reorder:0], device budget [background_bytes:983040 deferrals:72463 waits_pace:0 write_stall_max_us:91188], reopened_packed_tails:0 ckpt_downgrades:0 bound_splits:0 waits_fill:4507 waits_group:0, recycling [recycled:0 misses:1967 fallbacks:0 rotations:1935 residue_slacks:0 waits_started:0 waits_satisfied:0 waits_expired:0 inline_preallocs:0], lift regime [seeds:0 tiered_ops:0 indexed_ops:0 sidecars_loaded:0 stale_slacks:0 plants:0 plant_lifts:0 plant_sidecars:0]
inf-sim: sim_seconds=110.376982 published=0 delivered=0
cell 0: index 19/1 sidecar loaded (10 entries; tail caught up)
cell 1: index 19/1 sidecar loaded (10 entries; tail caught up)
cell 0: index 19/1 rebuilding (no-sidecar)
cell 1: index 19/1 rebuilding (no-sidecar)
cell 1: index 19/1 sidecar loaded (3 entries; tail caught up)
cell 0: index 19/1 sidecar loaded (3 entries; tail caught up)
cell 1: index 19/1 sidecar loaded (10 entries; tail caught up)
cell 0: index 19/1 sidecar loaded (10 entries; tail caught up)
cell 0: index 19/1 rebuilding (no-sidecar)
cell 1: index 19/1 rebuilding (no-sidecar)
cell 0: index 19/1 sidecar loaded (3 entries; tail caught up)
cell 1: index 19/1 sidecar loaded (3 entries; tail caught up)
cell 0: index 19/1 sidecar loaded (10 entries; tail caught up)
cell 1: index 19/1 sidecar loaded (10 entries; tail caught up)
cell 0: index 19/1 rebuilding (no-sidecar)
cell 1: index 19/1 rebuilding (no-sidecar)
cell 0: index 19/1 sidecar loaded (3 entries; tail caught up)
cell 1: index 19/1 sidecar loaded (3 entries; tail caught up)
cell 1: index 19/1 sidecar loaded (10 entries; tail caught up)
cell 0: index 19/1 sidecar loaded (10 entries; tail caught up)
cell 1: index 19/1 rebuilding (no-sidecar)
cell 0: index 19/1 rebuilding (no-sidecar)
cell 0: index 19/1 sidecar loaded (3 entries; tail caught up)
cell 1: index 19/1 sidecar loaded (3 entries; tail caught up)
cell 1: index 19/1 sidecar loaded (10 entries; tail caught up)
cell 0: index 19/1 sidecar loaded (9 entries; tail caught up)
cell 1: index 19/1 rebuilding (no-sidecar)
cell 0: index 19/1 rebuilding (no-sidecar)
cell 0: index 19/1 sidecar loaded (3 entries; tail caught up)
cell 1: index 19/1 sidecar loaded (3 entries; tail caught up)
cell 1: index 19/1 sidecar loaded (10 entries; tail caught up)
cell 0: index 19/1 sidecar loaded (10 entries; tail caught up)
cell 1: index 19/1 rebuilding (no-sidecar)
cell 0: index 19/1 rebuilding (no-sidecar)
cell 1: index 19/1 sidecar loaded (3 entries; tail caught up)
cell 0: index 19/1 sidecar loaded (3 entries; tail caught up)
cell 0: index 19/1 sidecar loaded (10 entries; tail caught up)
cell 1: index 19/1 sidecar loaded (10 entries; tail caught up)
cell 0: index 19/1 rebuilding (no-sidecar)
cell 1: index 19/1 rebuilding (no-sidecar)
cell 0: index 19/1 sidecar loaded (3 entries; tail caught up)
cell 1: index 19/1 sidecar loaded (3 entries; tail caught up)
cell 1: index 19/1 sidecar loaded (10 entries; tail caught up)
cell 0: index 19/1 sidecar loaded (10 entries; tail caught up)
inf-sim: m2-mode-transition sweep shard 2/4: 16 seeds, 0 violations, 0 legal taxonomy refusals, 0 equivalence checks, 0 documents compared, cut classes [], frame pipeline [pipelined_seeds:16 depth_max:2 waits_barrier:1836 waits_rotation:1219 waits_reorder:0], device budget [background_bytes:27885568 deferrals:63888 waits_pace:0 write_stall_max_us:89419], reopened_packed_tails:32 ckpt_downgrades:0 bound_splits:0 waits_fill:0 waits_group:0, recycling [recycled:679 misses:3171 fallbacks:0 rotations:3818 residue_slacks:13 waits_started:0 waits_satisfied:0 waits_expired:0 inline_preallocs:0], lift regime [seeds:16 tiered_ops:3232 indexed_ops:3715 sidecars_loaded:32 stale_slacks:0 plants:32 plant_lifts:32 plant_sidecars:32]
inf-sim: sim_seconds=135.157477 published=0 delivered=0
scenario=m2-mode-transition base_seed=0xd5ee0000 sweep=64 shard=0/4 plant=None replay_canary=false seeds_run=16 violations=0 refused=0 equivalence_checks=0 documents_compared=0 corpus_documents=0 cut_classes=[] pipelined_seeds=0 depth_max=1 waits_barrier=0 waits_rotation=0 waits_reorder=0 budget_background_bytes=983040 budget_deferrals=72463 waits_pace=0 write_stall_max_us=91188 reopened_packed_tails=0 ckpt_downgrades=0 ckpt_bound_splits=0 waits_fill=4507 waits_group=0 segments_recycled=0 recycle_misses=1967 recycle_fallbacks=0 segment_rotations=1935 recycled_residue_slacks=0 recycle_waits_started=0 recycle_waits_satisfied=0 recycle_waits_expired=0 segment_inline_preallocs=0 lift_seeds=0 lift_tiered_ops=0 lift_indexed_ops=0 lift_sidecars_loaded=0 stale_residue_slacks=0 lift_plants=0 lift_plant_lifts=0 lift_plant_sidecars=0
scenario=m2-mode-transition base_seed=0xd5ee0000 sweep=64 shard=1/4 plant=None replay_canary=false seeds_run=16 violations=0 refused=0 equivalence_checks=0 documents_compared=0 corpus_documents=0 cut_classes=[] pipelined_seeds=8 depth_max=3 waits_barrier=556 waits_rotation=0 waits_reorder=0 budget_background_bytes=0 budget_deferrals=0 waits_pace=0 write_stall_max_us=90219 reopened_packed_tails=0 ckpt_downgrades=0 ckpt_bound_splits=0 waits_fill=0 waits_group=0 segments_recycled=0 recycle_misses=0 recycle_fallbacks=0 segment_rotations=30 recycled_residue_slacks=5 recycle_waits_started=0 recycle_waits_satisfied=0 recycle_waits_expired=0 segment_inline_preallocs=0 lift_seeds=0 lift_tiered_ops=0 lift_indexed_ops=0 lift_sidecars_loaded=0 stale_residue_slacks=0 lift_plants=0 lift_plant_lifts=0 lift_plant_sidecars=0
scenario=m2-mode-transition base_seed=0xd5ee0000 sweep=64 shard=2/4 plant=None replay_canary=false seeds_run=16 violations=0 refused=0 equivalence_checks=0 documents_compared=0 corpus_documents=208 cut_classes=[] pipelined_seeds=16 depth_max=2 waits_barrier=1836 waits_rotation=1219 waits_reorder=0 budget_background_bytes=27885568 budget_deferrals=63888 waits_pace=0 write_stall_max_us=89419 reopened_packed_tails=32 ckpt_downgrades=0 ckpt_bound_splits=0 waits_fill=0 waits_group=0 segments_recycled=679 recycle_misses=3171 recycle_fallbacks=0 segment_rotations=3818 recycled_residue_slacks=13 recycle_waits_started=0 recycle_waits_satisfied=0 recycle_waits_expired=0 segment_inline_preallocs=0 lift_seeds=16 lift_tiered_ops=3232 lift_indexed_ops=3715 lift_sidecars_loaded=32 stale_residue_slacks=0 lift_plants=32 lift_plant_lifts=32 lift_plant_sidecars=32
scenario=m2-mode-transition base_seed=0xd5ee0000 sweep=64 shard=3/4 plant=None replay_canary=false seeds_run=16 violations=0 refused=0 equivalence_checks=0 documents_compared=0 corpus_documents=0 cut_classes=[] pipelined_seeds=16 depth_max=4 waits_barrier=1135 waits_rotation=5 waits_reorder=0 budget_background_bytes=0 budget_deferrals=0 waits_pace=0 write_stall_max_us=82255 reopened_packed_tails=0 ckpt_downgrades=0 ckpt_bound_splits=0 waits_fill=0 waits_group=0 segments_recycled=0 recycle_misses=0 recycle_fallbacks=0 segment_rotations=28 recycled_residue_slacks=9 recycle_waits_started=0 recycle_waits_satisfied=0 recycle_waits_expired=0 segment_inline_preallocs=0 lift_seeds=0 lift_tiered_ops=0 lift_indexed_ops=0 lift_sidecars_loaded=0 stale_residue_slacks=0 lift_plants=0 lift_plant_lifts=0 lift_plant_sidecars=0
run-sweep: m2-mode-transition sweep OK (4 shards, 64 seeds from 0xD5EE0000; manifests under /tmp/tmp.5CIWEratJO)
