    Finished `test` profile [unoptimized + debuginfo] target(s) in 0.02s
     Running unittests src/lib.rs (target/debug/deps/inf_sim-709dd5dbb0fb1a03)

running 60 tests
test txmodel::tests::a_dead_incarnation_is_never_reissued_after_a_checkpointed_restart ... FAILED
test txmodel::tests::a_dependent_command_never_spans_one_owner ... ok
test txmodel::tests::a_checkpoint_streams_the_decision_qualified_image ... FAILED
test txmodel::tests::a_cross_owner_rename_ships_the_value_the_transaction_staged ... FAILED
test txmodel::tests::a_durable_successor_never_outlives_its_dependency ... FAILED
test txmodel::tests::a_failed_exec_command_is_embedded_and_the_rest_commits ... ok
test txmodel::tests::a_cross_owner_msetnx_is_one_condition_over_every_owner ... FAILED
test txmodel::tests::a_failed_native_condition_publishes_nothing ... FAILED
test txmodel::tests::a_remote_prepare_never_meets_a_reissued_txid ... FAILED
test txmodel::tests::a_repeated_watch_keeps_the_first_registrations_history ... FAILED
test txmodel::tests::a_refused_destination_never_strands_the_source ... FAILED
test txmodel::tests::a_revision_token_never_repeats_across_the_version_wrap ... FAILED
test txmodel::tests::absent_present_absent_aborts ... FAILED
test txmodel::tests::a_watch_only_key_is_held_through_the_decision ... FAILED
test txmodel::tests::an_acked_dependent_transaction_is_never_dropped ... ok
test txmodel::tests::an_exhausted_incarnation_counter_refuses_instead_of_repeating ... FAILED
test txmodel::tests::delete_recreate_aborts ... FAILED
test txmodel::tests::everysec_checkpoint_never_holds_half_a_transaction ... FAILED
test txmodel::tests::eviction_and_owner_restart_fail_closed ... FAILED
test txmodel::tests::outcome_is_typed ... ok
test txmodel::tests::reservation_without_the_checkpoint_field_reissues_after_truncation ... ok
test txmodel::tests::readers_never_observe_an_uncommitted_write ... FAILED
test txmodel::tests::reschedule_rule_completes_the_two_key_history_with_a_counted_retry ... ok
test txmodel::tests::withdrawn_independent_legs_publish_half_an_msetnx ... ok
test txmodel::tests::withdrawn_live_writes_outlive_a_cancel_between_two_legs ... ok
test txmodel::tests::withdrawn_live_writes_survive_a_failed_native_condition ... ok
test txmodel::tests::withdrawn_incarnation_at_creation_repeats_after_the_version_wraps ... ok
test txmodel::tests::withdrawn_plain_successor_outlives_its_dropped_source ... ok
test txmodel::tests::fault_storms_publish_all_or_nothing_and_leak_nothing ... FAILED
test txmodel::tests::withdrawn_replay_maximum_reissues_the_remote_prepares_txid ... ok
test txmodel::tests::withdrawn_replayed_maximum_reissues_a_dead_incarnation ... ok
test txmodel::tests::withdrawn_reregistration_launders_the_mutation_between_two_watches ... ok
test txmodel::tests::chosen_rules_and_oracle_agree_with_redis_on_every_fixture_line ... ok
test txmodel::tests::withdrawn_rule_deadlocks_on_the_two_key_history ... ok
test txmodel::tests::withdrawn_validate_and_release_commits_over_a_mutated_watch ... ok
test txmodel::tests::storms_never_deadlock_and_reads_are_serializable ... FAILED
test txmodel::tests::cancellation_aborts_before_the_decision_and_completes_after_it ... FAILED
test txmodel::tests::without_ack_gating_an_acked_dependent_transaction_is_dropped ... ok
test txmodel::tests::dependent_stages_abort_at_the_combine_step_and_complete_after_the_decision ... FAILED
test txmodel::tests::withdrawn_endpoint_equality_accepts_absent_present_absent ... ok
test txmodel::tests::withdrawn_immediate_predecessor_leaks_half_of_the_older_transaction ... ok
test txmodel::tests::two_key_history_completes_without_deadlock ... FAILED
test txmodel::tests::withdrawn_independent_legs_rename_from_the_pre_transaction_value ... ok
test txmodel::tests::withdrawn_cancel_until_durable_publishes_half_a_commit_within_64_seeds ... ok
test txmodel::tests::registration_agrees_with_the_history_oracle_on_random_histories ... FAILED
test txmodel::tests::withdrawn_watch_rules_disagree_on_random_histories ... ok
test txmodel::tests::random_identity_histories_never_reissue ... FAILED
test txmodel::tests::withdrawn_read_bypass_observes_an_uncommitted_write_within_64_seeds ... ok
test txmodel::tests::withdrawn_identity_reissues_within_2000_seeds ... ok
test txmodel::tests::random_crash_interleavings_are_all_or_nothing ... FAILED
test txmodel::tests::random_revision_histories_never_repeat_a_durable_token ... FAILED
test txmodel::tests::withdrawn_rules_leave_half_a_transaction_in_the_checkpoint ... ok
test txmodel::tests::withdrawn_rule_deadlocks_some_storm_within_64_seeds ... ok
test txmodel::tests::withdrawn_revision_rules_repeat_within_2000_seeds ... ok
test txmodel::tests::withdrawn_independent_legs_violate_some_fault_storm_within_64_seeds ... ok
test txmodel::tests::withdrawn_rules_violate_some_fault_storm_within_64_seeds ... ok
test txmodel::tests::random_lineage_interleavings_are_serializable_and_keep_every_ack ... FAILED
test txmodel::tests::every_terminal_path_releases_every_intent_and_every_staged_set ... ok
test txmodel::tests::reschedule_retries_scale_with_contention_and_canonical_has_none ... ok
test txmodel::tests::withdrawn_lineage_rules_violate_some_random_interleavings ... ok

failures:

---- txmodel::tests::a_dead_incarnation_is_never_reissued_after_a_checkpointed_restart stdout ----

thread 'txmodel::tests::a_dead_incarnation_is_never_reissued_after_a_checkpointed_restart' (302503) panicked at bins/inf-sim/src/txmodel.rs:4180:9:
REVISION REPEAT: (1, 0) issued again for a new incarnation — the counter resumed below a dead incarnation after a restart
note: run with `RUST_BACKTRACE=1` environment variable to display a backtrace

---- txmodel::tests::a_checkpoint_streams_the_decision_qualified_image stdout ----

thread 'txmodel::tests::a_checkpoint_streams_the_decision_qualified_image' (302500) panicked at bins/inf-sim/src/txmodel.rs:4007:9:
SERIALIZABILITY VIOLATION after crash: recovered [100, 11] is no serial subset of [Tx(1), Tx(2)] (decisions durable: {})

---- txmodel::tests::a_cross_owner_rename_ships_the_value_the_transaction_staged stdout ----

thread 'txmodel::tests::a_cross_owner_rename_ships_the_value_the_transaction_staged' (302502) panicked at bins/inf-sim/src/txmodel.rs:3599:13:
native false: DEPENDENT COMMAND: T1's RENAME 0→1 left key 1@cell1 = absent where the serial history gives T1

---- txmodel::tests::a_durable_successor_never_outlives_its_dependency stdout ----

thread 'txmodel::tests::a_durable_successor_never_outlives_its_dependency' (302505) panicked at bins/inf-sim/src/txmodel.rs:3988:9:
SERIALIZABILITY VIOLATION after crash: recovered [10, 101] is no serial subset of [Tx(1), Incr { cell: 1, id: 1 }] (decisions durable: {})

---- txmodel::tests::a_cross_owner_msetnx_is_one_condition_over_every_owner stdout ----

thread 'txmodel::tests::a_cross_owner_msetnx_is_one_condition_over_every_owner' (302501) panicked at bins/inf-sim/src/txmodel.rs:3654:13:
native false: DEPENDENT COMMAND: T2's MSETNX [0, 1] left key 0@cell0 = T2 where the serial history gives absent

---- txmodel::tests::a_failed_native_condition_publishes_nothing stdout ----

thread 'txmodel::tests::a_failed_native_condition_publishes_nothing' (302507) panicked at bins/inf-sim/src/txmodel.rs:3457:9:
STAGING VIOLATION: T1 aborted (condition failed) but its write to key 0@cell0 is published

---- txmodel::tests::a_remote_prepare_never_meets_a_reissued_txid stdout ----

thread 'txmodel::tests::a_remote_prepare_never_meets_a_reissued_txid' (302509) panicked at bins/inf-sim/src/txmodel.rs:4093:9:
TXID REISSUE: (0, 41) issued again while a remote participant's durable prepare still carries it

---- txmodel::tests::a_repeated_watch_keeps_the_first_registrations_history stdout ----

thread 'txmodel::tests::a_repeated_watch_keeps_the_first_registrations_history' (302510) panicked at bins/inf-sim/src/txmodel.rs:3809:13:
assertion `left == right` failed: WATCH ORACLE RESET: [Watch(0), Set(0), Watch(0), Exec] accepted by Rules { representation: EndpointEquality, repeated_watch: Reregister }
  left: Commit
 right: Abort

---- txmodel::tests::a_refused_destination_never_strands_the_source stdout ----

thread 'txmodel::tests::a_refused_destination_never_strands_the_source' (302508) panicked at bins/inf-sim/src/txmodel.rs:3608:9:
DEPENDENT COMMAND: T1's RENAME 0→1 left key 0@cell0 = absent where the serial history gives T1

---- txmodel::tests::a_revision_token_never_repeats_across_the_version_wrap stdout ----

thread 'txmodel::tests::a_revision_token_never_repeats_across_the_version_wrap' (302511) panicked at bins/inf-sim/src/txmodel.rs:4163:46:
REVISION REPEAT: (1, 0) issued again after 8 mutations of a record that never left — the u3 version wrapped under incarnation 1

---- txmodel::tests::absent_present_absent_aborts stdout ----

thread 'txmodel::tests::absent_present_absent_aborts' (302513) panicked at bins/inf-sim/src/txmodel.rs:3751:9:
assertion `left == right` failed: WATCH HISTORY VIOLATION: absent → present → absent accepted by Rules { representation: EndpointEquality, repeated_watch: Reregister }
  left: Commit
 right: Abort

---- txmodel::tests::a_watch_only_key_is_held_through_the_decision stdout ----

thread 'txmodel::tests::a_watch_only_key_is_held_through_the_decision' (302512) panicked at bins/inf-sim/src/txmodel.rs:3410:9:
WATCH INTERVAL VIOLATION: T1 committed after key 1 was mutated between the owner's validation and the decision

---- txmodel::tests::an_exhausted_incarnation_counter_refuses_instead_of_repeating stdout ----

thread 'txmodel::tests::an_exhausted_incarnation_counter_refuses_instead_of_repeating' (302515) panicked at bins/inf-sim/src/txmodel.rs:4197:46:
REVISION REPEAT: (1, 0) issued again for a new incarnation — the u4 incarnation counter wrapped

---- txmodel::tests::delete_recreate_aborts stdout ----

thread 'txmodel::tests::delete_recreate_aborts' (302518) panicked at bins/inf-sim/src/txmodel.rs:3772:9:
assertion `left == right` failed: WATCH HISTORY VIOLATION: delete/recreate accepted by Rules { representation: EndpointEquality, repeated_watch: Reregister }
  left: Commit
 right: Abort

---- txmodel::tests::everysec_checkpoint_never_holds_half_a_transaction stdout ----

thread 'txmodel::tests::everysec_checkpoint_never_holds_half_a_transaction' (302521) panicked at bins/inf-sim/src/txmodel.rs:3927:9:
PARTIAL COMMIT after crash: key0 = 10, key1 = 100 (decision durable: false)

---- txmodel::tests::eviction_and_owner_restart_fail_closed stdout ----

thread 'txmodel::tests::eviction_and_owner_restart_fail_closed' (302522) panicked at bins/inf-sim/src/txmodel.rs:3788:13:
assertion `left == right` failed: WATCH HISTORY VIOLATION: [Set(0), Watch(0), Evict(0), Exec] accepted by Rules { representation: EndpointEquality, repeated_watch: Reregister }
  left: Commit
 right: Abort

---- txmodel::tests::readers_never_observe_an_uncommitted_write stdout ----

thread 'txmodel::tests::readers_never_observe_an_uncommitted_write' (302529) panicked at bins/inf-sim/src/txmodel.rs:3390:13:
seed 4: READ UNCOMMITTED: T3 read key 1 written by T1 before T1's decision

---- txmodel::tests::fault_storms_publish_all_or_nothing_and_leak_nothing stdout ----

thread 'txmodel::tests::fault_storms_publish_all_or_nothing_and_leak_nothing' (302523) panicked at bins/inf-sim/src/txmodel.rs:3566:13:
seed 1: ACQUISITION DEADLOCK: 14 transaction(s) stuck with no message in flight — T1 waits on key 0@cell0 behind T7; T1 waits on key 2@cell2 behind T12; T3 waits on key 5@cell1 behind T19; T3 waits on key 2@cell2 behind T12,T1; T5 waits on key 0@cell0 behind T7,T1; T5 waits on key 4@cell0 behind T1; T5 waits on key 5@cell1 behind T19,T3; T6 waits on key 4@cell0 behind T1,T5; T6 waits on key 2@cell2 behind T12,T1,T3; T7 waits on key 2@cell2 behind T12,T1,T3,T6; T9 waits on key 5@cell1 behind T19,T3,T5; T12 waits on key 4@cell0 behind T1,T5,T6; T12 waits on key 1@cell1 behind T3,T6; T13 waits on key 1@cell1 behind T3,T6,T12; T13 waits on key 5@cell1 behind T19,T3,T5,T9; T15 waits on key 5@cell1 behind T19,T3,T5,T9,T13; T15 waits on key 2@cell2 behind T12,T1,T3,T6,T7; T16 waits on key 2@cell2 behind T12,T1,T3,T6,T7,T15; T18 waits on key 0@cell0 behind T7,T1,T5; T18 waits on key 2@cell2 behind T12,T1,T3,T6,T7,T15,T16; T19 waits on key 0@cell0 behind T7,T1,T5,T18; T19 waits on key 1@cell1 behind T3,T6,T12,T13; T22 waits on key 4@cell0 behind T1,T5,T6,T12; T22 waits on key 1@cell1 behind T3,T6,T12,T13,T19; T22 waits on key 2@cell2 behind T12,T1,T3,T6,T7,T15,T16,T18; T24 waits on key 4@cell0 behind T1,T5,T6,T12,T22

---- txmodel::tests::storms_never_deadlock_and_reads_are_serializable stdout ----

thread 'txmodel::tests::storms_never_deadlock_and_reads_are_serializable' (302534) panicked at bins/inf-sim/src/txmodel.rs:3351:13:
seed 1: ACQUISITION DEADLOCK: 22 transaction(s) stuck with no message in flight — T1 waits on key 0@cell0 behind T18; T2 waits on key 0@cell0 behind T18,T1; T2 waits on key 4@cell0 behind T10; T2 waits on key 3@cell3 behind T9; T3 waits on key 4@cell0 behind T10,T2; T4 waits on key 4@cell0 behind T10,T2,T3; T4 waits on key 3@cell3 behind T9,T2; T6 waits on key 5@cell1 behind T13; T6 waits on key 2@cell2 behind T15,T3; T8 waits on key 2@cell2 behind T15,T3,T6; T9 waits on key 0@cell0 behind T18,T1,T2; T10 waits on key 2@cell2 behind T15,T3,T6,T8; T11 waits on key 2@cell2 behind T15,T3,T6,T8,T10; T12 waits on key 2@cell2 behind T15,T3,T6,T8,T10,T11; T12 waits on key 3@cell3 behind T9,T2,T4; T13 waits on key 0@cell0 behind T18,T1,T2,T9; T14 waits on key 2@cell2 behind T15,T3,T6,T8,T10,T11,T12; T15 waits on key 1@cell1 behind T12; T16 waits on key 0@cell0 behind T18,T1,T2,T9,T13; T16 waits on key 4@cell0 behind T10,T2,T3,T4; T17 waits on key 4@cell0 behind T10,T2,T3,T4,T16; T17 waits on key 1@cell1 behind T12,T15; T17 waits on key 2@cell2 behind T15,T3,T6,T8,T10,T11,T12,T14; T18 waits on key 2@cell2 behind T15,T3,T6,T8,T10,T11,T12,T14,T17; T18 waits on key 3@cell3 behind T9,T2,T4,T12; T19 waits on key 1@cell1 behind T12,T15,T17; T19 waits on key 5@cell1 behind T13,T6; T19 waits on key 3@cell3 behind T9,T2,T4,T12,T18; T20 waits on key 1@cell1 behind T12,T15,T17,T19; T21 waits on key 3@cell3 behind T9,T2,T4,T12,T18,T19; T22 waits on key 1@cell1 behind T12,T15,T17,T19,T20; T22 waits on key 5@cell1 behind T13,T6,T19; T22 waits on key 2@cell2 behind T15,T3,T6,T8,T10,T11,T12,T14,T17,T18; T23 waits on key 0@cell0 behind T18,T1,T2,T9,T13,T16; T23 waits on key 5@cell1 behind T13,T6,T19,T22; T23 waits on key 2@cell2 behind T15,T3,T6,T8,T10,T11,T12,T14,T17,T18,T22; T24 waits on key 5@cell1 behind T13,T6,T19,T22,T23; T24 waits on key 2@cell2 behind T15,T3,T6,T8,T10,T11,T12,T14,T17,T18,T22,T23

---- txmodel::tests::cancellation_aborts_before_the_decision_and_completes_after_it stdout ----

thread 'txmodel::tests::cancellation_aborts_before_the_decision_and_completes_after_it' (302516) panicked at bins/inf-sim/src/txmodel.rs:3495:21:
Execute Disconnect seed 1: STAGING VIOLATION: T1 aborted (disconnect) but its write to key 0@cell0 is published

---- txmodel::tests::dependent_stages_abort_at_the_combine_step_and_complete_after_the_decision stdout ----

thread 'txmodel::tests::dependent_stages_abort_at_the_combine_step_and_complete_after_the_decision' (302519) panicked at bins/inf-sim/src/txmodel.rs:3685:21:
Execute Disconnect seed 1: STAGING VIOLATION: T1 aborted (disconnect) but its write to key 0@cell0 is published

---- txmodel::tests::two_key_history_completes_without_deadlock stdout ----

thread 'txmodel::tests::two_key_history_completes_without_deadlock' (302535) panicked at bins/inf-sim/src/txmodel.rs:3324:9:
ACQUISITION DEADLOCK: 2 transaction(s) stuck with no message in flight — T1 waits on key 1@cell1 behind T2; T2 waits on key 0@cell0 behind T1

---- txmodel::tests::registration_agrees_with_the_history_oracle_on_random_histories stdout ----

thread 'txmodel::tests::registration_agrees_with_the_history_oracle_on_random_histories' (302530) panicked at bins/inf-sim/src/txmodel.rs:3852:9:
WATCH HISTORY VIOLATION on 390 of 2000 histories under Rules { representation: EndpointEquality, repeated_watch: Reregister }; first: seed 11 [Expire(1), Unwatch, Restart, Expire(1), Restart, Watch(0), Evict(0), Exec]: Commit vs oracle Abort

---- txmodel::tests::random_identity_histories_never_reissue stdout ----

thread 'txmodel::tests::random_identity_histories_never_reissue' (302526) panicked at bins/inf-sim/src/txmodel.rs:4129:9:
TXID REISSUE on 889 of 2000 histories under Rules { resume_from_durable_reservation: false, checkpoint_carries_reservation: false }; first: seed 1: TXID REISSUE: (0, 1) issued again while a remote participant's durable prepare still carries it

---- txmodel::tests::random_crash_interleavings_are_all_or_nothing stdout ----

thread 'txmodel::tests::random_crash_interleavings_are_all_or_nothing' (302525) panicked at bins/inf-sim/src/txmodel.rs:3968:9:
926 of 2000 interleavings partial under Rules { decision_waits_for_durable_prepares: false, checkpoint_streams_predecessor: false }; first: seed 1: PARTIAL COMMIT after crash: key0 = 10, key1 = 100 (decision durable: false)

---- txmodel::tests::random_revision_histories_never_repeat_a_durable_token stdout ----

thread 'txmodel::tests::random_revision_histories_never_repeat_a_durable_token' (302528) panicked at bins/inf-sim/src/txmodel.rs:4216:9:
REVISION REPEAT on 1208 of 2000 histories under Rules { reincarnate_on_wrap: false, resume_from_durable_reservation: false, refuse_at_exhaustion: false }; first: seed 3: REVISION REPEAT: (2, 0) issued again after 8 mutations of a record that never left — the u3 version wrapped under incarnation 2

---- txmodel::tests::random_lineage_interleavings_are_serializable_and_keep_every_ack stdout ----

thread 'txmodel::tests::random_lineage_interleavings_are_serializable_and_keep_every_ack' (302527) panicked at bins/inf-sim/src/txmodel.rs:4049:9:
75 of 2000 interleavings violated under Rules { successors_inherit_dependencies: false, pin_decision_qualified_image: false, ack_waits_for_dependencies: false }; first: seed 5: SERIALIZABILITY VIOLATION after crash: recovered [11, 101] is no serial subset of [Incr { cell: 0, id: 1 }, Tx(1), Incr { cell: 1, id: 2 }] (decisions durable: {})


failures:
    txmodel::tests::a_checkpoint_streams_the_decision_qualified_image
    txmodel::tests::a_cross_owner_msetnx_is_one_condition_over_every_owner
    txmodel::tests::a_cross_owner_rename_ships_the_value_the_transaction_staged
    txmodel::tests::a_dead_incarnation_is_never_reissued_after_a_checkpointed_restart
    txmodel::tests::a_durable_successor_never_outlives_its_dependency
    txmodel::tests::a_failed_native_condition_publishes_nothing
    txmodel::tests::a_refused_destination_never_strands_the_source
    txmodel::tests::a_remote_prepare_never_meets_a_reissued_txid
    txmodel::tests::a_repeated_watch_keeps_the_first_registrations_history
    txmodel::tests::a_revision_token_never_repeats_across_the_version_wrap
    txmodel::tests::a_watch_only_key_is_held_through_the_decision
    txmodel::tests::absent_present_absent_aborts
    txmodel::tests::an_exhausted_incarnation_counter_refuses_instead_of_repeating
    txmodel::tests::cancellation_aborts_before_the_decision_and_completes_after_it
    txmodel::tests::delete_recreate_aborts
    txmodel::tests::dependent_stages_abort_at_the_combine_step_and_complete_after_the_decision
    txmodel::tests::everysec_checkpoint_never_holds_half_a_transaction
    txmodel::tests::eviction_and_owner_restart_fail_closed
    txmodel::tests::fault_storms_publish_all_or_nothing_and_leak_nothing
    txmodel::tests::random_crash_interleavings_are_all_or_nothing
    txmodel::tests::random_identity_histories_never_reissue
    txmodel::tests::random_lineage_interleavings_are_serializable_and_keep_every_ack
    txmodel::tests::random_revision_histories_never_repeat_a_durable_token
    txmodel::tests::readers_never_observe_an_uncommitted_write
    txmodel::tests::registration_agrees_with_the_history_oracle_on_random_histories
    txmodel::tests::storms_never_deadlock_and_reads_are_serializable
    txmodel::tests::two_key_history_completes_without_deadlock

test result: FAILED. 33 passed; 27 failed; 0 ignored; 0 measured; 3 filtered out; finished in 0.12s

error: test failed, to rerun pass `-p inf-sim --lib`
