SAME m0-smoke 0xC0FFEE (1 lines)
SAME m0-smoke 0xD5EE0016 (1 lines)
SAME m0-smoke 0x7A11 (1 lines)
SAME m0-smoke 0x1234ABCD (1 lines)
SAME m0-adversarial --cells 4 0xC0FFEE (1 lines)
SAME m0-adversarial --cells 4 0xD5EE0016 (1 lines)
SAME m0-adversarial --cells 4 0x7A11 (1 lines)
SAME m0-adversarial --cells 4 0x1234ABCD (1 lines)
SAME m0-surface --cells 4 0xC0FFEE (1 lines)
SAME m0-surface --cells 4 0xD5EE0016 (1 lines)
SAME m0-surface --cells 4 0x7A11 (1 lines)
SAME m0-surface --cells 4 0x1234ABCD (1 lines)
SAME m0-admission 0xC0FFEE (1 lines)
SAME m0-admission 0xD5EE0016 (1 lines)
SAME m0-admission 0x7A11 (1 lines)
SAME m0-admission 0x1234ABCD (1 lines)
SAME m1-cache 0xC0FFEE (1 lines)
SAME m1-cache 0xD5EE0016 (1 lines)
SAME m1-cache 0x7A11 (1 lines)
SAME m1-cache 0x1234ABCD (1 lines)
SAME m2-durable 0xC0FFEE (1 lines)
SAME m2-durable 0xD5EE0016 (1 lines)
SAME m2-durable 0x7A11 (1 lines)
SAME m2-durable 0x1234ABCD (1 lines)
SAME m2-clean-stop 0xC0FFEE (1 lines)
SAME m2-clean-stop 0xD5EE0016 (1 lines)
SAME m2-clean-stop 0x7A11 (1 lines)
SAME m2-clean-stop 0x1234ABCD (1 lines)
SAME m2-recycle 0xC0FFEE (1 lines)
SAME m2-recycle 0xD5EE0016 (1 lines)
SAME m2-recycle 0x7A11 (1 lines)
SAME m2-recycle 0x1234ABCD (1 lines)
SAME m2-combined 0xC0FFEE (1 lines)
SAME m2-combined 0xD5EE0016 (1 lines)
SAME m2-combined 0x7A11 (1 lines)
SAME m2-combined 0x1234ABCD (1 lines)
SAME m3-document 0xC0FFEE (1 lines)
SAME m3-document 0xD5EE0016 (1 lines)
SAME m3-document 0x7A11 (1 lines)
SAME m3-document 0x1234ABCD (1 lines)
SAME m4-tiered 0xC0FFEE (15 lines)
SAME m4-tiered 0xD5EE0016 (15 lines)
SAME m4-tiered 0x7A11 (3 lines)
SAME m4-tiered 0x1234ABCD (3 lines)
SAME m4-recovery 0xC0FFEE (1 lines)
SAME m4-recovery 0xD5EE0016 (1 lines)
SAME m4-recovery 0x7A11 (1 lines)
SAME m4-recovery 0x1234ABCD (1 lines)
SAME m4-cold 0xC0FFEE (1 lines)
SAME m4-cold 0xD5EE0016 (1 lines)
SAME m4-cold 0x7A11 (1 lines)
SAME m4-cold 0x1234ABCD (1 lines)
SAME m45-backfill 0xC0FFEE (17 lines)
SAME m45-backfill 0xD5EE0016 (17 lines)
SAME m45-backfill 0x7A11 (17 lines)
SAME m45-backfill 0x1234ABCD (17 lines)
SAME m45-sidecar 0xC0FFEE (17 lines)
SAME m45-sidecar 0xD5EE0016 (17 lines)
SAME m45-sidecar 0x7A11 (17 lines)
SAME m45-sidecar 0x1234ABCD (17 lines)
ab: same=60 diff=0
