LINE-WIDTH violation: crates/inf-alloc/src/arena.rs:654 is 129 columns (bar 100)
LINE-WIDTH violation: crates/inf-doc/src/path/cache.rs:519 is 123 columns (bar 100)
LINE-WIDTH violation: crates/inf-doc/tests/path_eval.rs:601 is 108 columns (bar 100)
LINE-WIDTH violation: crates/inf-doc/tests/path_yield_alloc.rs:28 is 117 columns (bar 100)
LINE-WIDTH violation: crates/inf-doc/tests/path_yield_alloc.rs:29 is 158 columns (bar 100)
LINE-WIDTH violation: crates/inf-log/benches/tier_flush.rs:151 is 101 columns (bar 100)
LINE-WIDTH violation: crates/inf-log/src/blob.rs:142 is 115 columns (bar 100)
LINE-WIDTH violation: crates/inf-log/src/blob.rs:391 is 113 columns (bar 100)
LINE-WIDTH violation: crates/inf-log/src/commit.rs:553 is 119 columns (bar 100)
LINE-WIDTH violation: crates/inf-log/src/commit.rs:1094 is 166 columns (bar 100)
LINE-WIDTH violation: crates/inf-log/src/fault.rs:13 is 180 columns (bar 100)
LINE-WIDTH violation: crates/inf-log/src/fault.rs:14 is 209 columns (bar 100)
LINE-WIDTH violation: crates/inf-log/src/fault.rs:15 is 135 columns (bar 100)
LINE-WIDTH violation: crates/inf-log/src/fault.rs:16 is 187 columns (bar 100)
LINE-WIDTH violation: crates/inf-log/src/fault.rs:17 is 142 columns (bar 100)
LINE-WIDTH violation: crates/inf-log/src/fault.rs:18 is 165 columns (bar 100)
LINE-WIDTH violation: crates/inf-log/src/fault.rs:19 is 168 columns (bar 100)
LINE-WIDTH violation: crates/inf-log/src/fault.rs:20 is 316 columns (bar 100)
LINE-WIDTH violation: crates/inf-log/src/fault.rs:21 is 147 columns (bar 100)
LINE-WIDTH violation: crates/inf-log/src/fault.rs:22 is 176 columns (bar 100)
LINE-WIDTH violation: crates/inf-log/src/fault.rs:23 is 206 columns (bar 100)
LINE-WIDTH violation: crates/inf-log/src/fault.rs:24 is 190 columns (bar 100)
LINE-WIDTH violation: crates/inf-log/src/fault.rs:25 is 303 columns (bar 100)
LINE-WIDTH violation: crates/inf-log/src/fault.rs:26 is 248 columns (bar 100)
LINE-WIDTH violation: crates/inf-log/src/fault.rs:27 is 166 columns (bar 100)
LINE-WIDTH violation: crates/inf-log/src/fault.rs:28 is 270 columns (bar 100)
LINE-WIDTH violation: crates/inf-log/src/fault.rs:29 is 192 columns (bar 100)
LINE-WIDTH violation: crates/inf-log/src/fault.rs:30 is 306 columns (bar 100)
LINE-WIDTH violation: crates/inf-log/src/fault.rs:31 is 241 columns (bar 100)
LINE-WIDTH violation: crates/inf-log/src/flush.rs:146 is 120 columns (bar 100)
LINE-WIDTH violation: crates/inf-log/src/segment.rs:238 is 102 columns (bar 100)
LINE-WIDTH violation: crates/inf-log/src/segment.rs:1116 is 101 columns (bar 100)
LINE-WIDTH violation: crates/inf-log/src/segment.rs:1563 is 108 columns (bar 100)
LINE-WIDTH violation: crates/inf-log/src/segment.rs:1574 is 103 columns (bar 100)
LINE-WIDTH violation: crates/inf-log/src/tier.rs:1007 is 114 columns (bar 100)
LINE-WIDTH violation: crates/inf-log/src/tier.rs:1059 is 114 columns (bar 100)
LINE-WIDTH violation: crates/inf-log/tests/boot_scan.rs:39 is 106 columns (bar 100)
LINE-WIDTH violation: crates/inf-log/tests/boot_scan.rs:52 is 108 columns (bar 100)
LINE-WIDTH violation: crates/inf-log/tests/frame_roundtrip.rs:304 is 120 columns (bar 100)
LINE-WIDTH violation: crates/inf-log/tests/frame_roundtrip.rs:328 is 116 columns (bar 100)
LINE-WIDTH violation: crates/inf-query/src/page.rs:4 is 114 columns (bar 100)
LINE-WIDTH violation: crates/inf-query/src/partiql/cache.rs:617 is 123 columns (bar 100)
LINE-WIDTH violation: crates/inf-query/src/partiql/cache.rs:645 is 124 columns (bar 100)
LINE-WIDTH violation: crates/inf-query/tests/partiql_suite.rs:198 is 106 columns (bar 100)
LINE-WIDTH violation: crates/inf-query/tests/partiql_suite.rs:218 is 108 columns (bar 100)
LINE-WIDTH violation: crates/inf-query/tests/partiql_suite.rs:226 is 109 columns (bar 100)
LINE-WIDTH violation: crates/inf-query/tests/partiql_suite.rs:227 is 106 columns (bar 100)
LINE-WIDTH violation: crates/inf-query/tests/partiql_suite.rs:268 is 104 columns (bar 100)
LINE-WIDTH violation: crates/inf-query/tests/partiql_suite.rs:349 is 102 columns (bar 100)
LINE-WIDTH violation: crates/inf-query/tests/partiql_suite.rs:419 is 104 columns (bar 100)
LINE-WIDTH violation: crates/inf-runtime/tests/steel_thread.rs:491 is 131 columns (bar 100)
LINE-WIDTH violation: crates/inf-server/src/admin.rs:1209 is 115 columns (bar 100)
LINE-WIDTH violation: crates/inf-server/src/admin.rs:1215 is 112 columns (bar 100)
LINE-WIDTH violation: crates/inf-server/src/admin.rs:1470 is 118 columns (bar 100)
LINE-WIDTH violation: crates/inf-server/src/admin.rs:2108 is 106 columns (bar 100)
LINE-WIDTH violation: crates/inf-server/src/admin.rs:2118 is 106 columns (bar 100)
LINE-WIDTH violation: crates/inf-server/src/control.rs:1380 is 104 columns (bar 100)
LINE-WIDTH violation: crates/inf-server/src/control.rs:1395 is 114 columns (bar 100)
LINE-WIDTH violation: crates/inf-server/src/durable.rs:890 is 102 columns (bar 100)
LINE-WIDTH violation: crates/inf-server/src/durable.rs:1418 is 171 columns (bar 100)
LINE-WIDTH violation: crates/inf-server/src/exec.rs:1547 is 201 columns (bar 100)
LINE-WIDTH violation: crates/inf-server/src/exec.rs:3183 is 142 columns (bar 100)
LINE-WIDTH violation: crates/inf-server/src/fault.rs:10 is 322 columns (bar 100)
LINE-WIDTH violation: crates/inf-server/src/fault.rs:11 is 380 columns (bar 100)
LINE-WIDTH violation: crates/inf-server/src/fault.rs:12 is 550 columns (bar 100)
LINE-WIDTH violation: crates/inf-server/src/fault.rs:13 is 406 columns (bar 100)
LINE-WIDTH violation: crates/inf-server/src/fault.rs:14 is 418 columns (bar 100)
LINE-WIDTH violation: crates/inf-server/src/fault.rs:15 is 366 columns (bar 100)
LINE-WIDTH violation: crates/inf-server/src/fault.rs:16 is 379 columns (bar 100)
LINE-WIDTH violation: crates/inf-server/src/fault.rs:17 is 509 columns (bar 100)
LINE-WIDTH violation: crates/inf-server/src/fault.rs:18 is 409 columns (bar 100)
LINE-WIDTH violation: crates/inf-server/src/plane.rs:7200 is 103 columns (bar 100)
LINE-WIDTH violation: crates/inf-server/src/pubsub.rs:147 is 129 columns (bar 100)
LINE-WIDTH violation: crates/inf-server/src/readahead.rs:76 is 104 columns (bar 100)
LINE-WIDTH violation: crates/inf-server/src/tier_cell.rs:875 is 161 columns (bar 100)
LINE-WIDTH violation: crates/inf-server/tests/doc_rss_attribution.rs:92 is 124 columns (bar 100)
LINE-WIDTH violation: crates/inf-server/tests/json_commands.rs:851 is 126 columns (bar 100)
LINE-WIDTH violation: crates/inf-server/tests/json_commands.rs:859 is 121 columns (bar 100)
LINE-WIDTH violation: crates/inf-server/tests/json_commands.rs:874 is 142 columns (bar 100)
LINE-WIDTH violation: crates/inf-server/tests/node_e2e.rs:3062 is 106 columns (bar 100)
LINE-WIDTH violation: crates/inf-server/tests/node_e2e.rs:3322 is 105 columns (bar 100)
LINE-WIDTH violation: crates/inf-server/tests/node_e2e.rs:3792 is 187 columns (bar 100)
LINE-WIDTH violation: crates/inf-server/tests/node_e2e.rs:6443 is 101 columns (bar 100)
LINE-WIDTH violation: crates/inf-server/tests/node_e2e.rs:6999 is 102 columns (bar 100)
LINE-WIDTH violation: crates/inf-simd/src/swar.rs:220 is 103 columns (bar 100)
LINE-WIDTH violation: crates/inf-simd/src/swar.rs:226 is 108 columns (bar 100)
LINE-WIDTH violation: crates/inf-simd/src/utf8.rs:321 is 110 columns (bar 100)
LINE-WIDTH violation: crates/inf-store/benches/demotion_storm.rs:189 is 184 columns (bar 100)
LINE-WIDTH violation: crates/inf-store/benches/doc_durability.rs:215 is 152 columns (bar 100)
LINE-WIDTH violation: crates/inf-store/benches/doc_durability.rs:222 is 144 columns (bar 100)
LINE-WIDTH violation: crates/inf-store/benches/doc_prefetch.rs:165 is 125 columns (bar 100)
LINE-WIDTH violation: crates/inf-store/benches/doc_prefetch.rs:190 is 175 columns (bar 100)
LINE-WIDTH violation: crates/inf-store/benches/doc_prefetch.rs:216 is 124 columns (bar 100)
LINE-WIDTH violation: crates/inf-store/benches/doc_prefetch.rs:229 is 118 columns (bar 100)
LINE-WIDTH violation: crates/inf-store/benches/store.rs:151 is 105 columns (bar 100)
LINE-WIDTH violation: crates/inf-store/src/catalog.rs:239 is 105 columns (bar 100)
LINE-WIDTH violation: crates/inf-store/src/fault.rs:10 is 257 columns (bar 100)
LINE-WIDTH violation: crates/inf-store/src/fault.rs:11 is 291 columns (bar 100)
LINE-WIDTH violation: crates/inf-store/src/fault.rs:12 is 271 columns (bar 100)
LINE-WIDTH violation: crates/inf-store/src/ordered.rs:1972 is 107 columns (bar 100)
LINE-WIDTH violation: crates/inf-store/src/ordered.rs:1975 is 110 columns (bar 100)
LINE-WIDTH violation: crates/inf-store/src/ordered.rs:1980 is 111 columns (bar 100)
LINE-WIDTH violation: crates/inf-store/src/tiered_recover.rs:94 is 101 columns (bar 100)
LINE-WIDTH violation: crates/inf-store/src/write_accounting.rs:19 is 162 columns (bar 100)
LINE-WIDTH violation: crates/inf-store/src/write_accounting.rs:20 is 189 columns (bar 100)
LINE-WIDTH violation: crates/inf-store/src/write_accounting.rs:21 is 222 columns (bar 100)
LINE-WIDTH violation: crates/inf-store/src/write_accounting.rs:22 is 173 columns (bar 100)
LINE-WIDTH violation: crates/inf-store/tests/doc_attribution.rs:126 is 145 columns (bar 100)
LINE-WIDTH violation: crates/inf-store/tests/doc_attribution.rs:146 is 101 columns (bar 100)
LINE-WIDTH violation: crates/inf-store/tests/evict.rs:702 is 117 columns (bar 100)
LINE-WIDTH violation: crates/inf-store/tests/index_backfill_storm.rs:16 is 104 columns (bar 100)
LINE-WIDTH violation: crates/inf-store/tests/index_backfill_storm.rs:17 is 116 columns (bar 100)
LINE-WIDTH violation: crates/inf-store/tests/index_backfill_storm.rs:18 is 127 columns (bar 100)
LINE-WIDTH violation: crates/inf-store/tests/index_backfill_storm.rs:19 is 147 columns (bar 100)
LINE-WIDTH violation: crates/inf-store/tests/index_backfill_storm.rs:20 is 181 columns (bar 100)
LINE-WIDTH violation: crates/inf-store/tests/index_backfill_storm.rs:24 is 167 columns (bar 100)
LINE-WIDTH violation: crates/inf-store/tests/index_backfill_storm.rs:25 is 150 columns (bar 100)
LINE-WIDTH violation: crates/inf-store/tests/index_backfill_storm.rs:26 is 112 columns (bar 100)
LINE-WIDTH violation: crates/inf-store/tests/index_backfill_storm.rs:27 is 102 columns (bar 100)
LINE-WIDTH violation: crates/inf-store/tests/index_sidecar.rs:8 is 165 columns (bar 100)
LINE-WIDTH violation: crates/inf-store/tests/index_sidecar.rs:9 is 130 columns (bar 100)
LINE-WIDTH violation: crates/inf-store/tests/index_sidecar.rs:18 is 113 columns (bar 100)
LINE-WIDTH violation: crates/inf-store/tests/index_sidecar.rs:20 is 215 columns (bar 100)
LINE-WIDTH violation: crates/inf-store/tests/tiered_blob.rs:478 is 102 columns (bar 100)
LINE-WIDTH violation: crates/inf-wire/tests/parser.rs:38 is 121 columns (bar 100)
LINE-WIDTH violation: bins/inf/src/probe.rs:33 is 110 columns (bar 100)
LINE-WIDTH violation: bins/inf-bench/src/bootstorm.rs:177 is 114 columns (bar 100)
LINE-WIDTH violation: bins/inf-bench/src/doc_corpus.rs:82 is 103 columns (bar 100)
LINE-WIDTH violation: bins/inf-bench/src/gaterun.rs:503 is 109 columns (bar 100)
LINE-WIDTH violation: bins/inf-bench/src/m45rows/s37measure.rs:303 is 112 columns (bar 100)
LINE-WIDTH violation: bins/inf-bench/src/m45rows/s37measure.rs:341 is 139 columns (bar 100)
LINE-WIDTH violation: bins/inf-bench/src/m45rows/s37measure.rs:342 is 202 columns (bar 100)
LINE-WIDTH violation: bins/inf-bench/src/m45rows.rs:713 is 101 columns (bar 100)
LINE-WIDTH violation: bins/inf-bench/src/m45rows.rs:849 is 103 columns (bar 100)
LINE-WIDTH violation: bins/inf-bench/src/m45rows.rs:1032 is 139 columns (bar 100)
LINE-WIDTH violation: bins/inf-bench/src/m45rows.rs:1081 is 168 columns (bar 100)
LINE-WIDTH violation: bins/inf-bench/src/m45rows.rs:1086 is 234 columns (bar 100)
LINE-WIDTH violation: bins/inf-bench/src/m45rows.rs:1092 is 148 columns (bar 100)
LINE-WIDTH violation: bins/inf-bench/src/m45rows.rs:1105 is 133 columns (bar 100)
LINE-WIDTH violation: bins/inf-bench/src/m45rows.rs:1122 is 186 columns (bar 100)
LINE-WIDTH violation: bins/inf-bench/src/m45rows.rs:1128 is 177 columns (bar 100)
LINE-WIDTH violation: bins/inf-bench/src/m45rows.rs:1132 is 419 columns (bar 100)
LINE-WIDTH violation: bins/inf-bench/src/m45rows.rs:1139 is 260 columns (bar 100)
LINE-WIDTH violation: bins/inf-bench/src/m45rows.rs:1587 is 110 columns (bar 100)
LINE-WIDTH violation: bins/inf-bench/src/main.rs:3 is 132 columns (bar 100)
LINE-WIDTH violation: bins/inf-bench/src/mixedaudit.rs:480 is 104 columns (bar 100)
LINE-WIDTH violation: bins/inf-bench/src/mixedaudit.rs:485 is 105 columns (bar 100)
LINE-WIDTH violation: bins/inf-bench/src/zipfian.rs:315 is 101 columns (bar 100)
LINE-WIDTH violation: bins/inf-bench/src/zipfian.rs:343 is 101 columns (bar 100)
LINE-WIDTH violation: bins/inf-compare/src/engine.rs:933 is 128 columns (bar 100)
LINE-WIDTH violation: bins/inf-compare/src/engine.rs:934 is 159 columns (bar 100)
LINE-WIDTH violation: bins/inf-compare/src/main.rs:3 is 143 columns (bar 100)
LINE-WIDTH violation: bins/inf-compare/src/main.rs:59 is 101 columns (bar 100)
LINE-WIDTH violation: bins/inf-compare/src/main.rs:60 is 104 columns (bar 100)
LINE-WIDTH violation: bins/inf-compare/src/main.rs:64 is 118 columns (bar 100)
LINE-WIDTH violation: bins/inf-compare/src/main.rs:65 is 106 columns (bar 100)
LINE-WIDTH violation: bins/inf-compare/src/main.rs:66 is 104 columns (bar 100)
LINE-WIDTH violation: bins/inf-compare/src/main.rs:178 is 111 columns (bar 100)
LINE-WIDTH violation: bins/inf-compare/src/main.rs:217 is 101 columns (bar 100)
LINE-WIDTH violation: bins/inf-compare/src/main.rs:225 is 123 columns (bar 100)
LINE-WIDTH violation: bins/inf-compare/src/main.rs:237 is 126 columns (bar 100)
LINE-WIDTH violation: bins/inf-compare/src/main.rs:253 is 103 columns (bar 100)
LINE-WIDTH violation: bins/inf-compare/src/redisbench.rs:94 is 152 columns (bar 100)
LINE-WIDTH violation: bins/inf-compare/src/redisbench.rs:95 is 104 columns (bar 100)
LINE-WIDTH violation: bins/inf-compare/src/redisbench.rs:103 is 126 columns (bar 100)
LINE-WIDTH violation: bins/inf-compare/src/report.rs:114 is 122 columns (bar 100)
LINE-WIDTH violation: bins/inf-compare/src/report.rs:153 is 189 columns (bar 100)
LINE-WIDTH violation: bins/inf-compare/src/report.rs:222 is 128 columns (bar 100)
LINE-WIDTH violation: bins/inf-compare/src/report.rs:248 is 176 columns (bar 100)
LINE-WIDTH violation: bins/inf-compare/src/report.rs:275 is 233 columns (bar 100)
LINE-WIDTH violation: bins/inf-compare/src/report.rs:280 is 251 columns (bar 100)
LINE-WIDTH violation: bins/inf-compare/src/report.rs:285 is 211 columns (bar 100)
LINE-WIDTH violation: bins/inf-compare/src/report.rs:290 is 173 columns (bar 100)
LINE-WIDTH violation: bins/inf-compare/src/report.rs:295 is 172 columns (bar 100)
LINE-WIDTH violation: bins/inf-compare/src/report.rs:300 is 194 columns (bar 100)
LINE-WIDTH violation: bins/inf-compare/src/report.rs:306 is 573 columns (bar 100)
LINE-WIDTH violation: bins/inf-compare/src/report.rs:312 is 189 columns (bar 100)
LINE-WIDTH violation: bins/inf-compare/src/report.rs:318 is 378 columns (bar 100)
LINE-WIDTH violation: bins/inf-compare/src/workload.rs:163 is 103 columns (bar 100)
LINE-WIDTH violation: bins/inf-sim/src/backfill.rs:95 is 111 columns (bar 100)
LINE-WIDTH violation: bins/inf-sim/src/durable.rs:1178 is 102 columns (bar 100)
LINE-WIDTH violation: bins/inf-sim/src/durable.rs:2253 is 136 columns (bar 100)
LINE-WIDTH violation: bins/inf-sim/src/durable.rs:2353 is 101 columns (bar 100)
LINE-WIDTH violation: bins/inf-sim/src/harness.rs:917 is 103 columns (bar 100)
LINE-WIDTH violation: bins/inf-sim/src/lib.rs:25 is 179 columns (bar 100)
LINE-WIDTH violation: bins/inf-sim/src/lib.rs:26 is 126 columns (bar 100)
LINE-WIDTH violation: bins/inf-sim/src/lib.rs:27 is 284 columns (bar 100)
LINE-WIDTH violation: bins/inf-sim/src/main.rs:109 is 304 columns (bar 100)
LINE-WIDTH violation: bins/inf-sim/src/main.rs:111 is 142 columns (bar 100)
LINE-WIDTH violation: bins/inf-sim/src/main.rs:1106 is 141 columns (bar 100)
LINE-WIDTH violation: bins/inf-sim/src/main.rs:1428 is 121 columns (bar 100)
LINE-WIDTH violation: bins/inf-sim/src/main.rs:1431 is 101 columns (bar 100)
LINE-WIDTH violation: bins/inf-sim/src/main.rs:1455 is 119 columns (bar 100)
LINE-WIDTH violation: bins/inf-sim/src/txmodel.rs:940 is 104 columns (bar 100)
LINE-WIDTH violation: bins/inf-sim/src/txmodel.rs:948 is 108 columns (bar 100)
LINE-WIDTH violation: bins/inf-sim/src/txmodel.rs:954 is 119 columns (bar 100)
LINE-WIDTH violation: bins/inf-sim/src/txmodel.rs:984 is 118 columns (bar 100)
LINE-WIDTH violation: bins/inf-sim/src/txmodel.rs:990 is 112 columns (bar 100)
LINE-WIDTH violation: bins/inf-sim/src/txmodel.rs:995 is 146 columns (bar 100)
LINE-WIDTH violation: bins/inf-sim/src/txmodel.rs:1008 is 119 columns (bar 100)
LINE-WIDTH violation: bins/inf-sim/src/txmodel.rs:1105 is 103 columns (bar 100)
LINE-WIDTH violation: bins/inf-sim/src/txmodel.rs:1109 is 102 columns (bar 100)
LINE-WIDTH violation: bins/inf-sim/src/txmodel.rs:1926 is 138 columns (bar 100)
LINE-WIDTH violation: bins/inf-sim/src/txmodel.rs:1977 is 113 columns (bar 100)
LINE-WIDTH violation: bins/inf-sim/src/txmodel.rs:3565 is 142 columns (bar 100)
LINE-WIDTH violation: bins/inf-sim/src/txmodel.rs:3578 is 186 columns (bar 100)
LINE-WIDTH violation: bins/inf-sim/src/txmodel.rs:3584 is 172 columns (bar 100)
LINE-WIDTH violation: bins/inf-sim/src/txmodel.rs:3868 is 129 columns (bar 100)
LINE-WIDTH violation: bins/inf-sim/src/txmodel.rs:4089 is 181 columns (bar 100)
LINE-WIDTH violation: bins/inf-sim/src/txmodel.rs:4588 is 121 columns (bar 100)
LINE-WIDTH violation: bins/inf-sim/src/txmodel.rs:4596 is 153 columns (bar 100)
LINE-WIDTH violation: bins/inf-sim/src/txmodel.rs:4603 is 140 columns (bar 100)
LINE-WIDTH violation: bins/inf-sim/src/txmodel.rs:4748 is 194 columns (bar 100)
LINE-WIDTH violation: bins/inf-sim/src/txmodel.rs:4761 is 110 columns (bar 100)
LINE-WIDTH violation: bins/inf-sim/src/txmodel.rs:4766 is 124 columns (bar 100)
LINE-WIDTH violation: bins/inf-sim/src/txmodel.rs:5158 is 219 columns (bar 100)
LINE-WIDTH violation: bins/inf-sim/src/txmodel.rs:5174 is 141 columns (bar 100)
LINE-WIDTH violation: bins/inf-sim/src/txmodel.rs:5185 is 107 columns (bar 100)
LINE-WIDTH violation: bins/inf-sim/src/txmodel.rs:5199 is 128 columns (bar 100)
LINE-WIDTH violation: bins/inf-sim/src/txmodel.rs:5337 is 155 columns (bar 100)
LINE-WIDTH violation: bins/inf-sim/src/txmodel.rs:5378 is 139 columns (bar 100)
LINE-WIDTH violation: bins/inf-sim/src/txmodel.rs:5425 is 140 columns (bar 100)
LINE-WIDTH violation: bins/inf-sim/src/txmodel.rs:5476 is 108 columns (bar 100)
LINE-WIDTH violation: bins/inf-sim/src/txmodel.rs:5544 is 123 columns (bar 100)
LINE-WIDTH violation: bins/inf-sim/src/txmodel.rs:5599 is 137 columns (bar 100)
LINE-WIDTH violation: bins/inf-sim/src/txmodel.rs:5637 is 105 columns (bar 100)
LINE-WIDTH violation: bins/inf-sim/src/txmodel.rs:5639 is 112 columns (bar 100)
LINE-WIDTH violation: bins/inf-sim/src/txmodel.rs:5648 is 103 columns (bar 100)
LINE-WIDTH violation: bins/inf-sim/src/txmodel.rs:5657 is 112 columns (bar 100)
LINE-WIDTH violation: bins/inf-sim/src/txmodel.rs:5684 is 115 columns (bar 100)
LINE-WIDTH violation: bins/inf-sim/src/txmodel.rs:5779 is 105 columns (bar 100)
LINE-WIDTH violation: bins/inf-sim/src/txmodel.rs:5783 is 112 columns (bar 100)
LINE-WIDTH violation: bins/inf-sim/src/txmodel.rs:6059 is 106 columns (bar 100)
LINE-WIDTH violation: bins/inf-sim/src/txmodel.rs:6095 is 101 columns (bar 100)
LINE-WIDTH violation: bins/inf-sim/src/txmodel.rs:6183 is 169 columns (bar 100)
LINE-WIDTH violation: bins/inf-sim/src/txmodel.rs:6203 is 151 columns (bar 100)
LINE-WIDTH violation: bins/inf-sim/src/txmodel.rs:6225 is 172 columns (bar 100)
LINE-WIDTH violation: bins/inf-sim/src/txmodel.rs:6249 is 156 columns (bar 100)
LINE-WIDTH violation: bins/inf-sim/src/txmodel.rs:6279 is 194 columns (bar 100)
LINE-WIDTH violation: bins/inf-sim/src/txmodel.rs:6304 is 226 columns (bar 100)
LINE-WIDTH violation: bins/inf-sim/src/txmodel.rs:6325 is 209 columns (bar 100)
LINE-WIDTH violation: bins/inf-sim/src/txmodel.rs:6387 is 156 columns (bar 100)
LINE-WIDTH violation: bins/inf-sim/src/txmodel.rs:6409 is 144 columns (bar 100)
LINE-WIDTH violation: bins/inf-sim/src/txmodel.rs:6434 is 127 columns (bar 100)
LINE-WIDTH violation: bins/inf-sim/src/txmodel.rs:6506 is 158 columns (bar 100)
LINE-WIDTH violation: bins/inf-sim/src/txmodel.rs:6523 is 152 columns (bar 100)
LINE-WIDTH violation: bins/inf-sim/src/txmodel.rs:6573 is 107 columns (bar 100)
LINE-WIDTH violation: bins/inf-sim/src/txmodel.rs:6603 is 159 columns (bar 100)
LINE-WIDTH violation: bins/inf-sim/src/txmodel.rs:6620 is 244 columns (bar 100)
LINE-WIDTH violation: bins/inf-sim/src/txmodel.rs:6689 is 220 columns (bar 100)
LINE-WIDTH violation: bins/inf-sim/tests/sim.rs:226 is 110 columns (bar 100)
LINE-WIDTH violation: bins/infinityd/src/main.rs:444 is 103 columns (bar 100)
LINE-WIDTH violation: tests/compat/src/harness.rs:572 is 130 columns (bar 100)
LINE-WIDTH violation: tests/compat/src/json_oracle.rs:212 is 127 columns (bar 100)
LINE-WIDTH violation: tests/compat/src/json_oracle.rs:218 is 123 columns (bar 100)
LINE-WIDTH violation: tests/compat/src/json_oracle.rs:224 is 103 columns (bar 100)
LINE-WIDTH violation: tests/compat/src/json_oracle.rs:230 is 103 columns (bar 100)
LINE-WIDTH violation: tests/compat/src/json_oracle.rs:236 is 102 columns (bar 100)
LINE-WIDTH violation: tests/compat/src/json_oracle.rs:254 is 156 columns (bar 100)
LINE-WIDTH violation: tests/compat/src/json_oracle.rs:260 is 154 columns (bar 100)
LINE-WIDTH violation: tests/compat/src/json_oracle.rs:272 is 127 columns (bar 100)
LINE-WIDTH violation: tests/compat/src/json_oracle.rs:278 is 123 columns (bar 100)
LINE-WIDTH violation: tests/compat/src/json_oracle.rs:284 is 103 columns (bar 100)
LINE-WIDTH violation: tests/compat/src/json_oracle.rs:290 is 103 columns (bar 100)
LINE-WIDTH violation: tests/compat/src/json_oracle.rs:296 is 102 columns (bar 100)
LINE-WIDTH violation: tests/compat/src/json_oracle.rs:314 is 156 columns (bar 100)
LINE-WIDTH violation: tests/compat/src/json_oracle.rs:320 is 154 columns (bar 100)
LINE-WIDTH violation: tests/compat/src/json_oracle.rs:355 is 118 columns (bar 100)
LINE-WIDTH violation: tests/compat/src/matrix.rs:53 is 156 columns (bar 100)
LINE-WIDTH violation: tests/compat/src/matrix.rs:262 is 127 columns (bar 100)
LINE-WIDTH violation: tests/compat/src/matrix.rs:464 is 144 columns (bar 100)
LINE-WIDTH violation: tests/compat/src/matrixgen.rs:86 is 204 columns (bar 100)
LINE-WIDTH violation: tests/compat/src/matrixgen.rs:93 is 287 columns (bar 100)
LINE-WIDTH violation: tests/compat/src/matrixgen.rs:121 is 350 columns (bar 100)
LINE-WIDTH violation: tests/compat/src/matrixgen.rs:138 is 699 columns (bar 100)
LINE-WIDTH violation: tests/compat/src/matrixgen.rs:151 is 316 columns (bar 100)
LINE-WIDTH violation: tests/compat/src/matrixgen.rs:164 is 326 columns (bar 100)
LINE-WIDTH violation: tests/compat/src/matrixgen.rs:176 is 116 columns (bar 100)
LINE-WIDTH violation: tests/compat/src/matrixgen.rs:183 is 266 columns (bar 100)
LINE-WIDTH violation: tests/compat/src/matrixgen.rs:189 is 166 columns (bar 100)
LINE-WIDTH violation: tests/compat/src/matrixgen.rs:195 is 149 columns (bar 100)
LINE-WIDTH violation: tests/compat/src/matrixgen.rs:213 is 103 columns (bar 100)
LINE-WIDTH violation: tests/compat/src/matrixgen.rs:225 is 268 columns (bar 100)
LINE-WIDTH violation: tests/compat/src/matrixgen.rs:246 is 653 columns (bar 100)
LINE-WIDTH violation: tests/compat/src/matrixgen.rs:252 is 221 columns (bar 100)
LINE-WIDTH violation: tests/compat/src/matrixgen.rs:320 is 231 columns (bar 100)
LINE-WIDTH violation: tests/compat/src/matrixgen.rs:326 is 193 columns (bar 100)
LINE-WIDTH violation: tests/compat/src/matrixgen.rs:332 is 388 columns (bar 100)
LINE-WIDTH violation: tests/compat/src/matrixgen.rs:647 is 119 columns (bar 100)
LINE-WIDTH violation: tests/compat/src/replyshapes.rs:57 is 101 columns (bar 100)
LINE-WIDTH violation: tests/compat/tests/json_diff.rs:90 is 219 columns (bar 100)
LINE-WIDTH violation: tests/compat/tests/node_diff.rs:367 is 110 columns (bar 100)
LINE-WIDTH violation: tests/compat/tests/node_diff.rs:371 is 107 columns (bar 100)
LINE-WIDTH violation: tests/compat/tests/node_diff.rs:375 is 107 columns (bar 100)
LINE-WIDTH violation: tests/compat/tests/node_move.rs:288 is 116 columns (bar 100)
LINE-WIDTH violation: tests/compat/tests/node_twin.rs:330 is 103 columns (bar 100)
LINE-WIDTH violation: tests/crash-matrix/tests/matrix.rs:57 is 109 columns (bar 100)
line-width FAILED: 297 lines over — 442 files, 230825 lines, bar 100 columns
