I0615 16:25:21.669221   30662 init.cc:144] dragonfly running in opt mode.
                   .--::--.                   
   :+*=:          =@@@@@@@@=          :+*+:   
  %@@@@@@%*=.     =@@@@@@@@-     .=*%@@@@@@#  
  @@@@@@@@@@@@#+-. .%@@@@#. .-+#@@@@@@@@@@@%  
  -@@@@@@@@@@@@@@@@*:#@@#:*@@@@@@@@@@@@@@@@-  
    :+*********####-%@%%@%-####********++.    
   .%@@@@@@@@@@@@@%:@@@@@@:@@@@@@@@@@@@@@%    
   .@@@@@@@@%*+-:   =@@@@=  .:-+*%@@@@@@@%.   
     =*+-:           ###*          .:-+*=     
                     %@@%                     
                     *@@*                     
                     +@@=                     
                     :##:                     
                     :@@:                     
                      @@                      
                      ..                      
* Logs will be written to the first available of the following paths:
* For the available flags type dragonfly [--help | --helpfull]
* Documentation can be found at: https://www.dragonflydb.io/docs
I0615 16:25:21.669297   30662 dfly_main.cc:1096] Starting dragonfly df-v1.39.0-699862e5da7cb29bf5642a1da422c4c78cefae38
I0615 16:25:21.669426   30662 dfly_main.cc:1137] Using proactor_threads=4 (overriding cgroup-derived 0)
W0615 16:25:21.669433   30662 dfly_main.cc:1144] SWAP is enabled. Consider disabling it when running Dragonfly.
I0615 16:25:21.669438   30662 dfly_main.cc:1150] maxmemory has not been specified. Deciding myself....
I0615 16:25:21.669443   30662 dfly_main.cc:1159] Found 23.47GiB available memory. Setting maxmemory to 18.77GiB
I0615 16:25:21.670012   30664 uring_proactor.cc:263] IORing with 1024 entries, allocated 98368 bytes, cq_entries is 2048
I0615 16:25:21.670225   30662 proactor_pool.cc:149] Running 4 io threads
I0615 16:25:21.671171   30662 dragonfly_listener.cc:152] SSL version: OpenSSL 3.4.5 7 Apr 2026
W0615 16:25:21.671199   30662 dfly_main.cc:350] Protected mode enabled. Binding to localhost only because no password is set. To accept remote connections, set a password with --requirepass or specify a bind address with --bind.
I0615 16:25:21.671810   30662 server_family.cc:1221] Host OS: Linux 7.0.0-22-generic x86_64 with 4 threads
I0615 16:25:21.677582   30664 listener_interface.cc:102] sock[11] AcceptServer - listening on 127.0.0.1:7001
