cargo build -p infinityd
   Compiling inf-store v0.0.0 (/home/kcaicedo/Documents/Projects/databases/infinitydb/crates/inf-store)
   Compiling inf-server v0.0.0 (/home/kcaicedo/Documents/Projects/databases/infinitydb/crates/inf-server)
   Compiling infinityd v0.0.0 (/home/kcaicedo/Documents/Projects/databases/infinitydb/bins/infinityd)
    Finished `dev` profile [unoptimized + debuginfo] target(s) in 3.35s
INF_COMPAT_REQUIRE_BINARY=1 INFINITYD_BIN=/home/kcaicedo/Documents/Projects/databases/infinitydb/target/debug/infinityd cargo test -p compat -- --nocapture
   Compiling inf-server v0.0.0 (/home/kcaicedo/Documents/Projects/databases/infinitydb/crates/inf-server)
   Compiling compat v0.0.0 (/home/kcaicedo/Documents/Projects/databases/infinitydb/tests/compat)
    Finished `test` profile [unoptimized + debuginfo] target(s) in 1.91s
     Running unittests src/lib.rs (target/debug/deps/compat-bed998fbbf4523cd)

running 12 tests
test json_oracle::tests::an_unallowlisted_deviation_fails ... ok
test json_oracle::tests::semantic_equality_is_diagnostic_only ... ok
test json_oracle::tests::case_and_allowlist_keys_are_unique_and_total ... ok
test resp::tests::frames_aggregates ... ok
test resp::tests::encodes_argv_as_bulk_array ... ok
test resp::tests::frames_attribute_with_its_payload ... ok
test resp::tests::frames_bulk_variants ... ok
test resp::tests::frames_line_types ... ok
test resp::tests::incomplete_input_needs_more_bytes ... ok
test resp::tests::parses_integer_replies ... ok
test resp::tests::rejects_garbage ... ok
test resp::tests::trailing_bytes_are_not_consumed ... ok

test result: ok. 12 passed; 0 failed; 0 ignored; 0 measured; 0 filtered out; finished in 0.00s

     Running tests/diff.rs (target/debug/deps/diff-461c4ebd207487a5)

running 1 test
compat-diff v1: 455 byte-compared cases, 41 documented deviations, 0 failures
test matrix_replies_match_redis ... ok

test result: ok. 1 passed; 0 failed; 0 ignored; 0 measured; 0 filtered out; finished in 0.08s

     Running tests/json_diff.rs (target/debug/deps/json_diff-2c904240237ea4cb)

running 1 test
SKIPPED: set INF_COMPAT_JSON_ORACLE_ADDR to redis/redis-stack-server:7.4.0-v8@sha256:798ab84d9f266936b034ab11c4d04a2b8e4b441884c5aa7d17ac951eefdf742a
test json_matrix_matches_pinned_redisjson ... ok

test result: ok. 1 passed; 0 failed; 0 ignored; 0 measured; 0 filtered out; finished in 0.00s

     Running tests/matrix_artifact.rs (target/debug/deps/matrix_artifact-f461a176e6b1bce9)

running 3 tests
test declared_statuses_are_mechanically_enforced ... ok
test generated_matrix_is_current ... ok
test rendered_matrix_covers_the_json_section ... ok

test result: ok. 3 passed; 0 failed; 0 ignored; 0 measured; 0 filtered out; finished in 0.00s

     Running tests/node_diff.rs (target/debug/deps/node_diff-414dc14f3498c426)

running 2 tests
compat-diff node lane: 455 byte-compared cases on a 4-cell durable node, 41 documented deviations, 1 pinned node deviations, 0 failures
  node deviation: case 495 ["FLUSHALL"]: FLUSHALL with durable namespaces refuses (ADR-0015 M2 cut)
test node_matrix_replies_match_redis ... ok
compat-diff ns lane: 2 namespaces (durable + tiered) × 52 keys (4 at MAX_KEY_LEN), values to 64 KiB, SCAN set-equality, 4 pinned refusals, 0 failures
test node_fanout_and_tier_match_redis_under_namespace ... ok

test result: ok. 2 passed; 0 failed; 0 ignored; 0 measured; 0 filtered out; finished in 0.19s

     Running tests/node_internal.rs (target/debug/deps/node_internal-c3e198f8ff5c4dd0)

running 1 test
ADR-0115 binary lane: internal commands unknown to clients, 0 differences from Redis
test internal_commands_are_unknown_to_clients_at_the_binary ... ok

test result: ok. 1 passed; 0 failed; 0 ignored; 0 measured; 0 filtered out; finished in 0.11s

     Running tests/node_move.rs (target/debug/deps/node_move-1a8250aad26b9ec7)

running 6 tests
H3 binary bounds/missing matrix: 5 rows, 0 failures
test cross_cell_move_bounds_and_missing_source ... ok
test cross_cell_move_document_refuses_without_mutation ... ok
H3 binary success matrix: 12 large-binary rows plus COPY DB/REPLACE and overwrite controls, 0 failures
test cross_cell_move_namespace_refusals_preserve_source ... ok
test cross_cell_move_success_and_copy_variants ... ok
H3 binary INFO counters: 12 rows, 0 differences from Redis
test cross_cell_rename_stats_match_redis ... ok
H3 binary pressure matrix: 48 rows, 0 failures
test cross_cell_move_pressure_matrix ... ok

test result: ok. 6 passed; 0 failed; 0 ignored; 0 measured; 0 filtered out; finished in 0.14s

     Running tests/node_twin.rs (target/debug/deps/node_twin-c718c0be18b2b207)

running 2 tests
twin coverage: 87 of 91 registry rows scripted (4 excluded with reasons)
test every_registry_command_is_scripted ... ok
compat twin lane (1-cell vs 4-cell infinityd): 4640 cases compared over 4 bindings × 2 passes — 4428 byte-identical, 40 tainted-by-shape, 72 spanning-key deviations (ADR-0015 M2 cut), 0 failures
  DefaultDb/Spread: 580 compared (570 byte-identical), 0 tainted-by-shape, 0 spanning-key deviations, 0 failures
  MemoryNs/Spread: 580 compared (529 byte-identical), 16 tainted-by-shape, 24 spanning-key deviations, 0 failures
  DurableNs/Spread: 580 compared (528 byte-identical), 16 tainted-by-shape, 24 spanning-key deviations, 0 failures
  TieredNs/Spread: 580 compared (539 byte-identical), 8 tainted-by-shape, 24 spanning-key deviations, 0 failures
  DefaultDb/Tagged: 580 compared (564 byte-identical), 0 tainted-by-shape, 0 spanning-key deviations, 0 failures
  MemoryNs/Tagged: 580 compared (564 byte-identical), 0 tainted-by-shape, 0 spanning-key deviations, 0 failures
  DurableNs/Tagged: 580 compared (564 byte-identical), 0 tainted-by-shape, 0 spanning-key deviations, 0 failures
  TieredNs/Tagged: 580 compared (570 byte-identical), 0 tainted-by-shape, 0 spanning-key deviations, 0 failures
  deviation: matrix case 56 ["DEL", "d1", "d2", "d3"] under MemoryNs/Spread: keys span cells — typed refusal (ADR-0015 M2)
  deviation: matrix case 59 ["EXISTS", "e1", "e1", "nope", "e1"] under MemoryNs/Spread: keys span cells — typed refusal (ADR-0015 M2)
  deviation: matrix case 148 ["MSET", "m1", "v1", "m2", "v2"] under MemoryNs/Spread: keys span cells — typed refusal (ADR-0015 M2)
  deviation: matrix case 149 ["MGET", "m1", "nope", "m2"] under MemoryNs/Spread: keys span cells — typed refusal (ADR-0015 M2)
  deviation: matrix case 151 ["MSET", "m1", "v1", "m2"] under MemoryNs/Spread: keys span cells — typed refusal (ADR-0015 M2)
  deviation: matrix case 153 ["MSETNX", "m1", "x", "mfresh", "y"] under MemoryNs/Spread: keys span cells — typed refusal (ADR-0015 M2)
  deviation: matrix case 155 ["MSETNX", "mn1", "a", "mn2", "b"] under MemoryNs/Spread: keys span cells — typed refusal (ADR-0015 M2)
  deviation: matrix case 156 ["MGET", "mn1", "mn2"] under MemoryNs/Spread: keys span cells — typed refusal (ADR-0015 M2)
  deviation: matrix case 215 ["RENAME", "r1", "r2"] under MemoryNs/Spread: keys span cells — typed refusal (ADR-0015 M2)
  deviation: matrix case 219 ["RENAME", "missing", "x"] under MemoryNs/Spread: keys span cells — typed refusal (ADR-0015 M2)
  deviation: matrix case 222 ["RENAMENX", "rnx1", "rnx2"] under MemoryNs/Spread: keys span cells — typed refusal (ADR-0015 M2)
  deviation: matrix case 225 ["RENAMENX", "missing", "x"] under MemoryNs/Spread: keys span cells — typed refusal (ADR-0015 M2)
  deviation: matrix case 227 ["COPY", "cp1", "cp2"] under MemoryNs/Spread: keys span cells — typed refusal (ADR-0015 M2)
  deviation: matrix case 230 ["COPY", "cp1", "cp2"] under MemoryNs/Spread: keys span cells — typed refusal (ADR-0015 M2)
  deviation: matrix case 231 ["COPY", "cp1", "cp2", "REPLACE"] under MemoryNs/Spread: keys span cells — typed refusal (ADR-0015 M2)
  deviation: matrix case 232 ["COPY", "missing", "x"] under MemoryNs/Spread: keys span cells — typed refusal (ADR-0015 M2)
  deviation: matrix case 234 ["COPY", "cp1", "cp3", "DB", "0"] under MemoryNs/Spread: keys span cells — typed refusal (ADR-0015 M2)
  deviation: matrix case 235 ["COPY", "cp1", "cp4", "DB", "3"] under MemoryNs/Spread: keys span cells — typed refusal (ADR-0015 M2)
  deviation: matrix case 236 ["COPY", "cp1", "cp4", "DB", "3"] under MemoryNs/Spread: keys span cells — typed refusal (ADR-0015 M2)
  deviation: matrix case 237 ["COPY", "cp1", "cp4", "DB", "3", "REPLACE"] under MemoryNs/Spread: keys span cells — typed refusal (ADR-0015 M2)
  deviation: matrix case 239 ["COPY", "cp1", "cp4", "DB", "99"] under MemoryNs/Spread: keys span cells — typed refusal (ADR-0015 M2)
  deviation: matrix case 241 ["TOUCH", "cp1", "missing", "cp2"] under MemoryNs/Spread: keys span cells — typed refusal (ADR-0015 M2)
  deviation: matrix case 242 ["UNLINK", "cp2", "cp3", "missing"] under MemoryNs/Spread: keys span cells — typed refusal (ADR-0015 M2)
  deviation: matrix case 449 ["MGET", "m1", "m2"] under MemoryNs/Spread: keys span cells — typed refusal (ADR-0015 M2)
  deviation: matrix case 56 ["DEL", "d1", "d2", "d3"] under DurableNs/Spread: keys span cells — typed refusal (ADR-0015 M2)
  deviation: matrix case 59 ["EXISTS", "e1", "e1", "nope", "e1"] under DurableNs/Spread: keys span cells — typed refusal (ADR-0015 M2)
  deviation: matrix case 148 ["MSET", "m1", "v1", "m2", "v2"] under DurableNs/Spread: keys span cells — typed refusal (ADR-0015 M2)
  deviation: matrix case 149 ["MGET", "m1", "nope", "m2"] under DurableNs/Spread: keys span cells — typed refusal (ADR-0015 M2)
  deviation: matrix case 151 ["MSET", "m1", "v1", "m2"] under DurableNs/Spread: keys span cells — typed refusal (ADR-0015 M2)
  deviation: matrix case 153 ["MSETNX", "m1", "x", "mfresh", "y"] under DurableNs/Spread: keys span cells — typed refusal (ADR-0015 M2)
  deviation: matrix case 155 ["MSETNX", "mn1", "a", "mn2", "b"] under DurableNs/Spread: keys span cells — typed refusal (ADR-0015 M2)
  deviation: matrix case 156 ["MGET", "mn1", "mn2"] under DurableNs/Spread: keys span cells — typed refusal (ADR-0015 M2)
  deviation: matrix case 215 ["RENAME", "r1", "r2"] under DurableNs/Spread: keys span cells — typed refusal (ADR-0015 M2)
  deviation: matrix case 219 ["RENAME", "missing", "x"] under DurableNs/Spread: keys span cells — typed refusal (ADR-0015 M2)
  deviation: matrix case 222 ["RENAMENX", "rnx1", "rnx2"] under DurableNs/Spread: keys span cells — typed refusal (ADR-0015 M2)
  deviation: matrix case 225 ["RENAMENX", "missing", "x"] under DurableNs/Spread: keys span cells — typed refusal (ADR-0015 M2)
  deviation: matrix case 227 ["COPY", "cp1", "cp2"] under DurableNs/Spread: keys span cells — typed refusal (ADR-0015 M2)
  deviation: matrix case 230 ["COPY", "cp1", "cp2"] under DurableNs/Spread: keys span cells — typed refusal (ADR-0015 M2)
  deviation: matrix case 231 ["COPY", "cp1", "cp2", "REPLACE"] under DurableNs/Spread: keys span cells — typed refusal (ADR-0015 M2)
  deviation: matrix case 232 ["COPY", "missing", "x"] under DurableNs/Spread: keys span cells — typed refusal (ADR-0015 M2)
  deviation: matrix case 234 ["COPY", "cp1", "cp3", "DB", "0"] under DurableNs/Spread: keys span cells — typed refusal (ADR-0015 M2)
  deviation: matrix case 235 ["COPY", "cp1", "cp4", "DB", "3"] under DurableNs/Spread: keys span cells — typed refusal (ADR-0015 M2)
  deviation: matrix case 236 ["COPY", "cp1", "cp4", "DB", "3"] under DurableNs/Spread: keys span cells — typed refusal (ADR-0015 M2)
  deviation: matrix case 237 ["COPY", "cp1", "cp4", "DB", "3", "REPLACE"] under DurableNs/Spread: keys span cells — typed refusal (ADR-0015 M2)
  deviation: matrix case 239 ["COPY", "cp1", "cp4", "DB", "99"] under DurableNs/Spread: keys span cells — typed refusal (ADR-0015 M2)
  deviation: matrix case 241 ["TOUCH", "cp1", "missing", "cp2"] under DurableNs/Spread: keys span cells — typed refusal (ADR-0015 M2)
  deviation: matrix case 242 ["UNLINK", "cp2", "cp3", "missing"] under DurableNs/Spread: keys span cells — typed refusal (ADR-0015 M2)
  deviation: matrix case 449 ["MGET", "m1", "m2"] under DurableNs/Spread: keys span cells — typed refusal (ADR-0015 M2)
  deviation: matrix case 56 ["DEL", "d1", "d2", "d3"] under TieredNs/Spread: keys span cells — typed refusal (ADR-0015 M2)
  deviation: matrix case 59 ["EXISTS", "e1", "e1", "nope", "e1"] under TieredNs/Spread: keys span cells — typed refusal (ADR-0015 M2)
  deviation: matrix case 148 ["MSET", "m1", "v1", "m2", "v2"] under TieredNs/Spread: keys span cells — typed refusal (ADR-0015 M2)
  deviation: matrix case 149 ["MGET", "m1", "nope", "m2"] under TieredNs/Spread: keys span cells — typed refusal (ADR-0015 M2)
  deviation: matrix case 151 ["MSET", "m1", "v1", "m2"] under TieredNs/Spread: keys span cells — typed refusal (ADR-0015 M2)
  deviation: matrix case 153 ["MSETNX", "m1", "x", "mfresh", "y"] under TieredNs/Spread: keys span cells — typed refusal (ADR-0015 M2)
  deviation: matrix case 155 ["MSETNX", "mn1", "a", "mn2", "b"] under TieredNs/Spread: keys span cells — typed refusal (ADR-0015 M2)
  deviation: matrix case 156 ["MGET", "mn1", "mn2"] under TieredNs/Spread: keys span cells — typed refusal (ADR-0015 M2)
  deviation: matrix case 215 ["RENAME", "r1", "r2"] under TieredNs/Spread: keys span cells — typed refusal (ADR-0015 M2)
  deviation: matrix case 219 ["RENAME", "missing", "x"] under TieredNs/Spread: keys span cells — typed refusal (ADR-0015 M2)
  deviation: matrix case 222 ["RENAMENX", "rnx1", "rnx2"] under TieredNs/Spread: keys span cells — typed refusal (ADR-0015 M2)
  deviation: matrix case 225 ["RENAMENX", "missing", "x"] under TieredNs/Spread: keys span cells — typed refusal (ADR-0015 M2)
  deviation: matrix case 227 ["COPY", "cp1", "cp2"] under TieredNs/Spread: keys span cells — typed refusal (ADR-0015 M2)
  deviation: matrix case 230 ["COPY", "cp1", "cp2"] under TieredNs/Spread: keys span cells — typed refusal (ADR-0015 M2)
  deviation: matrix case 231 ["COPY", "cp1", "cp2", "REPLACE"] under TieredNs/Spread: keys span cells — typed refusal (ADR-0015 M2)
  deviation: matrix case 232 ["COPY", "missing", "x"] under TieredNs/Spread: keys span cells — typed refusal (ADR-0015 M2)
  deviation: matrix case 234 ["COPY", "cp1", "cp3", "DB", "0"] under TieredNs/Spread: keys span cells — typed refusal (ADR-0015 M2)
  deviation: matrix case 235 ["COPY", "cp1", "cp4", "DB", "3"] under TieredNs/Spread: keys span cells — typed refusal (ADR-0015 M2)
  deviation: matrix case 236 ["COPY", "cp1", "cp4", "DB", "3"] under TieredNs/Spread: keys span cells — typed refusal (ADR-0015 M2)
  deviation: matrix case 237 ["COPY", "cp1", "cp4", "DB", "3", "REPLACE"] under TieredNs/Spread: keys span cells — typed refusal (ADR-0015 M2)
  deviation: matrix case 239 ["COPY", "cp1", "cp4", "DB", "99"] under TieredNs/Spread: keys span cells — typed refusal (ADR-0015 M2)
  deviation: matrix case 241 ["TOUCH", "cp1", "missing", "cp2"] under TieredNs/Spread: keys span cells — typed refusal (ADR-0015 M2)
  deviation: matrix case 242 ["UNLINK", "cp2", "cp3", "missing"] under TieredNs/Spread: keys span cells — typed refusal (ADR-0015 M2)
  deviation: matrix case 449 ["MGET", "m1", "m2"] under TieredNs/Spread: keys span cells — typed refusal (ADR-0015 M2)
test one_cell_and_four_cell_nodes_answer_alike_under_every_binding ... ok

test result: ok. 2 passed; 0 failed; 0 ignored; 0 measured; 0 filtered out; finished in 1.21s

     Running tests/reply_shapes_artifact.rs (target/debug/deps/reply_shapes_artifact-3a49270146d049f8)

running 2 tests
test generated_reply_shapes_are_current ... ok
test shape_table_is_mechanically_enforced ... ok

test result: ok. 2 passed; 0 failed; 0 ignored; 0 measured; 0 filtered out; finished in 0.00s

     Running tests/required_binary.rs (target/debug/deps/required_binary-a72046ae2447f0ae)

running 3 tests
test binary_requirement_child ... ok
test optional_binary_can_skip ... ok
test required_binary_cannot_skip ... ok

test result: ok. 3 passed; 0 failed; 0 ignored; 0 measured; 0 filtered out; finished in 0.01s

   Doc-tests compat

running 0 tests

test result: ok. 0 passed; 0 failed; 0 ignored; 0 measured; 0 filtered out; finished in 0.00s

COMPAT_EXIT=0
