# 2026-08-21T14:54:32-04:00 host=HomeLab kernel=7.0.0-30-generic
# governor=performance epp=performance
# binary=infinityd 0f990be (git 0f990be2e336, x86_64-unknown-linux-gnu) git=23393f3 dirty=0
# data=/home/kcaicedo/bench-data/s35-gate/data fstype=ext4 device=/dev/nvme0n1p3
# thermal: 27800 40000 39000 
=== 2026-08-21T14:54:32-04:00 m4.5 --only-s35 arm k3s2 (K=3 staging-mib=2) ===
inf-bench env-check
  PROBE                RESULT
  git-dirty-tree       PASS
  cpufreq-governor     PASS
  cpufreq-epp          PASS
  thermal-throttle     PASS
  power-source         SKIP  macos-only probe (this host: linux)
  low-power-mode       SKIP  macos-only probe (this host: linux)

env-check: OK
  s35: 40s drive-state idle before 4c rep0 c32
  s35: 40s drive-state idle before 4c rep0 c256
  s35: 40s drive-state idle before 4c rep1 c32
  s35: 40s drive-state idle before 4c rep1 c256
  s35: 40s drive-state idle before 4c rep2 c32
  s35: 40s drive-state idle before 4c rep2 c256
  s35: 40s drive-state idle before 1c rep0 c32
  s35: 40s drive-state idle before 1c rep1 c32
  s35: 40s drive-state idle before 1c rep2 c32

== gate verdicts ==
  S29: tiered always scaling slope (c256/c64) PENDING (tooling)
  S29: tiered:flat always parity at 64 conns PENDING (tooling)
  S29: tiered:flat always parity at 256 conns PENDING (tooling)
  S29: tiered:flat always p99 ratio at 256 conns PENDING (tooling)
  S27: client-visible -BUSY refusals under provoked staging pressure PENDING (tooling)
  S27: last:first throughput across back-to-back write repeats PENDING (tooling)
  S27: worst per-leg max latency at everysec under provoked pressure PENDING (tooling)
  S35: always p50 over the barrier p50 at 32 conns PASS
  S35: N-cell vs 1-cell always p50 ratio (S34's F2 AC) PASS

gate-run: report written to /home/kcaicedo/bench-data/s35-gate/artifacts2/k3s2/1787338976-gate-run/report.md
=== exit 0 2026-08-21T15:02:56-04:00 ===
=== 2026-08-21T15:02:56-04:00 m4.5 --only-s35 arm k4 (K=4 staging-mib=4) ===
inf-bench env-check
  PROBE                RESULT
  git-dirty-tree       PASS
  cpufreq-governor     PASS
  cpufreq-epp          PASS
  thermal-throttle     PASS
  power-source         SKIP  macos-only probe (this host: linux)
  low-power-mode       SKIP  macos-only probe (this host: linux)

env-check: OK
  s35: 40s drive-state idle before 4c rep0 c32
  s35: 40s drive-state idle before 4c rep0 c256
  s35: 40s drive-state idle before 4c rep1 c32
  s35: 40s drive-state idle before 4c rep1 c256
  s35: 40s drive-state idle before 4c rep2 c32
  s35: 40s drive-state idle before 4c rep2 c256
  s35: 40s drive-state idle before 1c rep0 c32
  s35: 40s drive-state idle before 1c rep1 c32
  s35: 40s drive-state idle before 1c rep2 c32

== gate verdicts ==
  S29: tiered always scaling slope (c256/c64) PENDING (tooling)
  S29: tiered:flat always parity at 64 conns PENDING (tooling)
  S29: tiered:flat always parity at 256 conns PENDING (tooling)
  S29: tiered:flat always p99 ratio at 256 conns PENDING (tooling)
  S27: client-visible -BUSY refusals under provoked staging pressure PENDING (tooling)
  S27: last:first throughput across back-to-back write repeats PENDING (tooling)
  S27: worst per-leg max latency at everysec under provoked pressure PENDING (tooling)
  S35: always p50 over the barrier p50 at 32 conns PASS
  S35: N-cell vs 1-cell always p50 ratio (S34's F2 AC) FAIL

gate-run: report written to /home/kcaicedo/bench-data/s35-gate/artifacts2/k4/1787339480-gate-run/report.md
inf-bench: 1 binding gate(s) FAILED
=== exit 1 2026-08-21T15:11:20-04:00 ===
=== 2026-08-21T15:11:20-04:00 m4.5 --only-s35 arm k1 (K=1 staging-mib=4) ===
inf-bench env-check
  PROBE                RESULT
  git-dirty-tree       PASS
  cpufreq-governor     PASS
  cpufreq-epp          PASS
  thermal-throttle     PASS
  power-source         SKIP  macos-only probe (this host: linux)
  low-power-mode       SKIP  macos-only probe (this host: linux)

env-check: OK
  s35: 40s drive-state idle before 4c rep0 c32
  s35: 40s drive-state idle before 4c rep0 c256
  s35: 40s drive-state idle before 4c rep1 c32
  s35: 40s drive-state idle before 4c rep1 c256
  s35: 40s drive-state idle before 4c rep2 c32
  s35: 40s drive-state idle before 4c rep2 c256
  s35: 40s drive-state idle before 1c rep0 c32
  s35: 40s drive-state idle before 1c rep1 c32
  s35: 40s drive-state idle before 1c rep2 c32

== gate verdicts ==
  S29: tiered always scaling slope (c256/c64) PENDING (tooling)
  S29: tiered:flat always parity at 64 conns PENDING (tooling)
  S29: tiered:flat always parity at 256 conns PENDING (tooling)
  S29: tiered:flat always p99 ratio at 256 conns PENDING (tooling)
  S27: client-visible -BUSY refusals under provoked staging pressure PENDING (tooling)
  S27: last:first throughput across back-to-back write repeats PENDING (tooling)
  S27: worst per-leg max latency at everysec under provoked pressure PENDING (tooling)
  S35: always p50 over the barrier p50 at 32 conns FAIL
  S35: N-cell vs 1-cell always p50 ratio (S34's F2 AC) FAIL

gate-run: report written to /home/kcaicedo/bench-data/s35-gate/artifacts2/k1/1787339985-gate-run/report.md
inf-bench: 2 binding gate(s) FAILED
=== exit 1 2026-08-21T15:19:45-04:00 ===
# done 2026-08-21T15:19:45-04:00 thermal: 27800 38000 43000 
