   Compiling inf-foundation v0.0.0 (/home/kcaicedo/Documents/Projects/databases/infinitydb/crates/inf-foundation)
   Compiling inf-alloc v0.0.0 (/home/kcaicedo/Documents/Projects/databases/infinitydb/crates/inf-alloc)
   Compiling inf-log v0.0.0 (/home/kcaicedo/Documents/Projects/databases/infinitydb/crates/inf-log)
   Compiling inf-runtime v0.0.0 (/home/kcaicedo/Documents/Projects/databases/infinitydb/crates/inf-runtime)
    Finished `test` profile [unoptimized + debuginfo] target(s) in 0.69s
     Running tests/direct_segments.rs (target/debug/deps/direct_segments-2a9b634f7e8ac8d4)

running 3 tests
test direct_handle_stays_alignment_checked_after_a_buffered_reopen - should panic ... FAILED
test each_open_is_its_own_file_description ... FAILED
test buffered_handle_is_not_alignment_checked_after_a_direct_reopen ... FAILED

failures:

---- direct_handle_stays_alignment_checked_after_a_buffered_reopen stdout ----
note: test did not panic as expected at crates/inf-log/tests/direct_segments.rs:857:4
---- each_open_is_its_own_file_description stdout ----

thread 'each_open_is_its_own_file_description' (160520) panicked at crates/inf-log/tests/direct_segments.rs:899:5:
assertion `left != right` failed: two opens, two file descriptions
  left: 1073741825
 right: 1073741825

---- buffered_handle_is_not_alignment_checked_after_a_direct_reopen stdout ----

thread 'buffered_handle_is_not_alignment_checked_after_a_direct_reopen' (160518) panicked at crates/inf-log/src/fs/sim.rs:1119:9:
assertion `left == right` failed: direct write offset 7 is not 4096-aligned
  left: 7
 right: 0
note: run with `RUST_BACKTRACE=1` environment variable to display a backtrace


failures:
    buffered_handle_is_not_alignment_checked_after_a_direct_reopen
    direct_handle_stays_alignment_checked_after_a_buffered_reopen
    each_open_is_its_own_file_description

test result: FAILED. 0 passed; 3 failed; 0 ignored; 0 measured; 18 filtered out; finished in 0.00s

error: test failed, to rerun pass `-p inf-log --test direct_segments`
