chain start 2026-08-30T12:19:39-04:00 engine=b30966a dirty_paths=1
== sim-smoke 2026-08-30T12:19:39-04:00
sim-smoke exit=0
      1 cargo run --release --bin inf-sim -- --scenario m0-smoke --seed 0xC0FFEE --verify-determinism
      1 cargo run --release --bin inf-sim -- --scenario m2-ckpt-refused --seed 0xC0FFEE --verify-determinism
      1 cargo run --release --bin inf-sim -- --scenario m2-device-budget --seed 0xC0FFEE --verify-determinism
      1 cargo run --release --bin inf-sim -- --scenario m2-mode-transition --seed 0xC0FFEE --verify-determinism
      1 cargo run --release --bin inf-sim -- --scenario m2-recycle --seed 0xC0FFEE --verify-determinism
      1 cargo run --release --bin inf-sim -- --scenario m2-reorder-window --seed 0xC0FFEE --verify-determinism
      1 cargo run --release --bin inf-sim -- --scenario m4-cold --seed 0xC0FFEE --verify-determinism
      1 cargo run --release --bin inf-sim -- --scenario m4-diskfull --seed 0xC0FFEE --verify-determinism
      1 cargo run --release --bin inf-sim -- --scenario m4-pressure --seed 0xC0FFEE --verify-determinism
      1 cargo run --release --bin inf-sim -- --scenario m4-recovery --seed 0xC0FFEE --verify-determinism
      1 cargo run --release --bin inf-sim -- --scenario m4-steel --seed 0xC0FFEE --verify-determinism
      1 cargo run --release --bin inf-sim -- --scenario m4-tiered --seed 0xC0FFEE --verify-determinism
      4 inf-sim: determinism verified — second run hash-identical
      7 inf-sim: determinism verified — second run trace byte-identical
      1 inf-sim: determinism verified (two runs, identical traces)
      1 inf-sim: m4-tiered seed 0xc0ffee: 4864 commands, 12473 steps, 144 keys audited, 1807 required ops, 5 allowed-lost, 0 B flushed pre-cut, 1051472 B flushed final, 212 cold resolves, 436 blob sets, 1 DISKFULL refusals (reopened: true), drop-race 24 values / 6 typed-other, refused-boot false, shadow arm true (64 tickets, 0 open at the cut, 64 same-key / 0 collision, 0 stale, 0 fallbacks; phase 6b cold resolves 186; phase 6c 4 pairs: 8 tickets, 4 collision verdicts, 0 ticketed fallbacks, 0 DBSIZE drains, 0 SCAN twins), trace 16781523 bytes, hash 0x535c9905e55fd74e
      1 inf-sim: scenario m0-smoke seed 0xc0ffee: 100000 commands, 105240 apply events, 6045 steps, trace 4437963 bytes, hash 0xc038aae0837a1995
      1 inf-sim: scenario m2-ckpt-refused seed 0xc0ffee: 1120 commands, 5573 steps, 36 keys audited, 720 required ops, 0 allowed-lost, 0 equivalence checks, 0 documents compared, 0 corpus docs, cut classes [], trace 53557 bytes, hash 0x89be6b5f8407bb04
      1 inf-sim: scenario m2-device-budget seed 0xc0ffee: 1120 commands, 6276 steps, 233 keys audited, 821 required ops, 0 allowed-lost, 0 equivalence checks, 0 documents compared, 0 corpus docs, cut classes [], trace 65086 bytes, hash 0x5f09d455e46a980c
      1 inf-sim: scenario m2-mode-transition seed 0xc0ffee: 1187 commands, 2405 steps, 72 keys audited, 452 required ops, 327 allowed-lost, 0 equivalence checks, 0 documents compared, 0 corpus docs, cut classes [], trace 58724 bytes, hash 0xb688481490a5d6b3
      1 inf-sim: scenario m2-recycle seed 0xc0ffee: 3200 commands, 15533 steps, 36 keys audited, 2065 required ops, 0 allowed-lost, 0 equivalence checks, 0 documents compared, 0 corpus docs, cut classes [], trace 151228 bytes, hash 0x66729afb04a84869
      1 inf-sim: scenario m2-reorder-window seed 0xc0ffee: 1120 commands, 5570 steps, 36 keys audited, 720 required ops, 0 allowed-lost, 0 equivalence checks, 0 documents compared, 0 corpus docs, cut classes [], trace 53560 bytes, hash 0x0a7fd8aac05007a6
      1      Running `target/release/inf-sim --scenario m0-smoke --seed 0xC0FFEE --verify-determinism`
      1      Running `target/release/inf-sim --scenario m2-ckpt-refused --seed 0xC0FFEE --verify-determinism`
      1      Running `target/release/inf-sim --scenario m2-device-budget --seed 0xC0FFEE --verify-determinism`
      1      Running `target/release/inf-sim --scenario m2-mode-transition --seed 0xC0FFEE --verify-determinism`
      1      Running `target/release/inf-sim --scenario m2-recycle --seed 0xC0FFEE --verify-determinism`
      1      Running `target/release/inf-sim --scenario m2-reorder-window --seed 0xC0FFEE --verify-determinism`
      1      Running `target/release/inf-sim --scenario m4-cold --seed 0xC0FFEE --verify-determinism`
      1      Running `target/release/inf-sim --scenario m4-diskfull --seed 0xC0FFEE --verify-determinism`
    Finished `release` profile [optimized + debuginfo] target(s) in 0.03s
== m4-tiered seeds=1000 base=0x5EED0000 2026-08-30T12:20:25-04:00
shard 3 exit=0
shard 0 exit=0
shard 7 exit=0
shard 1 exit=0
shard 4 exit=0
shard 6 exit=0
shard 5 exit=0
shard 2 exit=0
scenario=m4-tiered base_seed=0x5eed0000 sweep=1000 shard=0/8 seeds_run=125 violations=0 refused=0 commands=567169 keys_audited=17859 flushed_pre_cut=74580612 cold_resolves=24322 blob_sets=53685 diskfull_refusals=125 drop_values=2196 drop_other=1554 shadow_seeds=125 shadow_created=7226 shadow_at_cut=0 shadow_same_key=7222 shadow_collision=0 shadow_stale=0 shadow_fallbacks=0 collide_tickets=1000 collide_verdicts=500 collide_ticketed=0 collide_drains=0 collide_scan_twins=0 open_seeds=125 open_tickets=500 open_drains=372 open_reads=684 open_scan_twins=500 open_retargeted=500 open_forced_deletes=250 open_ticketed=500 open_collisions=500 open_read_faults=125 open_settled_without_read=389
scenario=m4-tiered base_seed=0x5eed0000 sweep=1000 shard=1/8 seeds_run=125 violations=0 refused=0 commands=575247 keys_audited=17864 flushed_pre_cut=80873882 cold_resolves=24584 blob_sets=54667 diskfull_refusals=125 drop_values=2444 drop_other=1306 shadow_seeds=125 shadow_created=7315 shadow_at_cut=0 shadow_same_key=7313 shadow_collision=0 shadow_stale=0 shadow_fallbacks=0 collide_tickets=1000 collide_verdicts=500 collide_ticketed=0 collide_drains=0 collide_scan_twins=0 open_seeds=125 open_tickets=500 open_drains=374 open_reads=701 open_scan_twins=500 open_retargeted=500 open_forced_deletes=250 open_ticketed=500 open_collisions=500 open_read_faults=125 open_settled_without_read=387
scenario=m4-tiered base_seed=0x5eed0000 sweep=1000 shard=2/8 seeds_run=125 violations=0 refused=0 commands=592669 keys_audited=17880 flushed_pre_cut=96631776 cold_resolves=24406 blob_sets=55940 diskfull_refusals=125 drop_values=2324 drop_other=1426 shadow_seeds=125 shadow_created=7266 shadow_at_cut=0 shadow_same_key=7263 shadow_collision=0 shadow_stale=0 shadow_fallbacks=0 collide_tickets=1000 collide_verdicts=500 collide_ticketed=0 collide_drains=0 collide_scan_twins=0 open_seeds=125 open_tickets=500 open_drains=374 open_reads=696 open_scan_twins=500 open_retargeted=500 open_forced_deletes=250 open_ticketed=500 open_collisions=500 open_read_faults=125 open_settled_without_read=386
scenario=m4-tiered base_seed=0x5eed0000 sweep=1000 shard=3/8 seeds_run=125 violations=0 refused=0 commands=568052 keys_audited=17861 flushed_pre_cut=28363974 cold_resolves=15568 blob_sets=54320 diskfull_refusals=125 drop_values=2216 drop_other=1534 shadow_seeds=0 shadow_created=0 shadow_at_cut=0 shadow_same_key=0 shadow_collision=0 shadow_stale=0 shadow_fallbacks=0 collide_tickets=0 collide_verdicts=0 collide_ticketed=0 collide_drains=0 collide_scan_twins=0 open_seeds=0 open_tickets=0 open_drains=0 open_reads=0 open_scan_twins=0 open_retargeted=0 open_forced_deletes=0 open_ticketed=0 open_collisions=0 open_read_faults=0 open_settled_without_read=0
scenario=m4-tiered base_seed=0x5eed0000 sweep=1000 shard=4/8 seeds_run=125 violations=0 refused=0 commands=576019 keys_audited=17866 flushed_pre_cut=82983595 cold_resolves=24437 blob_sets=54487 diskfull_refusals=125 drop_values=2112 drop_other=1638 shadow_seeds=125 shadow_created=7269 shadow_at_cut=0 shadow_same_key=7268 shadow_collision=0 shadow_stale=0 shadow_fallbacks=0 collide_tickets=1000 collide_verdicts=500 collide_ticketed=0 collide_drains=0 collide_scan_twins=0 open_seeds=125 open_tickets=500 open_drains=375 open_reads=699 open_scan_twins=500 open_retargeted=500 open_forced_deletes=250 open_ticketed=500 open_collisions=500 open_read_faults=125 open_settled_without_read=385
scenario=m4-tiered base_seed=0x5eed0000 sweep=1000 shard=5/8 seeds_run=125 violations=0 refused=0 commands=582582 keys_audited=17859 flushed_pre_cut=85075709 cold_resolves=24483 blob_sets=55213 diskfull_refusals=125 drop_values=2375 drop_other=1375 shadow_seeds=125 shadow_created=7283 shadow_at_cut=0 shadow_same_key=7281 shadow_collision=0 shadow_stale=0 shadow_fallbacks=0 collide_tickets=1000 collide_verdicts=500 collide_ticketed=0 collide_drains=0 collide_scan_twins=0 open_seeds=125 open_tickets=500 open_drains=374 open_reads=696 open_scan_twins=500 open_retargeted=500 open_forced_deletes=250 open_ticketed=500 open_collisions=500 open_read_faults=125 open_settled_without_read=385
scenario=m4-tiered base_seed=0x5eed0000 sweep=1000 shard=6/8 seeds_run=125 violations=0 refused=0 commands=589027 keys_audited=17860 flushed_pre_cut=91381269 cold_resolves=24453 blob_sets=55557 diskfull_refusals=125 drop_values=2369 drop_other=1381 shadow_seeds=125 shadow_created=7245 shadow_at_cut=0 shadow_same_key=7241 shadow_collision=0 shadow_stale=0 shadow_fallbacks=0 collide_tickets=1000 collide_verdicts=500 collide_ticketed=0 collide_drains=0 collide_scan_twins=0 open_seeds=125 open_tickets=500 open_drains=374 open_reads=701 open_scan_twins=500 open_retargeted=500 open_forced_deletes=250 open_ticketed=500 open_collisions=500 open_read_faults=125 open_settled_without_read=387
scenario=m4-tiered base_seed=0x5eed0000 sweep=1000 shard=7/8 seeds_run=125 violations=0 refused=0 commands=575607 keys_audited=17853 flushed_pre_cut=29396560 cold_resolves=15545 blob_sets=55043 diskfull_refusals=125 drop_values=2167 drop_other=1583 shadow_seeds=0 shadow_created=0 shadow_at_cut=0 shadow_same_key=0 shadow_collision=0 shadow_stale=0 shadow_fallbacks=0 collide_tickets=0 collide_verdicts=0 collide_ticketed=0 collide_drains=0 collide_scan_twins=0 open_seeds=0 open_tickets=0 open_drains=0 open_reads=0 open_scan_twins=0 open_retargeted=0 open_forced_deletes=0 open_ticketed=0 open_collisions=0 open_read_faults=0 open_settled_without_read=0
m4-tiered done 2026-08-30T12:20:55-04:00
== m4-recovery seeds=1000 base=0x5EED0000 2026-08-30T12:20:55-04:00
shard 5 exit=0
shard 7 exit=0
shard 0 exit=0
shard 2 exit=0
shard 3 exit=0
shard 1 exit=0
shard 4 exit=0
shard 6 exit=0
scenario=m4-recovery base_seed=0x5eed0000 sweep=1000 shard=0/8 seeds_run=125 violations=0 refs=57012 images=207627 cut_before_publish=99 flush_lag_lives=115 live_set_entries=834 relocations=31906 files_retired=38 files_unlinked=26 unlinks_boot_gc=12 blobs=38466 blob_orphans=4978 blob_reclaims=40716 shadow_opened=9933 shadow_at_cut=2094 shadow_reformed=2639 shadow_same_key=7834 shadow_collision=24 shadow_collide_ops=19119 shadow_settled_at_boot=6 shadow_drain_checks=500
scenario=m4-recovery base_seed=0x5eed0000 sweep=1000 shard=1/8 seeds_run=125 violations=0 refs=57995 images=206747 cut_before_publish=75 flush_lag_lives=120 live_set_entries=820 relocations=29905 files_retired=56 files_unlinked=34 unlinks_boot_gc=22 blobs=38864 blob_orphans=4923 blob_reclaims=39793 shadow_opened=10175 shadow_at_cut=2383 shadow_reformed=2654 shadow_same_key=7786 shadow_collision=21 shadow_collide_ops=19423 shadow_settled_at_boot=16 shadow_drain_checks=500
scenario=m4-recovery base_seed=0x5eed0000 sweep=1000 shard=2/8 seeds_run=125 violations=0 refs=57239 images=207471 cut_before_publish=89 flush_lag_lives=118 live_set_entries=824 relocations=30022 files_retired=45 files_unlinked=33 unlinks_boot_gc=12 blobs=38748 blob_orphans=5157 blob_reclaims=40895 shadow_opened=9885 shadow_at_cut=2249 shadow_reformed=2688 shadow_same_key=7628 shadow_collision=26 shadow_collide_ops=19484 shadow_settled_at_boot=15 shadow_drain_checks=500
scenario=m4-recovery base_seed=0x5eed0000 sweep=1000 shard=3/8 seeds_run=125 violations=0 refs=57849 images=206193 cut_before_publish=92 flush_lag_lives=117 live_set_entries=816 relocations=30676 files_retired=29 files_unlinked=19 unlinks_boot_gc=10 blobs=38199 blob_orphans=4945 blob_reclaims=40243 shadow_opened=10301 shadow_at_cut=2334 shadow_reformed=2968 shadow_same_key=7966 shadow_collision=18 shadow_collide_ops=19287 shadow_settled_at_boot=13 shadow_drain_checks=500
scenario=m4-recovery base_seed=0x5eed0000 sweep=1000 shard=4/8 seeds_run=125 violations=0 refs=56207 images=207875 cut_before_publish=89 flush_lag_lives=121 live_set_entries=788 relocations=31437 files_retired=40 files_unlinked=22 unlinks_boot_gc=18 blobs=38899 blob_orphans=4914 blob_reclaims=40442 shadow_opened=9881 shadow_at_cut=2205 shadow_reformed=2745 shadow_same_key=7672 shadow_collision=22 shadow_collide_ops=19078 shadow_settled_at_boot=12 shadow_drain_checks=500
scenario=m4-recovery base_seed=0x5eed0000 sweep=1000 shard=5/8 seeds_run=125 violations=0 refs=54487 images=209911 cut_before_publish=98 flush_lag_lives=132 live_set_entries=747 relocations=28518 files_retired=34 files_unlinked=25 unlinks_boot_gc=9 blobs=38551 blob_orphans=4931 blob_reclaims=40987 shadow_opened=9372 shadow_at_cut=2046 shadow_reformed=2475 shadow_same_key=7322 shadow_collision=19 shadow_collide_ops=19198 shadow_settled_at_boot=7 shadow_drain_checks=500
scenario=m4-recovery base_seed=0x5eed0000 sweep=1000 shard=6/8 seeds_run=125 violations=0 refs=58160 images=205822 cut_before_publish=102 flush_lag_lives=110 live_set_entries=843 relocations=32932 files_retired=49 files_unlinked=27 unlinks_boot_gc=22 blobs=38520 blob_orphans=5070 blob_reclaims=41452 shadow_opened=10445 shadow_at_cut=2249 shadow_reformed=2831 shadow_same_key=8196 shadow_collision=19 shadow_collide_ops=19299 shadow_settled_at_boot=15 shadow_drain_checks=500
scenario=m4-recovery base_seed=0x5eed0000 sweep=1000 shard=7/8 seeds_run=125 violations=0 refs=53479 images=209988 cut_before_publish=99 flush_lag_lives=133 live_set_entries=761 relocations=30245 files_retired=42 files_unlinked=26 unlinks_boot_gc=16 blobs=38496 blob_orphans=4918 blob_reclaims=40390 shadow_opened=9302 shadow_at_cut=1991 shadow_reformed=2380 shadow_same_key=7305 shadow_collision=27 shadow_collide_ops=19324 shadow_settled_at_boot=8 shadow_drain_checks=500
m4-recovery done 2026-08-30T12:20:58-04:00
== m2-durable seeds=10000 base=0xD5EE0000 2026-08-30T12:20:58-04:00
shard 0 exit=0
shard 6 exit=0
shard 2 exit=0
shard 4 exit=0
shard 7 exit=0
shard 3 exit=0
shard 1 exit=0
shard 5 exit=0
scenario=m2-durable base_seed=0xd5ee0000 sweep=10000 shard=0/8 plant=None replay_canary=false seeds_run=1250 violations=0 refused=0 equivalence_checks=0 documents_compared=0 corpus_documents=0 cut_classes=[] pipelined_seeds=0 depth_max=1 waits_barrier=0 waits_rotation=0 waits_reorder=0 budget_background_bytes=0 budget_deferrals=0 waits_pace=0 write_stall_max_us=92553 reopened_packed_tails=0 ckpt_downgrades=0 waits_fill=0 waits_group=184427 segments_recycled=0 recycle_misses=0 recycle_fallbacks=0 segment_rotations=2232 recycled_residue_slacks=0 recycle_waits_started=0 recycle_waits_satisfied=0 recycle_waits_expired=0 segment_inline_preallocs=0
scenario=m2-durable base_seed=0xd5ee0000 sweep=10000 shard=1/8 plant=None replay_canary=false seeds_run=1250 violations=0 refused=0 equivalence_checks=0 documents_compared=0 corpus_documents=0 cut_classes=[] pipelined_seeds=0 depth_max=1 waits_barrier=0 waits_rotation=0 waits_reorder=0 budget_background_bytes=2718674944 budget_deferrals=0 waits_pace=0 write_stall_max_us=91440 reopened_packed_tails=0 ckpt_downgrades=0 waits_fill=0 waits_group=0 segments_recycled=116264 recycle_misses=76607 recycle_fallbacks=0 segment_rotations=190387 recycled_residue_slacks=2960 recycle_waits_started=0 recycle_waits_satisfied=0 recycle_waits_expired=0 segment_inline_preallocs=0
scenario=m2-durable base_seed=0xd5ee0000 sweep=10000 shard=2/8 plant=None replay_canary=false seeds_run=1250 violations=0 refused=0 equivalence_checks=0 documents_compared=0 corpus_documents=0 cut_classes=[] pipelined_seeds=1250 depth_max=3 waits_barrier=88873 waits_rotation=406 waits_reorder=0 budget_background_bytes=0 budget_deferrals=0 waits_pace=0 write_stall_max_us=90043 reopened_packed_tails=0 ckpt_downgrades=0 waits_fill=0 waits_group=0 segments_recycled=0 recycle_misses=0 recycle_fallbacks=0 segment_rotations=2264 recycled_residue_slacks=0 recycle_waits_started=0 recycle_waits_satisfied=0 recycle_waits_expired=0 segment_inline_preallocs=0
scenario=m2-durable base_seed=0xd5ee0000 sweep=10000 shard=3/8 plant=None replay_canary=false seeds_run=1250 violations=0 refused=0 equivalence_checks=0 documents_compared=0 corpus_documents=0 cut_classes=[] pipelined_seeds=1250 depth_max=2 waits_barrier=35323 waits_rotation=60039 waits_reorder=0 budget_background_bytes=2283642880 budget_deferrals=0 waits_pace=0 write_stall_max_us=90011 reopened_packed_tails=0 ckpt_downgrades=0 waits_fill=296124 waits_group=0 segments_recycled=100985 recycle_misses=61520 recycle_fallbacks=0 segment_rotations=160026 recycled_residue_slacks=3031 recycle_waits_started=0 recycle_waits_satisfied=0 recycle_waits_expired=0 segment_inline_preallocs=0
scenario=m2-durable base_seed=0xd5ee0000 sweep=10000 shard=4/8 plant=None replay_canary=false seeds_run=1250 violations=0 refused=0 equivalence_checks=0 documents_compared=0 corpus_documents=0 cut_classes=[] pipelined_seeds=0 depth_max=1 waits_barrier=0 waits_rotation=0 waits_reorder=0 budget_background_bytes=0 budget_deferrals=0 waits_pace=0 write_stall_max_us=92337 reopened_packed_tails=0 ckpt_downgrades=0 waits_fill=0 waits_group=184490 segments_recycled=0 recycle_misses=0 recycle_fallbacks=0 segment_rotations=2220 recycled_residue_slacks=0 recycle_waits_started=0 recycle_waits_satisfied=0 recycle_waits_expired=0 segment_inline_preallocs=0
scenario=m2-durable base_seed=0xd5ee0000 sweep=10000 shard=5/8 plant=None replay_canary=false seeds_run=1250 violations=0 refused=0 equivalence_checks=0 documents_compared=0 corpus_documents=0 cut_classes=[] pipelined_seeds=1250 depth_max=3 waits_barrier=64248 waits_rotation=63650 waits_reorder=0 budget_background_bytes=4807593984 budget_deferrals=0 waits_pace=0 write_stall_max_us=88443 reopened_packed_tails=0 ckpt_downgrades=0 waits_fill=0 waits_group=0 segments_recycled=0 recycle_misses=0 recycle_fallbacks=0 segment_rotations=198970 recycled_residue_slacks=0 recycle_waits_started=0 recycle_waits_satisfied=0 recycle_waits_expired=0 segment_inline_preallocs=0
scenario=m2-durable base_seed=0xd5ee0000 sweep=10000 shard=6/8 plant=None replay_canary=false seeds_run=1250 violations=0 refused=0 equivalence_checks=0 documents_compared=0 corpus_documents=0 cut_classes=[] pipelined_seeds=1250 depth_max=3 waits_barrier=88810 waits_rotation=379 waits_reorder=0 budget_background_bytes=0 budget_deferrals=0 waits_pace=0 write_stall_max_us=90788 reopened_packed_tails=0 ckpt_downgrades=0 waits_fill=0 waits_group=0 segments_recycled=0 recycle_misses=0 recycle_fallbacks=0 segment_rotations=2252 recycled_residue_slacks=0 recycle_waits_started=0 recycle_waits_satisfied=0 recycle_waits_expired=0 segment_inline_preallocs=0
scenario=m2-durable base_seed=0xd5ee0000 sweep=10000 shard=7/8 plant=None replay_canary=false seeds_run=1250 violations=0 refused=0 equivalence_checks=0 documents_compared=0 corpus_documents=0 cut_classes=[] pipelined_seeds=1250 depth_max=3 waits_barrier=34804 waits_rotation=59165 waits_reorder=0 budget_background_bytes=2255826944 budget_deferrals=0 waits_pace=0 write_stall_max_us=90661 reopened_packed_tails=0 ckpt_downgrades=0 waits_fill=292787 waits_group=0 segments_recycled=99714 recycle_misses=60806 recycle_fallbacks=0 segment_rotations=158034 recycled_residue_slacks=3059 recycle_waits_started=0 recycle_waits_satisfied=0 recycle_waits_expired=0 segment_inline_preallocs=0
m2-durable done 2026-08-30T12:21:27-04:00
chain end 2026-08-30T12:21:27-04:00
