# 2026-08-21T23:51:12-04:00 host=HomeLab kernel=7.0.0-30-generic
# governor=performance epp=performance
# binary=infinityd 22af6ed (git 22af6ede3d02, x86_64-unknown-linux-gnu) git=22af6ed dirty=0
# data=/home/kcaicedo/bench-data/s35-gate/data fstype=ext4 device=/dev/nvme0n1p3
# thermal: 27800 39000 39000 
=== 2026-08-21T23:51:12-04:00 s36 base-1 ===
inf-bench env-check
  PROBE                RESULT
  git-dirty-tree       PASS
  cpufreq-governor     PASS
  cpufreq-epp          PASS
  thermal-throttle     PASS
  power-source         SKIP  macos-only probe (this host: linux)
  low-power-mode       SKIP  macos-only probe (this host: linux)

env-check: OK
  s35: 40s drive-state idle before s36 device leg (4 cells)
  s35: 40s drive-state idle before s36 offered-rate leg

== gate verdicts ==
  S29: tiered always scaling slope (c256/c64) PENDING (tooling)
  S29: tiered:flat always parity at 64 conns PENDING (tooling)
  S29: tiered:flat always parity at 256 conns PENDING (tooling)
  S29: tiered:flat always p99 ratio at 256 conns PENDING (tooling)
  S27: client-visible -BUSY refusals under provoked staging pressure PENDING (tooling)
  S27: last:first throughput across back-to-back write repeats PENDING (tooling)
  S27: worst per-leg max latency at everysec under provoked pressure PENDING (tooling)
  S35: always p50 over the barrier p50 at 32 conns PENDING (tooling)
  S35: N-cell vs 1-cell always p50 ratio (S34's F2 AC) PENDING (tooling)
  S36: server CPU across the pure-write everysec leg FAIL
  S36: everysec pure-write throughput vs the same-session tmpfs control FAIL
  S36: checkpoint + MANIFEST bytes over log frame bytes (the derived trigger's 1/α bound) PASS
  S36: log + checkpoint write amplification (informational — the padding term is shape-dependent) PASS (informational)
  S36: everysec max latency at the comparator-matched offered rate (S27 D5) PASS

gate-run: report written to /home/kcaicedo/bench-data/s35-gate/artifacts-review2/s39a/s36-base-1/1787370799-gate-run/report.md
inf-bench: 2 binding gate(s) FAILED
=== exit 1 2026-08-21T23:53:19-04:00 ===
=== 2026-08-21T23:53:19-04:00 s36 fillA-1 ===
inf-bench env-check
  PROBE                RESULT
  git-dirty-tree       PASS
  cpufreq-governor     PASS
  cpufreq-epp          PASS
  thermal-throttle     PASS
  power-source         SKIP  macos-only probe (this host: linux)
  low-power-mode       SKIP  macos-only probe (this host: linux)

env-check: OK
  s35: 40s drive-state idle before s36 device leg (4 cells)
  s35: 40s drive-state idle before s36 offered-rate leg

== gate verdicts ==
  S29: tiered always scaling slope (c256/c64) PENDING (tooling)
  S29: tiered:flat always parity at 64 conns PENDING (tooling)
  S29: tiered:flat always parity at 256 conns PENDING (tooling)
  S29: tiered:flat always p99 ratio at 256 conns PENDING (tooling)
  S27: client-visible -BUSY refusals under provoked staging pressure PENDING (tooling)
  S27: last:first throughput across back-to-back write repeats PENDING (tooling)
  S27: worst per-leg max latency at everysec under provoked pressure PENDING (tooling)
  S35: always p50 over the barrier p50 at 32 conns PENDING (tooling)
  S35: N-cell vs 1-cell always p50 ratio (S34's F2 AC) PENDING (tooling)
  S36: server CPU across the pure-write everysec leg FAIL
  S36: everysec pure-write throughput vs the same-session tmpfs control FAIL
  S36: checkpoint + MANIFEST bytes over log frame bytes (the derived trigger's 1/α bound) PASS
  S36: log + checkpoint write amplification (informational — the padding term is shape-dependent) PASS (informational)
  S36: everysec max latency at the comparator-matched offered rate (S27 D5) PASS

gate-run: report written to /home/kcaicedo/bench-data/s35-gate/artifacts-review2/s39a/s36-fillA-1/1787370925-gate-run/report.md
inf-bench: 2 binding gate(s) FAILED
=== exit 1 2026-08-21T23:55:25-04:00 ===
=== 2026-08-21T23:55:25-04:00 s36 base-2 ===
inf-bench env-check
  PROBE                RESULT
  git-dirty-tree       PASS
  cpufreq-governor     PASS
  cpufreq-epp          PASS
  thermal-throttle     PASS
  power-source         SKIP  macos-only probe (this host: linux)
  low-power-mode       SKIP  macos-only probe (this host: linux)

env-check: OK
  s35: 40s drive-state idle before s36 device leg (4 cells)
  s35: 40s drive-state idle before s36 offered-rate leg

== gate verdicts ==
  S29: tiered always scaling slope (c256/c64) PENDING (tooling)
  S29: tiered:flat always parity at 64 conns PENDING (tooling)
  S29: tiered:flat always parity at 256 conns PENDING (tooling)
  S29: tiered:flat always p99 ratio at 256 conns PENDING (tooling)
  S27: client-visible -BUSY refusals under provoked staging pressure PENDING (tooling)
  S27: last:first throughput across back-to-back write repeats PENDING (tooling)
  S27: worst per-leg max latency at everysec under provoked pressure PENDING (tooling)
  S35: always p50 over the barrier p50 at 32 conns PENDING (tooling)
  S35: N-cell vs 1-cell always p50 ratio (S34's F2 AC) PENDING (tooling)
  S36: server CPU across the pure-write everysec leg FAIL
  S36: everysec pure-write throughput vs the same-session tmpfs control FAIL
  S36: checkpoint + MANIFEST bytes over log frame bytes (the derived trigger's 1/α bound) PASS
  S36: log + checkpoint write amplification (informational — the padding term is shape-dependent) FAIL (informational)
  S36: everysec max latency at the comparator-matched offered rate (S27 D5) PASS

gate-run: report written to /home/kcaicedo/bench-data/s35-gate/artifacts-review2/s39a/s36-base-2/1787371051-gate-run/report.md
inf-bench: 2 binding gate(s) FAILED
=== exit 1 2026-08-21T23:57:31-04:00 ===
=== 2026-08-21T23:57:31-04:00 s36 fillA-2 ===
inf-bench env-check
  PROBE                RESULT
  git-dirty-tree       PASS
  cpufreq-governor     PASS
  cpufreq-epp          PASS
  thermal-throttle     PASS
  power-source         SKIP  macos-only probe (this host: linux)
  low-power-mode       SKIP  macos-only probe (this host: linux)

env-check: OK
  s35: 40s drive-state idle before s36 device leg (4 cells)
  s35: 40s drive-state idle before s36 offered-rate leg

== gate verdicts ==
  S29: tiered always scaling slope (c256/c64) PENDING (tooling)
  S29: tiered:flat always parity at 64 conns PENDING (tooling)
  S29: tiered:flat always parity at 256 conns PENDING (tooling)
  S29: tiered:flat always p99 ratio at 256 conns PENDING (tooling)
  S27: client-visible -BUSY refusals under provoked staging pressure PENDING (tooling)
  S27: last:first throughput across back-to-back write repeats PENDING (tooling)
  S27: worst per-leg max latency at everysec under provoked pressure PENDING (tooling)
  S35: always p50 over the barrier p50 at 32 conns PENDING (tooling)
  S35: N-cell vs 1-cell always p50 ratio (S34's F2 AC) PENDING (tooling)
  S36: server CPU across the pure-write everysec leg FAIL
  S36: everysec pure-write throughput vs the same-session tmpfs control FAIL
  S36: checkpoint + MANIFEST bytes over log frame bytes (the derived trigger's 1/α bound) PASS
  S36: log + checkpoint write amplification (informational — the padding term is shape-dependent) PASS (informational)
  S36: everysec max latency at the comparator-matched offered rate (S27 D5) PASS

gate-run: report written to /home/kcaicedo/bench-data/s35-gate/artifacts-review2/s39a/s36-fillA-2/1787371177-gate-run/report.md
inf-bench: 2 binding gate(s) FAILED
=== exit 1 2026-08-21T23:59:37-04:00 ===
=== 2026-08-21T23:59:37-04:00 s36 base-3 ===
inf-bench env-check
  PROBE                RESULT
  git-dirty-tree       PASS
  cpufreq-governor     PASS
  cpufreq-epp          PASS
  thermal-throttle     PASS
  power-source         SKIP  macos-only probe (this host: linux)
  low-power-mode       SKIP  macos-only probe (this host: linux)

env-check: OK
  s35: 40s drive-state idle before s36 device leg (4 cells)
  s35: 40s drive-state idle before s36 offered-rate leg

== gate verdicts ==
  S29: tiered always scaling slope (c256/c64) PENDING (tooling)
  S29: tiered:flat always parity at 64 conns PENDING (tooling)
  S29: tiered:flat always parity at 256 conns PENDING (tooling)
  S29: tiered:flat always p99 ratio at 256 conns PENDING (tooling)
  S27: client-visible -BUSY refusals under provoked staging pressure PENDING (tooling)
  S27: last:first throughput across back-to-back write repeats PENDING (tooling)
  S27: worst per-leg max latency at everysec under provoked pressure PENDING (tooling)
  S35: always p50 over the barrier p50 at 32 conns PENDING (tooling)
  S35: N-cell vs 1-cell always p50 ratio (S34's F2 AC) PENDING (tooling)
  S36: server CPU across the pure-write everysec leg FAIL
  S36: everysec pure-write throughput vs the same-session tmpfs control FAIL
  S36: checkpoint + MANIFEST bytes over log frame bytes (the derived trigger's 1/α bound) PASS
  S36: log + checkpoint write amplification (informational — the padding term is shape-dependent) FAIL (informational)
  S36: everysec max latency at the comparator-matched offered rate (S27 D5) PASS

gate-run: report written to /home/kcaicedo/bench-data/s35-gate/artifacts-review2/s39a/s36-base-3/1787371303-gate-run/report.md
inf-bench: 2 binding gate(s) FAILED
=== exit 1 2026-08-22T00:01:43-04:00 ===
=== 2026-08-22T00:01:43-04:00 s36 fillA-3 ===
inf-bench env-check
  PROBE                RESULT
  git-dirty-tree       PASS
  cpufreq-governor     PASS
  cpufreq-epp          PASS
  thermal-throttle     PASS
  power-source         SKIP  macos-only probe (this host: linux)
  low-power-mode       SKIP  macos-only probe (this host: linux)

env-check: OK
  s35: 40s drive-state idle before s36 device leg (4 cells)
  s35: 40s drive-state idle before s36 offered-rate leg

== gate verdicts ==
  S29: tiered always scaling slope (c256/c64) PENDING (tooling)
  S29: tiered:flat always parity at 64 conns PENDING (tooling)
  S29: tiered:flat always parity at 256 conns PENDING (tooling)
  S29: tiered:flat always p99 ratio at 256 conns PENDING (tooling)
  S27: client-visible -BUSY refusals under provoked staging pressure PENDING (tooling)
  S27: last:first throughput across back-to-back write repeats PENDING (tooling)
  S27: worst per-leg max latency at everysec under provoked pressure PENDING (tooling)
  S35: always p50 over the barrier p50 at 32 conns PENDING (tooling)
  S35: N-cell vs 1-cell always p50 ratio (S34's F2 AC) PENDING (tooling)
  S36: server CPU across the pure-write everysec leg FAIL
  S36: everysec pure-write throughput vs the same-session tmpfs control FAIL
  S36: checkpoint + MANIFEST bytes over log frame bytes (the derived trigger's 1/α bound) PASS
  S36: log + checkpoint write amplification (informational — the padding term is shape-dependent) PASS (informational)
  S36: everysec max latency at the comparator-matched offered rate (S27 D5) FAIL

gate-run: report written to /home/kcaicedo/bench-data/s35-gate/artifacts-review2/s39a/s36-fillA-3/1787371429-gate-run/report.md
inf-bench: 3 binding gate(s) FAILED
=== exit 1 2026-08-22T00:03:49-04:00 ===
=== 2026-08-22T00:03:49-04:00 s35 base (3 replicates) ===
inf-bench env-check
  PROBE                RESULT
  git-dirty-tree       PASS
  cpufreq-governor     PASS
  cpufreq-epp          PASS
  thermal-throttle     PASS
  power-source         SKIP  macos-only probe (this host: linux)
  low-power-mode       SKIP  macos-only probe (this host: linux)

env-check: OK
  s35: 40s drive-state idle before 4c rep0 c32
  s35: 40s drive-state idle before 4c rep0 c256
  s35: 40s drive-state idle before 1c rep0 c32
  s35: 40s drive-state idle before 4c rep1 c32
  s35: 40s drive-state idle before 4c rep1 c256
  s35: 40s drive-state idle before 1c rep1 c32
  s35: 40s drive-state idle before 4c rep2 c32
  s35: 40s drive-state idle before 4c rep2 c256
  s35: 40s drive-state idle before 1c rep2 c32

== gate verdicts ==
  S29: tiered always scaling slope (c256/c64) PENDING (tooling)
  S29: tiered:flat always parity at 64 conns PENDING (tooling)
  S29: tiered:flat always parity at 256 conns PENDING (tooling)
  S29: tiered:flat always p99 ratio at 256 conns PENDING (tooling)
  S27: client-visible -BUSY refusals under provoked staging pressure PENDING (tooling)
  S27: last:first throughput across back-to-back write repeats PENDING (tooling)
  S27: worst per-leg max latency at everysec under provoked pressure PENDING (tooling)
  S35: always p50 over the barrier p50 at 32 conns PASS
  S35: N-cell vs 1-cell always p50 ratio (S34's F2 AC) FAIL
  S36: server CPU across the pure-write everysec leg PENDING (tooling)
  S36: everysec pure-write throughput vs the same-session tmpfs control PENDING (tooling)
  S36: checkpoint + MANIFEST bytes over log frame bytes (the derived trigger's 1/α bound) PENDING (tooling)
  S36: log + checkpoint write amplification (informational — the padding term is shape-dependent) PENDING (tooling)
  S36: everysec max latency at the comparator-matched offered rate (S27 D5) PENDING (tooling)

gate-run: report written to /home/kcaicedo/bench-data/s35-gate/artifacts-review2/s39a/s35-base/1787371934-gate-run/report.md
inf-bench: 1 binding gate(s) FAILED
=== exit 1 2026-08-22T00:12:14-04:00 ===
=== 2026-08-22T00:12:14-04:00 s35 fillA (3 replicates) ===
inf-bench env-check
  PROBE                RESULT
  git-dirty-tree       PASS
  cpufreq-governor     PASS
  cpufreq-epp          PASS
  thermal-throttle     PASS
  power-source         SKIP  macos-only probe (this host: linux)
  low-power-mode       SKIP  macos-only probe (this host: linux)

env-check: OK
  s35: 40s drive-state idle before 4c rep0 c32
  s35: 40s drive-state idle before 4c rep0 c256
  s35: 40s drive-state idle before 1c rep0 c32
  s35: 40s drive-state idle before 4c rep1 c32
  s35: 40s drive-state idle before 4c rep1 c256
  s35: 40s drive-state idle before 1c rep1 c32
  s35: 40s drive-state idle before 4c rep2 c32
  s35: 40s drive-state idle before 4c rep2 c256
  s35: 40s drive-state idle before 1c rep2 c32

== gate verdicts ==
  S29: tiered always scaling slope (c256/c64) PENDING (tooling)
  S29: tiered:flat always parity at 64 conns PENDING (tooling)
  S29: tiered:flat always parity at 256 conns PENDING (tooling)
  S29: tiered:flat always p99 ratio at 256 conns PENDING (tooling)
  S27: client-visible -BUSY refusals under provoked staging pressure PENDING (tooling)
  S27: last:first throughput across back-to-back write repeats PENDING (tooling)
  S27: worst per-leg max latency at everysec under provoked pressure PENDING (tooling)
  S35: always p50 over the barrier p50 at 32 conns PASS
  S35: N-cell vs 1-cell always p50 ratio (S34's F2 AC) FAIL
  S36: server CPU across the pure-write everysec leg PENDING (tooling)
  S36: everysec pure-write throughput vs the same-session tmpfs control PENDING (tooling)
  S36: checkpoint + MANIFEST bytes over log frame bytes (the derived trigger's 1/α bound) PENDING (tooling)
  S36: log + checkpoint write amplification (informational — the padding term is shape-dependent) PENDING (tooling)
  S36: everysec max latency at the comparator-matched offered rate (S27 D5) PENDING (tooling)

gate-run: report written to /home/kcaicedo/bench-data/s35-gate/artifacts-review2/s39a/s35-fillA/1787372438-gate-run/report.md
inf-bench: 1 binding gate(s) FAILED
=== exit 1 2026-08-22T00:20:38-04:00 ===
=== 2026-08-22T00:20:38-04:00 s35 fillB (3 replicates) ===
inf-bench: unexpected argument `3` (flags are `--name value`)
=== exit 1 2026-08-22T00:20:38-04:00 ===
# done 2026-08-22T00:20:38-04:00 thermal: 27800 36000 42000 
