# 2026-08-22T00:23:52-04:00 binary=infinityd ba23666 (git ba236660b61e, x86_64-unknown-linux-gnu) git=ba23666 dirty=0 thermal: 27800 38000 42000 
=== 2026-08-22T00:23:52-04:00 s36 base-4 ===
inf-bench env-check
  PROBE                RESULT
  git-dirty-tree       PASS
  cpufreq-governor     PASS
  cpufreq-epp          PASS
  thermal-throttle     PASS
  power-source         SKIP  macos-only probe (this host: linux)
  low-power-mode       SKIP  macos-only probe (this host: linux)

env-check: OK
  s35: 40s drive-state idle before s36 device leg (4 cells)
  s35: 40s drive-state idle before s36 offered-rate leg

== gate verdicts ==
  S29: tiered always scaling slope (c256/c64) PENDING (tooling)
  S29: tiered:flat always parity at 64 conns PENDING (tooling)
  S29: tiered:flat always parity at 256 conns PENDING (tooling)
  S29: tiered:flat always p99 ratio at 256 conns PENDING (tooling)
  S27: client-visible -BUSY refusals under provoked staging pressure PENDING (tooling)
  S27: last:first throughput across back-to-back write repeats PENDING (tooling)
  S27: worst per-leg max latency at everysec under provoked pressure PENDING (tooling)
  S35: always p50 over the barrier p50 at 32 conns PENDING (tooling)
  S35: N-cell vs 1-cell always p50 ratio (S34's F2 AC) PENDING (tooling)
  S36: server CPU across the pure-write everysec leg FAIL
  S36: everysec pure-write throughput vs the same-session tmpfs control FAIL
  S36: checkpoint + MANIFEST bytes over log frame bytes (the derived trigger's 1/α bound) PASS
  S36: log + checkpoint write amplification (informational — the padding term is shape-dependent) FAIL (informational)
  S36: everysec max latency at the comparator-matched offered rate (S27 D5) PASS

gate-run: report written to /home/kcaicedo/bench-data/s35-gate/artifacts-review2/s39a/s36-base-4/1787372758-gate-run/report.md
inf-bench: 2 binding gate(s) FAILED
=== exit 1 2026-08-22T00:25:58-04:00 ===
=== 2026-08-22T00:25:58-04:00 s36 fillA-5 ===
inf-bench env-check
  PROBE                RESULT
  git-dirty-tree       PASS
  cpufreq-governor     PASS
  cpufreq-epp          PASS
  thermal-throttle     PASS
  power-source         SKIP  macos-only probe (this host: linux)
  low-power-mode       SKIP  macos-only probe (this host: linux)

env-check: OK
  s35: 40s drive-state idle before s36 device leg (4 cells)
  s35: 40s drive-state idle before s36 offered-rate leg

== gate verdicts ==
  S29: tiered always scaling slope (c256/c64) PENDING (tooling)
  S29: tiered:flat always parity at 64 conns PENDING (tooling)
  S29: tiered:flat always parity at 256 conns PENDING (tooling)
  S29: tiered:flat always p99 ratio at 256 conns PENDING (tooling)
  S27: client-visible -BUSY refusals under provoked staging pressure PENDING (tooling)
  S27: last:first throughput across back-to-back write repeats PENDING (tooling)
  S27: worst per-leg max latency at everysec under provoked pressure PENDING (tooling)
  S35: always p50 over the barrier p50 at 32 conns PENDING (tooling)
  S35: N-cell vs 1-cell always p50 ratio (S34's F2 AC) PENDING (tooling)
  S36: server CPU across the pure-write everysec leg FAIL
  S36: everysec pure-write throughput vs the same-session tmpfs control FAIL
  S36: checkpoint + MANIFEST bytes over log frame bytes (the derived trigger's 1/α bound) PASS
  S36: log + checkpoint write amplification (informational — the padding term is shape-dependent) PASS (informational)
  S36: everysec max latency at the comparator-matched offered rate (S27 D5) PASS

gate-run: report written to /home/kcaicedo/bench-data/s35-gate/artifacts-review2/s39a/s36-fillA-5/1787372885-gate-run/report.md
inf-bench: 2 binding gate(s) FAILED
=== exit 1 2026-08-22T00:28:05-04:00 ===
=== 2026-08-22T00:28:05-04:00 s36 base-5 ===
inf-bench env-check
  PROBE                RESULT
  git-dirty-tree       PASS
  cpufreq-governor     PASS
  cpufreq-epp          PASS
  thermal-throttle     PASS
  power-source         SKIP  macos-only probe (this host: linux)
  low-power-mode       SKIP  macos-only probe (this host: linux)

env-check: OK
  s35: 40s drive-state idle before s36 device leg (4 cells)
  s35: 40s drive-state idle before s36 offered-rate leg

== gate verdicts ==
  S29: tiered always scaling slope (c256/c64) PENDING (tooling)
  S29: tiered:flat always parity at 64 conns PENDING (tooling)
  S29: tiered:flat always parity at 256 conns PENDING (tooling)
  S29: tiered:flat always p99 ratio at 256 conns PENDING (tooling)
  S27: client-visible -BUSY refusals under provoked staging pressure PENDING (tooling)
  S27: last:first throughput across back-to-back write repeats PENDING (tooling)
  S27: worst per-leg max latency at everysec under provoked pressure PENDING (tooling)
  S35: always p50 over the barrier p50 at 32 conns PENDING (tooling)
  S35: N-cell vs 1-cell always p50 ratio (S34's F2 AC) PENDING (tooling)
  S36: server CPU across the pure-write everysec leg FAIL
  S36: everysec pure-write throughput vs the same-session tmpfs control FAIL
  S36: checkpoint + MANIFEST bytes over log frame bytes (the derived trigger's 1/α bound) PASS
  S36: log + checkpoint write amplification (informational — the padding term is shape-dependent) FAIL (informational)
  S36: everysec max latency at the comparator-matched offered rate (S27 D5) PASS

gate-run: report written to /home/kcaicedo/bench-data/s35-gate/artifacts-review2/s39a/s36-base-5/1787373011-gate-run/report.md
inf-bench: 2 binding gate(s) FAILED
=== exit 1 2026-08-22T00:30:11-04:00 ===
=== 2026-08-22T00:30:11-04:00 s35 fillB (3 replicates) ===
inf-bench env-check
  PROBE                RESULT
  git-dirty-tree       PASS
  cpufreq-governor     PASS
  cpufreq-epp          PASS
  thermal-throttle     PASS
  power-source         SKIP  macos-only probe (this host: linux)
  low-power-mode       SKIP  macos-only probe (this host: linux)

env-check: OK
  s35: 40s drive-state idle before 4c rep0 c32
  s35: 40s drive-state idle before 4c rep0 c256
  s35: 40s drive-state idle before 1c rep0 c32
  s35: 40s drive-state idle before 4c rep1 c32
  s35: 40s drive-state idle before 4c rep1 c256
  s35: 40s drive-state idle before 1c rep1 c32
  s35: 40s drive-state idle before 4c rep2 c32
  s35: 40s drive-state idle before 4c rep2 c256
  s35: 40s drive-state idle before 1c rep2 c32

== gate verdicts ==
  S29: tiered always scaling slope (c256/c64) PENDING (tooling)
  S29: tiered:flat always parity at 64 conns PENDING (tooling)
  S29: tiered:flat always parity at 256 conns PENDING (tooling)
  S29: tiered:flat always p99 ratio at 256 conns PENDING (tooling)
  S27: client-visible -BUSY refusals under provoked staging pressure PENDING (tooling)
  S27: last:first throughput across back-to-back write repeats PENDING (tooling)
  S27: worst per-leg max latency at everysec under provoked pressure PENDING (tooling)
  S35: always p50 over the barrier p50 at 32 conns FAIL
  S35: N-cell vs 1-cell always p50 ratio (S34's F2 AC) FAIL
  S36: server CPU across the pure-write everysec leg PENDING (tooling)
  S36: everysec pure-write throughput vs the same-session tmpfs control PENDING (tooling)
  S36: checkpoint + MANIFEST bytes over log frame bytes (the derived trigger's 1/α bound) PENDING (tooling)
  S36: log + checkpoint write amplification (informational — the padding term is shape-dependent) PENDING (tooling)
  S36: everysec max latency at the comparator-matched offered rate (S27 D5) PENDING (tooling)

gate-run: report written to /home/kcaicedo/bench-data/s35-gate/artifacts-review2/s39a/s35-fillB/1787373515-gate-run/report.md
inf-bench: 2 binding gate(s) FAILED
=== exit 1 2026-08-22T00:38:35-04:00 ===
# done 2026-08-22T00:38:35-04:00 thermal: 27800 37000 40000 
