cargo build -p infinityd
   Compiling inf-runtime v0.0.0 (/home/kcaicedo/Documents/Projects/databases/infinitydb/crates/inf-runtime)
   Compiling inf-server v0.0.0 (/home/kcaicedo/Documents/Projects/databases/infinitydb/crates/inf-server)
   Compiling infinityd v0.0.0 (/home/kcaicedo/Documents/Projects/databases/infinitydb/bins/infinityd)
    Finished `dev` profile [unoptimized + debuginfo] target(s) in 2.22s
INF_COMPAT_REQUIRE_BINARY=1 INFINITYD_BIN=/home/kcaicedo/Documents/Projects/databases/infinitydb/target/debug/infinityd cargo test -p compat -- --nocapture
   Compiling inf-runtime v0.0.0 (/home/kcaicedo/Documents/Projects/databases/infinitydb/crates/inf-runtime)
   Compiling inf-server v0.0.0 (/home/kcaicedo/Documents/Projects/databases/infinitydb/crates/inf-server)
   Compiling compat v0.0.0 (/home/kcaicedo/Documents/Projects/databases/infinitydb/tests/compat)
    Finished `test` profile [unoptimized + debuginfo] target(s) in 1.19s
     Running unittests src/lib.rs (target/debug/deps/compat-bed998fbbf4523cd)

running 13 tests
test json_oracle::tests::an_unallowlisted_deviation_fails ... ok
test json_oracle::tests::semantic_equality_is_diagnostic_only ... ok
test resp::tests::frames_aggregates ... ok
test resp::tests::encodes_argv_as_bulk_array ... ok
test json_oracle::tests::case_and_allowlist_keys_are_unique_and_total ... ok
test resp::tests::frames_attribute_with_its_payload ... ok
test resp::tests::frames_bulk_variants ... ok
test resp::tests::frames_line_types ... ok
test resp::tests::incomplete_input_needs_more_bytes ... ok
test resp::tests::parses_integer_replies ... ok
test resp::tests::rejects_garbage ... ok
test resp::tests::trailing_bytes_are_not_consumed ... ok
test harness::tests::reserved_ports_never_repeat_within_a_process ... ok

test result: ok. 13 passed; 0 failed; 0 ignored; 0 measured; 0 filtered out; finished in 0.01s

     Running tests/diff.rs (target/debug/deps/diff-461c4ebd207487a5)

running 1 test
compat-diff v1: 486 byte-compared cases, 44 documented deviations, 0 failures
test matrix_replies_match_redis ... ok

test result: ok. 1 passed; 0 failed; 0 ignored; 0 measured; 0 filtered out; finished in 0.09s

     Running tests/json_diff.rs (target/debug/deps/json_diff-2c904240237ea4cb)

running 1 test
SKIPPED: set INF_COMPAT_JSON_ORACLE_ADDR to redis/redis-stack-server:7.4.0-v8@sha256:798ab84d9f266936b034ab11c4d04a2b8e4b441884c5aa7d17ac951eefdf742a
test json_matrix_matches_pinned_redisjson ... ok

test result: ok. 1 passed; 0 failed; 0 ignored; 0 measured; 0 filtered out; finished in 0.00s

     Running tests/matrix_artifact.rs (target/debug/deps/matrix_artifact-f461a176e6b1bce9)

running 3 tests
test declared_statuses_are_mechanically_enforced ... ok
test generated_matrix_is_current ... ok
test rendered_matrix_covers_the_json_section ... ok

test result: ok. 3 passed; 0 failed; 0 ignored; 0 measured; 0 filtered out; finished in 0.00s

     Running tests/node_diff.rs (target/debug/deps/node_diff-414dc14f3498c426)

running 16 tests

thread 'quit_closes_a_namespace_bound_connection_like_redis' (592533) panicked at tests/compat/src/harness.rs:331:48:
server read: Os { code: 104, kind: ConnectionReset, message: "Connection reset by peer" }
note: run with `RUST_BACKTRACE=1` environment variable to display a backtrace
--- kept /home/kcaicedo/Documents/Projects/databases/infinitydb/target/tmp/inf-compat-node-1789443916095883429-52530 (test failed; process still running at teardown (killed)); log tail:
--- end of log tail
test quit_closes_a_namespace_bound_connection_like_redis ... FAILED

thread 'a_failing_test_keeps_the_node_log' (592516) panicked at tests/compat/tests/node_diff.rs:773:9:
expected: this harness falsifier fails on purpose while holding the node guard
--- kept /home/kcaicedo/Documents/Projects/databases/infinitydb/target/tmp/inf-compat-node-1789443916095127576-52515 (test failed; process still running at teardown (killed)); log tail:
infinityd: key-hash secret: key-hash.toml (created at this first boot — siphash13, ADR-0094; id 0xfa7fea8ea298190c; 0 manifest(s) bound, 0 shard(s) unpublished)
infinityd: topology: 1 cells (stamped at this first boot — ADR-0095; topology.toml)
infinityd: io-properties: absent (--device-probe off): the FLUSH class, K = 1, no device budget — the dev tier; `--device-probe auto` or `inf probe-device` enables the probed classes (ADR-0091)
infinityd: log barrier class flush (source: absent; fua_max_frame_bytes 262144; probed p50 fua 0 µs / flush 0 µs); frames in flight 1 (auto: flush) × 4 MiB staging
infinityd: device model absent (io-properties schema 1): background I/O is unbudgeted and frame sealing unpaced — run `inf probe-device` to enable the device budget (ADR-0088)
infinityd: checkpoint cap replay term 1024 MiB/s per cell (the D4 constant — no probed read row; ADR-0088 D4 as amended)
infinityd d60ef03 (git d60ef0315744-dirty, x86_64-unknown-linux-gnu)
infinityd: 1 cells, port 52515, backend io_uring, route natural
infinityd: listening on 52515
infinityd: capabilities Capabilities { backend: "io_uring", multishot_accept: true, multishot_recv: true, provided_buffers: true, fixed_buffers: true, single_issuer: true, defer_taskrun: true, performance_tier: true }
--- end of log tail
test a_failing_test_keeps_the_node_log ... ok
test info_names_every_field_once_on_a_real_node ... ok
test info_tripwires_is_wholly_cell_scope_on_a_real_node ... ok
test run_id_is_40_hex_and_stable_like_redis ... ok
test tiered_namespace_argument_errors_match_redis ... ok
test a_second_node_on_an_owned_port_refuses_to_start ... ok
test client_id_is_positive_and_killable_like_redis ... ok
test info_unknown_section_is_empty_like_redis ... ok
test maxclients_refusal_matches_redis ... ok
test info_keyspace_counts_the_whole_node_like_dbsize ... ok
compat-diff node lane: 486 byte-compared cases on a 4-cell durable node, 44 documented deviations, 1 pinned node deviations, 0 failures
  node deviation: case 529 ["FLUSHALL"]: FLUSHALL with durable namespaces refuses (ADR-0015 M2 cut)
test node_matrix_replies_match_redis ... ok
compat-diff ns lane: 2 namespaces (durable + tiered) × 52 keys (4 at MAX_KEY_LEN), values to 64 KiB, SCAN set-equality, 4 pinned refusals, 0 failures
test node_fanout_and_tier_match_redis_under_namespace ... ok
test deadline_millisecond_read_matches_redis ... ok
compat-diff large-value lane: 2 MiB + MAX_VAL_LEN byte-exact, 16 MiB + 1 pinned
test large_values_match_redis_up_to_the_bulk_cap ... ok
test timeout_closes_an_idle_connection_like_redis ... ok

failures:

failures:
    quit_closes_a_namespace_bound_connection_like_redis

test result: FAILED. 15 passed; 1 failed; 0 ignored; 0 measured; 0 filtered out; finished in 2.64s

error: test failed, to rerun pass `-p compat --test node_diff`
error: Recipe `compat` failed on line 65 with exit code 101
COMPAT_EXIT=101
