    Finished `test` profile [unoptimized + debuginfo] target(s) in 0.02s
     Running unittests src/lib.rs (target/debug/deps/inf_sim-709dd5dbb0fb1a03)

running 45 tests

thread 'txmodel::tests::a_remote_prepare_never_meets_a_reissued_txid' (179648) panicked at bins/inf-sim/src/txmodel.rs:3123:9:
TXID REISSUE: (0, 41) issued again while a remote participant's durable prepare still carries it
note: run with `RUST_BACKTRACE=1` environment variable to display a backtrace

thread 'txmodel::tests::a_checkpoint_streams_the_decision_qualified_image' (179644) panicked at bins/inf-sim/src/txmodel.rs:3037:9:
SERIALIZABILITY VIOLATION after crash: recovered [100, 11] is no serial subset of [Tx(1), Tx(2)] (decisions durable: {})

thread 'txmodel::tests::a_durable_successor_never_outlives_its_dependency' (179645) panicked at bins/inf-sim/src/txmodel.rs:3018:9:
SERIALIZABILITY VIOLATION after crash: recovered [10, 101] is no serial subset of [Tx(1), Incr { cell: 1, id: 1 }] (decisions durable: {})

thread 'txmodel::tests::a_repeated_watch_keeps_the_first_registrations_history' (179649) panicked at bins/inf-sim/src/txmodel.rs:2839:13:
assertion `left == right` failed: WATCH ORACLE RESET: [Watch(0), Set(0), Watch(0), Exec] accepted by Rules { representation: EndpointEquality, repeated_watch: Reregister }
  left: Commit
 right: Abort

thread 'txmodel::tests::a_failed_native_condition_publishes_nothing' (179647) panicked at bins/inf-sim/src/txmodel.rs:2627:9:
STAGING VIOLATION: T1 aborted (condition failed) but its write to key 0@cell0 is published

thread 'txmodel::tests::absent_present_absent_aborts' (179651) panicked at bins/inf-sim/src/txmodel.rs:2781:9:
assertion `left == right` failed: WATCH HISTORY VIOLATION: absent → present → absent accepted by Rules { representation: EndpointEquality, repeated_watch: Reregister }
  left: Commit
 right: Abort

thread 'txmodel::tests::a_watch_only_key_is_held_through_the_decision' (179650) panicked at bins/inf-sim/src/txmodel.rs:2580:9:
WATCH INTERVAL VIOLATION: T1 committed after key 1 was mutated between the owner's validation and the decision

thread 'txmodel::tests::delete_recreate_aborts' (179655) panicked at bins/inf-sim/src/txmodel.rs:2802:9:
assertion `left == right` failed: WATCH HISTORY VIOLATION: delete/recreate accepted by Rules { representation: EndpointEquality, repeated_watch: Reregister }
  left: Commit
 right: Abort

thread 'txmodel::tests::everysec_checkpoint_never_holds_half_a_transaction' (179657) panicked at bins/inf-sim/src/txmodel.rs:2957:9:
PARTIAL COMMIT after crash: key0 = 10, key1 = 100 (decision durable: false)

thread 'txmodel::tests::eviction_and_owner_restart_fail_closed' (179658) panicked at bins/inf-sim/src/txmodel.rs:2818:13:
assertion `left == right` failed: WATCH HISTORY VIOLATION: [Set(0), Watch(0), Evict(0), Exec] accepted by Rules { representation: EndpointEquality, repeated_watch: Reregister }
  left: Commit
 right: Abort
test txmodel::tests::a_failed_exec_command_is_embedded_and_the_rest_commits ... ok

thread 'txmodel::tests::readers_never_observe_an_uncommitted_write' (179664) panicked at bins/inf-sim/src/txmodel.rs:2560:13:
seed 4: READ UNCOMMITTED: T3 read key 1 written by T1 before T1's decision
test txmodel::tests::a_remote_prepare_never_meets_a_reissued_txid ... FAILED
test txmodel::tests::a_checkpoint_streams_the_decision_qualified_image ... FAILED
test txmodel::tests::a_durable_successor_never_outlives_its_dependency ... FAILED
test txmodel::tests::a_repeated_watch_keeps_the_first_registrations_history ... FAILED

thread 'txmodel::tests::two_key_history_completes_without_deadlock' (179670) panicked at bins/inf-sim/src/txmodel.rs:2494:9:
ACQUISITION DEADLOCK: 2 transaction(s) stuck with no message in flight — T1 waits on key 1@cell1 behind T2; T2 waits on key 0@cell0 behind T1
test txmodel::tests::a_failed_native_condition_publishes_nothing ... FAILED
test txmodel::tests::an_acked_dependent_transaction_is_never_dropped ... ok
test txmodel::tests::absent_present_absent_aborts ... FAILED
test txmodel::tests::a_watch_only_key_is_held_through_the_decision ... FAILED

thread 'txmodel::tests::fault_storms_publish_all_or_nothing_and_leak_nothing' (179659) panicked at bins/inf-sim/src/txmodel.rs:2736:13:
seed 1: WATCH INTERVAL VIOLATION: T19 committed after key 2 was mutated between the owner's validation and the decision
ACQUISITION DEADLOCK: 18 transaction(s) stuck with no message in flight — T1 waits on key 0@cell0 behind T20; T2 waits on key 0@cell0 behind T20,T1; T3 waits on key 0@cell0 behind T20,T1,T2; T7 waits on key 4@cell0 behind T11; T9 waits on key 0@cell0 behind T20,T1,T2,T3; T9 waits on key 2@cell2 behind T7; T10 waits on key 2@cell2 behind T7,T9; T11 waits on key 0@cell0 behind T20,T1,T2,T3,T9; T11 waits on key 5@cell1 behind T10; T12 waits on key 5@cell1 behind T10,T11; T13 waits on key 4@cell0 behind T11,T7; T13 waits on key 1@cell1 behind T2; T15 waits on key 1@cell1 behind T2,T13; T15 waits on key 5@cell1 behind T10,T11,T12; T16 waits on key 0@cell0 behind T20,T1,T2,T3,T9,T11; T16 waits on key 4@cell0 behind T11,T7,T13; T16 waits on key 5@cell1 behind T10,T11,T12,T15; T16 waits on key 2@cell2 behind T7,T9,T10; T17 waits on key 0@cell0 behind T20,T1,T2,T3,T9,T11,T16; T17 waits on key 1@cell1 behind T2,T13,T15; T17 waits on key 2@cell2 behind T7,T9,T10,T16; T18 waits on key 2@cell2 behind T7,T9,T10,T16,T17; T20 waits on key 2@cell2 behind T7,T9,T10,T16,T17,T18; T21 waits on key 1@cell1 behind T2,T13,T15,T17; T21 waits on key 3@cell3 behind T13; T22 waits on key 0@cell0 behind T20,T1,T2,T3,T9,T11,T16,T17; T23 waits on key 4@cell0 behind T11,T7,T13,T16; T23 waits on key 1@cell1 behind T2,T13,T15,T17,T21; T23 waits on key 3@cell3 behind T13,T21; T24 waits on key 1@cell1 behind T2,T13,T15,T17,T21,T23; T24 waits on key 2@cell2 behind T7,T9,T10,T16,T17,T18,T20
test txmodel::tests::delete_recreate_aborts ... FAILED
test txmodel::tests::everysec_checkpoint_never_holds_half_a_transaction ... FAILED
test txmodel::tests::eviction_and_owner_restart_fail_closed ... FAILED
test txmodel::tests::outcome_is_typed ... ok
test txmodel::tests::readers_never_observe_an_uncommitted_write ... FAILED
test txmodel::tests::reservation_without_the_checkpoint_field_reissues_after_truncation ... ok
test txmodel::tests::reschedule_rule_completes_the_two_key_history_with_a_counted_retry ... ok
test txmodel::tests::two_key_history_completes_without_deadlock ... FAILED
test txmodel::tests::withdrawn_endpoint_equality_accepts_absent_present_absent ... ok
test txmodel::tests::fault_storms_publish_all_or_nothing_and_leak_nothing ... FAILED
test txmodel::tests::withdrawn_live_writes_outlive_a_cancel_between_two_legs ... ok
test txmodel::tests::withdrawn_plain_successor_outlives_its_dropped_source ... ok
test txmodel::tests::withdrawn_replay_maximum_reissues_the_remote_prepares_txid ... ok
test txmodel::tests::withdrawn_reregistration_launders_the_mutation_between_two_watches ... ok
test txmodel::tests::withdrawn_live_writes_survive_a_failed_native_condition ... ok
test txmodel::tests::withdrawn_rule_deadlocks_on_the_two_key_history ... ok
test txmodel::tests::withdrawn_immediate_predecessor_leaks_half_of_the_older_transaction ... ok
test txmodel::tests::withdrawn_validate_and_release_commits_over_a_mutated_watch ... ok

thread 'txmodel::tests::storms_never_deadlock_and_reads_are_serializable' (179669) panicked at bins/inf-sim/src/txmodel.rstest txmodel::tests::without_ack_gating_an_acked_dependent_transaction_is_dropped ... :ok2521
:13:
seed 1: ACQUISITION DEADLOCK: 22 transaction(s) stuck with no message in flight — T1 waits on key 0@cell0 behind T18; T2 waits on key 0@cell0 behind T18,T1; T2 waits on key 4@cell0 behind T10; T2 waits on key 3@cell3 behind T9; T3 waits on key 4@cell0 behind T10,T2; T4 waits on key 4@cell0 behind T10,T2,T3; T4 waits on key 3@cell3 behind T9,T2; T6 waits on key 5@cell1 behind T13; T6 waits on key 2@cell2 behind T15,T3; T8 waits on key 2@cell2 behind T15,T3,T6; T9 waits on key 0@cell0 behind T18,T1,T2; T10 waits on key 2@cell2 behind T15,T3,T6,T8; T11 waits on key 2@cell2 behind T15,T3,T6,T8,T10; T12 waits on key 2@cell2 behind T15,T3,T6,T8,T10,T11; T12 waits on key 3@cell3 behind T9,T2,T4; T13 waits on key 0@cell0 behind T18,T1,T2,T9; T14 waits on key 2@cell2 behind T15,T3,T6,T8,T10,T11,T12; T15 waits on key 1@cell1 behind T12; T16 waits on key 0@cell0 behind T18,T1,T2,T9,T13; T16 waits on key 4@cell0 behind T10,T2,T3,T4; T17 waits on key 4@cell0 behind T10,T2,T3,T4,T16; T17 waits on key 1@cell1 behind T12,T15; T17 waits on key 2@cell2 behind T15,T3,T6,T8,T10,T11,T12,T14; T18 waits on key 2@cell2 behind T15,T3,T6,T8,T10,T11,T12,T14,T17; T18 waits on key 3@cell3 behind T9,T2,T4,T12; T19 waits on key 1@cell1 behind T12,T15,T17; T19 waits on key 5@cell1 behind T13,T6; T19 waits on key 3@cell3 behind T9,T2,T4,T12,T18; T20 waits on key 1@cell1 behind T12,T15,T17,T19; T21 waits on key 3@cell3 behind T9,T2,T4,T12,T18,T19; T22 waits on key 1@cell1 behind T12,T15,T17,T19,T20; T22 waits on key 5@cell1 behind T13,T6,T19; T22 waits on key 2@cell2 behind T15,T3,T6,T8,T10,T11,T12,T14,T17,T18; T23 waits on key 0@cell0 behind T18,T1,T2,T9,T13,T16; T23 waits on key 5@cell1 behind T13,T6,T19,T22; T23 waits on key 2@cell2 behind T15,T3,T6,T8,T10,T11,T12,T14,T17,T18,T22; T24 waits on key 5@cell1 behind T13,T6,T19,T22,T23; T24 waits on key 2@cell2 behind T15,T3,T6,T8,T10,T11,T12,T14,T17,T18,T22,T23
test txmodel::tests::storms_never_deadlock_and_reads_are_serializable ... FAILED

thread 'txmodel::tests::cancellation_aborts_before_the_decision_and_completes_after_it' (179653) panicked at bins/inf-sim/src/txmodel.rs:2665:21:
Execute Disconnect seed 1: STAGING VIOLATION: T1 aborted (disconnect) but its write to key 0@cell0 is published
test txmodel::tests::cancellation_aborts_before_the_decision_and_completes_after_it ... FAILED
redis fixture: 409 lines, chosen 0 disagreements, reregister 22
test txmodel::tests::chosen_rules_and_oracle_agree_with_redis_on_every_fixture_line ... ok
test txmodel::tests::withdrawn_read_bypass_observes_an_uncommitted_write_within_64_seeds ... ok

thread 'txmodel::tests::registration_agrees_with_the_history_oracle_on_random_histories' (179665) panicked at bins/inf-sim/src/txmodel.rs:2882:9:
WATCH HISTORY VIOLATION on 390 of 2000 histories under Rules { representation: EndpointEquality, repeated_watch: Reregister }; first: seed 11 [Expire(1), Unwatch, Restart, Expire(1), Restart, Watch(0), Evict(0), Exec]: Commit vs oracle Abort
test txmodel::tests::registration_agrees_with_the_history_oracle_on_random_histories ... FAILED
cancel-until-durable: 11 partial, 8 false aborts over 64 seeds
test txmodel::tests::withdrawn_cancel_until_durable_publishes_half_a_commit_within_64_seeds ... ok
test txmodel::tests::withdrawn_identity_reissues_within_2000_seeds ... ok
watch disagreements over 2000 histories: withdrawn 390, reregister-only 93
test txmodel::tests::withdrawn_watch_rules_disagree_on_random_histories ... ok

thread 'txmodel::tests::random_identity_histories_never_reissue' (179662) panicked at bins/inf-sim/src/txmodel.rs:3159:9:
TXID REISSUE on 889 of 2000 histories under Rules { resume_from_durable_reservation: false, checkpoint_carries_reservation: false }; first: seed 1: TXID REISSUE: (0, 1) issued again while a remote participant's durable prepare still carries it
test txmodel::tests::random_identity_histories_never_reissue ... FAILED

thread 'txmodel::tests::random_crash_interleavings_are_all_or_nothing' (179661) panicked at bins/inf-sim/src/txmodel.rs:2998:9:
926 of 2000 interleavings partial under Rules { decision_waits_for_durable_prepares: false, checkpoint_streams_predecessor: false }; first: seed 1: PARTIAL COMMIT after crash: key0 = 10, key1 = 100 (decision durable: false)
test txmodel::tests::random_crash_interleavings_are_all_or_nothing ... FAILED
test txmodel::tests::withdrawn_rules_leave_half_a_transaction_in_the_checkpoint ... ok
test txmodel::tests::withdrawn_rule_deadlocks_some_storm_within_64_seeds ... ok
test txmodel::tests::every_terminal_path_releases_every_intent_and_every_staged_set ... ok
fault storms: live-write 43/64, cancel-until-durable 4/64
test txmodel::tests::withdrawn_rules_violate_some_fault_storm_within_64_seeds ... ok

thread 'txmodel::tests::random_lineage_interleavings_are_serializable_and_keep_every_ack' (179663) panicked at bins/inf-sim/src/txmodel.rs:3079:9:
75 of 2000 interleavings violated under Rules { successors_inherit_dependencies: false, pin_decision_qualified_image: false, ack_waits_for_dependencies: false }; first: seed 5: SERIALIZABILITY VIOLATION after crash: recovered [11, 101] is no serial subset of [Incr { cell: 0, id: 1 }, Tx(1), Incr { cell: 1, id: 2 }] (decisions durable: {})
test txmodel::tests::random_lineage_interleavings_are_serializable_and_keep_every_ack ... FAILED
reschedule retries over 32 storms of 24 txns on 4 cells: hot (2 keys) 1039, cold (64 keys) 269; canonical hot 0
test txmodel::tests::reschedule_retries_scale_with_contention_and_canonical_has_none ... ok
lineage violations over 2000 interleavings: withdrawn 75, inherit-only 1, pin-only 75, no-ack-gate 82
test txmodel::tests::withdrawn_lineage_rules_violate_some_random_interleavings ... ok

failures:

failures:
    txmodel::tests::a_checkpoint_streams_the_decision_qualified_image
    txmodel::tests::a_durable_successor_never_outlives_its_dependency
    txmodel::tests::a_failed_native_condition_publishes_nothing
    txmodel::tests::a_remote_prepare_never_meets_a_reissued_txid
    txmodel::tests::a_repeated_watch_keeps_the_first_registrations_history
    txmodel::tests::a_watch_only_key_is_held_through_the_decision
    txmodel::tests::absent_present_absent_aborts
    txmodel::tests::cancellation_aborts_before_the_decision_and_completes_after_it
    txmodel::tests::delete_recreate_aborts
    txmodel::tests::everysec_checkpoint_never_holds_half_a_transaction
    txmodel::tests::eviction_and_owner_restart_fail_closed
    txmodel::tests::fault_storms_publish_all_or_nothing_and_leak_nothing
    txmodel::tests::random_crash_interleavings_are_all_or_nothing
    txmodel::tests::random_identity_histories_never_reissue
    txmodel::tests::random_lineage_interleavings_are_serializable_and_keep_every_ack
    txmodel::tests::readers_never_observe_an_uncommitted_write
    txmodel::tests::registration_agrees_with_the_history_oracle_on_random_histories
    txmodel::tests::storms_never_deadlock_and_reads_are_serializable
    txmodel::tests::two_key_history_completes_without_deadlock

test result: FAILED. 26 passed; 19 failed; 0 ignored; 0 measured; 3 filtered out; finished in 0.10s

error: test failed, to rerun pass `-p inf-sim --lib`
