infinityd: io-properties: io-properties.toml (schema 3, identity verified (ext4 /dev/nvme0n1p3 uuid c97c5418…))
infinityd: log barrier class fua (source: --barrier-class; fua_max_frame_bytes 1048576; probed p50 fua 295 µs / flush 988 µs); frames in flight 3 (auto: fua) × 4 MiB staging
infinityd: segment recycling on, 1 slot(s) × 256 MiB per cell, pool wait quarter (ADR-0090)
infinityd: device model probed (schema 3): write 347 MiB/s, 2905 ops/s (qd4 barriers 9071/s); per-cell share write 86 MiB/s
infinityd: checkpoint cap replay term 230 MiB/s per cell (probed read row 922 MiB/s ÷ 4 cells; ADR-0088 D4 as amended)
infinityd 9c75b94 (git 9c75b9449004, x86_64-unknown-linux-gnu)
infinityd: 4 cells, port 34241, backend io_uring, route natural
infinityd: listening on 34241
infinityd: capabilities Capabilities { backend: "io_uring", multishot_accept: true, multishot_recv: true, provided_buffers: true, fixed_buffers: true, single_issuer: true, defer_taskrun: true, performance_tier: true }
control: recovery 0/4 cells ready, 1465765888/12684861440 bytes (11.6%), eta 8s
control: recovery 0/4 cells ready, 3013849088/12684861440 bytes (23.8%), eta 7s
control: recovery 0/4 cells ready, 4497272832/12684861440 bytes (35.5%), eta 6s
control: recovery 0/4 cells ready, 6039224320/12684861440 bytes (47.6%), eta 5s
control: recovery 0/4 cells ready, 7573061632/12684861440 bytes (59.7%), eta 4s
control: cell 0 not ready — in checkpoint (1891962880/3171307520 bytes) for 5s
control: cell 1 not ready — in checkpoint (1891160064/3171090432 bytes) for 5s
control: cell 2 not ready — in checkpoint (1897435136/3171094528 bytes) for 5s
control: cell 3 not ready — in checkpoint (1892503552/3171368960 bytes) for 5s
control: recovery 0/4 cells ready, 9120755712/12684861440 bytes (71.9%), eta 3s
control: cell 0 not ready — in checkpoint (2274455552/3171307520 bytes) for 6s
control: cell 1 not ready — in checkpoint (2282496000/3171090432 bytes) for 6s
control: cell 2 not ready — in checkpoint (2280534016/3171094528 bytes) for 6s
control: cell 3 not ready — in checkpoint (2283270144/3171368960 bytes) for 6s
control: recovery 0/4 cells ready, 10671808512/12684861440 bytes (84.1%), eta 2s
control: cell 0 not ready — in replay (2668023808/3171307520 bytes) for 7s
control: cell 1 not ready — in replay (2667819008/3171090432 bytes) for 7s
control: cell 2 not ready — in replay (2667835392/3171094528 bytes) for 7s
control: cell 3 not ready — in replay (2668130304/3171368960 bytes) for 7s
control: recovery 0/4 cells ready, 12684861440/12684861440 bytes (100.0%), eta 0s
control: cell 0 not ready — in audit (3171307520/3171307520 bytes) for 8s
control: cell 1 not ready — in audit (3171090432/3171090432 bytes) for 8s
control: cell 2 not ready — in audit (3171094528/3171094528 bytes) for 8s
control: cell 3 not ready — in audit (3171368960/3171368960 bytes) for 8s
