I0707 10:47:16.867618   19160 init.cc:144] dragonfly running in opt mode.
                   .--::--.                   
   :+*=:          =@@@@@@@@=          :+*+:   
  %@@@@@@%*=.     =@@@@@@@@-     .=*%@@@@@@#  
  @@@@@@@@@@@@#+-. .%@@@@#. .-+#@@@@@@@@@@@%  
  -@@@@@@@@@@@@@@@@*:#@@#:*@@@@@@@@@@@@@@@@-  
    :+*********####-%@%%@%-####********++.    
   .%@@@@@@@@@@@@@%:@@@@@@:@@@@@@@@@@@@@@%    
   .@@@@@@@@%*+-:   =@@@@=  .:-+*%@@@@@@@%.   
     =*+-:           ###*          .:-+*=     
                     %@@%                     
                     *@@*                     
                     +@@=                     
                     :##:                     
                     :@@:                     
                      @@                      
                      ..                      
* Logs will be written to the first available of the following paths:
* For the available flags type dragonfly [--help | --helpfull]
* Documentation can be found at: https://www.dragonflydb.io/docs
I0707 10:47:16.867681   19160 dfly_main.cc:1096] Starting dragonfly df-v1.39.0-699862e5da7cb29bf5642a1da422c4c78cefae38
I0707 10:47:16.867784   19160 dfly_main.cc:1137] Using proactor_threads=8 (overriding cgroup-derived 0)
W0707 10:47:16.867790   19160 dfly_main.cc:1144] SWAP is enabled. Consider disabling it when running Dragonfly.
I0707 10:47:16.867794   19160 dfly_main.cc:1150] maxmemory has not been specified. Deciding myself....
I0707 10:47:16.867795   19160 dfly_main.cc:1159] Found 25.11GiB available memory. Setting maxmemory to 20.08GiB
I0707 10:47:16.868959   19161 uring_proactor.cc:263] IORing with 1024 entries, allocated 98368 bytes, cq_entries is 2048
I0707 10:47:16.869374   19160 proactor_pool.cc:149] Running 8 io threads
I0707 10:47:16.870306   19160 dragonfly_listener.cc:152] SSL version: OpenSSL 3.4.5 7 Apr 2026
W0707 10:47:16.870334   19160 dfly_main.cc:350] Protected mode enabled. Binding to localhost only because no password is set. To accept remote connections, set a password with --requirepass or specify a bind address with --bind.
I0707 10:47:16.871119   19160 server_family.cc:1221] Host OS: Linux 7.0.0-27-generic x86_64 with 8 threads
I0707 10:47:16.876111   19162 listener_interface.cc:102] sock[19] AcceptServer - listening on 127.0.0.1:7001
