== soak tier leg 0: seed 486541350 (master 486541350 + 0 x 2654435761) ==
inf-bench env-check
  PROBE                RESULT
  git-dirty-tree       FAIL  dirty git tree: 1 uncommitted entries
  cpufreq-governor     PASS
  cpufreq-epp          PASS
  thermal-throttle     PASS
  power-source         SKIP  macos-only probe (this host: linux)
  low-power-mode       SKIP  macos-only probe (this host: linux)

  *** DIRTY TREE — dev run only, output is not citation-grade ***

env-check: OK
== ycsb row: ycsb-a-zipfian ==
== ycsb: saturation probe (ycsb-a-zipfian, +50% conns) ==
== ycsb row: ycsb-b-zipfian ==

== gate verdicts ==
  Degenerate A/B: pipelined ops regression PENDING (tooling)
  Degenerate A/B: pipelined p99.9 regression PENDING (tooling)
  Degenerate A/B: unpipelined ops regression PENDING (tooling)
  Degenerate A/B: unpipelined p99.9 regression PENDING (tooling)
  Degenerate A/B: ttl-heavy ops regression PENDING (tooling)
  Degenerate A/B: ttl-heavy p99.9 regression PENDING (tooling)
  Degenerate A/B: peak-RSS regression (worst row) PENDING (tooling)
  Memory-mode node constructs zero tiered tables PENDING (tooling)
  Tiering code-path counters identically zero PENDING (tooling)
  Write amplification, worst tiered namespace PASS
  Memory-only rows append zero log records (M2 posture carried) PENDING (tooling)
  Mixed-node attribution divergence (M4-S20) PENDING (tooling)
  Cache-namespace p99 isolation under the mixed node (M4-S20) PENDING (tooling)
  Hot set at memory speed: memory-hit p50 delta PENDING (tooling)
  Hot set at memory speed: memory-hit p99 delta PENDING (tooling)
  Hot set at memory speed: memory-hit p99.9 delta PENDING (tooling)
  Cold reads: p99 < 1.5 ms on NVMe under loaded zipfian rows FAIL (DEV-TIER, non-binding)
  Memory honesty: RSS slope over the 24 h endurance run PENDING (tooling)
  Endurance: zero crashes over the full 24 h run PENDING (tooling)
  M3 regression: worst M3 gate delta on memory-mode namespaces PENDING (tooling)
  Recovery with tiering on: replay throughput per cell PENDING (tooling)
  Recovery with tiering on: 10 GB boot   PENDING (tooling)
  Never-none invariant: zero violations in the 10k-seed DST sweep PENDING (tooling)
  Crash + ENOSPC matrices: all fault points green PENDING (tooling)
  Foreground protection: p99.9 during demotion + compaction storms PENDING (tooling)

gate-run: report written to .artifacts/v0.4.0/soak-unified-20260812-2328/legs/1786592448-gate-run/report.md
gate-run: sidecar written to .artifacts/v0.4.0/soak-unified-20260812-2328/legs/1786592448-gate-run/mem-hit.tsv
== soak tier leg 1: seed 3140977111 (master 486541350 + 1 x 2654435761) ==
inf-bench env-check
  PROBE                RESULT
  git-dirty-tree       FAIL  dirty git tree: 1 uncommitted entries
  cpufreq-governor     PASS
  cpufreq-epp          PASS
  thermal-throttle     PASS
  power-source         SKIP  macos-only probe (this host: linux)
  low-power-mode       SKIP  macos-only probe (this host: linux)

  *** DIRTY TREE — dev run only, output is not citation-grade ***

env-check: OK
== ycsb row: ycsb-a-zipfian ==
== ycsb: saturation probe (ycsb-a-zipfian, +50% conns) ==
== ycsb row: ycsb-b-zipfian ==

== gate verdicts ==
  Degenerate A/B: pipelined ops regression PENDING (tooling)
  Degenerate A/B: pipelined p99.9 regression PENDING (tooling)
  Degenerate A/B: unpipelined ops regression PENDING (tooling)
  Degenerate A/B: unpipelined p99.9 regression PENDING (tooling)
  Degenerate A/B: ttl-heavy ops regression PENDING (tooling)
  Degenerate A/B: ttl-heavy p99.9 regression PENDING (tooling)
  Degenerate A/B: peak-RSS regression (worst row) PENDING (tooling)
  Memory-mode node constructs zero tiered tables PENDING (tooling)
  Tiering code-path counters identically zero PENDING (tooling)
  Write amplification, worst tiered namespace PASS
  Memory-only rows append zero log records (M2 posture carried) PENDING (tooling)
  Mixed-node attribution divergence (M4-S20) PENDING (tooling)
  Cache-namespace p99 isolation under the mixed node (M4-S20) PENDING (tooling)
  Hot set at memory speed: memory-hit p50 delta PENDING (tooling)
  Hot set at memory speed: memory-hit p99 delta PENDING (tooling)
  Hot set at memory speed: memory-hit p99.9 delta PENDING (tooling)
  Cold reads: p99 < 1.5 ms on NVMe under loaded zipfian rows FAIL (DEV-TIER, non-binding)
  Memory honesty: RSS slope over the 24 h endurance run PENDING (tooling)
  Endurance: zero crashes over the full 24 h run PENDING (tooling)
  M3 regression: worst M3 gate delta on memory-mode namespaces PENDING (tooling)
  Recovery with tiering on: replay throughput per cell PENDING (tooling)
  Recovery with tiering on: 10 GB boot   PENDING (tooling)
  Never-none invariant: zero violations in the 10k-seed DST sweep PENDING (tooling)
  Crash + ENOSPC matrices: all fault points green PENDING (tooling)
  Foreground protection: p99.9 during demotion + compaction storms PENDING (tooling)

gate-run: report written to .artifacts/v0.4.0/soak-unified-20260812-2328/legs/1786592655-gate-run/report.md
gate-run: sidecar written to .artifacts/v0.4.0/soak-unified-20260812-2328/legs/1786592655-gate-run/mem-hit.tsv
== soak tier leg 2: seed 5795412872 (master 486541350 + 2 x 2654435761) ==
inf-bench env-check
  PROBE                RESULT
  git-dirty-tree       FAIL  dirty git tree: 1 uncommitted entries
  cpufreq-governor     PASS
  cpufreq-epp          PASS
  thermal-throttle     PASS
  power-source         SKIP  macos-only probe (this host: linux)
  low-power-mode       SKIP  macos-only probe (this host: linux)

  *** DIRTY TREE — dev run only, output is not citation-grade ***

env-check: OK
== ycsb row: ycsb-a-zipfian ==
== ycsb: saturation probe (ycsb-a-zipfian, +50% conns) ==
== ycsb row: ycsb-b-zipfian ==

== gate verdicts ==
  Degenerate A/B: pipelined ops regression PENDING (tooling)
  Degenerate A/B: pipelined p99.9 regression PENDING (tooling)
  Degenerate A/B: unpipelined ops regression PENDING (tooling)
  Degenerate A/B: unpipelined p99.9 regression PENDING (tooling)
  Degenerate A/B: ttl-heavy ops regression PENDING (tooling)
  Degenerate A/B: ttl-heavy p99.9 regression PENDING (tooling)
  Degenerate A/B: peak-RSS regression (worst row) PENDING (tooling)
  Memory-mode node constructs zero tiered tables PENDING (tooling)
  Tiering code-path counters identically zero PENDING (tooling)
  Write amplification, worst tiered namespace PASS
  Memory-only rows append zero log records (M2 posture carried) PENDING (tooling)
  Mixed-node attribution divergence (M4-S20) PENDING (tooling)
  Cache-namespace p99 isolation under the mixed node (M4-S20) PENDING (tooling)
  Hot set at memory speed: memory-hit p50 delta PENDING (tooling)
  Hot set at memory speed: memory-hit p99 delta PENDING (tooling)
  Hot set at memory speed: memory-hit p99.9 delta PENDING (tooling)
  Cold reads: p99 < 1.5 ms on NVMe under loaded zipfian rows FAIL (DEV-TIER, non-binding)
  Memory honesty: RSS slope over the 24 h endurance run PENDING (tooling)
  Endurance: zero crashes over the full 24 h run PENDING (tooling)
  M3 regression: worst M3 gate delta on memory-mode namespaces PENDING (tooling)
  Recovery with tiering on: replay throughput per cell PENDING (tooling)
  Recovery with tiering on: 10 GB boot   PENDING (tooling)
  Never-none invariant: zero violations in the 10k-seed DST sweep PENDING (tooling)
  Crash + ENOSPC matrices: all fault points green PENDING (tooling)
  Foreground protection: p99.9 during demotion + compaction storms PENDING (tooling)

gate-run: report written to .artifacts/v0.4.0/soak-unified-20260812-2328/legs/1786592859-gate-run/report.md
gate-run: sidecar written to .artifacts/v0.4.0/soak-unified-20260812-2328/legs/1786592859-gate-run/mem-hit.tsv
== soak tier leg 3: seed 8449848633 (master 486541350 + 3 x 2654435761) ==
inf-bench env-check
  PROBE                RESULT
  git-dirty-tree       FAIL  dirty git tree: 1 uncommitted entries
  cpufreq-governor     PASS
  cpufreq-epp          PASS
  thermal-throttle     PASS
  power-source         SKIP  macos-only probe (this host: linux)
  low-power-mode       SKIP  macos-only probe (this host: linux)

  *** DIRTY TREE — dev run only, output is not citation-grade ***

env-check: OK
== ycsb row: ycsb-a-zipfian ==
== ycsb: saturation probe (ycsb-a-zipfian, +50% conns) ==
== ycsb row: ycsb-b-zipfian ==

== gate verdicts ==
  Degenerate A/B: pipelined ops regression PENDING (tooling)
  Degenerate A/B: pipelined p99.9 regression PENDING (tooling)
  Degenerate A/B: unpipelined ops regression PENDING (tooling)
  Degenerate A/B: unpipelined p99.9 regression PENDING (tooling)
  Degenerate A/B: ttl-heavy ops regression PENDING (tooling)
  Degenerate A/B: ttl-heavy p99.9 regression PENDING (tooling)
  Degenerate A/B: peak-RSS regression (worst row) PENDING (tooling)
  Memory-mode node constructs zero tiered tables PENDING (tooling)
  Tiering code-path counters identically zero PENDING (tooling)
  Write amplification, worst tiered namespace PASS
  Memory-only rows append zero log records (M2 posture carried) PENDING (tooling)
  Mixed-node attribution divergence (M4-S20) PENDING (tooling)
  Cache-namespace p99 isolation under the mixed node (M4-S20) PENDING (tooling)
  Hot set at memory speed: memory-hit p50 delta PENDING (tooling)
  Hot set at memory speed: memory-hit p99 delta PENDING (tooling)
  Hot set at memory speed: memory-hit p99.9 delta PENDING (tooling)
  Cold reads: p99 < 1.5 ms on NVMe under loaded zipfian rows FAIL (DEV-TIER, non-binding)
  Memory honesty: RSS slope over the 24 h endurance run PENDING (tooling)
  Endurance: zero crashes over the full 24 h run PENDING (tooling)
  M3 regression: worst M3 gate delta on memory-mode namespaces PENDING (tooling)
  Recovery with tiering on: replay throughput per cell PENDING (tooling)
  Recovery with tiering on: 10 GB boot   PENDING (tooling)
  Never-none invariant: zero violations in the 10k-seed DST sweep PENDING (tooling)
  Crash + ENOSPC matrices: all fault points green PENDING (tooling)
  Foreground protection: p99.9 during demotion + compaction storms PENDING (tooling)

gate-run: report written to .artifacts/v0.4.0/soak-unified-20260812-2328/legs/1786593065-gate-run/report.md
gate-run: sidecar written to .artifacts/v0.4.0/soak-unified-20260812-2328/legs/1786593065-gate-run/mem-hit.tsv
== soak tier leg 4: seed 11104284394 (master 486541350 + 4 x 2654435761) ==
inf-bench env-check
  PROBE                RESULT
  git-dirty-tree       FAIL  dirty git tree: 1 uncommitted entries
  cpufreq-governor     PASS
  cpufreq-epp          PASS
  thermal-throttle     PASS
  power-source         SKIP  macos-only probe (this host: linux)
  low-power-mode       SKIP  macos-only probe (this host: linux)

  *** DIRTY TREE — dev run only, output is not citation-grade ***

env-check: OK
== ycsb row: ycsb-a-zipfian ==
== ycsb: saturation probe (ycsb-a-zipfian, +50% conns) ==
== ycsb row: ycsb-b-zipfian ==

== gate verdicts ==
  Degenerate A/B: pipelined ops regression PENDING (tooling)
  Degenerate A/B: pipelined p99.9 regression PENDING (tooling)
  Degenerate A/B: unpipelined ops regression PENDING (tooling)
  Degenerate A/B: unpipelined p99.9 regression PENDING (tooling)
  Degenerate A/B: ttl-heavy ops regression PENDING (tooling)
  Degenerate A/B: ttl-heavy p99.9 regression PENDING (tooling)
  Degenerate A/B: peak-RSS regression (worst row) PENDING (tooling)
  Memory-mode node constructs zero tiered tables PENDING (tooling)
  Tiering code-path counters identically zero PENDING (tooling)
  Write amplification, worst tiered namespace PASS
  Memory-only rows append zero log records (M2 posture carried) PENDING (tooling)
  Mixed-node attribution divergence (M4-S20) PENDING (tooling)
  Cache-namespace p99 isolation under the mixed node (M4-S20) PENDING (tooling)
  Hot set at memory speed: memory-hit p50 delta PENDING (tooling)
  Hot set at memory speed: memory-hit p99 delta PENDING (tooling)
  Hot set at memory speed: memory-hit p99.9 delta PENDING (tooling)
  Cold reads: p99 < 1.5 ms on NVMe under loaded zipfian rows FAIL (DEV-TIER, non-binding)
  Memory honesty: RSS slope over the 24 h endurance run PENDING (tooling)
  Endurance: zero crashes over the full 24 h run PENDING (tooling)
  M3 regression: worst M3 gate delta on memory-mode namespaces PENDING (tooling)
  Recovery with tiering on: replay throughput per cell PENDING (tooling)
  Recovery with tiering on: 10 GB boot   PENDING (tooling)
  Never-none invariant: zero violations in the 10k-seed DST sweep PENDING (tooling)
  Crash + ENOSPC matrices: all fault points green PENDING (tooling)
  Foreground protection: p99.9 during demotion + compaction storms PENDING (tooling)

gate-run: report written to .artifacts/v0.4.0/soak-unified-20260812-2328/legs/1786593270-gate-run/report.md
gate-run: sidecar written to .artifacts/v0.4.0/soak-unified-20260812-2328/legs/1786593270-gate-run/mem-hit.tsv
== soak tier leg 5: seed 13758720155 (master 486541350 + 5 x 2654435761) ==
inf-bench env-check
  PROBE                RESULT
  git-dirty-tree       FAIL  dirty git tree: 1 uncommitted entries
  cpufreq-governor     PASS
  cpufreq-epp          PASS
  thermal-throttle     PASS
  power-source         SKIP  macos-only probe (this host: linux)
  low-power-mode       SKIP  macos-only probe (this host: linux)

  *** DIRTY TREE — dev run only, output is not citation-grade ***

env-check: OK
== ycsb row: ycsb-a-zipfian ==
== ycsb: saturation probe (ycsb-a-zipfian, +50% conns) ==
== ycsb row: ycsb-b-zipfian ==

== gate verdicts ==
  Degenerate A/B: pipelined ops regression PENDING (tooling)
  Degenerate A/B: pipelined p99.9 regression PENDING (tooling)
  Degenerate A/B: unpipelined ops regression PENDING (tooling)
  Degenerate A/B: unpipelined p99.9 regression PENDING (tooling)
  Degenerate A/B: ttl-heavy ops regression PENDING (tooling)
  Degenerate A/B: ttl-heavy p99.9 regression PENDING (tooling)
  Degenerate A/B: peak-RSS regression (worst row) PENDING (tooling)
  Memory-mode node constructs zero tiered tables PENDING (tooling)
  Tiering code-path counters identically zero PENDING (tooling)
  Write amplification, worst tiered namespace PASS
  Memory-only rows append zero log records (M2 posture carried) PENDING (tooling)
  Mixed-node attribution divergence (M4-S20) PENDING (tooling)
  Cache-namespace p99 isolation under the mixed node (M4-S20) PENDING (tooling)
  Hot set at memory speed: memory-hit p50 delta PENDING (tooling)
  Hot set at memory speed: memory-hit p99 delta PENDING (tooling)
  Hot set at memory speed: memory-hit p99.9 delta PENDING (tooling)
  Cold reads: p99 < 1.5 ms on NVMe under loaded zipfian rows FAIL (DEV-TIER, non-binding)
  Memory honesty: RSS slope over the 24 h endurance run PENDING (tooling)
  Endurance: zero crashes over the full 24 h run PENDING (tooling)
  M3 regression: worst M3 gate delta on memory-mode namespaces PENDING (tooling)
  Recovery with tiering on: replay throughput per cell PENDING (tooling)
  Recovery with tiering on: 10 GB boot   PENDING (tooling)
  Never-none invariant: zero violations in the 10k-seed DST sweep PENDING (tooling)
  Crash + ENOSPC matrices: all fault points green PENDING (tooling)
  Foreground protection: p99.9 during demotion + compaction storms PENDING (tooling)

gate-run: report written to .artifacts/v0.4.0/soak-unified-20260812-2328/legs/1786593474-gate-run/report.md
gate-run: sidecar written to .artifacts/v0.4.0/soak-unified-20260812-2328/legs/1786593474-gate-run/mem-hit.tsv
== soak tier leg 6: seed 16413155916 (master 486541350 + 6 x 2654435761) ==
inf-bench env-check
  PROBE                RESULT
  git-dirty-tree       FAIL  dirty git tree: 1 uncommitted entries
  cpufreq-governor     PASS
  cpufreq-epp          PASS
  thermal-throttle     PASS
  power-source         SKIP  macos-only probe (this host: linux)
  low-power-mode       SKIP  macos-only probe (this host: linux)

  *** DIRTY TREE — dev run only, output is not citation-grade ***

env-check: OK
== ycsb row: ycsb-a-zipfian ==
== ycsb: saturation probe (ycsb-a-zipfian, +50% conns) ==
== ycsb row: ycsb-b-zipfian ==

== gate verdicts ==
  Degenerate A/B: pipelined ops regression PENDING (tooling)
  Degenerate A/B: pipelined p99.9 regression PENDING (tooling)
  Degenerate A/B: unpipelined ops regression PENDING (tooling)
  Degenerate A/B: unpipelined p99.9 regression PENDING (tooling)
  Degenerate A/B: ttl-heavy ops regression PENDING (tooling)
  Degenerate A/B: ttl-heavy p99.9 regression PENDING (tooling)
  Degenerate A/B: peak-RSS regression (worst row) PENDING (tooling)
  Memory-mode node constructs zero tiered tables PENDING (tooling)
  Tiering code-path counters identically zero PENDING (tooling)
  Write amplification, worst tiered namespace PASS
  Memory-only rows append zero log records (M2 posture carried) PENDING (tooling)
  Mixed-node attribution divergence (M4-S20) PENDING (tooling)
  Cache-namespace p99 isolation under the mixed node (M4-S20) PENDING (tooling)
  Hot set at memory speed: memory-hit p50 delta PENDING (tooling)
  Hot set at memory speed: memory-hit p99 delta PENDING (tooling)
  Hot set at memory speed: memory-hit p99.9 delta PENDING (tooling)
  Cold reads: p99 < 1.5 ms on NVMe under loaded zipfian rows FAIL (DEV-TIER, non-binding)
  Memory honesty: RSS slope over the 24 h endurance run PENDING (tooling)
  Endurance: zero crashes over the full 24 h run PENDING (tooling)
  M3 regression: worst M3 gate delta on memory-mode namespaces PENDING (tooling)
  Recovery with tiering on: replay throughput per cell PENDING (tooling)
  Recovery with tiering on: 10 GB boot   PENDING (tooling)
  Never-none invariant: zero violations in the 10k-seed DST sweep PENDING (tooling)
  Crash + ENOSPC matrices: all fault points green PENDING (tooling)
  Foreground protection: p99.9 during demotion + compaction storms PENDING (tooling)

gate-run: report written to .artifacts/v0.4.0/soak-unified-20260812-2328/legs/1786593679-gate-run/report.md
gate-run: sidecar written to .artifacts/v0.4.0/soak-unified-20260812-2328/legs/1786593679-gate-run/mem-hit.tsv
== soak tier leg 7: seed 19067591677 (master 486541350 + 7 x 2654435761) ==
inf-bench env-check
  PROBE                RESULT
  git-dirty-tree       FAIL  dirty git tree: 1 uncommitted entries
  cpufreq-governor     PASS
  cpufreq-epp          PASS
  thermal-throttle     PASS
  power-source         SKIP  macos-only probe (this host: linux)
  low-power-mode       SKIP  macos-only probe (this host: linux)

  *** DIRTY TREE — dev run only, output is not citation-grade ***

env-check: OK
== ycsb row: ycsb-a-zipfian ==
== ycsb: saturation probe (ycsb-a-zipfian, +50% conns) ==
== ycsb row: ycsb-b-zipfian ==

== gate verdicts ==
  Degenerate A/B: pipelined ops regression PENDING (tooling)
  Degenerate A/B: pipelined p99.9 regression PENDING (tooling)
  Degenerate A/B: unpipelined ops regression PENDING (tooling)
  Degenerate A/B: unpipelined p99.9 regression PENDING (tooling)
  Degenerate A/B: ttl-heavy ops regression PENDING (tooling)
  Degenerate A/B: ttl-heavy p99.9 regression PENDING (tooling)
  Degenerate A/B: peak-RSS regression (worst row) PENDING (tooling)
  Memory-mode node constructs zero tiered tables PENDING (tooling)
  Tiering code-path counters identically zero PENDING (tooling)
  Write amplification, worst tiered namespace PASS
  Memory-only rows append zero log records (M2 posture carried) PENDING (tooling)
  Mixed-node attribution divergence (M4-S20) PENDING (tooling)
  Cache-namespace p99 isolation under the mixed node (M4-S20) PENDING (tooling)
  Hot set at memory speed: memory-hit p50 delta PENDING (tooling)
  Hot set at memory speed: memory-hit p99 delta PENDING (tooling)
  Hot set at memory speed: memory-hit p99.9 delta PENDING (tooling)
  Cold reads: p99 < 1.5 ms on NVMe under loaded zipfian rows FAIL (DEV-TIER, non-binding)
  Memory honesty: RSS slope over the 24 h endurance run PENDING (tooling)
  Endurance: zero crashes over the full 24 h run PENDING (tooling)
  M3 regression: worst M3 gate delta on memory-mode namespaces PENDING (tooling)
  Recovery with tiering on: replay throughput per cell PENDING (tooling)
  Recovery with tiering on: 10 GB boot   PENDING (tooling)
  Never-none invariant: zero violations in the 10k-seed DST sweep PENDING (tooling)
  Crash + ENOSPC matrices: all fault points green PENDING (tooling)
  Foreground protection: p99.9 during demotion + compaction storms PENDING (tooling)

gate-run: report written to .artifacts/v0.4.0/soak-unified-20260812-2328/legs/1786593883-gate-run/report.md
gate-run: sidecar written to .artifacts/v0.4.0/soak-unified-20260812-2328/legs/1786593883-gate-run/mem-hit.tsv
== soak tier leg 8: seed 21722027438 (master 486541350 + 8 x 2654435761) ==
inf-bench env-check
  PROBE                RESULT
  git-dirty-tree       FAIL  dirty git tree: 1 uncommitted entries
  cpufreq-governor     PASS
  cpufreq-epp          PASS
  thermal-throttle     PASS
  power-source         SKIP  macos-only probe (this host: linux)
  low-power-mode       SKIP  macos-only probe (this host: linux)

  *** DIRTY TREE — dev run only, output is not citation-grade ***

env-check: OK
== ycsb row: ycsb-a-zipfian ==
== ycsb: saturation probe (ycsb-a-zipfian, +50% conns) ==
== ycsb row: ycsb-b-zipfian ==

== gate verdicts ==
  Degenerate A/B: pipelined ops regression PENDING (tooling)
  Degenerate A/B: pipelined p99.9 regression PENDING (tooling)
  Degenerate A/B: unpipelined ops regression PENDING (tooling)
  Degenerate A/B: unpipelined p99.9 regression PENDING (tooling)
  Degenerate A/B: ttl-heavy ops regression PENDING (tooling)
  Degenerate A/B: ttl-heavy p99.9 regression PENDING (tooling)
  Degenerate A/B: peak-RSS regression (worst row) PENDING (tooling)
  Memory-mode node constructs zero tiered tables PENDING (tooling)
  Tiering code-path counters identically zero PENDING (tooling)
  Write amplification, worst tiered namespace PASS
  Memory-only rows append zero log records (M2 posture carried) PENDING (tooling)
  Mixed-node attribution divergence (M4-S20) PENDING (tooling)
  Cache-namespace p99 isolation under the mixed node (M4-S20) PENDING (tooling)
  Hot set at memory speed: memory-hit p50 delta PENDING (tooling)
  Hot set at memory speed: memory-hit p99 delta PENDING (tooling)
  Hot set at memory speed: memory-hit p99.9 delta PENDING (tooling)
  Cold reads: p99 < 1.5 ms on NVMe under loaded zipfian rows FAIL (DEV-TIER, non-binding)
  Memory honesty: RSS slope over the 24 h endurance run PENDING (tooling)
  Endurance: zero crashes over the full 24 h run PENDING (tooling)
  M3 regression: worst M3 gate delta on memory-mode namespaces PENDING (tooling)
  Recovery with tiering on: replay throughput per cell PENDING (tooling)
  Recovery with tiering on: 10 GB boot   PENDING (tooling)
  Never-none invariant: zero violations in the 10k-seed DST sweep PENDING (tooling)
  Crash + ENOSPC matrices: all fault points green PENDING (tooling)
  Foreground protection: p99.9 during demotion + compaction storms PENDING (tooling)

gate-run: report written to .artifacts/v0.4.0/soak-unified-20260812-2328/legs/1786594020-gate-run/report.md
gate-run: sidecar written to .artifacts/v0.4.0/soak-unified-20260812-2328/legs/1786594020-gate-run/mem-hit.tsv
