ops = 292065
errors = 0
busy_retryable = 0
elapsed_s = 302.691
ops_per_sec = 965
p50_us = 15359
p99_us = 1310719
p999_us = 4849663
p9999_us = 8912895
max_us = 9328366
ops = 237626
errors = 0
busy_retryable = 0
elapsed_s = 309.291
ops_per_sec = 768
p50_us = 14847
p99_us = 1703935
p999_us = 7340031
p9999_us = 12582911
max_us = 15492996
ops = 150989
errors = 8
busy_retryable = 8
elapsed_s = 303.531
ops_per_sec = 497
p50_us = 18431
p99_us = 3538943
p999_us = 12058623
p9999_us = 14155775
max_us = 16933821
error_sample = -BUSY durable log staging is full, retry
inf-bench: 8 error replies under load (8 BUSY-retryable; first sample: -BUSY durable log staging is full, retry)
ops = 156594
errors = 10
busy_retryable = 10
elapsed_s = 302.920
ops_per_sec = 517
p50_us = 19967
p99_us = 3145727
p999_us = 11534335
p9999_us = 16515071
max_us = 16832581
error_sample = -BUSY durable log staging is full, retry
inf-bench: 10 error replies under load (10 BUSY-retryable; first sample: -BUSY durable log staging is full, retry)
ops = 172997
errors = 11
busy_retryable = 11
elapsed_s = 302.109
ops_per_sec = 573
p50_us = 18943
p99_us = 3080191
p999_us = 9175039
p9999_us = 13369343
max_us = 16932767
error_sample = -BUSY durable log staging is full, retry
inf-bench: 11 error replies under load (11 BUSY-retryable; first sample: -BUSY durable log staging is full, retry)
ops = 167665
errors = 1
busy_retryable = 1
elapsed_s = 300.040
ops_per_sec = 559
p50_us = 19455
p99_us = 3014655
p999_us = 10485759
p9999_us = 14417919
max_us = 16378297
error_sample = -BUSY durable log staging is full, retry
inf-bench: 1 error replies under load (1 BUSY-retryable; first sample: -BUSY durable log staging is full, retry)
ops = 171095
errors = 9
busy_retryable = 9
elapsed_s = 300.480
ops_per_sec = 569
p50_us = 18943
p99_us = 3407871
p999_us = 10747903
p9999_us = 14155775
max_us = 16014632
error_sample = -BUSY durable log staging is full, retry
inf-bench: 9 error replies under load (9 BUSY-retryable; first sample: -BUSY durable log staging is full, retry)
inf-bench: server closed connection under load
