ops = 19148881
errors = 0
busy_retryable = 0
elapsed_s = 300.089
ops_per_sec = 63811
p50_us = 319
p99_us = 25087
p999_us = 376831
p9999_us = 1441791
max_us = 4105992
ops = 82036594
errors = 0
busy_retryable = 0
elapsed_s = 300.000
ops_per_sec = 273455
p50_us = 147
p99_us = 1375
p999_us = 55295
p9999_us = 516095
max_us = 2753188
ops = 224906912
errors = 0
busy_retryable = 0
elapsed_s = 300.000
ops_per_sec = 749689
p50_us = 119
p99_us = 607
p999_us = 4479
p9999_us = 11263
max_us = 3053696
ops = 218728417
errors = 0
busy_retryable = 0
elapsed_s = 300.002
ops_per_sec = 729090
p50_us = 119
p99_us = 607
p999_us = 4735
p9999_us = 13823
max_us = 2176539
ops = 228710132
errors = 0
busy_retryable = 0
elapsed_s = 300.001
ops_per_sec = 762365
p50_us = 117
p99_us = 591
p999_us = 4351
p9999_us = 11519
max_us = 3210490
ops = 209124442
errors = 0
busy_retryable = 0
elapsed_s = 300.000
ops_per_sec = 697081
p50_us = 131
p99_us = 639
p999_us = 4991
p9999_us = 15103
max_us = 3725221
ops = 203423442
errors = 0
busy_retryable = 0
elapsed_s = 300.001
ops_per_sec = 678077
p50_us = 135
p99_us = 639
p999_us = 4991
p9999_us = 14079
max_us = 3598896
inf-bench: server closed connection under load
