cell 1: checkpoint staging downgraded to buffered I/O — O_DIRECT I/O refused (EINVAL) after the boot probe passed; v3 blocks stay aligned, retrying at once (INFO ckpt_io_mode:buffered, ckpt_io_mode_downgrades:1)
cell 1: checkpoint 1 aborted at I/O: EINVAL under O_DIRECT
cell 0: checkpoint staging downgraded to buffered I/O — O_DIRECT I/O refused (EINVAL) after the boot probe passed; v3 blocks stay aligned, retrying at once (INFO ckpt_io_mode:buffered, ckpt_io_mode_downgrades:1)
cell 0: checkpoint 1 aborted at I/O: EINVAL under O_DIRECT
cell 1: checkpoint staging downgraded to buffered I/O — O_DIRECT I/O refused (EINVAL) after the boot probe passed; v3 blocks stay aligned, retrying at once (INFO ckpt_io_mode:buffered, ckpt_io_mode_downgrades:1)
cell 1: checkpoint 10 aborted at I/O: EINVAL under O_DIRECT
cell 0: checkpoint staging downgraded to buffered I/O — O_DIRECT I/O refused (EINVAL) after the boot probe passed; v3 blocks stay aligned, retrying at once (INFO ckpt_io_mode:buffered, ckpt_io_mode_downgrades:1)
cell 0: checkpoint 11 aborted at I/O: EINVAL under O_DIRECT
N16-DUMP cell 0
# Tiering
tiering_tables:1
tiering_ram_hit_split:unmeasured-iteration-clock
tiering_cold_p50_us:1215
tiering_cold_p99_us:3647
tiering_cold_p999_us:3663
cold_read_qd_p99:1
coalesce_ratio_milli:0
cold_reads_inflight:0
cold_queue_depth:0
cold_read_p99_us:1983
cold_reads_issued:261
cold_reads_enqueued:261
cold_pool_dry:0
cold_queue_full:0
tiering_tail_allocs:984
tiering_seal_holes:0
tiering_seal_hole_bytes:0
tiering_region_commit_pages:3
tiering_region_decommit_pages:1
tiering_cold_resolves:213
tiering_cold_read_errors:0
tiering_write_replans:0
tiering_walk_behind:0
tiering_tail_alloc_stalls:0
tiering_demote_slices:2
tiering_demote_sealed_bytes:2099532
tiering_flush_slices:2
tiering_flush_confirmed_bytes:1049553
tiering_flush_rounds:2
tiering_flush_write_retries:0
tiering_flush_stale_completions:0
tiering_flush_round_p50_us:4351
tiering_flush_round_p99_us:6404
tiering_flush_rounds_inflight:0
tiering_files_sealed:1
tiering_files_active:1
tiering_flush_rounds_deferred:0
tiering_compact_slices:0
tiering_promotions:0
tiering_promoted_bytes:0
tiering_promote_first_touch:0
tiering_promote_skip_window:0
tiering_promote_skip_pinned:0
tiering_promote_skip_disk:0
tiering_promote_skip_stale:0
tiering_promote_skip_cap:0
tiering_shadow_enabled:1
tiering_shadow_reconcile_paused:0
tiering_shadow_created:59
tiering_shadow_resolved_same_key:59
tiering_shadow_resolved_collision:0
tiering_shadow_verified:59
tiering_shadow_settled_without_read:2
tiering_shadow_verified_pending:0
tiering_shadow_stale:0
tiering_shadow_read_errors:0
tiering_shadow_reads_issued:57
tiering_shadow_reads_foreground:0
tiering_shadow_pending:0
tiering_shadow_pending_peak:2
tiering_shadow_pinned_bytes:0
tiering_shadow_pinned_bytes_peak:6323
tiering_shadow_pin_cap_bytes:4194304
tiering_shadow_fallback_off:0
tiering_shadow_fallback_fence:0
tiering_shadow_fallback_multi:0
tiering_shadow_fallback_ticketed:0
tiering_shadow_fallback_tickets:0
tiering_shadow_fallback_pin:0
tiering_shadow_fallback_origin:0
tiering_shadow_fallback_staging:0
tiering_shadow_exact_miss_inserts:0
tiering_shadow_compaction_deferred:0
tiering_shadow_promote_skip:0
tiering_shadow_scan_twins_emitted:8
tiering_shadow_forced_by_delete:0
tiering_shadow_delete_run_refused:0
tiering_shadow_retargeted:2
tiering_shadow_dropped_by_removal:0
tiering_shadow_deferred_walk:0
tiering_shadow_deferred_origin:0
tiering_shadow_dbsize_drains:1
tiering_shadow_dbsize_reads:2
tiering_shadow_rebuild_reads:0
tiering_shadow_rebuild_settled_same_key:0
tiering_shadow_rebuild_settled_distinct:0
tiering_shadow_rebuild_over_cap:0
tiering_shadow_bytes:0
tiering_promote_filter_bytes:65536
tiering_reserved_bytes:4194304
tiering_committed_bytes:2097152
tiering_allocated_bytes:3004088
tiering_dead_bytes:2667260
tiering_live_bytes:336828
tiering_index_bytes:34816
tiering_user_bytes:2996216
tiering_wal_bytes:2747300
tiering_flush_bytes:2113536
tiering_compaction_bytes:0
tiering_written_bytes:4860836
tiering_write_amp_milli_max:1623
tiering_write_amp_undefined_ns:0
tiering_blob_user_bytes:1528148
tiering_blob_bytes:0
tiering_blob_write_amp_milli_max:0
tiering_blob_write_amp_undefined_ns:0
tiering_blob_extents_live:7
tiering_blob_extent_bytes_live:67190
tiering_blob_extents_created:111
tiering_blob_extents_reclaimed:119
tiering_blob_reclaimable:0
tiering_blob_reclaim_deferred:0
tiering_blob_reclaim_slices:113
tiering_blob_quarantined:0
tiering_blob_quarantine_revived:0
tiering_blob_rmw_ops:0
tiering_blob_disk_bytes:110592
tiering_diskfull_ns:0
tiering_diskfull_refusals:0
tiering_compact_idle_pressure:0
tiering_disk_used_bytes:3280896
tiering_ns16:head=2100752,flushed=2100752,ro_boundary=3150731,tail=4055287,committed_bytes=2097152,budget_bytes=3145728,disk_budget_bytes=0,mutable_permille=10,live_bytes=336828,dead_bytes=2667260,user_bytes=2996216,wal_bytes=2747300,flush_bytes=2113536,compaction_bytes=0,write_amp_milli=1623,blob_user_bytes=1528148,blob_bytes=0,blob_write_amp_milli=0,blob_extents_live=7,blob_disk_bytes=110592,disk_used_bytes=3280896,disk_full=none,diskfull_refusals=0,compact_idle_pressure=0,promotions=0,promoted_bytes=0,shadow_pending=0,shadow_pinned_bytes=0

N16-DUMP cell 1
# Tiering
tiering_tables:1
tiering_ram_hit_split:unmeasured-iteration-clock
tiering_cold_p50_us:1247
tiering_cold_p99_us:14733
tiering_cold_p999_us:14733
cold_read_qd_p99:1
coalesce_ratio_milli:2
cold_reads_inflight:0
cold_queue_depth:0
cold_read_p99_us:1981
cold_reads_issued:393
cold_reads_enqueued:394
cold_pool_dry:0
cold_queue_full:0
tiering_tail_allocs:1655
tiering_seal_holes:1
tiering_seal_hole_bytes:874
tiering_region_commit_pages:5
tiering_region_decommit_pages:2
tiering_cold_resolves:452
tiering_cold_read_errors:0
tiering_write_replans:0
tiering_walk_behind:0
tiering_tail_alloc_stalls:0
tiering_demote_slices:3
tiering_demote_sealed_bytes:3146411
tiering_flush_slices:3
tiering_flush_confirmed_bytes:2098204
tiering_flush_rounds:3
tiering_flush_write_retries:0
tiering_flush_stale_completions:0
tiering_flush_round_p50_us:4735
tiering_flush_round_p99_us:5450
tiering_flush_rounds_inflight:0
tiering_files_sealed:1
tiering_files_active:1
tiering_flush_rounds_deferred:0
tiering_compact_slices:0
tiering_promotions:4
tiering_promoted_bytes:7392
tiering_promote_first_touch:8
tiering_promote_skip_window:0
tiering_promote_skip_pinned:0
tiering_promote_skip_disk:0
tiering_promote_skip_stale:0
tiering_promote_skip_cap:0
tiering_shadow_enabled:1
tiering_shadow_reconcile_paused:0
tiering_shadow_created:69
tiering_shadow_resolved_same_key:58
tiering_shadow_resolved_collision:8
tiering_shadow_verified:60
tiering_shadow_settled_without_read:1
tiering_shadow_verified_pending:0
tiering_shadow_stale:0
tiering_shadow_read_errors:64830
tiering_shadow_reads_issued:64890
tiering_shadow_reads_foreground:0
tiering_shadow_pending:1
tiering_shadow_pending_peak:4
tiering_shadow_pinned_bytes:1600946
tiering_shadow_pinned_bytes_peak:1600946
tiering_shadow_pin_cap_bytes:4194304
tiering_shadow_fallback_off:0
tiering_shadow_fallback_fence:0
tiering_shadow_fallback_multi:0
tiering_shadow_fallback_ticketed:4
tiering_shadow_fallback_tickets:0
tiering_shadow_fallback_pin:0
tiering_shadow_fallback_origin:0
tiering_shadow_fallback_staging:0
tiering_shadow_exact_miss_inserts:0
tiering_shadow_compaction_deferred:0
tiering_shadow_promote_skip:0
tiering_shadow_scan_twins_emitted:4
tiering_shadow_forced_by_delete:2
tiering_shadow_delete_run_refused:0
tiering_shadow_retargeted:2
tiering_shadow_dropped_by_removal:2
tiering_shadow_deferred_walk:0
tiering_shadow_deferred_origin:0
tiering_shadow_dbsize_drains:5
tiering_shadow_dbsize_reads:9
tiering_shadow_rebuild_reads:0
tiering_shadow_rebuild_settled_same_key:0
tiering_shadow_rebuild_settled_distinct:0
tiering_shadow_rebuild_over_cap:0
tiering_shadow_bytes:104
tiering_promote_filter_bytes:65536
tiering_reserved_bytes:4194304
tiering_committed_bytes:3145728
tiering_allocated_bytes:4219288
tiering_dead_bytes:2277168
tiering_live_bytes:1942120
tiering_index_bytes:34816
tiering_user_bytes:4197814
tiering_wal_bytes:4020302
tiering_flush_bytes:3162112
tiering_compaction_bytes:0
tiering_written_bytes:7182414
tiering_write_amp_milli_max:1711
tiering_write_amp_undefined_ns:0
tiering_blob_user_bytes:1386922
tiering_blob_bytes:0
tiering_blob_write_amp_milli_max:0
tiering_blob_write_amp_undefined_ns:0
tiering_blob_extents_live:9
tiering_blob_extent_bytes_live:121963
tiering_blob_extents_created:114
tiering_blob_extents_reclaimed:112
tiering_blob_reclaimable:0
tiering_blob_reclaim_deferred:0
tiering_blob_reclaim_slices:110
tiering_blob_quarantined:0
tiering_blob_quarantine_revived:0
tiering_blob_rmw_ops:0
tiering_blob_disk_bytes:176128
tiering_diskfull_ns:0
tiering_diskfull_refusals:0
tiering_compact_idle_pressure:0
tiering_disk_used_bytes:4390912
tiering_ns16:head=3148926,flushed=3148926,ro_boundary=4197133,tail=5270010,committed_bytes=3145728,budget_bytes=3145728,disk_budget_bytes=0,mutable_permille=10,live_bytes=1942120,dead_bytes=2277168,user_bytes=4197814,wal_bytes=4020302,flush_bytes=3162112,compaction_bytes=0,write_amp_milli=1711,blob_user_bytes=1386922,blob_bytes=0,blob_write_amp_milli=0,blob_extents_live=9,blob_disk_bytes=176128,disk_used_bytes=4390912,disk_full=none,diskfull_refusals=0,compact_idle_pressure=0,promotions=4,promoted_bytes=7392,shadow_pending=1,shadow_pinned_bytes=1600946

inf-sim: m4-tiered seed 0xd5ee0016: 5868 commands, 18933 steps, 144 keys audited, 2007 required ops, 0 allowed-lost, 1051199 B flushed pre-cut, 1049553 B flushed final, 213 cold resolves, 492 blob sets, 0 DISKFULL refusals (reopened: false), drop-race 0 values / 0 typed-other, post-drop reboot false (MANIFEST residue false), cut inside DROP after 0 steps: NotReached, refused-boot false, shadow arm true (59 tickets, 0 open at the cut, 59 same-key / 0 collision, 0 stale, 0 fallbacks; phase 6b cold resolves 171; phase 6c 4 pairs: 8 tickets, 4 collision verdicts, 0 ticketed fallbacks, 0 DBSIZE drains, 0 SCAN twins), blob-key race 10 replans, dir-open fault arm false (fired 0), ckpt downgrades 2 / bound splits 0, trace 30795767 bytes, hash 0x51d8fa611dd98d0c
inf-sim: sim_seconds=91.229520 published=0 delivered=0
inf-sim: VIOLATION: seed 0xd5ee0016: REBUILT-TICKET ROW VACUOUS seed 0xd5ee0016: the flush lane never confirmed the page above s2 (mark 5242880; sealed 4197736 → 5245943 B, confirmed 2098989 → 3147757 B)
