minimal failing input: capacity = 2, ops = [
    (
        0,
        0,
        0,
    ),
    (
        0,
        0,
        8169,
    ),
    (
        0,
        0,
        8156,
    ),
]
	successes: 0
	local rejects: 0
	global rejects: 0



failures:
    partiql::cache::tests::eviction_and_invalidation_keep_the_structure
    partiql::cache::tests::multi_victim_eviction_does_not_leak_slots

test result: FAILED. 8 passed; 2 failed; 0 ignored; 0 measured; 41 filtered out; finished in 0.01s

error: test failed, to rerun pass `-p inf-query --lib`
