ops = 25999749
errors = 0
busy_retryable = 0
elapsed_s = 300.061
ops_per_sec = 86648
p50_us = 295
p99_us = 11775
p999_us = 155647
p9999_us = 1146879
max_us = 6243977
ops = 139070177
errors = 0
busy_retryable = 0
elapsed_s = 300.000
ops_per_sec = 463567
p50_us = 167
p99_us = 911
p999_us = 8959
p9999_us = 92159
max_us = 3307387
ops = 189306793
errors = 0
busy_retryable = 0
elapsed_s = 300.000
ops_per_sec = 631022
p50_us = 147
p99_us = 735
p999_us = 5887
p9999_us = 11263
max_us = 3298880
ops = 193908407
errors = 0
busy_retryable = 0
elapsed_s = 300.000
ops_per_sec = 646361
p50_us = 143
p99_us = 719
p999_us = 5759
p9999_us = 11775
max_us = 3085078
ops = 201318153
errors = 0
busy_retryable = 0
elapsed_s = 300.001
ops_per_sec = 671059
p50_us = 147
p99_us = 703
p999_us = 5247
p9999_us = 9983
max_us = 993341
ops = 176462616
errors = 0
busy_retryable = 0
elapsed_s = 300.001
ops_per_sec = 588208
p50_us = 175
p99_us = 735
p999_us = 5375
p9999_us = 9727
max_us = 745488
ops = 205705518
errors = 0
busy_retryable = 0
elapsed_s = 300.000
ops_per_sec = 685684
p50_us = 143
p99_us = 687
p999_us = 5247
p9999_us = 10239
max_us = 676059
ops = 189582220
errors = 0
busy_retryable = 0
elapsed_s = 300.000
ops_per_sec = 631940
p50_us = 151
p99_us = 703
p999_us = 5631
p9999_us = 11007
max_us = 2795603
ops = 180054635
errors = 0
busy_retryable = 0
elapsed_s = 300.000
ops_per_sec = 600181
p50_us = 167
p99_us = 735
p999_us = 5887
p9999_us = 10495
max_us = 2251394
ops = 201602211
errors = 0
busy_retryable = 0
elapsed_s = 300.000
ops_per_sec = 672006
p50_us = 143
p99_us = 703
p999_us = 5375
p9999_us = 9983
max_us = 1401701
ops = 179502423
errors = 0
busy_retryable = 0
elapsed_s = 300.001
ops_per_sec = 598340
p50_us = 171
p99_us = 735
p999_us = 5503
p9999_us = 10239
max_us = 456755
ops = 203258065
errors = 0
busy_retryable = 0
elapsed_s = 300.001
ops_per_sec = 677526
p50_us = 139
p99_us = 687
p999_us = 5119
p9999_us = 9471
max_us = 1578102
ops = 187909425
errors = 0
busy_retryable = 0
elapsed_s = 300.000
ops_per_sec = 626364
p50_us = 155
p99_us = 719
p999_us = 5503
p9999_us = 11519
max_us = 1835625
ops = 184297575
errors = 0
busy_retryable = 0
elapsed_s = 300.000
ops_per_sec = 614324
p50_us = 159
p99_us = 735
p999_us = 5503
p9999_us = 10239
max_us = 495644
ops = 214904967
errors = 0
busy_retryable = 0
elapsed_s = 300.000
ops_per_sec = 716349
p50_us = 135
p99_us = 655
p999_us = 4991
p9999_us = 10239
max_us = 438436
ops = 203996182
errors = 0
busy_retryable = 0
elapsed_s = 300.000
ops_per_sec = 679986
p50_us = 147
p99_us = 671
p999_us = 5119
p9999_us = 10495
max_us = 645523
ops = 205679126
errors = 0
busy_retryable = 0
elapsed_s = 300.000
ops_per_sec = 685596
p50_us = 125
p99_us = 655
p999_us = 5247
p9999_us = 14335
max_us = 1882976
ops = 204147192
errors = 0
busy_retryable = 0
elapsed_s = 300.000
ops_per_sec = 680490
p50_us = 131
p99_us = 655
p999_us = 5119
p9999_us = 15103
max_us = 1679947
ops = 236305638
errors = 0
busy_retryable = 0
elapsed_s = 300.000
ops_per_sec = 787685
p50_us = 113
p99_us = 607
p999_us = 4351
p9999_us = 11007
max_us = 1456327
ops = 217866349
errors = 0
busy_retryable = 0
elapsed_s = 300.005
ops_per_sec = 726208
p50_us = 131
p99_us = 655
p999_us = 4863
p9999_us = 10239
max_us = 474250
ops = 228235211
errors = 0
busy_retryable = 0
elapsed_s = 300.000
ops_per_sec = 760783
p50_us = 115
p99_us = 623
p999_us = 4351
p9999_us = 9983
max_us = 1488891
ops = 217500139
errors = 0
busy_retryable = 0
elapsed_s = 300.058
ops_per_sec = 724860
p50_us = 117
p99_us = 655
p999_us = 4735
p9999_us = 10751
max_us = 1811916
ops = 223525921
errors = 0
busy_retryable = 0
elapsed_s = 300.000
ops_per_sec = 745086
p50_us = 131
p99_us = 639
p999_us = 4735
p9999_us = 10495
max_us = 1598973
ops = 204150796
errors = 0
busy_retryable = 0
elapsed_s = 300.000
ops_per_sec = 680502
p50_us = 125
p99_us = 639
p999_us = 5119
p9999_us = 16895
max_us = 2130560
ops = 241399758
errors = 0
busy_retryable = 0
elapsed_s = 300.000
ops_per_sec = 804665
p50_us = 111
p99_us = 591
p999_us = 4095
p9999_us = 10239
max_us = 1474043
ops = 208725413
errors = 0
busy_retryable = 0
elapsed_s = 300.000
ops_per_sec = 695751
p50_us = 135
p99_us = 639
p999_us = 4479
p9999_us = 10495
max_us = 1570423
ops = 249598479
errors = 0
busy_retryable = 0
elapsed_s = 300.000
ops_per_sec = 831994
p50_us = 107
p99_us = 575
p999_us = 3775
p9999_us = 10495
max_us = 1757726
ops = 235448321
errors = 0
busy_retryable = 0
elapsed_s = 300.000
ops_per_sec = 784827
p50_us = 115
p99_us = 607
p999_us = 4351
p9999_us = 9983
max_us = 1510369
ops = 243139650
errors = 0
busy_retryable = 0
elapsed_s = 300.000
ops_per_sec = 810464
p50_us = 107
p99_us = 575
p999_us = 3967
p9999_us = 10495
max_us = 1592889
ops = 244417582
errors = 0
busy_retryable = 0
elapsed_s = 300.000
ops_per_sec = 814724
p50_us = 105
p99_us = 607
p999_us = 4223
p9999_us = 9983
max_us = 652099
ops = 211472877
errors = 0
busy_retryable = 0
elapsed_s = 300.000
ops_per_sec = 704909
p50_us = 121
p99_us = 655
p999_us = 4607
p9999_us = 12799
max_us = 1534865
ops = 231856552
errors = 0
busy_retryable = 0
elapsed_s = 300.000
ops_per_sec = 772854
p50_us = 115
p99_us = 607
p999_us = 4223
p9999_us = 11263
max_us = 1790891
ops = 237347073
errors = 0
busy_retryable = 0
elapsed_s = 300.000
ops_per_sec = 791156
p50_us = 121
p99_us = 607
p999_us = 4095
p9999_us = 9727
max_us = 1071569
ops = 219225213
errors = 0
busy_retryable = 0
elapsed_s = 300.000
ops_per_sec = 730750
p50_us = 127
p99_us = 623
p999_us = 4479
p9999_us = 10751
max_us = 2078988
ops = 257681130
errors = 0
busy_retryable = 0
elapsed_s = 300.000
ops_per_sec = 858936
p50_us = 99
p99_us = 559
p999_us = 3711
p9999_us = 9727
max_us = 954780
ops = 255656216
errors = 0
busy_retryable = 0
elapsed_s = 300.001
ops_per_sec = 852185
p50_us = 101
p99_us = 575
p999_us = 3711
p9999_us = 9727
max_us = 560315
ops = 200875522
errors = 0
busy_retryable = 0
elapsed_s = 300.000
ops_per_sec = 669584
p50_us = 139
p99_us = 655
p999_us = 4863
p9999_us = 11263
max_us = 1320009
ops = 246387862
errors = 0
busy_retryable = 0
elapsed_s = 300.000
ops_per_sec = 821292
p50_us = 107
p99_us = 575
p999_us = 4031
p9999_us = 10495
max_us = 1017739
ops = 229259159
errors = 0
busy_retryable = 0
elapsed_s = 300.000
ops_per_sec = 764196
p50_us = 115
p99_us = 607
p999_us = 4223
p9999_us = 10239
max_us = 865832
ops = 240104423
errors = 0
busy_retryable = 0
elapsed_s = 300.000
ops_per_sec = 800347
p50_us = 113
p99_us = 575
p999_us = 4031
p9999_us = 10495
max_us = 1471785
ops = 237485309
errors = 0
busy_retryable = 0
elapsed_s = 300.000
ops_per_sec = 791617
p50_us = 121
p99_us = 623
p999_us = 4223
p9999_us = 9727
max_us = 1693589
ops = 229679673
errors = 0
busy_retryable = 0
elapsed_s = 300.000
ops_per_sec = 765598
p50_us = 125
p99_us = 623
p999_us = 4223
p9999_us = 10239
max_us = 811655
ops = 244546240
errors = 0
busy_retryable = 0
elapsed_s = 300.000
ops_per_sec = 815153
p50_us = 113
p99_us = 575
p999_us = 3903
p9999_us = 10495
max_us = 852395
ops = 243523187
errors = 0
busy_retryable = 0
elapsed_s = 300.000
ops_per_sec = 811743
p50_us = 105
p99_us = 591
p999_us = 3967
p9999_us = 10239
max_us = 1869011
ops = 248219412
errors = 0
busy_retryable = 0
elapsed_s = 300.000
ops_per_sec = 827397
p50_us = 97
p99_us = 575
p999_us = 3903
p9999_us = 10495
max_us = 1645691
ops = 238653744
errors = 0
busy_retryable = 0
elapsed_s = 300.004
ops_per_sec = 795502
p50_us = 117
p99_us = 607
p999_us = 4223
p9999_us = 9727
max_us = 731416
ops = 211302635
errors = 0
busy_retryable = 0
elapsed_s = 300.000
ops_per_sec = 704341
p50_us = 127
p99_us = 655
p999_us = 4863
p9999_us = 11007
max_us = 1805708
ops = 235059107
errors = 0
busy_retryable = 0
elapsed_s = 300.018
ops_per_sec = 783483
p50_us = 111
p99_us = 607
p999_us = 4223
p9999_us = 10495
max_us = 838421
ops = 240853442
errors = 0
busy_retryable = 0
elapsed_s = 300.000
ops_per_sec = 802844
p50_us = 107
p99_us = 591
p999_us = 4223
p9999_us = 10751
max_us = 1169232
ops = 241473395
errors = 0
busy_retryable = 0
elapsed_s = 300.000
ops_per_sec = 804910
p50_us = 107
p99_us = 591
p999_us = 4095
p9999_us = 9983
max_us = 434827
ops = 228348447
errors = 0
busy_retryable = 0
elapsed_s = 300.000
ops_per_sec = 761160
p50_us = 121
p99_us = 607
p999_us = 4351
p9999_us = 10495
max_us = 493209
ops = 218318839
errors = 0
busy_retryable = 0
elapsed_s = 300.004
ops_per_sec = 727719
p50_us = 117
p99_us = 639
p999_us = 4607
p9999_us = 10495
max_us = 1689535
ops = 242554715
errors = 0
busy_retryable = 0
elapsed_s = 300.000
ops_per_sec = 808515
p50_us = 113
p99_us = 591
p999_us = 4223
p9999_us = 10495
max_us = 899417
ops = 205343408
errors = 0
busy_retryable = 0
elapsed_s = 300.004
ops_per_sec = 684470
p50_us = 125
p99_us = 639
p999_us = 4479
p9999_us = 11519
max_us = 2168344
ops = 248859008
errors = 0
busy_retryable = 0
elapsed_s = 300.000
ops_per_sec = 829529
p50_us = 107
p99_us = 575
p999_us = 3839
p9999_us = 9983
max_us = 1265359
ops = 259055269
errors = 0
busy_retryable = 0
elapsed_s = 300.000
ops_per_sec = 863516
p50_us = 101
p99_us = 575
p999_us = 3647
p9999_us = 9983
max_us = 470647
ops = 221156519
errors = 0
busy_retryable = 0
elapsed_s = 300.000
ops_per_sec = 737188
p50_us = 117
p99_us = 639
p999_us = 4479
p9999_us = 10495
max_us = 1401511
ops = 237163533
errors = 0
busy_retryable = 0
elapsed_s = 300.000
ops_per_sec = 790544
p50_us = 105
p99_us = 623
p999_us = 4351
p9999_us = 10239
max_us = 1038888
ops = 231401724
errors = 0
busy_retryable = 0
elapsed_s = 300.001
ops_per_sec = 771338
p50_us = 111
p99_us = 607
p999_us = 4351
p9999_us = 10495
max_us = 2542191
ops = 252230177
errors = 0
busy_retryable = 0
elapsed_s = 300.000
ops_per_sec = 840766
p50_us = 107
p99_us = 575
p999_us = 3839
p9999_us = 10495
max_us = 1168022
ops = 207768731
errors = 0
busy_retryable = 0
elapsed_s = 300.141
ops_per_sec = 692237
p50_us = 131
p99_us = 671
p999_us = 4735
p9999_us = 11263
max_us = 1212438
ops = 240447941
errors = 0
busy_retryable = 0
elapsed_s = 300.002
ops_per_sec = 801488
p50_us = 113
p99_us = 591
p999_us = 4223
p9999_us = 10239
max_us = 1160655
ops = 238545841
errors = 0
busy_retryable = 0
elapsed_s = 300.000
ops_per_sec = 795152
p50_us = 111
p99_us = 575
p999_us = 3967
p9999_us = 10495
max_us = 1623536
ops = 234344427
errors = 0
busy_retryable = 0
elapsed_s = 300.000
ops_per_sec = 781147
p50_us = 109
p99_us = 623
p999_us = 4223
p9999_us = 9983
max_us = 1760705
ops = 240652727
errors = 0
busy_retryable = 0
elapsed_s = 300.000
ops_per_sec = 802175
p50_us = 105
p99_us = 607
p999_us = 4223
p9999_us = 10495
max_us = 651821
ops = 249269752
errors = 0
busy_retryable = 0
elapsed_s = 300.000
ops_per_sec = 830898
p50_us = 101
p99_us = 575
p999_us = 4031
p9999_us = 10239
max_us = 1830325
ops = 215483339
errors = 0
busy_retryable = 0
elapsed_s = 300.007
ops_per_sec = 718261
p50_us = 131
p99_us = 623
p999_us = 4479
p9999_us = 11007
max_us = 1842084
ops = 223272620
errors = 0
busy_retryable = 0
elapsed_s = 300.000
ops_per_sec = 744241
p50_us = 113
p99_us = 639
p999_us = 4479
p9999_us = 12031
max_us = 524865
ops = 252356779
errors = 0
busy_retryable = 0
elapsed_s = 300.000
ops_per_sec = 841188
p50_us = 107
p99_us = 575
p999_us = 4031
p9999_us = 10495
max_us = 970635
ops = 214996526
errors = 0
busy_retryable = 0
elapsed_s = 300.000
ops_per_sec = 716654
p50_us = 119
p99_us = 687
p999_us = 4991
p9999_us = 11263
max_us = 822079
ops = 220942601
errors = 0
busy_retryable = 0
elapsed_s = 300.000
ops_per_sec = 736474
p50_us = 121
p99_us = 607
p999_us = 4351
p9999_us = 10751
max_us = 1533133
ops = 214024614
errors = 0
busy_retryable = 0
elapsed_s = 300.000
ops_per_sec = 713415
p50_us = 125
p99_us = 671
p999_us = 4863
p9999_us = 10495
max_us = 731238
ops = 218909277
errors = 0
busy_retryable = 0
elapsed_s = 300.000
ops_per_sec = 729697
p50_us = 121
p99_us = 639
p999_us = 4607
p9999_us = 11007
max_us = 480536
ops = 224792746
errors = 0
busy_retryable = 0
elapsed_s = 300.000
ops_per_sec = 749308
p50_us = 121
p99_us = 623
p999_us = 4351
p9999_us = 10751
max_us = 1403752
ops = 224255987
errors = 0
busy_retryable = 0
elapsed_s = 300.000
ops_per_sec = 747519
p50_us = 113
p99_us = 639
p999_us = 4607
p9999_us = 10751
max_us = 668740
ops = 243008021
errors = 0
busy_retryable = 0
elapsed_s = 300.000
ops_per_sec = 810026
p50_us = 103
p99_us = 607
p999_us = 4223
p9999_us = 10495
max_us = 1456467
ops = 205871919
errors = 0
busy_retryable = 0
elapsed_s = 300.000
ops_per_sec = 686239
p50_us = 127
p99_us = 639
p999_us = 4735
p9999_us = 11007
max_us = 2128575
ops = 230508557
errors = 0
busy_retryable = 0
elapsed_s = 300.000
ops_per_sec = 768361
p50_us = 109
p99_us = 623
p999_us = 4351
p9999_us = 11007
max_us = 1733952
ops = 221088645
errors = 0
busy_retryable = 0
elapsed_s = 300.000
ops_per_sec = 736961
p50_us = 119
p99_us = 639
p999_us = 4479
p9999_us = 10751
max_us = 1601118
ops = 243107955
errors = 0
busy_retryable = 0
elapsed_s = 300.000
ops_per_sec = 810359
p50_us = 107
p99_us = 591
p999_us = 4095
p9999_us = 10239
max_us = 1632335
ops = 193913193
errors = 0
busy_retryable = 0
elapsed_s = 300.000
ops_per_sec = 646376
p50_us = 147
p99_us = 703
p999_us = 5375
p9999_us = 11263
max_us = 1951793
ops = 201609549
errors = 0
busy_retryable = 0
elapsed_s = 300.000
ops_per_sec = 672031
p50_us = 135
p99_us = 671
p999_us = 4863
p9999_us = 11519
max_us = 2057410
ops = 238430803
errors = 0
busy_retryable = 0
elapsed_s = 300.001
ops_per_sec = 794767
p50_us = 113
p99_us = 607
p999_us = 4223
p9999_us = 10495
max_us = 505773
ops = 225703720
errors = 0
busy_retryable = 0
elapsed_s = 300.294
ops_per_sec = 751610
p50_us = 121
p99_us = 623
p999_us = 4479
p9999_us = 12031
max_us = 1427846
ops = 247891094
errors = 0
busy_retryable = 0
elapsed_s = 300.000
ops_per_sec = 826303
p50_us = 107
p99_us = 575
p999_us = 4031
p9999_us = 10239
max_us = 641489
ops = 226838829
errors = 0
busy_retryable = 0
elapsed_s = 300.000
ops_per_sec = 756128
p50_us = 121
p99_us = 623
p999_us = 4351
p9999_us = 11263
max_us = 2081513
ops = 234154432
errors = 0
busy_retryable = 0
elapsed_s = 300.002
ops_per_sec = 780511
p50_us = 123
p99_us = 607
p999_us = 4223
p9999_us = 10495
max_us = 581045
ops = 207374557
errors = 0
busy_retryable = 0
elapsed_s = 300.001
ops_per_sec = 691247
p50_us = 147
p99_us = 671
p999_us = 4991
p9999_us = 12031
max_us = 1673920
ops = 242078019
errors = 0
busy_retryable = 0
elapsed_s = 300.000
ops_per_sec = 806926
p50_us = 109
p99_us = 607
p999_us = 4223
p9999_us = 10239
max_us = 630677
ops = 219110090
errors = 0
busy_retryable = 0
elapsed_s = 300.000
ops_per_sec = 730366
p50_us = 125
p99_us = 639
p999_us = 4607
p9999_us = 12031
max_us = 1431857
ops = 190046959
errors = 0
busy_retryable = 0
elapsed_s = 300.000
ops_per_sec = 633489
p50_us = 143
p99_us = 719
p999_us = 5247
p9999_us = 11775
max_us = 1421146
ops = 225357187
errors = 0
busy_retryable = 0
elapsed_s = 300.000
ops_per_sec = 751190
p50_us = 119
p99_us = 655
p999_us = 4607
p9999_us = 10751
max_us = 544382
ops = 235521743
errors = 0
busy_retryable = 0
elapsed_s = 300.000
ops_per_sec = 785071
p50_us = 113
p99_us = 607
p999_us = 4223
p9999_us = 10239
max_us = 1010778
ops = 234291697
errors = 0
busy_retryable = 0
elapsed_s = 300.000
ops_per_sec = 780971
p50_us = 111
p99_us = 623
p999_us = 4351
p9999_us = 11263
max_us = 1864831
ops = 223438165
errors = 0
busy_retryable = 0
elapsed_s = 300.000
ops_per_sec = 744793
p50_us = 123
p99_us = 639
p999_us = 4607
p9999_us = 11263
max_us = 496680
ops = 227669713
errors = 0
busy_retryable = 0
elapsed_s = 300.005
ops_per_sec = 758887
p50_us = 109
p99_us = 639
p999_us = 4607
p9999_us = 10495
max_us = 1323390
ops = 234081115
errors = 0
busy_retryable = 0
elapsed_s = 300.000
ops_per_sec = 780269
p50_us = 107
p99_us = 623
p999_us = 4351
p9999_us = 10495
max_us = 2237212
ops = 229561874
errors = 0
busy_retryable = 0
elapsed_s = 300.000
ops_per_sec = 765205
p50_us = 117
p99_us = 623
p999_us = 4479
p9999_us = 11263
max_us = 1545955
ops = 235854226
errors = 0
busy_retryable = 0
elapsed_s = 300.001
ops_per_sec = 786178
p50_us = 113
p99_us = 623
p999_us = 4351
p9999_us = 10239
max_us = 674508
ops = 242660894
errors = 0
busy_retryable = 0
elapsed_s = 300.000
ops_per_sec = 808869
p50_us = 105
p99_us = 591
p999_us = 4095
p9999_us = 10751
max_us = 2156309
ops = 235410868
errors = 0
busy_retryable = 0
elapsed_s = 300.000
ops_per_sec = 784702
p50_us = 117
p99_us = 607
p999_us = 4351
p9999_us = 11007
max_us = 1975884
ops = 216060432
errors = 0
busy_retryable = 0
elapsed_s = 300.000
ops_per_sec = 720200
p50_us = 125
p99_us = 655
p999_us = 4607
p9999_us = 10751
max_us = 1833546
ops = 203428686
errors = 0
busy_retryable = 0
elapsed_s = 300.000
ops_per_sec = 678095
p50_us = 135
p99_us = 703
p999_us = 5119
p9999_us = 11007
max_us = 1665767
ops = 229893518
errors = 0
busy_retryable = 0
elapsed_s = 300.000
ops_per_sec = 766311
p50_us = 109
p99_us = 639
p999_us = 4479
p9999_us = 11263
max_us = 1089462
ops = 226952042
errors = 0
busy_retryable = 0
elapsed_s = 300.000
ops_per_sec = 756506
p50_us = 117
p99_us = 639
p999_us = 4607
p9999_us = 11263
max_us = 1868537
ops = 234008206
errors = 0
busy_retryable = 0
elapsed_s = 300.001
ops_per_sec = 780026
p50_us = 115
p99_us = 591
p999_us = 4351
p9999_us = 11519
max_us = 1806503
ops = 222558394
errors = 0
busy_retryable = 0
elapsed_s = 300.001
ops_per_sec = 741860
p50_us = 113
p99_us = 639
p999_us = 4735
p9999_us = 11263
max_us = 1528566
ops = 241669518
errors = 0
busy_retryable = 0
elapsed_s = 300.000
ops_per_sec = 805564
p50_us = 111
p99_us = 607
p999_us = 4351
p9999_us = 10751
max_us = 495429
ops = 204958235
errors = 0
busy_retryable = 0
elapsed_s = 300.000
ops_per_sec = 683193
p50_us = 131
p99_us = 671
p999_us = 5119
p9999_us = 12031
max_us = 1486133
ops = 242588749
errors = 0
busy_retryable = 0
elapsed_s = 300.000
ops_per_sec = 808629
p50_us = 111
p99_us = 607
p999_us = 4223
p9999_us = 10495
max_us = 540141
ops = 200430178
errors = 0
busy_retryable = 0
elapsed_s = 300.004
ops_per_sec = 668092
p50_us = 143
p99_us = 671
p999_us = 4991
p9999_us = 11519
max_us = 1681798
ops = 238811464
errors = 0
busy_retryable = 0
elapsed_s = 300.000
ops_per_sec = 796037
p50_us = 105
p99_us = 623
p999_us = 4351
p9999_us = 10495
max_us = 1850864
ops = 217778971
errors = 0
busy_retryable = 0
elapsed_s = 300.000
ops_per_sec = 725929
p50_us = 127
p99_us = 655
p999_us = 4863
p9999_us = 11775
max_us = 1441022
ops = 227307533
errors = 0
busy_retryable = 0
elapsed_s = 300.000
ops_per_sec = 757691
p50_us = 117
p99_us = 639
p999_us = 4351
p9999_us = 10239
max_us = 1555172
ops = 237251217
errors = 0
busy_retryable = 0
elapsed_s = 300.000
ops_per_sec = 790837
p50_us = 109
p99_us = 623
p999_us = 4479
p9999_us = 10495
max_us = 446754
ops = 206517411
errors = 0
busy_retryable = 0
elapsed_s = 300.000
ops_per_sec = 688390
p50_us = 131
p99_us = 687
p999_us = 5119
p9999_us = 11519
max_us = 468256
ops = 216896324
errors = 0
busy_retryable = 0
elapsed_s = 300.000
ops_per_sec = 722987
p50_us = 123
p99_us = 655
p999_us = 4735
p9999_us = 11519
max_us = 1182555
ops = 223858535
errors = 0
busy_retryable = 0
elapsed_s = 300.001
ops_per_sec = 746194
p50_us = 121
p99_us = 639
p999_us = 4607
p9999_us = 11263
max_us = 1819053
ops = 235081007
errors = 0
busy_retryable = 0
elapsed_s = 300.001
ops_per_sec = 783602
p50_us = 107
p99_us = 607
p999_us = 4351
p9999_us = 11775
max_us = 1709891
ops = 229413661
errors = 0
busy_retryable = 0
elapsed_s = 300.000
ops_per_sec = 764711
p50_us = 113
p99_us = 639
p999_us = 4351
p9999_us = 11007
max_us = 1199385
ops = 243333287
errors = 0
busy_retryable = 0
elapsed_s = 300.000
ops_per_sec = 811110
p50_us = 103
p99_us = 591
p999_us = 4223
p9999_us = 10495
max_us = 1909785
ops = 234602625
errors = 0
busy_retryable = 0
elapsed_s = 300.000
ops_per_sec = 782008
p50_us = 113
p99_us = 607
p999_us = 4223
p9999_us = 10751
max_us = 1567266
ops = 230227503
errors = 0
busy_retryable = 0
elapsed_s = 300.001
ops_per_sec = 767423
p50_us = 113
p99_us = 623
p999_us = 4479
p9999_us = 11007
max_us = 2043762
ops = 228627134
errors = 0
busy_retryable = 0
elapsed_s = 300.000
ops_per_sec = 762089
p50_us = 109
p99_us = 639
p999_us = 4479
p9999_us = 11007
max_us = 1328909
ops = 228563335
errors = 0
busy_retryable = 0
elapsed_s = 300.008
ops_per_sec = 761856
p50_us = 113
p99_us = 655
p999_us = 4607
p9999_us = 11519
max_us = 1634856
ops = 222128190
errors = 0
busy_retryable = 0
elapsed_s = 300.000
ops_per_sec = 740426
p50_us = 117
p99_us = 655
p999_us = 4735
p9999_us = 12031
max_us = 1277935
ops = 217701041
errors = 0
busy_retryable = 0
elapsed_s = 300.001
ops_per_sec = 725669
p50_us = 123
p99_us = 687
p999_us = 4863
p9999_us = 10751
max_us = 298183
ops = 218909066
errors = 0
busy_retryable = 0
elapsed_s = 300.000
ops_per_sec = 729696
p50_us = 119
p99_us = 639
p999_us = 4607
p9999_us = 11263
max_us = 1127033
ops = 244239290
errors = 0
busy_retryable = 0
elapsed_s = 300.000
ops_per_sec = 814130
p50_us = 101
p99_us = 607
p999_us = 4223
p9999_us = 10239
max_us = 1660580
ops = 223811358
errors = 0
busy_retryable = 0
elapsed_s = 300.000
ops_per_sec = 746037
p50_us = 121
p99_us = 655
p999_us = 4607
p9999_us = 10751
max_us = 496477
ops = 224319860
errors = 0
busy_retryable = 0
elapsed_s = 300.000
ops_per_sec = 747732
p50_us = 111
p99_us = 655
p999_us = 4607
p9999_us = 12031
max_us = 2039587
ops = 206439914
errors = 0
busy_retryable = 0
elapsed_s = 300.000
ops_per_sec = 688132
p50_us = 121
p99_us = 687
p999_us = 4991
p9999_us = 11263
max_us = 1885124
ops = 225702038
errors = 0
busy_retryable = 0
elapsed_s = 300.000
ops_per_sec = 752339
p50_us = 117
p99_us = 655
p999_us = 4607
p9999_us = 10751
max_us = 684209
ops = 245227848
errors = 0
busy_retryable = 0
elapsed_s = 300.001
ops_per_sec = 817424
p50_us = 107
p99_us = 591
p999_us = 4223
p9999_us = 11519
max_us = 508945
ops = 227661657
errors = 0
busy_retryable = 0
elapsed_s = 300.000
ops_per_sec = 758871
p50_us = 123
p99_us = 639
p999_us = 4479
p9999_us = 11007
max_us = 2082589
ops = 210493445
errors = 0
busy_retryable = 0
elapsed_s = 300.000
ops_per_sec = 701644
p50_us = 135
p99_us = 671
p999_us = 5119
p9999_us = 11519
max_us = 563359
ops = 219205293
errors = 0
busy_retryable = 0
elapsed_s = 300.000
ops_per_sec = 730683
p50_us = 119
p99_us = 655
p999_us = 4607
p9999_us = 11519
max_us = 2426219
ops = 207836812
errors = 0
busy_retryable = 0
elapsed_s = 300.001
ops_per_sec = 692788
p50_us = 131
p99_us = 671
p999_us = 4607
p9999_us = 11007
max_us = 1103504
ops = 220375726
errors = 0
busy_retryable = 0
elapsed_s = 300.000
ops_per_sec = 734585
p50_us = 121
p99_us = 655
p999_us = 4607
p9999_us = 11263
max_us = 467985
ops = 211859456
errors = 0
busy_retryable = 0
elapsed_s = 300.095
ops_per_sec = 705975
p50_us = 127
p99_us = 655
p999_us = 4735
p9999_us = 12799
max_us = 1734506
ops = 247958226
errors = 0
busy_retryable = 0
elapsed_s = 300.000
ops_per_sec = 826526
p50_us = 107
p99_us = 591
p999_us = 4031
p9999_us = 10751
max_us = 551599
ops = 230534243
errors = 0
busy_retryable = 0
elapsed_s = 300.000
ops_per_sec = 768447
p50_us = 115
p99_us = 623
p999_us = 4479
p9999_us = 11263
max_us = 1910913
ops = 224759785
errors = 0
busy_retryable = 0
elapsed_s = 300.000
ops_per_sec = 749198
p50_us = 115
p99_us = 655
p999_us = 4607
p9999_us = 11263
max_us = 1404977
ops = 221509399
errors = 0
busy_retryable = 0
elapsed_s = 300.013
ops_per_sec = 738331
p50_us = 123
p99_us = 655
p999_us = 4735
p9999_us = 11263
max_us = 1390598
ops = 225637193
errors = 0
busy_retryable = 0
elapsed_s = 300.001
ops_per_sec = 752121
p50_us = 123
p99_us = 655
p999_us = 4607
p9999_us = 11007
max_us = 398031
ops = 201860748
errors = 0
busy_retryable = 0
elapsed_s = 300.001
ops_per_sec = 672868
p50_us = 127
p99_us = 687
p999_us = 5119
p9999_us = 11263
max_us = 1495036
ops = 224074642
errors = 0
busy_retryable = 0
elapsed_s = 300.000
ops_per_sec = 746915
p50_us = 111
p99_us = 655
p999_us = 4863
p9999_us = 11263
max_us = 462482
ops = 201514136
errors = 0
busy_retryable = 0
elapsed_s = 300.000
ops_per_sec = 671713
p50_us = 139
p99_us = 687
p999_us = 5247
p9999_us = 12031
max_us = 984003
ops = 221389798
errors = 0
busy_retryable = 0
elapsed_s = 300.000
ops_per_sec = 737965
p50_us = 117
p99_us = 655
p999_us = 4607
p9999_us = 11263
max_us = 1233687
ops = 211854486
errors = 0
busy_retryable = 0
elapsed_s = 300.000
ops_per_sec = 706181
p50_us = 127
p99_us = 671
p999_us = 4991
p9999_us = 11263
max_us = 1560021
ops = 240950986
errors = 0
busy_retryable = 0
elapsed_s = 300.000
ops_per_sec = 803169
p50_us = 107
p99_us = 607
p999_us = 4223
p9999_us = 10495
max_us = 1965575
ops = 234644951
errors = 0
busy_retryable = 0
elapsed_s = 300.000
ops_per_sec = 782149
p50_us = 113
p99_us = 639
p999_us = 4479
p9999_us = 10751
max_us = 1198834
ops = 205829982
errors = 0
busy_retryable = 0
elapsed_s = 300.000
ops_per_sec = 686099
p50_us = 135
p99_us = 703
p999_us = 5375
p9999_us = 11775
max_us = 1189892
ops = 219378356
errors = 0
busy_retryable = 0
elapsed_s = 300.000
ops_per_sec = 731260
p50_us = 123
p99_us = 671
p999_us = 4863
p9999_us = 10751
max_us = 1987347
ops = 229888996
errors = 0
busy_retryable = 0
elapsed_s = 300.000
ops_per_sec = 766296
p50_us = 115
p99_us = 623
p999_us = 4607
p9999_us = 11263
max_us = 807152
ops = 245382969
errors = 0
busy_retryable = 0
elapsed_s = 300.000
ops_per_sec = 817942
p50_us = 105
p99_us = 607
p999_us = 4223
p9999_us = 10495
max_us = 458742
ops = 231997669
errors = 0
busy_retryable = 0
elapsed_s = 300.000
ops_per_sec = 773325
p50_us = 117
p99_us = 623
p999_us = 4607
p9999_us = 11263
max_us = 1946582
ops = 231293176
errors = 0
busy_retryable = 0
elapsed_s = 300.000
ops_per_sec = 770976
p50_us = 117
p99_us = 639
p999_us = 4479
p9999_us = 10495
max_us = 588360
ops = 218234146
errors = 0
busy_retryable = 0
elapsed_s = 300.000
ops_per_sec = 727446
p50_us = 127
p99_us = 655
p999_us = 4735
p9999_us = 11519
max_us = 404802
ops = 234142345
errors = 0
busy_retryable = 0
elapsed_s = 300.000
ops_per_sec = 780473
p50_us = 109
p99_us = 623
p999_us = 4607
p9999_us = 11007
max_us = 589128
ops = 220942509
errors = 0
busy_retryable = 0
elapsed_s = 300.001
ops_per_sec = 736474
p50_us = 121
p99_us = 671
p999_us = 4735
p9999_us = 11007
max_us = 1400410
ops = 208816918
errors = 0
busy_retryable = 0
elapsed_s = 300.000
ops_per_sec = 696055
p50_us = 135
p99_us = 655
p999_us = 4863
p9999_us = 11263
max_us = 1438392
ops = 204649975
errors = 0
busy_retryable = 0
elapsed_s = 300.001
ops_per_sec = 682165
p50_us = 125
p99_us = 687
p999_us = 5119
p9999_us = 11519
max_us = 465886
ops = 230260706
errors = 0
busy_retryable = 0
elapsed_s = 300.000
ops_per_sec = 767535
p50_us = 121
p99_us = 623
p999_us = 4479
p9999_us = 11007
max_us = 1453727
ops = 228552193
errors = 0
busy_retryable = 0
elapsed_s = 300.000
ops_per_sec = 761840
p50_us = 117
p99_us = 623
p999_us = 4479
p9999_us = 11007
max_us = 1464024
ops = 226826377
errors = 0
busy_retryable = 0
elapsed_s = 300.001
ops_per_sec = 756087
p50_us = 121
p99_us = 639
p999_us = 4607
p9999_us = 11775
max_us = 1115020
ops = 246018933
errors = 0
busy_retryable = 0
elapsed_s = 300.001
ops_per_sec = 820060
p50_us = 111
p99_us = 591
p999_us = 4223
p9999_us = 10751
max_us = 729971
ops = 237693337
errors = 0
busy_retryable = 0
elapsed_s = 300.001
ops_per_sec = 792310
p50_us = 111
p99_us = 607
p999_us = 4223
p9999_us = 10751
max_us = 1908677
ops = 206233349
errors = 0
busy_retryable = 0
elapsed_s = 300.000
ops_per_sec = 687444
p50_us = 123
p99_us = 655
p999_us = 4863
p9999_us = 11775
max_us = 1915584
ops = 228954025
errors = 0
busy_retryable = 0
elapsed_s = 300.000
ops_per_sec = 763179
p50_us = 113
p99_us = 623
p999_us = 4479
p9999_us = 12031
max_us = 1802848
ops = 178071206
errors = 0
busy_retryable = 0
elapsed_s = 300.000
ops_per_sec = 593570
p50_us = 155
p99_us = 783
p999_us = 5375
p9999_us = 12031
max_us = 1395894
ops = 248074931
errors = 0
busy_retryable = 0
elapsed_s = 300.000
ops_per_sec = 826915
p50_us = 107
p99_us = 591
p999_us = 4095
p9999_us = 10495
max_us = 536409
ops = 232477935
errors = 0
busy_retryable = 0
elapsed_s = 300.001
ops_per_sec = 774925
p50_us = 111
p99_us = 623
p999_us = 4479
p9999_us = 11007
max_us = 1850743
ops = 229917600
errors = 0
busy_retryable = 0
elapsed_s = 300.001
ops_per_sec = 766390
p50_us = 113
p99_us = 639
p999_us = 4607
p9999_us = 11519
max_us = 1578172
ops = 225127802
errors = 0
busy_retryable = 0
elapsed_s = 300.000
ops_per_sec = 750425
p50_us = 111
p99_us = 671
p999_us = 4607
p9999_us = 11007
max_us = 861106
ops = 230700049
errors = 0
busy_retryable = 0
elapsed_s = 300.001
ops_per_sec = 768998
p50_us = 113
p99_us = 639
p999_us = 4479
p9999_us = 11263
max_us = 626855
ops = 241611798
errors = 0
busy_retryable = 0
elapsed_s = 300.000
ops_per_sec = 805372
p50_us = 105
p99_us = 607
p999_us = 4351
p9999_us = 11007
max_us = 1528149
ops = 232544283
errors = 0
busy_retryable = 0
elapsed_s = 300.000
ops_per_sec = 775147
p50_us = 113
p99_us = 639
p999_us = 4479
p9999_us = 10751
max_us = 451717
ops = 219620244
errors = 0
busy_retryable = 0
elapsed_s = 300.000
ops_per_sec = 732067
p50_us = 123
p99_us = 623
p999_us = 4479
p9999_us = 11775
max_us = 1764602
ops = 238627551
errors = 0
busy_retryable = 0
elapsed_s = 300.001
ops_per_sec = 795423
p50_us = 107
p99_us = 607
p999_us = 4351
p9999_us = 11007
max_us = 2497220
ops = 238184887
errors = 0
busy_retryable = 0
elapsed_s = 300.000
ops_per_sec = 793949
p50_us = 117
p99_us = 607
p999_us = 4223
p9999_us = 10495
max_us = 484172
ops = 207795197
errors = 0
busy_retryable = 0
elapsed_s = 300.007
ops_per_sec = 692634
p50_us = 131
p99_us = 687
p999_us = 4863
p9999_us = 11775
max_us = 477782
ops = 225509049
errors = 0
busy_retryable = 0
elapsed_s = 300.000
ops_per_sec = 751696
p50_us = 119
p99_us = 639
p999_us = 4607
p9999_us = 10751
max_us = 1514186
ops = 205302843
errors = 0
busy_retryable = 0
elapsed_s = 300.001
ops_per_sec = 684341
p50_us = 131
p99_us = 671
p999_us = 4863
p9999_us = 12287
max_us = 1238193
ops = 241442943
errors = 0
busy_retryable = 0
elapsed_s = 300.007
ops_per_sec = 804792
p50_us = 103
p99_us = 607
p999_us = 4351
p9999_us = 10751
max_us = 1748745
ops = 217660831
errors = 0
busy_retryable = 0
elapsed_s = 300.000
ops_per_sec = 725535
p50_us = 125
p99_us = 671
p999_us = 4991
p9999_us = 11263
max_us = 1382892
ops = 225649498
errors = 0
busy_retryable = 0
elapsed_s = 300.000
ops_per_sec = 752164
p50_us = 117
p99_us = 639
p999_us = 4607
p9999_us = 10751
max_us = 1371214
ops = 220640771
errors = 0
busy_retryable = 0
elapsed_s = 300.001
ops_per_sec = 735468
p50_us = 121
p99_us = 639
p999_us = 4607
p9999_us = 11263
max_us = 1526365
ops = 242481544
errors = 0
busy_retryable = 0
elapsed_s = 300.000
ops_per_sec = 808271
p50_us = 105
p99_us = 607
p999_us = 4223
p9999_us = 10495
max_us = 1394191
ops = 216783373
errors = 0
busy_retryable = 0
elapsed_s = 300.000
ops_per_sec = 722610
p50_us = 125
p99_us = 639
p999_us = 4735
p9999_us = 13311
max_us = 2325629
ops = 211676035
errors = 0
busy_retryable = 0
elapsed_s = 300.002
ops_per_sec = 705582
p50_us = 131
p99_us = 687
p999_us = 4991
p9999_us = 10751
max_us = 525578
ops = 213569907
errors = 0
busy_retryable = 0
elapsed_s = 300.000
ops_per_sec = 711899
p50_us = 135
p99_us = 671
p999_us = 4863
p9999_us = 11007
max_us = 485358
ops = 229384897
errors = 0
busy_retryable = 0
elapsed_s = 300.003
ops_per_sec = 764608
p50_us = 107
p99_us = 623
p999_us = 4479
p9999_us = 11519
max_us = 2033570
ops = 223987665
errors = 0
busy_retryable = 0
elapsed_s = 300.001
ops_per_sec = 746624
p50_us = 125
p99_us = 671
p999_us = 4735
p9999_us = 11007
max_us = 884561
ops = 226173929
errors = 0
busy_retryable = 0
elapsed_s = 300.000
ops_per_sec = 753912
p50_us = 115
p99_us = 671
p999_us = 4607
p9999_us = 11007
max_us = 518679
ops = 227752248
errors = 0
busy_retryable = 0
elapsed_s = 300.000
ops_per_sec = 759173
p50_us = 119
p99_us = 639
p999_us = 4607
p9999_us = 11007
max_us = 1975159
ops = 231661131
errors = 0
busy_retryable = 0
elapsed_s = 300.001
ops_per_sec = 772202
p50_us = 115
p99_us = 623
p999_us = 4351
p9999_us = 11263
max_us = 471060
ops = 218372143
errors = 0
busy_retryable = 0
elapsed_s = 300.000
ops_per_sec = 727906
p50_us = 121
p99_us = 671
p999_us = 4735
p9999_us = 11519
max_us = 1099917
ops = 212085577
errors = 0
busy_retryable = 0
elapsed_s = 300.001
ops_per_sec = 706951
p50_us = 127
p99_us = 687
p999_us = 5119
p9999_us = 11519
max_us = 549283
ops = 222489558
errors = 0
busy_retryable = 0
elapsed_s = 300.000
ops_per_sec = 741631
p50_us = 119
p99_us = 655
p999_us = 4863
p9999_us = 11775
max_us = 1124639
ops = 225047544
errors = 0
busy_retryable = 0
elapsed_s = 300.001
ops_per_sec = 750157
p50_us = 117
p99_us = 655
p999_us = 4863
p9999_us = 11519
max_us = 460289
ops = 221778668
errors = 0
busy_retryable = 0
elapsed_s = 300.000
ops_per_sec = 739261
p50_us = 131
p99_us = 639
p999_us = 4735
p9999_us = 11263
max_us = 1777259
ops = 237438115
errors = 0
busy_retryable = 0
elapsed_s = 300.000
ops_per_sec = 791459
p50_us = 105
p99_us = 623
p999_us = 4351
p9999_us = 11007
max_us = 1654287
ops = 225048739
errors = 0
busy_retryable = 0
elapsed_s = 300.000
ops_per_sec = 750161
p50_us = 115
p99_us = 655
p999_us = 4607
p9999_us = 11263
max_us = 1634500
ops = 236332779
errors = 0
busy_retryable = 0
elapsed_s = 300.000
ops_per_sec = 787775
p50_us = 109
p99_us = 639
p999_us = 4607
p9999_us = 11519
max_us = 498529
ops = 217994647
errors = 0
busy_retryable = 0
elapsed_s = 300.001
ops_per_sec = 726648
p50_us = 125
p99_us = 671
p999_us = 4991
p9999_us = 11007
max_us = 1497882
ops = 245178058
errors = 0
busy_retryable = 0
elapsed_s = 300.000
ops_per_sec = 817259
p50_us = 111
p99_us = 591
p999_us = 4223
p9999_us = 10239
max_us = 631379
ops = 220923143
errors = 0
busy_retryable = 0
elapsed_s = 300.000
ops_per_sec = 736410
p50_us = 121
p99_us = 639
p999_us = 4607
p9999_us = 11775
max_us = 2583348
ops = 225285890
errors = 0
busy_retryable = 0
elapsed_s = 300.001
ops_per_sec = 750949
p50_us = 115
p99_us = 655
p999_us = 4607
p9999_us = 11519
max_us = 514382
ops = 228985803
errors = 0
busy_retryable = 0
elapsed_s = 300.000
ops_per_sec = 763285
p50_us = 117
p99_us = 623
p999_us = 4479
p9999_us = 12031
max_us = 2234193
ops = 210831444
errors = 0
busy_retryable = 0
elapsed_s = 300.004
ops_per_sec = 702763
p50_us = 131
p99_us = 671
p999_us = 4863
p9999_us = 11263
max_us = 991430
ops = 215886204
errors = 0
busy_retryable = 0
elapsed_s = 300.001
ops_per_sec = 719619
p50_us = 127
p99_us = 655
p999_us = 4991
p9999_us = 12031
max_us = 1809693
ops = 246848697
errors = 0
busy_retryable = 0
elapsed_s = 300.000
ops_per_sec = 822828
p50_us = 115
p99_us = 575
p999_us = 4095
p9999_us = 10751
max_us = 699405
ops = 238764406
errors = 0
busy_retryable = 0
elapsed_s = 300.000
ops_per_sec = 795880
p50_us = 107
p99_us = 623
p999_us = 4479
p9999_us = 11007
max_us = 1639113
ops = 207041410
errors = 0
busy_retryable = 0
elapsed_s = 300.415
ops_per_sec = 689184
p50_us = 131
p99_us = 687
p999_us = 4991
p9999_us = 11519
max_us = 1463190
ops = 206372028
errors = 0
busy_retryable = 0
elapsed_s = 300.000
ops_per_sec = 687906
p50_us = 131
p99_us = 671
p999_us = 5119
p9999_us = 11775
max_us = 1751425
ops = 196032659
errors = 0
busy_retryable = 0
elapsed_s = 300.001
ops_per_sec = 653441
p50_us = 139
p99_us = 703
p999_us = 5375
p9999_us = 12287
max_us = 1634087
ops = 218151462
errors = 0
busy_retryable = 0
elapsed_s = 300.000
ops_per_sec = 727171
p50_us = 127
p99_us = 671
p999_us = 4863
p9999_us = 11007
max_us = 487598
ops = 238340873
errors = 0
busy_retryable = 0
elapsed_s = 300.000
ops_per_sec = 794469
p50_us = 105
p99_us = 623
p999_us = 4479
p9999_us = 11007
max_us = 1353540
ops = 234404372
errors = 0
busy_retryable = 0
elapsed_s = 300.000
ops_per_sec = 781347
p50_us = 119
p99_us = 623
p999_us = 4351
p9999_us = 11263
max_us = 1472211
ops = 221823445
errors = 0
busy_retryable = 0
elapsed_s = 300.000
ops_per_sec = 739411
p50_us = 119
p99_us = 655
p999_us = 4735
p9999_us = 11007
max_us = 1093759
ops = 228438108
errors = 0
busy_retryable = 0
elapsed_s = 300.000
ops_per_sec = 761459
p50_us = 117
p99_us = 639
p999_us = 4351
p9999_us = 10239
max_us = 1366777
ops = 233780607
errors = 0
busy_retryable = 0
elapsed_s = 300.003
ops_per_sec = 779262
p50_us = 117
p99_us = 623
p999_us = 4351
p9999_us = 10239
max_us = 1617471
ops = 233533713
errors = 0
busy_retryable = 0
elapsed_s = 300.000
ops_per_sec = 778445
p50_us = 113
p99_us = 607
p999_us = 4223
p9999_us = 9983
max_us = 2052154
ops = 233370207
errors = 0
busy_retryable = 0
elapsed_s = 300.000
ops_per_sec = 777900
p50_us = 121
p99_us = 591
p999_us = 4223
p9999_us = 10239
max_us = 1982525
ops = 218058283
errors = 0
busy_retryable = 0
elapsed_s = 300.000
ops_per_sec = 726860
p50_us = 123
p99_us = 623
p999_us = 4479
p9999_us = 11775
max_us = 1910112
ops = 240511334
errors = 0
busy_retryable = 0
elapsed_s = 300.122
ops_per_sec = 801378
p50_us = 113
p99_us = 607
p999_us = 4223
p9999_us = 10239
max_us = 593845
ops = 225944316
errors = 0
busy_retryable = 0
elapsed_s = 300.000
ops_per_sec = 753147
p50_us = 121
p99_us = 623
p999_us = 4351
p9999_us = 10495
max_us = 1341473
ops = 243237752
errors = 0
busy_retryable = 0
elapsed_s = 300.417
ops_per_sec = 809668
p50_us = 119
p99_us = 591
p999_us = 4031
p9999_us = 9727
max_us = 434043
ops = 221933593
errors = 0
busy_retryable = 0
elapsed_s = 300.000
ops_per_sec = 739778
p50_us = 115
p99_us = 639
p999_us = 4479
p9999_us = 10495
max_us = 1140098
ops = 245799279
errors = 0
busy_retryable = 0
elapsed_s = 300.000
ops_per_sec = 819330
p50_us = 107
p99_us = 575
p999_us = 3967
p9999_us = 10239
max_us = 1712708
ops = 238301415
errors = 0
busy_retryable = 0
elapsed_s = 300.000
ops_per_sec = 794337
p50_us = 105
p99_us = 607
p999_us = 4223
p9999_us = 10495
max_us = 1804610
ops = 245753034
errors = 0
busy_retryable = 0
elapsed_s = 300.000
ops_per_sec = 819176
p50_us = 113
p99_us = 591
p999_us = 3967
p9999_us = 10495
max_us = 427452
ops = 242653935
errors = 0
busy_retryable = 0
elapsed_s = 300.000
ops_per_sec = 808846
p50_us = 107
p99_us = 607
p999_us = 4031
p9999_us = 10239
max_us = 1357506
ops = 213044425
errors = 0
busy_retryable = 0
elapsed_s = 300.000
ops_per_sec = 710147
p50_us = 131
p99_us = 655
p999_us = 4607
p9999_us = 10495
max_us = 718491
ops = 263152898
errors = 0
busy_retryable = 0
elapsed_s = 300.006
ops_per_sec = 877159
p50_us = 97
p99_us = 559
p999_us = 3647
p9999_us = 9727
max_us = 1215650
ops = 234447797
errors = 0
busy_retryable = 0
elapsed_s = 300.000
ops_per_sec = 781492
p50_us = 113
p99_us = 607
p999_us = 4351
p9999_us = 10495
max_us = 1632263
ops = 252061505
errors = 0
busy_retryable = 0
elapsed_s = 300.001
ops_per_sec = 840201
p50_us = 103
p99_us = 575
p999_us = 3839
p9999_us = 9727
max_us = 1050932
ops = 228689448
errors = 0
busy_retryable = 0
elapsed_s = 300.000
ops_per_sec = 762297
p50_us = 123
p99_us = 623
p999_us = 4479
p9999_us = 11007
max_us = 505954
ops = 234025977
errors = 0
busy_retryable = 0
elapsed_s = 300.000
ops_per_sec = 780086
p50_us = 109
p99_us = 623
p999_us = 4351
p9999_us = 10495
max_us = 760315
ops = 214556540
errors = 0
busy_retryable = 0
elapsed_s = 300.001
ops_per_sec = 715187
p50_us = 123
p99_us = 655
p999_us = 4735
p9999_us = 11007
max_us = 1680260
ops = 226858856
errors = 0
busy_retryable = 0
elapsed_s = 300.008
ops_per_sec = 756175
p50_us = 115
p99_us = 623
p999_us = 4479
p9999_us = 10239
max_us = 516757
ops = 219134226
errors = 0
busy_retryable = 0
elapsed_s = 300.000
ops_per_sec = 730447
p50_us = 123
p99_us = 639
p999_us = 4735
p9999_us = 10751
max_us = 509205
ops = 230474098
errors = 0
busy_retryable = 0
elapsed_s = 300.000
ops_per_sec = 768246
p50_us = 119
p99_us = 639
p999_us = 4351
p9999_us = 10239
max_us = 719600
ops = 244063940
errors = 0
busy_retryable = 0
elapsed_s = 300.003
ops_per_sec = 813539
p50_us = 111
p99_us = 607
p999_us = 4223
p9999_us = 10239
max_us = 564822
ops = 196731041
errors = 0
busy_retryable = 0
elapsed_s = 300.000
ops_per_sec = 655769
p50_us = 143
p99_us = 671
p999_us = 4991
p9999_us = 11519
max_us = 565360
ops = 234519580
errors = 0
busy_retryable = 0
elapsed_s = 300.000
ops_per_sec = 781731
p50_us = 111
p99_us = 639
p999_us = 4479
p9999_us = 10239
max_us = 491563
ops = 210413811
errors = 0
busy_retryable = 0
elapsed_s = 300.000
ops_per_sec = 701378
p50_us = 131
p99_us = 655
p999_us = 4607
p9999_us = 10495
max_us = 536107
ops = 211856897
errors = 0
busy_retryable = 0
elapsed_s = 300.001
ops_per_sec = 706188
p50_us = 119
p99_us = 671
p999_us = 4863
p9999_us = 10495
max_us = 1877626
ops = 239928576
errors = 0
busy_retryable = 0
elapsed_s = 300.000
ops_per_sec = 799761
p50_us = 109
p99_us = 591
p999_us = 4223
p9999_us = 10239
max_us = 1379341
ops = 216136615
errors = 0
busy_retryable = 0
elapsed_s = 300.002
ops_per_sec = 720450
p50_us = 119
p99_us = 623
p999_us = 4479
p9999_us = 10751
max_us = 1694968
ops = 231426909
errors = 0
busy_retryable = 0
elapsed_s = 300.000
ops_per_sec = 771422
p50_us = 121
p99_us = 607
p999_us = 4223
p9999_us = 10239
max_us = 1918774
ops = 262426146
errors = 0
busy_retryable = 0
elapsed_s = 300.172
ops_per_sec = 874253
p50_us = 99
p99_us = 559
p999_us = 3519
p9999_us = 9727
max_us = 514117
ops = 233207256
errors = 0
busy_retryable = 0
elapsed_s = 300.000
ops_per_sec = 777356
p50_us = 117
p99_us = 623
p999_us = 4351
p9999_us = 11007
max_us = 572024
ops = 229431847
errors = 0
busy_retryable = 0
elapsed_s = 300.001
ops_per_sec = 764771
p50_us = 117
p99_us = 623
p999_us = 4479
p9999_us = 10751
max_us = 697948
ops = 224392457
errors = 0
busy_retryable = 0
elapsed_s = 300.001
ops_per_sec = 747974
p50_us = 123
p99_us = 639
p999_us = 4607
p9999_us = 10495
max_us = 475901
ops = 234858240
errors = 0
busy_retryable = 0
elapsed_s = 300.001
ops_per_sec = 782859
p50_us = 115
p99_us = 607
p999_us = 4351
p9999_us = 10495
max_us = 487818
ops = 231760410
errors = 0
busy_retryable = 0
elapsed_s = 300.003
ops_per_sec = 772528
p50_us = 117
p99_us = 607
p999_us = 4479
p9999_us = 11775
max_us = 1951337
ops = 248174837
errors = 0
busy_retryable = 0
elapsed_s = 300.000
ops_per_sec = 827248
p50_us = 111
p99_us = 575
p999_us = 3967
p9999_us = 9983
max_us = 502197
ops = 232811820
errors = 0
busy_retryable = 0
elapsed_s = 300.000
ops_per_sec = 776039
p50_us = 113
p99_us = 607
p999_us = 4223
p9999_us = 10239
max_us = 1620524
ops = 233334516
errors = 0
busy_retryable = 0
elapsed_s = 300.000
ops_per_sec = 777781
p50_us = 123
p99_us = 607
p999_us = 4351
p9999_us = 10239
max_us = 579261
ops = 219244001
errors = 0
busy_retryable = 0
elapsed_s = 300.000
ops_per_sec = 730812
p50_us = 125
p99_us = 639
p999_us = 4479
p9999_us = 10751
max_us = 564244
ops = 219155148
errors = 0
busy_retryable = 0
elapsed_s = 300.000
ops_per_sec = 730516
p50_us = 125
p99_us = 639
p999_us = 4607
p9999_us = 10495
max_us = 503089
ops = 243385497
errors = 0
busy_retryable = 0
elapsed_s = 300.000
ops_per_sec = 811284
p50_us = 105
p99_us = 607
p999_us = 4095
p9999_us = 10495
max_us = 585264
ops = 226243528
errors = 0
busy_retryable = 0
elapsed_s = 300.001
ops_per_sec = 754143
p50_us = 117
p99_us = 639
p999_us = 4479
p9999_us = 10239
max_us = 1639022
ops = 230142616
errors = 0
busy_retryable = 0
elapsed_s = 300.000
ops_per_sec = 767141
p50_us = 119
p99_us = 623
p999_us = 4351
p9999_us = 10495
max_us = 1474707
ops = 217501058
errors = 0
busy_retryable = 0
elapsed_s = 300.000
ops_per_sec = 725003
p50_us = 131
p99_us = 655
p999_us = 4607
p9999_us = 10495
max_us = 497973
ops = 229967255
errors = 0
busy_retryable = 0
elapsed_s = 300.000
ops_per_sec = 766556
p50_us = 123
p99_us = 623
p999_us = 4479
p9999_us = 10495
max_us = 1939452
ops = 213799528
errors = 0
busy_retryable = 0
elapsed_s = 300.001
ops_per_sec = 712664
p50_us = 131
p99_us = 655
p999_us = 4863
p9999_us = 11007
max_us = 1752429
ops = 242361696
errors = 0
busy_retryable = 0
elapsed_s = 300.000
ops_per_sec = 807871
p50_us = 111
p99_us = 575
p999_us = 4095
p9999_us = 10495
max_us = 2186828
ops = 239099643
errors = 0
busy_retryable = 0
elapsed_s = 300.000
ops_per_sec = 796998
p50_us = 117
p99_us = 575
p999_us = 4031
p9999_us = 10495
max_us = 1603064
ops = 227304419
errors = 0
busy_retryable = 0
elapsed_s = 300.000
ops_per_sec = 757681
p50_us = 123
p99_us = 623
p999_us = 4351
p9999_us = 10751
max_us = 464305
ops = 242500372
errors = 0
busy_retryable = 0
elapsed_s = 300.000
ops_per_sec = 808334
p50_us = 115
p99_us = 575
p999_us = 3839
p9999_us = 10239
max_us = 1345827
ops = 259661199
errors = 0
busy_retryable = 0
elapsed_s = 300.001
ops_per_sec = 865536
p50_us = 95
p99_us = 559
p999_us = 3583
p9999_us = 9727
max_us = 1602907
ops = 236401145
errors = 0
busy_retryable = 0
elapsed_s = 300.000
ops_per_sec = 788003
p50_us = 115
p99_us = 591
p999_us = 4223
p9999_us = 9983
max_us = 1660811
ops = 217410585
errors = 0
busy_retryable = 0
elapsed_s = 300.000
ops_per_sec = 724701
p50_us = 121
p99_us = 655
p999_us = 4607
p9999_us = 10751
max_us = 428662
ops = 224622328
errors = 0
busy_retryable = 0
elapsed_s = 300.000
ops_per_sec = 748740
p50_us = 119
p99_us = 639
p999_us = 4351
p9999_us = 9983
max_us = 701319
ops = 220250403
errors = 0
busy_retryable = 0
elapsed_s = 300.000
ops_per_sec = 734167
p50_us = 127
p99_us = 639
p999_us = 4479
p9999_us = 9983
max_us = 1557698
ops = 252853097
errors = 0
busy_retryable = 0
elapsed_s = 300.001
ops_per_sec = 842842
p50_us = 107
p99_us = 575
p999_us = 3967
p9999_us = 9983
max_us = 482794
ops = 234953390
errors = 0
busy_retryable = 0
elapsed_s = 300.000
ops_per_sec = 783177
p50_us = 121
p99_us = 607
p999_us = 4223
p9999_us = 10239
max_us = 1246273
ops = 246348496
errors = 0
busy_retryable = 0
elapsed_s = 300.001
ops_per_sec = 821159
p50_us = 107
p99_us = 591
p999_us = 4095
p9999_us = 9727
max_us = 1466985
ops = 211912554
errors = 0
busy_retryable = 0
elapsed_s = 300.000
ops_per_sec = 706374
p50_us = 131
p99_us = 639
p999_us = 4607
p9999_us = 11519
max_us = 2422747
ops = 230904446
errors = 0
busy_retryable = 0
elapsed_s = 300.000
ops_per_sec = 769681
p50_us = 111
p99_us = 607
p999_us = 4351
p9999_us = 10239
max_us = 582602
ops = 234736926
errors = 0
busy_retryable = 0
elapsed_s = 300.000
ops_per_sec = 782455
p50_us = 111
p99_us = 607
p999_us = 4351
p9999_us = 10751
max_us = 1215429
ops = 223484244
errors = 0
busy_retryable = 0
elapsed_s = 300.000
ops_per_sec = 744946
p50_us = 119
p99_us = 639
p999_us = 4479
p9999_us = 10751
max_us = 554870
ops = 212387451
errors = 0
busy_retryable = 0
elapsed_s = 300.001
ops_per_sec = 707957
p50_us = 127
p99_us = 655
p999_us = 4735
p9999_us = 10239
max_us = 1629705
ops = 228286252
errors = 0
busy_retryable = 0
elapsed_s = 300.000
ops_per_sec = 760953
p50_us = 119
p99_us = 607
p999_us = 4351
p9999_us = 10495
max_us = 1806488
ops = 234445165
errors = 0
busy_retryable = 0
elapsed_s = 300.006
ops_per_sec = 781467
p50_us = 105
p99_us = 607
p999_us = 4223
p9999_us = 11007
max_us = 1517081
ops = 239557315
errors = 0
busy_retryable = 0
elapsed_s = 300.001
ops_per_sec = 798522
p50_us = 105
p99_us = 607
p999_us = 4223
p9999_us = 10495
max_us = 2465333
ops = 235397576
errors = 0
busy_retryable = 0
elapsed_s = 300.000
ops_per_sec = 784658
p50_us = 111
p99_us = 607
p999_us = 4223
p9999_us = 9983
max_us = 1318431
ops = 231456835
errors = 0
busy_retryable = 0
elapsed_s = 300.218
ops_per_sec = 770961
p50_us = 117
p99_us = 623
p999_us = 4479
p9999_us = 10239
max_us = 1254399
ops = 212365387
errors = 0
busy_retryable = 0
elapsed_s = 300.000
ops_per_sec = 707884
p50_us = 131
p99_us = 655
p999_us = 4863
p9999_us = 11007
max_us = 596586
ops = 220560763
errors = 0
busy_retryable = 0
elapsed_s = 300.001
ops_per_sec = 735201
p50_us = 119
p99_us = 639
p999_us = 4735
p9999_us = 11007
max_us = 461891
ops = 237926533
errors = 0
busy_retryable = 0
elapsed_s = 300.000
ops_per_sec = 793087
p50_us = 123
p99_us = 607
p999_us = 4095
p9999_us = 9727
max_us = 492254
ops = 244428021
errors = 0
busy_retryable = 0
elapsed_s = 300.001
ops_per_sec = 814758
p50_us = 103
p99_us = 591
p999_us = 4031
p9999_us = 10239
max_us = 2363125
ops = 237599537
errors = 0
busy_retryable = 0
elapsed_s = 300.001
ops_per_sec = 791995
p50_us = 109
p99_us = 607
p999_us = 4223
p9999_us = 9983
max_us = 1770217
ops = 245895214
errors = 0
busy_retryable = 0
elapsed_s = 300.000
ops_per_sec = 819650
p50_us = 109
p99_us = 591
p999_us = 4031
p9999_us = 10239
max_us = 528981
ops = 236669621
errors = 0
busy_retryable = 0
elapsed_s = 300.000
ops_per_sec = 788898
p50_us = 119
p99_us = 607
p999_us = 4351
p9999_us = 10495
max_us = 667912
ops = 234150032
errors = 0
busy_retryable = 0
elapsed_s = 300.000
ops_per_sec = 780499
p50_us = 109
p99_us = 607
p999_us = 4095
p9999_us = 10239
max_us = 1569713
ops = 252954845
errors = 0
busy_retryable = 0
elapsed_s = 300.000
ops_per_sec = 843182
p50_us = 109
p99_us = 575
p999_us = 3839
p9999_us = 10239
max_us = 591469
ops = 237750993
errors = 0
busy_retryable = 0
elapsed_s = 300.000
ops_per_sec = 792502
p50_us = 117
p99_us = 607
p999_us = 4223
p9999_us = 10239
max_us = 1800007
ops = 221387772
errors = 0
busy_retryable = 0
elapsed_s = 300.000
ops_per_sec = 737959
p50_us = 125
p99_us = 623
p999_us = 4479
p9999_us = 11007
max_us = 2063600
ops = 209517602
errors = 0
busy_retryable = 0
elapsed_s = 300.000
ops_per_sec = 698391
p50_us = 125
p99_us = 655
p999_us = 4863
p9999_us = 11519
max_us = 1813408
ops = 226042534
errors = 0
busy_retryable = 0
elapsed_s = 300.001
ops_per_sec = 753472
p50_us = 119
p99_us = 639
p999_us = 4479
p9999_us = 9983
max_us = 1778896
ops = 211744915
errors = 0
busy_retryable = 0
elapsed_s = 300.001
ops_per_sec = 705815
p50_us = 139
p99_us = 655
p999_us = 4607
p9999_us = 10495
max_us = 521139
ops = 232210091
errors = 0
busy_retryable = 0
elapsed_s = 300.000
ops_per_sec = 774033
p50_us = 123
p99_us = 607
p999_us = 4223
p9999_us = 9983
max_us = 1644083
ops = 252155629
errors = 0
busy_retryable = 0
elapsed_s = 300.000
ops_per_sec = 840518
p50_us = 107
p99_us = 575
p999_us = 3839
p9999_us = 9727
max_us = 1366657
ops = 248432720
errors = 0
busy_retryable = 0
elapsed_s = 300.000
ops_per_sec = 828108
p50_us = 113
p99_us = 575
p999_us = 3903
p9999_us = 10239
max_us = 512749
ops = 250266212
errors = 0
busy_retryable = 0
elapsed_s = 300.000
ops_per_sec = 834220
p50_us = 113
p99_us = 575
p999_us = 3903
p9999_us = 10495
max_us = 469215
ops = 233007104
errors = 0
busy_retryable = 0
elapsed_s = 300.001
ops_per_sec = 776689
p50_us = 113
p99_us = 639
p999_us = 4351
p9999_us = 10495
max_us = 493502
ops = 222563914
errors = 0
busy_retryable = 0
elapsed_s = 300.001
ops_per_sec = 741877
p50_us = 119
p99_us = 623
p999_us = 4479
p9999_us = 10495
max_us = 1699223
ops = 247801149
errors = 0
busy_retryable = 0
elapsed_s = 300.000
ops_per_sec = 826003
p50_us = 113
p99_us = 575
p999_us = 3903
p9999_us = 9983
max_us = 503713
ops = 249418879
errors = 0
busy_retryable = 0
elapsed_s = 300.000
ops_per_sec = 831395
p50_us = 103
p99_us = 575
p999_us = 3903
p9999_us = 9983
max_us = 582186
ops = 214737824
errors = 0
busy_retryable = 0
elapsed_s = 300.000
ops_per_sec = 715792
p50_us = 131
p99_us = 639
p999_us = 4479
p9999_us = 10495
max_us = 731141
ops = 203445056
errors = 0
busy_retryable = 0
elapsed_s = 300.001
ops_per_sec = 678149
p50_us = 139
p99_us = 671
p999_us = 4735
p9999_us = 10751
max_us = 1188295
ops = 229303501
errors = 0
busy_retryable = 0
elapsed_s = 300.000
ops_per_sec = 764344
p50_us = 115
p99_us = 623
p999_us = 4351
p9999_us = 10239
max_us = 2101479
ops = 206775879
errors = 0
busy_retryable = 0
elapsed_s = 300.326
ops_per_sec = 688504
p50_us = 131
p99_us = 655
p999_us = 4607
p9999_us = 10239
max_us = 2114091
ops = 251227041
errors = 0
busy_retryable = 0
elapsed_s = 300.000
ops_per_sec = 837423
p50_us = 105
p99_us = 591
p999_us = 3903
p9999_us = 9727
max_us = 517624
ops = 241968979
errors = 0
busy_retryable = 0
elapsed_s = 300.000
ops_per_sec = 806562
p50_us = 101
p99_us = 591
p999_us = 4031
p9999_us = 10239
max_us = 1907860
ops = 243922802
errors = 0
busy_retryable = 0
elapsed_s = 300.000
ops_per_sec = 813075
p50_us = 111
p99_us = 591
p999_us = 4095
p9999_us = 10239
max_us = 1264908
ops = 212328167
errors = 0
busy_retryable = 0
elapsed_s = 300.000
ops_per_sec = 707760
p50_us = 135
p99_us = 655
p999_us = 4735
p9999_us = 11519
max_us = 553570
ops = 224513926
errors = 0
busy_retryable = 0
elapsed_s = 300.003
ops_per_sec = 748373
p50_us = 117
p99_us = 623
p999_us = 4351
p9999_us = 10495
max_us = 455559
ops = 231665417
errors = 0
busy_retryable = 0
elapsed_s = 300.000
ops_per_sec = 772217
p50_us = 111
p99_us = 623
p999_us = 4479
p9999_us = 10751
max_us = 599350
ops = 236318484
errors = 0
busy_retryable = 0
elapsed_s = 300.000
ops_per_sec = 787727
p50_us = 113
p99_us = 623
p999_us = 4479
p9999_us = 10751
max_us = 874123
ops = 200104685
errors = 0
busy_retryable = 0
elapsed_s = 300.000
ops_per_sec = 667015
p50_us = 143
p99_us = 687
p999_us = 4991
p9999_us = 10751
max_us = 985612
ops = 226582967
errors = 0
busy_retryable = 0
elapsed_s = 300.000
ops_per_sec = 755275
p50_us = 115
p99_us = 623
p999_us = 4351
p9999_us = 10239
max_us = 551309
ops = 226359416
errors = 0
busy_retryable = 0
elapsed_s = 300.000
ops_per_sec = 754530
p50_us = 119
p99_us = 655
p999_us = 4607
p9999_us = 11007
max_us = 1582093
ops = 236840914
errors = 0
busy_retryable = 0
elapsed_s = 300.000
ops_per_sec = 789469
p50_us = 115
p99_us = 607
p999_us = 4223
p9999_us = 10239
max_us = 1969274
ops = 232221245
errors = 0
busy_retryable = 0
elapsed_s = 300.000
ops_per_sec = 774070
p50_us = 121
p99_us = 607
p999_us = 4223
p9999_us = 10751
max_us = 538467
ops = 239889492
errors = 0
busy_retryable = 0
elapsed_s = 300.000
ops_per_sec = 799631
p50_us = 107
p99_us = 607
p999_us = 4351
p9999_us = 10239
max_us = 1772612
ops = 238584763
errors = 0
busy_retryable = 0
elapsed_s = 300.003
ops_per_sec = 795275
p50_us = 115
p99_us = 607
p999_us = 4351
p9999_us = 10495
max_us = 728017
ops = 250819528
errors = 0
busy_retryable = 0
elapsed_s = 300.000
ops_per_sec = 836064
p50_us = 107
p99_us = 575
p999_us = 4095
p9999_us = 10495
max_us = 819558
ops = 245980297
errors = 0
busy_retryable = 0
elapsed_s = 300.000
ops_per_sec = 819933
p50_us = 103
p99_us = 591
p999_us = 4031
p9999_us = 10239
max_us = 1511089
ops = 223537204
errors = 0
busy_retryable = 0
elapsed_s = 300.000
ops_per_sec = 745123
p50_us = 131
p99_us = 623
p999_us = 4479
p9999_us = 10495
max_us = 596221
ops = 223345637
errors = 0
busy_retryable = 0
elapsed_s = 300.021
ops_per_sec = 744433
p50_us = 117
p99_us = 623
p999_us = 4351
p9999_us = 10751
max_us = 1385880
ops = 227576376
errors = 0
busy_retryable = 0
elapsed_s = 300.000
ops_per_sec = 758587
p50_us = 113
p99_us = 639
p999_us = 4607
p9999_us = 10751
max_us = 1664236
ops = 254541460
errors = 0
busy_retryable = 0
elapsed_s = 300.000
ops_per_sec = 848471
p50_us = 103
p99_us = 575
p999_us = 3903
p9999_us = 10239
max_us = 507940
ops = 215273570
errors = 0
busy_retryable = 0
elapsed_s = 300.000
ops_per_sec = 717578
p50_us = 125
p99_us = 655
p999_us = 4735
p9999_us = 10495
max_us = 1782666
ops = 208914679
errors = 0
busy_retryable = 0
elapsed_s = 300.000
ops_per_sec = 696381
p50_us = 127
p99_us = 671
p999_us = 4863
p9999_us = 11263
max_us = 1255522
ops = 233991981
errors = 0
busy_retryable = 0
elapsed_s = 300.001
ops_per_sec = 779972
p50_us = 105
p99_us = 607
p999_us = 4351
p9999_us = 11007
max_us = 1988274
ops = 248255602
errors = 0
busy_retryable = 0
elapsed_s = 300.000
ops_per_sec = 827517
p50_us = 103
p99_us = 591
p999_us = 4095
p9999_us = 10239
max_us = 1283411
ops = 236610007
errors = 0
busy_retryable = 0
elapsed_s = 300.001
ops_per_sec = 788696
p50_us = 105
p99_us = 639
p999_us = 4351
p9999_us = 11007
max_us = 441867
ops = 251462293
errors = 0
busy_retryable = 0
elapsed_s = 300.001
ops_per_sec = 838206
p50_us = 99
p99_us = 591
p999_us = 4095
p9999_us = 10495
max_us = 1155044
ops = 232657828
errors = 0
busy_retryable = 0
elapsed_s = 300.000
ops_per_sec = 775525
p50_us = 109
p99_us = 639
p999_us = 4479
p9999_us = 11263
max_us = 528228
ops = 232501910
errors = 0
busy_retryable = 0
elapsed_s = 300.006
ops_per_sec = 774992
p50_us = 115
p99_us = 639
p999_us = 4479
p9999_us = 10239
max_us = 489595
ops = 223747740
errors = 0
busy_retryable = 0
elapsed_s = 300.000
ops_per_sec = 745825
p50_us = 119
p99_us = 655
p999_us = 4607
p9999_us = 10495
max_us = 437181
ops = 227916082
errors = 0
busy_retryable = 0
elapsed_s = 300.000
ops_per_sec = 759719
p50_us = 111
p99_us = 639
p999_us = 4607
p9999_us = 10751
max_us = 1175093
ops = 225044394
errors = 0
busy_retryable = 0
elapsed_s = 300.000
ops_per_sec = 750147
p50_us = 113
p99_us = 639
p999_us = 4479
p9999_us = 11007
max_us = 1785329
ops = 229735575
errors = 0
busy_retryable = 0
elapsed_s = 300.000
ops_per_sec = 765784
p50_us = 111
p99_us = 623
p999_us = 4479
p9999_us = 11263
max_us = 1541210
ops = 214746759
errors = 0
busy_retryable = 0
elapsed_s = 300.000
ops_per_sec = 715822
p50_us = 125
p99_us = 655
p999_us = 4479
p9999_us = 10751
max_us = 488478
ops = 218157202
errors = 0
busy_retryable = 0
elapsed_s = 300.000
ops_per_sec = 727190
p50_us = 119
p99_us = 655
p999_us = 4607
p9999_us = 11263
max_us = 2234970
ops = 229413593
errors = 0
busy_retryable = 0
elapsed_s = 300.000
ops_per_sec = 764711
p50_us = 117
p99_us = 623
p999_us = 4479
p9999_us = 10751
max_us = 1888561
ops = 215023867
errors = 0
busy_retryable = 0
elapsed_s = 300.001
ops_per_sec = 716745
p50_us = 117
p99_us = 671
p999_us = 4863
p9999_us = 11775
max_us = 1595768
ops = 218633924
errors = 0
busy_retryable = 0
elapsed_s = 300.000
ops_per_sec = 728779
p50_us = 115
p99_us = 671
p999_us = 4735
p9999_us = 10751
max_us = 1531717
ops = 223760359
errors = 0
busy_retryable = 0
elapsed_s = 300.001
ops_per_sec = 745866
p50_us = 113
p99_us = 639
p999_us = 4607
p9999_us = 11007
max_us = 466576
ops = 199668996
errors = 0
busy_retryable = 0
elapsed_s = 300.000
ops_per_sec = 665562
p50_us = 139
p99_us = 687
p999_us = 5375
p9999_us = 13311
max_us = 1963902
ops = 239496594
errors = 0
busy_retryable = 0
elapsed_s = 300.009
ops_per_sec = 798298
p50_us = 107
p99_us = 607
p999_us = 4351
p9999_us = 11007
max_us = 2129472
ops = 231779833
errors = 0
busy_retryable = 0
elapsed_s = 300.000
ops_per_sec = 772598
p50_us = 115
p99_us = 639
p999_us = 4479
p9999_us = 10751
max_us = 423468
ops = 242787774
errors = 0
busy_retryable = 0
elapsed_s = 300.002
ops_per_sec = 809287
p50_us = 103
p99_us = 607
p999_us = 4223
p9999_us = 10751
max_us = 2348738
ops = 214369528
errors = 0
busy_retryable = 0
elapsed_s = 300.000
ops_per_sec = 714564
p50_us = 125
p99_us = 671
p999_us = 4735
p9999_us = 11007
max_us = 433090
ops = 222665023
errors = 0
busy_retryable = 0
elapsed_s = 300.001
ops_per_sec = 742215
p50_us = 119
p99_us = 639
p999_us = 4607
p9999_us = 10751
max_us = 449598
ops = 219923359
errors = 0
busy_retryable = 0
elapsed_s = 300.000
ops_per_sec = 733077
p50_us = 119
p99_us = 655
p999_us = 4735
p9999_us = 11263
max_us = 1886154
