I0810 23:55:38.873763   73992 init.cc:144] dragonfly running in opt mode.
                   .--::--.                   
   :+*=:          =@@@@@@@@=          :+*+:   
  %@@@@@@%*=.     =@@@@@@@@-     .=*%@@@@@@#  
  @@@@@@@@@@@@#+-. .%@@@@#. .-+#@@@@@@@@@@@%  
  -@@@@@@@@@@@@@@@@*:#@@#:*@@@@@@@@@@@@@@@@-  
    :+*********####-%@%%@%-####********++.    
   .%@@@@@@@@@@@@@%:@@@@@@:@@@@@@@@@@@@@@%    
   .@@@@@@@@%*+-:   =@@@@=  .:-+*%@@@@@@@%.   
     =*+-:           ###*          .:-+*=     
                     %@@%                     
                     *@@*                     
                     +@@=                     
                     :##:                     
                     :@@:                     
                      @@                      
                      ..                      
* Logs will be written to the first available of the following paths:
* For the available flags type dragonfly [--help | --helpfull]
* Documentation can be found at: https://www.dragonflydb.io/docs
I0810 23:55:38.873890   73992 dfly_main.cc:1096] Starting dragonfly df-v1.39.0-699862e5da7cb29bf5642a1da422c4c78cefae38
I0810 23:55:38.874095   73992 dfly_main.cc:1137] Using proactor_threads=4 (overriding cgroup-derived 0)
W0810 23:55:38.874108   73992 dfly_main.cc:1144] SWAP is enabled. Consider disabling it when running Dragonfly.
I0810 23:55:38.874118   73992 dfly_main.cc:1150] maxmemory has not been specified. Deciding myself....
I0810 23:55:38.874121   73992 dfly_main.cc:1159] Found 25.76GiB available memory. Setting maxmemory to 20.61GiB
I0810 23:55:38.874946   73994 uring_proactor.cc:263] IORing with 1024 entries, allocated 98368 bytes, cq_entries is 2048
I0810 23:55:38.875185   73992 proactor_pool.cc:149] Running 4 io threads
I0810 23:55:38.876318   73992 dragonfly_listener.cc:152] SSL version: OpenSSL 3.4.5 7 Apr 2026
W0810 23:55:38.876360   73992 dfly_main.cc:350] Protected mode enabled. Binding to localhost only because no password is set. To accept remote connections, set a password with --requirepass or specify a bind address with --bind.
I0810 23:55:38.877399   73992 server_family.cc:1221] Host OS: Linux 7.0.0-29-generic x86_64 with 4 threads
I0810 23:55:38.885979   73994 listener_interface.cc:102] sock[11] AcceptServer - listening on 127.0.0.1:7001
I0810 23:55:39.715625   73993 version_monitor.cc:174] Your current version '1.39.0' is not the latest version. A newer version '1.40.1' is now available. Please consider an update.
