I0716 19:38:14.425048  124492 init.cc:144] dragonfly running in opt mode.
                   .--::--.                   
   :+*=:          =@@@@@@@@=          :+*+:   
  %@@@@@@%*=.     =@@@@@@@@-     .=*%@@@@@@#  
  @@@@@@@@@@@@#+-. .%@@@@#. .-+#@@@@@@@@@@@%  
  -@@@@@@@@@@@@@@@@*:#@@#:*@@@@@@@@@@@@@@@@-  
    :+*********####-%@%%@%-####********++.    
   .%@@@@@@@@@@@@@%:@@@@@@:@@@@@@@@@@@@@@%    
   .@@@@@@@@%*+-:   =@@@@=  .:-+*%@@@@@@@%.   
     =*+-:           ###*          .:-+*=     
                     %@@%                     
                     *@@*                     
                     +@@=                     
                     :##:                     
                     :@@:                     
                      @@                      
                      ..                      
* Logs will be written to the first available of the following paths:
* For the available flags type dragonfly [--help | --helpfull]
* Documentation can be found at: https://www.dragonflydb.io/docs
I0716 19:38:14.425181  124492 dfly_main.cc:1096] Starting dragonfly df-v1.39.0-699862e5da7cb29bf5642a1da422c4c78cefae38
I0716 19:38:14.425302  124492 dfly_main.cc:1137] Using proactor_threads=8 (overriding cgroup-derived 0)
W0716 19:38:14.425309  124492 dfly_main.cc:1144] SWAP is enabled. Consider disabling it when running Dragonfly.
I0716 19:38:14.425313  124492 dfly_main.cc:1150] maxmemory has not been specified. Deciding myself....
I0716 19:38:14.425315  124492 dfly_main.cc:1159] Found 22.76GiB available memory. Setting maxmemory to 18.21GiB
I0716 19:38:14.426528  124493 uring_proactor.cc:263] IORing with 1024 entries, allocated 98368 bytes, cq_entries is 2048
I0716 19:38:14.427026  124492 proactor_pool.cc:149] Running 8 io threads
I0716 19:38:14.427912  124492 dragonfly_listener.cc:152] SSL version: OpenSSL 3.4.5 7 Apr 2026
W0716 19:38:14.427943  124492 dfly_main.cc:350] Protected mode enabled. Binding to localhost only because no password is set. To accept remote connections, set a password with --requirepass or specify a bind address with --bind.
I0716 19:38:14.428782  124492 server_family.cc:1221] Host OS: Linux 7.0.0-27-generic x86_64 with 8 threads
I0716 19:38:14.433694  124494 listener_interface.cc:102] sock[22] AcceptServer - listening on 127.0.0.1:7001
