# 2026-08-21T16:36:41-04:00 host=HomeLab kernel=7.0.0-30-generic
# governor=performance epp=performance
# binary=infinityd 7750bfa (git 7750bfae5d75, x86_64-unknown-linux-gnu) git=7750bfa dirty=0
# data=/home/kcaicedo/bench-data/s35-gate/data fstype=ext4 device=/dev/nvme0n1p3
# probe: barrier_class = "fua" probe_schema = 2 write_bytes_per_s_256k = 510132224 write_ops_per_s_4k = 2540 write_ops_per_s_4k_qd4 = 3597 
# thermal: 27800 39000 41000 
=== 2026-08-21T16:36:41-04:00 s36-budget-on-1: --only-s36 ===
inf-bench env-check
  PROBE                RESULT
  git-dirty-tree       PASS
  cpufreq-governor     PASS
  cpufreq-epp          PASS
  thermal-throttle     PASS
  power-source         SKIP  macos-only probe (this host: linux)
  low-power-mode       SKIP  macos-only probe (this host: linux)

env-check: OK
  s35: 40s drive-state idle before s36 device leg (4 cells)
  s35: 40s drive-state idle before s36 offered-rate leg

== gate verdicts ==
  S29: tiered always scaling slope (c256/c64) PENDING (tooling)
  S29: tiered:flat always parity at 64 conns PENDING (tooling)
  S29: tiered:flat always parity at 256 conns PENDING (tooling)
  S29: tiered:flat always p99 ratio at 256 conns PENDING (tooling)
  S27: client-visible -BUSY refusals under provoked staging pressure PENDING (tooling)
  S27: last:first throughput across back-to-back write repeats PENDING (tooling)
  S27: worst per-leg max latency at everysec under provoked pressure PENDING (tooling)
  S35: always p50 over the barrier p50 at 32 conns PENDING (tooling)
  S35: N-cell vs 1-cell always p50 ratio (S34's F2 AC) PENDING (tooling)
  S36: server CPU across the pure-write everysec leg FAIL
  S36: everysec pure-write throughput vs the same-session tmpfs control FAIL
  S36: log + checkpoint write amplification on the RAM-resident durable shape FAIL
  S36: everysec max latency at the comparator-matched offered rate (S27 D5) PASS

gate-run: report written to /home/kcaicedo/bench-data/s35-gate/artifacts-s36b/s36-budget-on-1/1787344727-gate-run/report.md
inf-bench: 3 binding gate(s) FAILED
=== exit 1 2026-08-21T16:38:47-04:00 ===
=== 2026-08-21T16:38:47-04:00 s36-budget-off-1: --only-s36 --model-absent ===
inf-bench env-check
  PROBE                RESULT
  git-dirty-tree       PASS
  cpufreq-governor     PASS
  cpufreq-epp          PASS
  thermal-throttle     PASS
  power-source         SKIP  macos-only probe (this host: linux)
  low-power-mode       SKIP  macos-only probe (this host: linux)

env-check: OK
  s35: 40s drive-state idle before s36 device leg (4 cells)
  s35: 40s drive-state idle before s36 offered-rate leg

== gate verdicts ==
  S29: tiered always scaling slope (c256/c64) PENDING (tooling)
  S29: tiered:flat always parity at 64 conns PENDING (tooling)
  S29: tiered:flat always parity at 256 conns PENDING (tooling)
  S29: tiered:flat always p99 ratio at 256 conns PENDING (tooling)
  S27: client-visible -BUSY refusals under provoked staging pressure PENDING (tooling)
  S27: last:first throughput across back-to-back write repeats PENDING (tooling)
  S27: worst per-leg max latency at everysec under provoked pressure PENDING (tooling)
  S35: always p50 over the barrier p50 at 32 conns PENDING (tooling)
  S35: N-cell vs 1-cell always p50 ratio (S34's F2 AC) PENDING (tooling)
  S36: server CPU across the pure-write everysec leg FAIL
  S36: everysec pure-write throughput vs the same-session tmpfs control FAIL
  S36: log + checkpoint write amplification on the RAM-resident durable shape FAIL
  S36: everysec max latency at the comparator-matched offered rate (S27 D5) PASS

gate-run: report written to /home/kcaicedo/bench-data/s35-gate/artifacts-s36b/s36-budget-off-1/1787344853-gate-run/report.md
inf-bench: 3 binding gate(s) FAILED
=== exit 1 2026-08-21T16:40:53-04:00 ===
=== 2026-08-21T16:40:53-04:00 s36-budget-on-2: --only-s36 ===
inf-bench env-check
  PROBE                RESULT
  git-dirty-tree       PASS
  cpufreq-governor     PASS
  cpufreq-epp          PASS
  thermal-throttle     PASS
  power-source         SKIP  macos-only probe (this host: linux)
  low-power-mode       SKIP  macos-only probe (this host: linux)

env-check: OK
  s35: 40s drive-state idle before s36 device leg (4 cells)
  s35: 40s drive-state idle before s36 offered-rate leg

== gate verdicts ==
  S29: tiered always scaling slope (c256/c64) PENDING (tooling)
  S29: tiered:flat always parity at 64 conns PENDING (tooling)
  S29: tiered:flat always parity at 256 conns PENDING (tooling)
  S29: tiered:flat always p99 ratio at 256 conns PENDING (tooling)
  S27: client-visible -BUSY refusals under provoked staging pressure PENDING (tooling)
  S27: last:first throughput across back-to-back write repeats PENDING (tooling)
  S27: worst per-leg max latency at everysec under provoked pressure PENDING (tooling)
  S35: always p50 over the barrier p50 at 32 conns PENDING (tooling)
  S35: N-cell vs 1-cell always p50 ratio (S34's F2 AC) PENDING (tooling)
  S36: server CPU across the pure-write everysec leg PASS
  S36: everysec pure-write throughput vs the same-session tmpfs control FAIL
  S36: log + checkpoint write amplification on the RAM-resident durable shape FAIL
  S36: everysec max latency at the comparator-matched offered rate (S27 D5) PASS

gate-run: report written to /home/kcaicedo/bench-data/s35-gate/artifacts-s36b/s36-budget-on-2/1787344979-gate-run/report.md
inf-bench: 2 binding gate(s) FAILED
=== exit 1 2026-08-21T16:42:59-04:00 ===
=== 2026-08-21T16:42:59-04:00 s36-budget-off-2: --only-s36 --model-absent ===
inf-bench env-check
  PROBE                RESULT
  git-dirty-tree       PASS
  cpufreq-governor     PASS
  cpufreq-epp          PASS
  thermal-throttle     PASS
  power-source         SKIP  macos-only probe (this host: linux)
  low-power-mode       SKIP  macos-only probe (this host: linux)

env-check: OK
  s35: 40s drive-state idle before s36 device leg (4 cells)
  s35: 40s drive-state idle before s36 offered-rate leg

== gate verdicts ==
  S29: tiered always scaling slope (c256/c64) PENDING (tooling)
  S29: tiered:flat always parity at 64 conns PENDING (tooling)
  S29: tiered:flat always parity at 256 conns PENDING (tooling)
  S29: tiered:flat always p99 ratio at 256 conns PENDING (tooling)
  S27: client-visible -BUSY refusals under provoked staging pressure PENDING (tooling)
  S27: last:first throughput across back-to-back write repeats PENDING (tooling)
  S27: worst per-leg max latency at everysec under provoked pressure PENDING (tooling)
  S35: always p50 over the barrier p50 at 32 conns PENDING (tooling)
  S35: N-cell vs 1-cell always p50 ratio (S34's F2 AC) PENDING (tooling)
  S36: server CPU across the pure-write everysec leg FAIL
  S36: everysec pure-write throughput vs the same-session tmpfs control FAIL
  S36: log + checkpoint write amplification on the RAM-resident durable shape FAIL
  S36: everysec max latency at the comparator-matched offered rate (S27 D5) PASS

gate-run: report written to /home/kcaicedo/bench-data/s35-gate/artifacts-s36b/s36-budget-off-2/1787345106-gate-run/report.md
inf-bench: 3 binding gate(s) FAILED
=== exit 1 2026-08-21T16:45:06-04:00 ===
=== 2026-08-21T16:45:06-04:00 s36-seal-pace: --only-s36 --seal-pace probe ===
inf-bench env-check
  PROBE                RESULT
  git-dirty-tree       PASS
  cpufreq-governor     PASS
  cpufreq-epp          PASS
  thermal-throttle     PASS
  power-source         SKIP  macos-only probe (this host: linux)
  low-power-mode       SKIP  macos-only probe (this host: linux)

env-check: OK
  s35: 40s drive-state idle before s36 device leg (4 cells)
  s35: 40s drive-state idle before s36 offered-rate leg

== gate verdicts ==
  S29: tiered always scaling slope (c256/c64) PENDING (tooling)
  S29: tiered:flat always parity at 64 conns PENDING (tooling)
  S29: tiered:flat always parity at 256 conns PENDING (tooling)
  S29: tiered:flat always p99 ratio at 256 conns PENDING (tooling)
  S27: client-visible -BUSY refusals under provoked staging pressure PENDING (tooling)
  S27: last:first throughput across back-to-back write repeats PENDING (tooling)
  S27: worst per-leg max latency at everysec under provoked pressure PENDING (tooling)
  S35: always p50 over the barrier p50 at 32 conns PENDING (tooling)
  S35: N-cell vs 1-cell always p50 ratio (S34's F2 AC) PENDING (tooling)
  S36: server CPU across the pure-write everysec leg FAIL
  S36: everysec pure-write throughput vs the same-session tmpfs control FAIL
  S36: log + checkpoint write amplification on the RAM-resident durable shape PASS
  S36: everysec max latency at the comparator-matched offered rate (S27 D5) PASS

gate-run: report written to /home/kcaicedo/bench-data/s35-gate/artifacts-s36b/s36-seal-pace/1787345232-gate-run/report.md
inf-bench: 2 binding gate(s) FAILED
=== exit 1 2026-08-21T16:47:12-04:00 ===
=== 2026-08-21T16:47:12-04:00 s35-seal-pace: --only-s35 --seal-pace probe ===
inf-bench env-check
  PROBE                RESULT
  git-dirty-tree       PASS
  cpufreq-governor     PASS
  cpufreq-epp          PASS
  thermal-throttle     PASS
  power-source         SKIP  macos-only probe (this host: linux)
  low-power-mode       SKIP  macos-only probe (this host: linux)

env-check: OK
  s35: 40s drive-state idle before 4c rep0 c32
  s35: 40s drive-state idle before 4c rep0 c256
  s35: 40s drive-state idle before 4c rep1 c32
  s35: 40s drive-state idle before 4c rep1 c256
  s35: 40s drive-state idle before 4c rep2 c32
  s35: 40s drive-state idle before 4c rep2 c256
  s35: 40s drive-state idle before 1c rep0 c32
  s35: 40s drive-state idle before 1c rep1 c32
  s35: 40s drive-state idle before 1c rep2 c32

== gate verdicts ==
  S29: tiered always scaling slope (c256/c64) PENDING (tooling)
  S29: tiered:flat always parity at 64 conns PENDING (tooling)
  S29: tiered:flat always parity at 256 conns PENDING (tooling)
  S29: tiered:flat always p99 ratio at 256 conns PENDING (tooling)
  S27: client-visible -BUSY refusals under provoked staging pressure PENDING (tooling)
  S27: last:first throughput across back-to-back write repeats PENDING (tooling)
  S27: worst per-leg max latency at everysec under provoked pressure PENDING (tooling)
  S35: always p50 over the barrier p50 at 32 conns FAIL
  S35: N-cell vs 1-cell always p50 ratio (S34's F2 AC) FAIL
  S36: server CPU across the pure-write everysec leg PENDING (tooling)
  S36: everysec pure-write throughput vs the same-session tmpfs control PENDING (tooling)
  S36: log + checkpoint write amplification on the RAM-resident durable shape PENDING (tooling)
  S36: everysec max latency at the comparator-matched offered rate (S27 D5) PENDING (tooling)

gate-run: report written to /home/kcaicedo/bench-data/s35-gate/artifacts-s36b/s35-seal-pace/1787345736-gate-run/report.md
inf-bench: 2 binding gate(s) FAILED
=== exit 1 2026-08-21T16:55:36-04:00 ===
# done 2026-08-21T16:55:36-04:00 thermal: 27800 38000 42000 
