    Finished `test` profile [unoptimized + debuginfo] target(s) in 0.03s
     Running tests/node_diff.rs (target/debug/deps/node_diff-414dc14f3498c426)

running 1 test
test readiness_refuses_a_port_another_node_answers ... FAILED

failures:

---- readiness_refuses_a_port_another_node_answers stdout ----

thread 'readiness_refuses_a_port_another_node_answers' (597610) panicked at tests/compat/tests/node_diff.rs:765:13:
readiness paired the test with a node it did not spawn (pid 597611)
note: run with `RUST_BACKTRACE=1` environment variable to display a backtrace
--- kept /home/kcaicedo/Documents/Projects/databases/infinitydb/target/tmp/inf-compat-node-1789445297574432150-57609 (test failed; process still running at teardown (killed)); log tail:
--- end of log tail
--- kept /home/kcaicedo/Documents/Projects/databases/infinitydb/target/tmp/inf-compat-node-1789445297523619506-57609 (test failed; process still running at teardown (killed)); log tail:
infinityd: key-hash secret: key-hash.toml (created at this first boot — siphash13, ADR-0094; id 0xf9ce14b20ad421a9; 0 manifest(s) bound, 0 shard(s) unpublished)
infinityd: topology: 1 cells (stamped at this first boot — ADR-0095; topology.toml)
infinityd: io-properties: absent (--device-probe off): the FLUSH class, K = 1, no device budget — the dev tier; `--device-probe auto` or `inf probe-device` enables the probed classes (ADR-0091)
infinityd: log barrier class flush (source: absent; fua_max_frame_bytes 262144; probed p50 fua 0 µs / flush 0 µs); frames in flight 1 (auto: flush) × 4 MiB staging
infinityd: device model absent (io-properties schema 1): background I/O is unbudgeted and frame sealing unpaced — run `inf probe-device` to enable the device budget (ADR-0088)
infinityd: checkpoint cap replay term 1024 MiB/s per cell (the D4 constant — no probed read row; ADR-0088 D4 as amended)
infinityd d60ef03 (git d60ef0315744-dirty, x86_64-unknown-linux-gnu)
infinityd: 1 cells, port 57609, backend io_uring, route natural
infinityd: listening on 57609
infinityd: capabilities Capabilities { backend: "io_uring", multishot_accept: true, multishot_recv: true, provided_buffers: true, fixed_buffers: true, single_issuer: true, defer_taskrun: true, performance_tier: true }
--- end of log tail


failures:
    readiness_refuses_a_port_another_node_answers

test result: FAILED. 0 passed; 1 failed; 0 ignored; 0 measured; 16 filtered out; finished in 0.05s

error: test failed, to rerun pass `-p compat --test node_diff`
