
running 17 tests

thread 'a_failing_test_keeps_the_node_log' (605791) panicked at tests/compat/tests/node_diff.rs:809:9:
expected: this harness falsifier fails on purpose while holding the node guard
note: run with `RUST_BACKTRACE=1` environment variable to display a backtrace
--- kept /home/kcaicedo/Documents/Projects/databases/infinitydb/target/tmp/inf-compat-node-1789445899359555914-25694 (test failed; process still running at teardown (killed)); log tail:
infinityd: key-hash secret: key-hash.toml (created at this first boot — siphash13, ADR-0094; id 0xe6111add7ce7e4dc; 0 manifest(s) bound, 0 shard(s) unpublished)
infinityd: topology: 1 cells (stamped at this first boot — ADR-0095; topology.toml)
infinityd: io-properties: absent (--device-probe off): the FLUSH class, K = 1, no device budget — the dev tier; `--device-probe auto` or `inf probe-device` enables the probed classes (ADR-0091)
infinityd: log barrier class flush (source: absent; fua_max_frame_bytes 262144; probed p50 fua 0 µs / flush 0 µs); frames in flight 1 (auto: flush) × 4 MiB staging
infinityd: device model absent (io-properties schema 1): background I/O is unbudgeted and frame sealing unpaced — run `inf probe-device` to enable the device budget (ADR-0088)
infinityd: checkpoint cap replay term 1024 MiB/s per cell (the D4 constant — no probed read row; ADR-0088 D4 as amended)
infinityd a02907c (git a02907c3ddba-dirty, x86_64-unknown-linux-gnu)
infinityd: 1 cells, port 25694, backend io_uring, route natural
infinityd: listening on 25694
infinityd: capabilities Capabilities { backend: "io_uring", multishot_accept: true, multishot_recv: true, provided_buffers: true, fixed_buffers: true, single_issuer: true, defer_taskrun: true, performance_tier: true }
--- end of log tail
test a_failing_test_keeps_the_node_log ... ok
readiness refused: port 25707 is answered by pid 605821 (/home/kcaicedo/Documents/Projects/databases/infinitydb/target/debug/infinityd --port 25707 --cells 1 --data-dir /home/kcaicedo/Documents/Projects/databases/infinitydb/target/tmp/inf-compat-node-1789445899362952857-25707 --device-probe off), not the spawned infinityd (pid 605985) — a foreign node owns the port
test readiness_refuses_a_port_another_node_answers ... ok
test info_tripwires_is_wholly_cell_scope_on_a_real_node ... ok
test a_second_node_on_an_owned_port_refuses_to_start ... ok
test info_names_every_field_once_on_a_real_node ... ok
test quit_closes_a_namespace_bound_connection_like_redis ... ok
test tiered_namespace_argument_errors_match_redis ... ok
test client_id_is_positive_and_killable_like_redis ... ok
test maxclients_refusal_matches_redis ... ok
test info_unknown_section_is_empty_like_redis ... ok
test run_id_is_40_hex_and_stable_like_redis ... ok
test info_keyspace_counts_the_whole_node_like_dbsize ... ok
compat-diff node lane: 486 byte-compared cases on a 4-cell durable node, 44 documented deviations, 1 pinned node deviations, 0 failures
  node deviation: case 529 ["FLUSHALL"]: FLUSHALL with durable namespaces refuses (ADR-0015 M2 cut)
test node_matrix_replies_match_redis ... ok
compat-diff ns lane: 2 namespaces (durable + tiered) × 52 keys (4 at MAX_KEY_LEN), values to 64 KiB, SCAN set-equality, 4 pinned refusals, 0 failures
test node_fanout_and_tier_match_redis_under_namespace ... ok

thread 'large_values_match_redis_up_to_the_bulk_cap' (605802) panicked at tests/compat/src/harness.rs:379:48:
server read: Os { code: 4, kind: Interrupted, message: "Interrupted system call" }
test deadline_millisecond_read_matches_redis ... ok
--- kept /home/kcaicedo/Documents/Projects/databases/infinitydb/target/tmp/inf-compat-node-1789445899361591575-25702 (test failed; process still running at teardown (killed)); log tail:
infinityd: key-hash secret: key-hash.toml (created at this first boot — siphash13, ADR-0094; id 0xe4c9171798bfb893; 0 manifest(s) bound, 0 shard(s) unpublished)
infinityd: topology: 4 cells (stamped at this first boot — ADR-0095; topology.toml)
infinityd: io-properties: absent (--device-probe off): the FLUSH class, K = 1, no device budget — the dev tier; `--device-probe auto` or `inf probe-device` enables the probed classes (ADR-0091)
infinityd: log barrier class flush (source: absent; fua_max_frame_bytes 262144; probed p50 fua 0 µs / flush 0 µs); frames in flight 1 (auto: flush) × 4 MiB staging
infinityd: device model absent (io-properties schema 1): background I/O is unbudgeted and frame sealing unpaced — run `inf probe-device` to enable the device budget (ADR-0088)
infinityd: checkpoint cap replay term 1024 MiB/s per cell (the D4 constant — no probed read row; ADR-0088 D4 as amended)
infinityd a02907c (git a02907c3ddba-dirty, x86_64-unknown-linux-gnu)
infinityd: listening on 25702
infinityd: 4 cells, port 25702, backend io_uring, route natural
infinityd: capabilities Capabilities { backend: "io_uring", multishot_accept: true, multishot_recv: true, provided_buffers: true, fixed_buffers: true, single_issuer: true, defer_taskrun: true, performance_tier: true }
control: cell 0 recovered (0 segments, 0 bytes, 0 records; phases ms: start 0.0, ckpt 0.0 [0 B], replay 0.0 [0 B], audit 0.0 [0 B], finish 0.0, total 0.0)
control: cell 1 recovered (0 segments, 0 bytes, 0 records; phases ms: start 0.0, ckpt 0.0 [0 B], replay 0.0 [0 B], audit 0.0 [0 B], finish 0.0, total 0.0)
control: cell 2 recovered (0 segments, 0 bytes, 0 records; phases ms: start 0.0, ckpt 0.0 [0 B], replay 0.0 [0 B], audit 0.0 [0 B], finish 0.0, total 0.0)
control: cell 3 recovered (0 segments, 0 bytes, 0 records; phases ms: start 0.0, ckpt 0.0 [0 B], replay 0.0 [0 B], audit 0.0 [0 B], finish 0.0, total 0.0)
control: recovery complete — 4 cells serving (611 ms)
--- end of log tail
test large_values_match_redis_up_to_the_bulk_cap ... FAILED
test timeout_closes_an_idle_connection_like_redis ... ok

failures:

failures:
    large_values_match_redis_up_to_the_bulk_cap

test result: FAILED. 16 passed; 1 failed; 0 ignored; 0 measured; 0 filtered out; finished in 3.12s

