    Finished `release` profile [optimized + debuginfo] target(s) in 0.02s
cell 0: index 19/1 rebuilding (no-sidecar)
cell 1: index 19/1 rebuilding (no-sidecar)
cell 0: index 19/1 sidecar loaded (3 entries; tail caught up)
cell 1: index 19/1 sidecar loaded (3 entries; tail caught up)
cell 1: index 19/1 sidecar loaded (10 entries; tail caught up)
cell 0: index 19/1 sidecar loaded (10 entries; tail caught up)
cell 0: index 19/1 rebuilding (no-sidecar)
cell 1: index 19/1 rebuilding (no-sidecar)
cell 1: index 19/1 sidecar loaded (3 entries; tail caught up)
cell 0: index 19/1 sidecar loaded (3 entries; tail caught up)
cell 0: index 19/1 sidecar loaded (10 entries; tail caught up)
cell 1: index 19/1 sidecar loaded (10 entries; tail caught up)
cell 0: index 19/1 rebuilding (no-sidecar)
cell 1: index 19/1 rebuilding (no-sidecar)
cell 0: index 19/1 sidecar loaded (3 entries; tail caught up)
cell 1: index 19/1 sidecar loaded (3 entries; tail caught up)
cell 1: index 19/1 sidecar loaded (10 entries; tail caught up)
cell 0: index 19/1 sidecar loaded (10 entries; tail caught up)
cell 1: index 19/1 rebuilding (no-sidecar)
cell 0: index 19/1 rebuilding (no-sidecar)
cell 1: index 19/1 sidecar loaded (3 entries; tail caught up)
cell 0: index 19/1 sidecar loaded (3 entries; tail caught up)
cell 1: index 19/1 sidecar loaded (10 entries; tail caught up)
cell 0: index 19/1 sidecar loaded (10 entries; tail caught up)
cell 1: index 19/1 rebuilding (no-sidecar)
cell 0: index 19/1 rebuilding (no-sidecar)
cell 0: index 19/1 sidecar loaded (3 entries; tail caught up)
cell 1: index 19/1 sidecar loaded (3 entries; tail caught up)
cell 1: index 19/1 sidecar loaded (10 entries; tail caught up)
cell 0: index 19/1 sidecar loaded (10 entries; tail caught up)
cell 0: index 19/1 rebuilding (no-sidecar)
cell 1: index 19/1 rebuilding (no-sidecar)
cell 0: index 19/1 sidecar loaded (3 entries; tail caught up)
cell 1: index 19/1 sidecar loaded (3 entries; tail caught up)
cell 1: index 19/1 sidecar loaded (10 entries; tail caught up)
cell 0: index 19/1 sidecar loaded (10 entries; tail caught up)
cell 0: index 19/1 rebuilding (no-sidecar)
cell 1: index 19/1 rebuilding (no-sidecar)
cell 1: index 19/1 sidecar loaded (3 entries; tail caught up)
cell 0: index 19/1 sidecar loaded (3 entries; tail caught up)
cell 1: index 19/1 sidecar loaded (10 entries; tail caught up)
cell 0: index 19/1 sidecar loaded (10 entries; tail caught up)
cell 0: index 19/1 rebuilding (no-sidecar)
cell 1: index 19/1 rebuilding (no-sidecar)
cell 1: index 19/1 sidecar loaded (3 entries; tail caught up)
cell 0: index 19/1 sidecar loaded (3 entries; tail caught up)
cell 0: index 19/1 sidecar loaded (10 entries; tail caught up)
cell 1: index 19/1 sidecar loaded (10 entries; tail caught up)
cell 1: index 19/1 rebuilding (no-sidecar)
cell 0: index 19/1 rebuilding (no-sidecar)
cell 1: index 19/1 sidecar loaded (3 entries; tail caught up)
cell 0: index 19/1 sidecar loaded (3 entries; tail caught up)
cell 0: index 19/1 sidecar loaded (10 entries; tail caught up)
cell 1: index 19/1 sidecar loaded (10 entries; tail caught up)
cell 0: index 19/1 rebuilding (no-sidecar)
cell 1: index 19/1 rebuilding (no-sidecar)
cell 0: index 19/1 sidecar loaded (3 entries; tail caught up)
cell 1: index 19/1 sidecar loaded (3 entries; tail caught up)
cell 1: index 19/1 sidecar loaded (10 entries; tail caught up)
cell 0: index 19/1 sidecar loaded (10 entries; tail caught up)
cell 0: index 19/1 rebuilding (no-sidecar)
cell 1: index 19/1 rebuilding (no-sidecar)
cell 0: index 19/1 sidecar loaded (3 entries; tail caught up)
cell 1: index 19/1 sidecar loaded (3 entries; tail caught up)
cell 0: index 19/1 sidecar loaded (10 entries; tail caught up)
cell 1: index 19/1 sidecar loaded (10 entries; tail caught up)
cell 0: index 19/1 rebuilding (no-sidecar)
cell 1: index 19/1 rebuilding (no-sidecar)
cell 0: index 19/1 sidecar loaded (3 entries; tail caught up)
cell 1: index 19/1 sidecar loaded (3 entries; tail caught up)
cell 0: index 19/1 sidecar loaded (10 entries; tail caught up)
cell 1: index 19/1 sidecar loaded (10 entries; tail caught up)
cell 1: index 19/1 rebuilding (no-sidecar)
cell 0: index 19/1 rebuilding (no-sidecar)
cell 1: index 19/1 sidecar loaded (3 entries; tail caught up)
cell 0: index 19/1 sidecar loaded (3 entries; tail caught up)
cell 0: index 19/1 sidecar loaded (10 entries; tail caught up)
cell 1: index 19/1 sidecar loaded (10 entries; tail caught up)
cell 0: index 19/1 rebuilding (no-sidecar)
cell 1: index 19/1 rebuilding (no-sidecar)
cell 0: index 19/1 sidecar loaded (3 entries; tail caught up)
cell 1: index 19/1 sidecar loaded (3 entries; tail caught up)
cell 1: index 19/1 sidecar loaded (10 entries; tail caught up)
cell 0: index 19/1 sidecar loaded (10 entries; tail caught up)
cell 1: index 19/1 rebuilding (no-sidecar)
cell 0: index 19/1 rebuilding (no-sidecar)
cell 1: index 19/1 sidecar loaded (3 entries; tail caught up)
cell 0: index 19/1 sidecar loaded (3 entries; tail caught up)
cell 1: index 19/1 sidecar loaded (10 entries; tail caught up)
cell 0: index 19/1 sidecar loaded (10 entries; tail caught up)
cell 1: index 19/1 rebuilding (no-sidecar)
cell 0: index 19/1 rebuilding (no-sidecar)
cell 0: index 19/1 sidecar loaded (3 entries; tail caught up)
cell 1: index 19/1 sidecar loaded (3 entries; tail caught up)
inf-sim: m2-mode-transition sweep shard 3/4: 50 seeds, 0 violations, 0 legal taxonomy refusals, 0 equivalence checks, 0 documents compared, cut classes [], frame pipeline [pipelined_seeds:50 depth_max:4 waits_barrier:3385 waits_rotation:21 waits_reorder:0], device budget [background_bytes:0 deferrals:0 waits_pace:0 write_stall_max_us:90234], reopened_packed_tails:0 ckpt_downgrades:0 bound_splits:0 waits_fill:0 waits_group:0, recycling [recycled:0 misses:0 fallbacks:0 rotations:89 residue_slacks:23 waits_started:0 waits_satisfied:0 waits_expired:0 inline_preallocs:0], lift regime [seeds:0 tiered_ops:0 indexed_ops:0 sidecars_loaded:0 stale_slacks:0 plants:0 plant_lifts:0 plant_sidecars:0]
inf-sim: sim_seconds=258.203873 published=0 delivered=0
inf-sim: m2-mode-transition sweep shard 1/4: 50 seeds, 0 violations, 0 legal taxonomy refusals, 0 equivalence checks, 0 documents compared, cut classes [], frame pipeline [pipelined_seeds:25 depth_max:3 waits_barrier:1694 waits_rotation:12 waits_reorder:0], device budget [background_bytes:0 deferrals:0 waits_pace:0 write_stall_max_us:88597], reopened_packed_tails:0 ckpt_downgrades:0 bound_splits:0 waits_fill:0 waits_group:0, recycling [recycled:0 misses:0 fallbacks:0 rotations:91 residue_slacks:12 waits_started:0 waits_satisfied:0 waits_expired:0 inline_preallocs:0], lift regime [seeds:0 tiered_ops:0 indexed_ops:0 sidecars_loaded:0 stale_slacks:0 plants:0 plant_lifts:0 plant_sidecars:0]
inf-sim: sim_seconds=241.198105 published=0 delivered=0
cell 0: index 19/1 sidecar loaded (10 entries; tail caught up)
cell 1: index 19/1 sidecar loaded (10 entries; tail caught up)
cell 1: index 19/1 rebuilding (no-sidecar)
cell 0: index 19/1 rebuilding (no-sidecar)
cell 1: index 19/1 sidecar loaded (3 entries; tail caught up)
cell 0: index 19/1 sidecar loaded (3 entries; tail caught up)
cell 0: index 19/1 sidecar loaded (10 entries; tail caught up)
cell 1: index 19/1 sidecar loaded (10 entries; tail caught up)
cell 1: index 19/1 rebuilding (no-sidecar)
cell 0: index 19/1 rebuilding (no-sidecar)
cell 0: index 19/1 sidecar loaded (3 entries; tail caught up)
cell 1: index 19/1 sidecar loaded (3 entries; tail caught up)
cell 1: index 19/1 sidecar loaded (10 entries; tail caught up)
cell 0: index 19/1 sidecar loaded (10 entries; tail caught up)
cell 0: index 19/1 rebuilding (no-sidecar)
cell 1: index 19/1 rebuilding (no-sidecar)
cell 0: index 19/1 sidecar loaded (3 entries; tail caught up)
cell 1: index 19/1 sidecar loaded (3 entries; tail caught up)
cell 1: index 19/1 sidecar loaded (10 entries; tail caught up)
cell 0: index 19/1 sidecar loaded (10 entries; tail caught up)
cell 1: index 19/1 rebuilding (no-sidecar)
cell 0: index 19/1 rebuilding (no-sidecar)
cell 1: index 19/1 sidecar loaded (3 entries; tail caught up)
cell 0: index 19/1 sidecar loaded (3 entries; tail caught up)
inf-sim: m2-mode-transition sweep shard 0/4: 50 seeds, 0 violations, 0 legal taxonomy refusals, 0 equivalence checks, 0 documents compared, cut classes [], frame pipeline [pipelined_seeds:0 depth_max:1 waits_barrier:0 waits_rotation:0 waits_reorder:0], device budget [background_bytes:2621440 deferrals:182585 waits_pace:0 write_stall_max_us:90983], reopened_packed_tails:100 ckpt_downgrades:0 bound_splits:0 waits_fill:13038 waits_group:0, recycling [recycled:0 misses:5527 fallbacks:0 rotations:5428 residue_slacks:0 waits_started:0 waits_satisfied:0 waits_expired:0 inline_preallocs:0], lift regime [seeds:0 tiered_ops:0 indexed_ops:0 sidecars_loaded:0 stale_slacks:0 plants:0 plant_lifts:0 plant_sidecars:0]
inf-sim: sim_seconds=242.711348 published=0 delivered=0
cell 0: index 19/1 sidecar loaded (10 entries; tail caught up)
cell 1: index 19/1 sidecar loaded (10 entries; tail caught up)
cell 0: index 19/1 rebuilding (no-sidecar)
cell 1: index 19/1 rebuilding (no-sidecar)
cell 0: index 19/1 sidecar loaded (3 entries; tail caught up)
cell 1: index 19/1 sidecar loaded (3 entries; tail caught up)
cell 1: index 19/1 sidecar loaded (10 entries; tail caught up)
cell 0: index 19/1 sidecar loaded (10 entries; tail caught up)
cell 0: index 19/1 rebuilding (no-sidecar)
cell 1: index 19/1 rebuilding (no-sidecar)
cell 1: index 19/1 sidecar loaded (3 entries; tail caught up)
cell 0: index 19/1 sidecar loaded (3 entries; tail caught up)
cell 0: index 19/1 sidecar loaded (10 entries; tail caught up)
cell 1: index 19/1 sidecar loaded (10 entries; tail caught up)
cell 1: index 19/1 rebuilding (no-sidecar)
cell 0: index 19/1 rebuilding (no-sidecar)
cell 1: index 19/1 sidecar loaded (3 entries; tail caught up)
cell 0: index 19/1 sidecar loaded (3 entries; tail caught up)
cell 1: index 19/1 sidecar loaded (10 entries; tail caught up)
cell 0: index 19/1 sidecar loaded (10 entries; tail caught up)
cell 1: index 19/1 rebuilding (no-sidecar)
cell 0: index 19/1 rebuilding (no-sidecar)
cell 0: index 19/1 sidecar loaded (3 entries; tail caught up)
cell 1: index 19/1 sidecar loaded (3 entries; tail caught up)
cell 0: index 19/1 sidecar loaded (10 entries; tail caught up)
cell 1: index 19/1 sidecar loaded (10 entries; tail caught up)
cell 1: index 19/1 rebuilding (no-sidecar)
cell 0: index 19/1 rebuilding (no-sidecar)
cell 0: index 19/1 sidecar loaded (3 entries; tail caught up)
cell 1: index 19/1 sidecar loaded (3 entries; tail caught up)
cell 0: index 19/1 sidecar loaded (10 entries; tail caught up)
cell 1: index 19/1 sidecar loaded (10 entries; tail caught up)
cell 0: index 19/1 rebuilding (no-sidecar)
cell 1: index 19/1 rebuilding (no-sidecar)
cell 0: index 19/1 sidecar loaded (3 entries; tail caught up)
cell 1: index 19/1 sidecar loaded (3 entries; tail caught up)
cell 0: index 19/1 sidecar loaded (10 entries; tail caught up)
cell 1: index 19/1 sidecar loaded (10 entries; tail caught up)
cell 0: index 19/1 rebuilding (no-sidecar)
cell 1: index 19/1 rebuilding (no-sidecar)
cell 1: index 19/1 sidecar loaded (3 entries; tail caught up)
cell 0: index 19/1 sidecar loaded (3 entries; tail caught up)
cell 0: index 19/1 sidecar loaded (10 entries; tail caught up)
cell 1: index 19/1 sidecar loaded (10 entries; tail caught up)
cell 1: index 19/1 rebuilding (no-sidecar)
cell 0: index 19/1 rebuilding (no-sidecar)
cell 0: index 19/1 sidecar loaded (3 entries; tail caught up)
cell 1: index 19/1 sidecar loaded (3 entries; tail caught up)
cell 1: index 19/1 sidecar loaded (10 entries; tail caught up)
cell 0: index 19/1 sidecar loaded (10 entries; tail caught up)
cell 0: index 19/1 rebuilding (no-sidecar)
cell 1: index 19/1 rebuilding (no-sidecar)
cell 0: index 19/1 sidecar loaded (3 entries; tail caught up)
cell 1: index 19/1 sidecar loaded (3 entries; tail caught up)
cell 0: index 19/1 sidecar loaded (10 entries; tail caught up)
cell 1: index 19/1 sidecar loaded (10 entries; tail caught up)
cell 0: index 19/1 rebuilding (no-sidecar)
cell 1: index 19/1 rebuilding (no-sidecar)
cell 0: index 19/1 sidecar loaded (3 entries; tail caught up)
cell 1: index 19/1 sidecar loaded (3 entries; tail caught up)
cell 0: index 19/1 sidecar loaded (10 entries; tail caught up)
cell 1: index 19/1 sidecar loaded (10 entries; tail caught up)
cell 1: index 19/1 rebuilding (no-sidecar)
cell 0: index 19/1 rebuilding (no-sidecar)
cell 1: index 19/1 sidecar loaded (3 entries; tail caught up)
cell 0: index 19/1 sidecar loaded (3 entries; tail caught up)
cell 1: index 19/1 sidecar loaded (10 entries; tail caught up)
cell 0: index 19/1 sidecar loaded (10 entries; tail caught up)
cell 0: index 19/1 rebuilding (no-sidecar)
cell 1: index 19/1 rebuilding (no-sidecar)
cell 0: index 19/1 sidecar loaded (3 entries; tail caught up)
cell 1: index 19/1 sidecar loaded (3 entries; tail caught up)
cell 0: index 19/1 sidecar loaded (10 entries; tail caught up)
cell 1: index 19/1 sidecar loaded (10 entries; tail caught up)
cell 0: index 19/1 rebuilding (no-sidecar)
cell 1: index 19/1 rebuilding (no-sidecar)
cell 0: index 19/1 sidecar loaded (3 entries; tail caught up)
cell 1: index 19/1 sidecar loaded (3 entries; tail caught up)
cell 0: index 19/1 sidecar loaded (10 entries; tail caught up)
cell 1: index 19/1 sidecar loaded (10 entries; tail caught up)
cell 1: index 19/1 rebuilding (no-sidecar)
cell 0: index 19/1 rebuilding (no-sidecar)
cell 1: index 19/1 sidecar loaded (3 entries; tail caught up)
cell 0: index 19/1 sidecar loaded (3 entries; tail caught up)
cell 0: index 19/1 sidecar loaded (10 entries; tail caught up)
cell 1: index 19/1 sidecar loaded (10 entries; tail caught up)
cell 1: index 19/1 rebuilding (no-sidecar)
cell 0: index 19/1 rebuilding (no-sidecar)
cell 1: index 19/1 sidecar loaded (3 entries; tail caught up)
cell 0: index 19/1 sidecar loaded (3 entries; tail caught up)
cell 0: index 19/1 sidecar loaded (10 entries; tail caught up)
cell 1: index 19/1 sidecar loaded (10 entries; tail caught up)
cell 0: index 19/1 rebuilding (no-sidecar)
cell 1: index 19/1 rebuilding (no-sidecar)
cell 0: index 19/1 sidecar loaded (3 entries; tail caught up)
cell 1: index 19/1 sidecar loaded (3 entries; tail caught up)
cell 0: index 19/1 sidecar loaded (10 entries; tail caught up)
cell 1: index 19/1 sidecar loaded (10 entries; tail caught up)
cell 1: index 19/1 rebuilding (no-sidecar)
cell 0: index 19/1 rebuilding (no-sidecar)
cell 0: index 19/1 sidecar loaded (3 entries; tail caught up)
cell 1: index 19/1 sidecar loaded (3 entries; tail caught up)
cell 0: index 19/1 sidecar loaded (10 entries; tail caught up)
cell 1: index 19/1 sidecar loaded (10 entries; tail caught up)
cell 0: index 19/1 rebuilding (no-sidecar)
cell 1: index 19/1 rebuilding (no-sidecar)
cell 1: index 19/1 sidecar loaded (3 entries; tail caught up)
cell 0: index 19/1 sidecar loaded (3 entries; tail caught up)
cell 0: index 19/1 sidecar loaded (10 entries; tail caught up)
cell 1: index 19/1 sidecar loaded (10 entries; tail caught up)
cell 1: index 19/1 rebuilding (no-sidecar)
cell 0: index 19/1 rebuilding (no-sidecar)
cell 1: index 19/1 sidecar loaded (3 entries; tail caught up)
cell 0: index 19/1 sidecar loaded (3 entries; tail caught up)
cell 1: index 19/1 sidecar loaded (10 entries; tail caught up)
cell 0: index 19/1 sidecar loaded (10 entries; tail caught up)
cell 0: index 19/1 rebuilding (no-sidecar)
cell 1: index 19/1 rebuilding (no-sidecar)
cell 0: index 19/1 sidecar loaded (3 entries; tail caught up)
cell 1: index 19/1 sidecar loaded (3 entries; tail caught up)
cell 0: index 19/1 sidecar loaded (10 entries; tail caught up)
cell 1: index 19/1 sidecar loaded (10 entries; tail caught up)
cell 1: index 19/1 rebuilding (no-sidecar)
cell 0: index 19/1 rebuilding (no-sidecar)
cell 1: index 19/1 sidecar loaded (3 entries; tail caught up)
cell 0: index 19/1 sidecar loaded (3 entries; tail caught up)
cell 0: index 19/1 sidecar loaded (10 entries; tail caught up)
cell 1: index 19/1 sidecar loaded (10 entries; tail caught up)
cell 0: index 19/1 rebuilding (no-sidecar)
cell 1: index 19/1 rebuilding (no-sidecar)
cell 1: index 19/1 sidecar loaded (3 entries; tail caught up)
cell 0: index 19/1 sidecar loaded (3 entries; tail caught up)
cell 1: index 19/1 sidecar loaded (10 entries; tail caught up)
cell 0: index 19/1 sidecar loaded (10 entries; tail caught up)
cell 1: index 19/1 rebuilding (no-sidecar)
cell 0: index 19/1 rebuilding (no-sidecar)
cell 1: index 19/1 sidecar loaded (3 entries; tail caught up)
cell 0: index 19/1 sidecar loaded (3 entries; tail caught up)
cell 0: index 19/1 sidecar loaded (10 entries; tail caught up)
cell 1: index 19/1 sidecar loaded (10 entries; tail caught up)
cell 0: index 19/1 rebuilding (no-sidecar)
cell 1: index 19/1 rebuilding (no-sidecar)
cell 1: index 19/1 sidecar loaded (3 entries; tail caught up)
cell 0: index 19/1 sidecar loaded (3 entries; tail caught up)
cell 1: index 19/1 sidecar loaded (10 entries; tail caught up)
cell 0: index 19/1 sidecar loaded (10 entries; tail caught up)
cell 1: index 19/1 rebuilding (no-sidecar)
cell 0: index 19/1 rebuilding (no-sidecar)
cell 1: index 19/1 sidecar loaded (3 entries; tail caught up)
cell 0: index 19/1 sidecar loaded (3 entries; tail caught up)
cell 1: index 19/1 sidecar loaded (10 entries; tail caught up)
cell 0: index 19/1 sidecar loaded (10 entries; tail caught up)
cell 0: index 19/1 rebuilding (no-sidecar)
cell 1: index 19/1 rebuilding (no-sidecar)
cell 0: index 19/1 sidecar loaded (3 entries; tail caught up)
cell 1: index 19/1 sidecar loaded (3 entries; tail caught up)
cell 1: index 19/1 sidecar loaded (10 entries; tail caught up)
cell 0: index 19/1 sidecar loaded (10 entries; tail caught up)
cell 0: index 19/1 rebuilding (no-sidecar)
cell 1: index 19/1 rebuilding (no-sidecar)
cell 0: index 19/1 sidecar loaded (3 entries; tail caught up)
cell 1: index 19/1 sidecar loaded (3 entries; tail caught up)
cell 0: index 19/1 sidecar loaded (10 entries; tail caught up)
cell 1: index 19/1 sidecar loaded (10 entries; tail caught up)
cell 1: index 19/1 rebuilding (no-sidecar)
cell 0: index 19/1 rebuilding (no-sidecar)
cell 0: index 19/1 sidecar loaded (3 entries; tail caught up)
cell 1: index 19/1 sidecar loaded (3 entries; tail caught up)
cell 0: index 19/1 sidecar loaded (10 entries; tail caught up)
cell 1: index 19/1 sidecar loaded (10 entries; tail caught up)
cell 0: index 19/1 rebuilding (no-sidecar)
cell 1: index 19/1 rebuilding (no-sidecar)
cell 1: index 19/1 sidecar loaded (3 entries; tail caught up)
cell 0: index 19/1 sidecar loaded (3 entries; tail caught up)
cell 0: index 19/1 sidecar loaded (10 entries; tail caught up)
cell 1: index 19/1 sidecar loaded (10 entries; tail caught up)
cell 1: index 19/1 rebuilding (no-sidecar)
cell 0: index 19/1 rebuilding (no-sidecar)
cell 1: index 19/1 sidecar loaded (3 entries; tail caught up)
cell 0: index 19/1 sidecar loaded (3 entries; tail caught up)
cell 1: index 19/1 sidecar loaded (10 entries; tail caught up)
cell 0: index 19/1 sidecar loaded (10 entries; tail caught up)
inf-sim: m2-mode-transition sweep shard 2/4: 50 seeds, 0 violations, 0 legal taxonomy refusals, 0 equivalence checks, 0 documents compared, cut classes [], frame pipeline [pipelined_seeds:50 depth_max:3 waits_barrier:6469 waits_rotation:4129 waits_reorder:0], device budget [background_bytes:95965184 deferrals:232891 waits_pace:0 write_stall_max_us:89367], reopened_packed_tails:100 ckpt_downgrades:0 bound_splits:0 waits_fill:0 waits_group:0, recycling [recycled:2336 misses:10901 fallbacks:0 rotations:13137 residue_slacks:36 waits_started:0 waits_satisfied:0 waits_expired:0 inline_preallocs:0], lift regime [seeds:50 tiered_ops:11508 indexed_ops:12707 sidecars_loaded:100 stale_slacks:0 plants:100 plant_lifts:100 plant_sidecars:100]
inf-sim: sim_seconds=460.981082 published=0 delivered=0
scenario=m2-mode-transition base_seed=0x7a4e0000 sweep=200 shard=0/4 plant=None replay_canary=false seeds_run=50 violations=0 refused=0 equivalence_checks=0 documents_compared=0 corpus_documents=0 cut_classes=[] pipelined_seeds=0 depth_max=1 waits_barrier=0 waits_rotation=0 waits_reorder=0 budget_background_bytes=2621440 budget_deferrals=182585 waits_pace=0 write_stall_max_us=90983 reopened_packed_tails=100 ckpt_downgrades=0 ckpt_bound_splits=0 waits_fill=13038 waits_group=0 segments_recycled=0 recycle_misses=5527 recycle_fallbacks=0 segment_rotations=5428 recycled_residue_slacks=0 recycle_waits_started=0 recycle_waits_satisfied=0 recycle_waits_expired=0 segment_inline_preallocs=0 lift_seeds=0 lift_tiered_ops=0 lift_indexed_ops=0 lift_sidecars_loaded=0 stale_residue_slacks=0 lift_plants=0 lift_plant_lifts=0 lift_plant_sidecars=0
scenario=m2-mode-transition base_seed=0x7a4e0000 sweep=200 shard=1/4 plant=None replay_canary=false seeds_run=50 violations=0 refused=0 equivalence_checks=0 documents_compared=0 corpus_documents=0 cut_classes=[] pipelined_seeds=25 depth_max=3 waits_barrier=1694 waits_rotation=12 waits_reorder=0 budget_background_bytes=0 budget_deferrals=0 waits_pace=0 write_stall_max_us=88597 reopened_packed_tails=0 ckpt_downgrades=0 ckpt_bound_splits=0 waits_fill=0 waits_group=0 segments_recycled=0 recycle_misses=0 recycle_fallbacks=0 segment_rotations=91 recycled_residue_slacks=12 recycle_waits_started=0 recycle_waits_satisfied=0 recycle_waits_expired=0 segment_inline_preallocs=0 lift_seeds=0 lift_tiered_ops=0 lift_indexed_ops=0 lift_sidecars_loaded=0 stale_residue_slacks=0 lift_plants=0 lift_plant_lifts=0 lift_plant_sidecars=0
scenario=m2-mode-transition base_seed=0x7a4e0000 sweep=200 shard=2/4 plant=None replay_canary=false seeds_run=50 violations=0 refused=0 equivalence_checks=0 documents_compared=0 corpus_documents=639 cut_classes=[] pipelined_seeds=50 depth_max=3 waits_barrier=6469 waits_rotation=4129 waits_reorder=0 budget_background_bytes=95965184 budget_deferrals=232891 waits_pace=0 write_stall_max_us=89367 reopened_packed_tails=100 ckpt_downgrades=0 ckpt_bound_splits=0 waits_fill=0 waits_group=0 segments_recycled=2336 recycle_misses=10901 recycle_fallbacks=0 segment_rotations=13137 recycled_residue_slacks=36 recycle_waits_started=0 recycle_waits_satisfied=0 recycle_waits_expired=0 segment_inline_preallocs=0 lift_seeds=50 lift_tiered_ops=11508 lift_indexed_ops=12707 lift_sidecars_loaded=100 stale_residue_slacks=0 lift_plants=100 lift_plant_lifts=100 lift_plant_sidecars=100
scenario=m2-mode-transition base_seed=0x7a4e0000 sweep=200 shard=3/4 plant=None replay_canary=false seeds_run=50 violations=0 refused=0 equivalence_checks=0 documents_compared=0 corpus_documents=0 cut_classes=[] pipelined_seeds=50 depth_max=4 waits_barrier=3385 waits_rotation=21 waits_reorder=0 budget_background_bytes=0 budget_deferrals=0 waits_pace=0 write_stall_max_us=90234 reopened_packed_tails=0 ckpt_downgrades=0 ckpt_bound_splits=0 waits_fill=0 waits_group=0 segments_recycled=0 recycle_misses=0 recycle_fallbacks=0 segment_rotations=89 recycled_residue_slacks=23 recycle_waits_started=0 recycle_waits_satisfied=0 recycle_waits_expired=0 segment_inline_preallocs=0 lift_seeds=0 lift_tiered_ops=0 lift_indexed_ops=0 lift_sidecars_loaded=0 stale_residue_slacks=0 lift_plants=0 lift_plant_lifts=0 lift_plant_sidecars=0
run-sweep: m2-mode-transition sweep OK (4 shards, 200 seeds from 0x7A4E0000; manifests under /tmp/tmp.VnmRbzvkrm)
sweep exit=0
