ops = 19737361
errors = 0
busy_retryable = 0
elapsed_s = 300.069
ops_per_sec = 65776
p50_us = 303
p99_us = 28671
p999_us = 368639
p9999_us = 1245183
max_us = 3559135
ops = 84638414
errors = 0
busy_retryable = 0
elapsed_s = 300.000
ops_per_sec = 282128
p50_us = 139
p99_us = 1375
p999_us = 57343
p9999_us = 483327
max_us = 3087474
ops = 234537148
errors = 0
busy_retryable = 0
elapsed_s = 300.000
ops_per_sec = 781789
p50_us = 111
p99_us = 591
p999_us = 4479
p9999_us = 14335
max_us = 1348850
ops = 227448567
errors = 0
busy_retryable = 0
elapsed_s = 300.000
ops_per_sec = 758161
p50_us = 109
p99_us = 591
p999_us = 4479
p9999_us = 16127
max_us = 1404782
ops = 211777206
errors = 0
busy_retryable = 0
elapsed_s = 300.000
ops_per_sec = 705923
p50_us = 127
p99_us = 655
p999_us = 4991
p9999_us = 13055
max_us = 855324
ops = 221155239
errors = 0
busy_retryable = 0
elapsed_s = 300.000
ops_per_sec = 737183
p50_us = 125
p99_us = 639
p999_us = 4735
p9999_us = 9983
max_us = 1507950
ops = 220652531
errors = 0
busy_retryable = 0
elapsed_s = 300.000
ops_per_sec = 735508
p50_us = 119
p99_us = 639
p999_us = 4735
p9999_us = 11007
max_us = 4037730
ops = 202669637
errors = 0
busy_retryable = 0
elapsed_s = 300.000
ops_per_sec = 675564
p50_us = 135
p99_us = 655
p999_us = 5119
p9999_us = 15871
max_us = 3631840
ops = 192438188
errors = 0
busy_retryable = 0
elapsed_s = 300.000
ops_per_sec = 641460
p50_us = 139
p99_us = 687
p999_us = 5631
p9999_us = 17407
max_us = 4239565
ops = 192046394
errors = 0
busy_retryable = 0
elapsed_s = 300.000
ops_per_sec = 640154
p50_us = 135
p99_us = 703
p999_us = 5631
p9999_us = 14079
max_us = 2005475
ops = 227051808
errors = 0
busy_retryable = 0
elapsed_s = 300.000
ops_per_sec = 756838
p50_us = 123
p99_us = 639
p999_us = 4735
p9999_us = 11007
max_us = 498776
ops = 219110890
errors = 0
busy_retryable = 0
elapsed_s = 300.197
ops_per_sec = 729891
p50_us = 131
p99_us = 655
p999_us = 4991
p9999_us = 11263
max_us = 1315979
ops = 197341944
errors = 0
busy_retryable = 0
elapsed_s = 300.000
ops_per_sec = 657806
p50_us = 131
p99_us = 687
p999_us = 5503
p9999_us = 14847
max_us = 3112678
ops = 198858670
errors = 0
busy_retryable = 0
elapsed_s = 300.000
ops_per_sec = 662861
p50_us = 131
p99_us = 687
p999_us = 5503
p9999_us = 15103
max_us = 2643530
ops = 211167993
errors = 0
busy_retryable = 0
elapsed_s = 300.000
ops_per_sec = 703893
p50_us = 117
p99_us = 671
p999_us = 5247
p9999_us = 13567
max_us = 3407764
ops = 215696677
errors = 0
busy_retryable = 0
elapsed_s = 300.000
ops_per_sec = 718988
p50_us = 131
p99_us = 671
p999_us = 4991
p9999_us = 11007
max_us = 2238973
ops = 215765305
errors = 0
busy_retryable = 0
elapsed_s = 300.000
ops_per_sec = 719217
p50_us = 123
p99_us = 655
p999_us = 4863
p9999_us = 12543
max_us = 1651620
ops = 207266944
errors = 0
busy_retryable = 0
elapsed_s = 300.001
ops_per_sec = 690888
p50_us = 119
p99_us = 655
p999_us = 5375
p9999_us = 16895
max_us = 2442742
ops = 209876359
errors = 0
busy_retryable = 0
elapsed_s = 300.000
ops_per_sec = 699587
p50_us = 115
p99_us = 671
p999_us = 5375
p9999_us = 17407
max_us = 1597010
ops = 220517135
errors = 0
busy_retryable = 0
elapsed_s = 300.000
ops_per_sec = 735056
p50_us = 115
p99_us = 639
p999_us = 4991
p9999_us = 16127
max_us = 2046768
ops = 257891215
errors = 0
busy_retryable = 0
elapsed_s = 300.000
ops_per_sec = 859636
p50_us = 97
p99_us = 575
p999_us = 4031
p9999_us = 10239
max_us = 494838
ops = 234568679
errors = 0
busy_retryable = 0
elapsed_s = 300.000
ops_per_sec = 781895
p50_us = 115
p99_us = 607
p999_us = 4479
p9999_us = 11519
max_us = 1984799
ops = 234315952
errors = 0
busy_retryable = 0
elapsed_s = 300.008
ops_per_sec = 781033
p50_us = 109
p99_us = 591
p999_us = 4479
p9999_us = 13567
max_us = 2257501
ops = 222259932
errors = 0
busy_retryable = 0
elapsed_s = 300.000
ops_per_sec = 740865
p50_us = 113
p99_us = 639
p999_us = 4863
p9999_us = 14079
max_us = 3928948
ops = 234372617
errors = 0
busy_retryable = 0
elapsed_s = 300.000
ops_per_sec = 781241
p50_us = 113
p99_us = 623
p999_us = 4607
p9999_us = 12799
max_us = 1450559
ops = 243911661
errors = 0
busy_retryable = 0
elapsed_s = 300.020
ops_per_sec = 812985
p50_us = 101
p99_us = 607
p999_us = 4351
p9999_us = 10751
max_us = 1147236
ops = 219075542
errors = 0
busy_retryable = 0
elapsed_s = 300.000
ops_per_sec = 730251
p50_us = 117
p99_us = 655
p999_us = 4991
p9999_us = 12031
max_us = 2045240
ops = 203243274
errors = 0
busy_retryable = 0
elapsed_s = 300.000
ops_per_sec = 677477
p50_us = 123
p99_us = 671
p999_us = 5375
p9999_us = 17919
max_us = 3862617
ops = 226739662
errors = 0
busy_retryable = 0
elapsed_s = 300.000
ops_per_sec = 755798
p50_us = 111
p99_us = 623
p999_us = 4863
p9999_us = 16127
max_us = 4453965
ops = 182625657
errors = 0
busy_retryable = 0
elapsed_s = 300.009
ops_per_sec = 608734
p50_us = 159
p99_us = 735
p999_us = 5759
p9999_us = 17407
max_us = 3651705
ops = 251387472
errors = 0
busy_retryable = 0
elapsed_s = 300.001
ops_per_sec = 837957
p50_us = 103
p99_us = 591
p999_us = 4095
p9999_us = 10239
max_us = 697538
ops = 224941843
errors = 0
busy_retryable = 0
elapsed_s = 300.004
ops_per_sec = 749797
p50_us = 113
p99_us = 639
p999_us = 4863
p9999_us = 13823
max_us = 1995107
ops = 241391470
errors = 0
busy_retryable = 0
elapsed_s = 300.000
ops_per_sec = 804637
p50_us = 103
p99_us = 591
p999_us = 4479
p9999_us = 13567
max_us = 1241785
ops = 223519334
errors = 0
busy_retryable = 0
elapsed_s = 300.001
ops_per_sec = 745063
p50_us = 109
p99_us = 655
p999_us = 4991
p9999_us = 17407
max_us = 1310990
ops = 210973992
errors = 0
busy_retryable = 0
elapsed_s = 301.506
ops_per_sec = 699733
p50_us = 125
p99_us = 655
p999_us = 4991
p9999_us = 14335
max_us = 3257975
ops = 213339768
errors = 0
busy_retryable = 0
elapsed_s = 300.000
ops_per_sec = 711132
p50_us = 123
p99_us = 639
p999_us = 4991
p9999_us = 13567
max_us = 1739896
ops = 222984521
errors = 0
busy_retryable = 0
elapsed_s = 300.000
ops_per_sec = 743281
p50_us = 121
p99_us = 639
p999_us = 4735
p9999_us = 12543
max_us = 1233464
ops = 231852034
errors = 0
busy_retryable = 0
elapsed_s = 300.000
ops_per_sec = 772839
p50_us = 115
p99_us = 607
p999_us = 4607
p9999_us = 14591
max_us = 4796570
ops = 214300930
errors = 0
busy_retryable = 0
elapsed_s = 300.000
ops_per_sec = 714336
p50_us = 113
p99_us = 639
p999_us = 5119
p9999_us = 14847
max_us = 3751039
ops = 198177734
errors = 0
busy_retryable = 0
elapsed_s = 300.000
ops_per_sec = 660592
p50_us = 131
p99_us = 703
p999_us = 5631
p9999_us = 16895
max_us = 2575741
ops = 241164245
errors = 0
busy_retryable = 0
elapsed_s = 300.000
ops_per_sec = 803880
p50_us = 111
p99_us = 591
p999_us = 4351
p9999_us = 11007
max_us = 2403106
ops = 236960259
errors = 0
busy_retryable = 0
elapsed_s = 300.000
ops_per_sec = 789866
p50_us = 113
p99_us = 607
p999_us = 4351
p9999_us = 12031
max_us = 1434392
ops = 216988657
errors = 0
busy_retryable = 0
elapsed_s = 300.007
ops_per_sec = 723279
p50_us = 109
p99_us = 639
p999_us = 4991
p9999_us = 13055
max_us = 4191052
ops = 204635409
errors = 0
busy_retryable = 0
elapsed_s = 300.005
ops_per_sec = 682107
p50_us = 121
p99_us = 687
p999_us = 5375
p9999_us = 17919
max_us = 1655094
ops = 226442695
errors = 0
busy_retryable = 0
elapsed_s = 300.000
ops_per_sec = 754808
p50_us = 107
p99_us = 639
p999_us = 4735
p9999_us = 13055
max_us = 3252334
ops = 236276333
errors = 0
busy_retryable = 0
elapsed_s = 300.000
ops_per_sec = 787587
p50_us = 111
p99_us = 639
p999_us = 4479
p9999_us = 11263
max_us = 498344
ops = 228220292
errors = 0
busy_retryable = 0
elapsed_s = 300.000
ops_per_sec = 760733
p50_us = 111
p99_us = 623
p999_us = 4735
p9999_us = 14591
max_us = 1431469
ops = 206247694
errors = 0
busy_retryable = 0
elapsed_s = 300.751
ops_per_sec = 685775
p50_us = 117
p99_us = 671
p999_us = 5375
p9999_us = 17919
max_us = 3069424
ops = 195334199
errors = 0
busy_retryable = 0
elapsed_s = 300.000
ops_per_sec = 651113
p50_us = 135
p99_us = 703
p999_us = 5503
p9999_us = 22015
max_us = 1702270
ops = 212796726
errors = 0
busy_retryable = 0
elapsed_s = 300.000
ops_per_sec = 709321
p50_us = 115
p99_us = 655
p999_us = 5247
p9999_us = 16895
max_us = 3099218
ops = 229673081
errors = 0
busy_retryable = 0
elapsed_s = 300.000
ops_per_sec = 765576
p50_us = 107
p99_us = 639
p999_us = 4735
p9999_us = 12799
max_us = 1849098
ops = 234678446
errors = 0
busy_retryable = 0
elapsed_s = 300.000
ops_per_sec = 782261
p50_us = 103
p99_us = 591
p999_us = 4479
p9999_us = 13055
max_us = 2628547
ops = 223244255
errors = 0
busy_retryable = 0
elapsed_s = 300.001
ops_per_sec = 744146
p50_us = 113
p99_us = 623
p999_us = 4863
p9999_us = 14847
max_us = 4087814
ops = 209480923
errors = 0
busy_retryable = 0
elapsed_s = 300.000
ops_per_sec = 698269
p50_us = 113
p99_us = 671
p999_us = 5375
p9999_us = 18943
max_us = 2934582
ops = 203265309
errors = 0
busy_retryable = 0
elapsed_s = 300.000
ops_per_sec = 677550
p50_us = 131
p99_us = 671
p999_us = 5119
p9999_us = 15871
max_us = 1167595
ops = 222885083
errors = 0
busy_retryable = 0
elapsed_s = 300.000
ops_per_sec = 742949
p50_us = 123
p99_us = 671
p999_us = 4863
p9999_us = 12031
max_us = 472754
ops = 240494701
errors = 0
busy_retryable = 0
elapsed_s = 300.006
ops_per_sec = 801633
p50_us = 111
p99_us = 607
p999_us = 4479
p9999_us = 13311
max_us = 1830742
ops = 207094559
errors = 0
busy_retryable = 0
elapsed_s = 300.001
ops_per_sec = 690314
p50_us = 131
p99_us = 671
p999_us = 5375
p9999_us = 17919
max_us = 1022277
ops = 193721226
errors = 0
busy_retryable = 0
elapsed_s = 300.000
ops_per_sec = 645737
p50_us = 143
p99_us = 703
p999_us = 5503
p9999_us = 22015
max_us = 5076511
ops = 218474381
errors = 0
busy_retryable = 0
elapsed_s = 300.086
ops_per_sec = 728040
p50_us = 121
p99_us = 623
p999_us = 4735
p9999_us = 13055
max_us = 2222803
ops = 244923256
errors = 0
busy_retryable = 0
elapsed_s = 300.000
ops_per_sec = 816410
p50_us = 107
p99_us = 607
p999_us = 4223
p9999_us = 9727
max_us = 1138662
ops = 249095979
errors = 0
busy_retryable = 0
elapsed_s = 300.585
ops_per_sec = 828704
p50_us = 99
p99_us = 575
p999_us = 4095
p9999_us = 10239
max_us = 2678557
ops = 232599973
errors = 0
busy_retryable = 0
elapsed_s = 300.000
ops_per_sec = 775332
p50_us = 109
p99_us = 607
p999_us = 4351
p9999_us = 12031
max_us = 3937658
ops = 200763352
errors = 0
busy_retryable = 0
elapsed_s = 300.001
ops_per_sec = 669210
p50_us = 131
p99_us = 607
p999_us = 4735
p9999_us = 17407
max_us = 3004825
ops = 216161420
errors = 0
busy_retryable = 0
elapsed_s = 300.000
ops_per_sec = 720537
p50_us = 115
p99_us = 639
p999_us = 4735
p9999_us = 13311
max_us = 1894458
ops = 235709031
errors = 0
busy_retryable = 0
elapsed_s = 300.000
ops_per_sec = 785696
p50_us = 105
p99_us = 591
p999_us = 4351
p9999_us = 11007
max_us = 5188028
ops = 229687264
errors = 0
busy_retryable = 0
elapsed_s = 300.000
ops_per_sec = 765623
p50_us = 105
p99_us = 607
p999_us = 4607
p9999_us = 21503
max_us = 3015088
ops = 147422846
errors = 0
busy_retryable = 0
elapsed_s = 300.001
ops_per_sec = 491407
p50_us = 155
p99_us = 783
p999_us = 7039
p9999_us = 69631
max_us = 6635699
ops = 157163299
errors = 0
busy_retryable = 0
elapsed_s = 300.000
ops_per_sec = 523877
p50_us = 155
p99_us = 735
p999_us = 6527
p9999_us = 63487
max_us = 6459444
ops = 170227443
errors = 0
busy_retryable = 0
elapsed_s = 300.000
ops_per_sec = 567424
p50_us = 139
p99_us = 719
p999_us = 5887
p9999_us = 57343
max_us = 6308064
ops = 175207598
errors = 0
busy_retryable = 0
elapsed_s = 300.001
ops_per_sec = 584022
p50_us = 135
p99_us = 719
p999_us = 5759
p9999_us = 40959
max_us = 5503267
ops = 150969445
errors = 0
busy_retryable = 0
elapsed_s = 300.000
ops_per_sec = 503231
p50_us = 147
p99_us = 751
p999_us = 6271
p9999_us = 51199
max_us = 5782101
ops = 139611748
errors = 0
busy_retryable = 0
elapsed_s = 300.000
ops_per_sec = 465372
p50_us = 167
p99_us = 847
p999_us = 7167
p9999_us = 79871
max_us = 4746470
ops = 139233294
errors = 0
busy_retryable = 0
elapsed_s = 300.000
ops_per_sec = 464110
p50_us = 159
p99_us = 783
p999_us = 7039
p9999_us = 98303
max_us = 5929352
ops = 198050998
errors = 0
busy_retryable = 0
elapsed_s = 300.000
ops_per_sec = 660169
p50_us = 125
p99_us = 671
p999_us = 5503
p9999_us = 31743
max_us = 3628573
ops = 212532566
errors = 0
busy_retryable = 0
elapsed_s = 300.000
ops_per_sec = 708441
p50_us = 125
p99_us = 671
p999_us = 4991
p9999_us = 11263
max_us = 527152
ops = 232464285
errors = 0
busy_retryable = 0
elapsed_s = 300.001
ops_per_sec = 774880
p50_us = 105
p99_us = 607
p999_us = 4479
p9999_us = 12287
max_us = 1353710
ops = 213075935
errors = 0
busy_retryable = 0
elapsed_s = 300.000
ops_per_sec = 710252
p50_us = 123
p99_us = 639
p999_us = 4991
p9999_us = 21503
max_us = 3203551
ops = 184618728
errors = 0
busy_retryable = 0
elapsed_s = 300.000
ops_per_sec = 615395
p50_us = 135
p99_us = 735
p999_us = 5887
p9999_us = 21503
max_us = 3729564
ops = 195782403
errors = 0
busy_retryable = 0
elapsed_s = 300.075
ops_per_sec = 652445
p50_us = 135
p99_us = 687
p999_us = 5631
p9999_us = 16895
max_us = 2973753
ops = 249018488
errors = 0
busy_retryable = 0
elapsed_s = 300.001
ops_per_sec = 830060
p50_us = 103
p99_us = 607
p999_us = 4351
p9999_us = 11263
max_us = 826133
ops = 240965147
errors = 0
busy_retryable = 0
elapsed_s = 300.000
ops_per_sec = 803216
p50_us = 107
p99_us = 591
p999_us = 4351
p9999_us = 12287
max_us = 1719759
ops = 231469671
errors = 0
busy_retryable = 0
elapsed_s = 300.000
ops_per_sec = 771565
p50_us = 107
p99_us = 623
p999_us = 4735
p9999_us = 13823
max_us = 2392206
ops = 212878930
errors = 0
busy_retryable = 0
elapsed_s = 300.000
ops_per_sec = 709596
p50_us = 115
p99_us = 639
p999_us = 5119
p9999_us = 17919
max_us = 1979535
ops = 216066918
errors = 0
busy_retryable = 0
elapsed_s = 300.000
ops_per_sec = 720222
p50_us = 127
p99_us = 655
p999_us = 4991
p9999_us = 15615
max_us = 1695556
ops = 225948348
errors = 0
busy_retryable = 0
elapsed_s = 300.000
ops_per_sec = 753160
p50_us = 113
p99_us = 639
p999_us = 4735
p9999_us = 12543
max_us = 582374
ops = 202023088
errors = 0
busy_retryable = 0
elapsed_s = 300.000
ops_per_sec = 673410
p50_us = 131
p99_us = 671
p999_us = 5375
p9999_us = 17919
max_us = 1852775
ops = 214486139
errors = 0
busy_retryable = 0
elapsed_s = 300.000
ops_per_sec = 714953
p50_us = 119
p99_us = 655
p999_us = 5119
p9999_us = 17407
max_us = 1805469
ops = 230755396
errors = 0
busy_retryable = 0
elapsed_s = 300.000
ops_per_sec = 769184
p50_us = 105
p99_us = 623
p999_us = 4735
p9999_us = 13823
max_us = 3915978
ops = 196065115
errors = 0
busy_retryable = 0
elapsed_s = 300.000
ops_per_sec = 653550
p50_us = 139
p99_us = 703
p999_us = 5247
p9999_us = 15871
max_us = 2959245
ops = 236847013
errors = 0
busy_retryable = 0
elapsed_s = 300.000
ops_per_sec = 789489
p50_us = 107
p99_us = 623
p999_us = 4607
p9999_us = 11775
max_us = 460771
ops = 211281031
errors = 0
busy_retryable = 0
elapsed_s = 300.000
ops_per_sec = 704269
p50_us = 131
p99_us = 671
p999_us = 5247
p9999_us = 15103
max_us = 690671
ops = 212092958
errors = 0
busy_retryable = 0
elapsed_s = 300.004
ops_per_sec = 706967
p50_us = 119
p99_us = 655
p999_us = 4991
p9999_us = 19455
max_us = 1304571
ops = 200759251
errors = 0
busy_retryable = 0
elapsed_s = 300.000
ops_per_sec = 669197
p50_us = 125
p99_us = 687
p999_us = 5503
p9999_us = 22015
max_us = 3923537
ops = 209632077
errors = 0
busy_retryable = 0
elapsed_s = 300.000
ops_per_sec = 698773
p50_us = 109
p99_us = 671
p999_us = 5375
p9999_us = 16895
max_us = 2232175
ops = 233518694
errors = 0
busy_retryable = 0
elapsed_s = 300.000
ops_per_sec = 778395
p50_us = 107
p99_us = 639
p999_us = 4607
p9999_us = 12031
max_us = 2016626
ops = 209419101
errors = 0
busy_retryable = 0
elapsed_s = 300.000
ops_per_sec = 698063
p50_us = 123
p99_us = 671
p999_us = 5119
p9999_us = 14079
max_us = 7109496
ops = 157838418
errors = 0
busy_retryable = 0
elapsed_s = 300.005
ops_per_sec = 526119
p50_us = 139
p99_us = 751
p999_us = 6271
p9999_us = 73727
max_us = 7050727
ops = 161165159
errors = 0
busy_retryable = 0
elapsed_s = 300.000
ops_per_sec = 537216
p50_us = 139
p99_us = 767
p999_us = 6527
p9999_us = 71679
max_us = 4934225
ops = 155789148
errors = 0
busy_retryable = 0
elapsed_s = 300.000
ops_per_sec = 519296
p50_us = 147
p99_us = 767
p999_us = 6527
p9999_us = 64511
max_us = 5936663
ops = 156999096
errors = 0
busy_retryable = 0
elapsed_s = 300.017
ops_per_sec = 523301
p50_us = 143
p99_us = 735
p999_us = 6143
p9999_us = 67583
max_us = 5814439
ops = 162308712
errors = 0
busy_retryable = 0
elapsed_s = 300.000
ops_per_sec = 541028
p50_us = 147
p99_us = 767
p999_us = 6271
p9999_us = 58367
max_us = 4377047
ops = 150386084
errors = 0
busy_retryable = 0
elapsed_s = 300.000
ops_per_sec = 501286
p50_us = 143
p99_us = 783
p999_us = 6783
p9999_us = 75775
max_us = 6754693
ops = 154091424
errors = 0
busy_retryable = 0
elapsed_s = 301.168
ops_per_sec = 511646
p50_us = 143
p99_us = 767
p999_us = 6655
p9999_us = 77823
max_us = 4051803
ops = 165228327
errors = 0
busy_retryable = 0
elapsed_s = 300.000
ops_per_sec = 550760
p50_us = 135
p99_us = 735
p999_us = 6271
p9999_us = 67583
max_us = 3857757
ops = 243143499
errors = 0
busy_retryable = 0
elapsed_s = 300.000
ops_per_sec = 810477
p50_us = 113
p99_us = 607
p999_us = 4351
p9999_us = 11263
max_us = 891314
ops = 201712996
errors = 0
busy_retryable = 0
elapsed_s = 300.000
ops_per_sec = 672376
p50_us = 125
p99_us = 703
p999_us = 5375
p9999_us = 16383
max_us = 1117327
ops = 222911297
errors = 0
busy_retryable = 0
elapsed_s = 300.000
ops_per_sec = 743037
p50_us = 117
p99_us = 639
p999_us = 5119
p9999_us = 16895
max_us = 1158542
ops = 214649478
errors = 0
busy_retryable = 0
elapsed_s = 300.000
ops_per_sec = 715497
p50_us = 113
p99_us = 687
p999_us = 5375
p9999_us = 17407
max_us = 1787382
ops = 228097967
errors = 0
busy_retryable = 0
elapsed_s = 300.001
ops_per_sec = 760324
p50_us = 107
p99_us = 639
p999_us = 4991
p9999_us = 16383
max_us = 1472996
ops = 234280544
errors = 0
busy_retryable = 0
elapsed_s = 300.002
ops_per_sec = 780929
p50_us = 113
p99_us = 639
p999_us = 4607
p9999_us = 13823
max_us = 507434
ops = 234574182
errors = 0
busy_retryable = 0
elapsed_s = 300.000
ops_per_sec = 781913
p50_us = 109
p99_us = 607
p999_us = 4607
p9999_us = 13055
max_us = 3650103
ops = 205700616
errors = 0
busy_retryable = 0
elapsed_s = 300.001
ops_per_sec = 685666
p50_us = 125
p99_us = 687
p999_us = 5375
p9999_us = 17919
max_us = 1648372
ops = 205523192
errors = 0
busy_retryable = 0
elapsed_s = 300.000
ops_per_sec = 685077
p50_us = 131
p99_us = 687
p999_us = 5631
p9999_us = 20991
max_us = 1058929
ops = 223816373
errors = 0
busy_retryable = 0
elapsed_s = 300.000
ops_per_sec = 746054
p50_us = 113
p99_us = 655
p999_us = 5119
p9999_us = 13311
max_us = 2729283
ops = 196002318
errors = 0
busy_retryable = 0
elapsed_s = 300.000
ops_per_sec = 653340
p50_us = 143
p99_us = 719
p999_us = 5247
p9999_us = 15359
max_us = 1929717
ops = 207748616
errors = 0
busy_retryable = 0
elapsed_s = 300.002
ops_per_sec = 692492
p50_us = 125
p99_us = 671
p999_us = 5247
p9999_us = 16127
max_us = 1578123
ops = 206033330
errors = 0
busy_retryable = 0
elapsed_s = 300.000
ops_per_sec = 686777
p50_us = 131
p99_us = 671
p999_us = 5375
p9999_us = 18431
max_us = 1809019
ops = 225547068
errors = 0
busy_retryable = 0
elapsed_s = 300.000
ops_per_sec = 751823
p50_us = 111
p99_us = 607
p999_us = 4991
p9999_us = 18431
max_us = 1977856
ops = 192017327
errors = 0
busy_retryable = 0
elapsed_s = 300.000
ops_per_sec = 640057
p50_us = 131
p99_us = 719
p999_us = 5503
p9999_us = 19455
max_us = 1427332
ops = 196873147
errors = 0
busy_retryable = 0
elapsed_s = 300.000
ops_per_sec = 656243
p50_us = 139
p99_us = 719
p999_us = 5503
p9999_us = 16127
max_us = 775685
ops = 230062941
errors = 0
busy_retryable = 0
elapsed_s = 300.001
ops_per_sec = 766875
p50_us = 111
p99_us = 639
p999_us = 4735
p9999_us = 14079
max_us = 1113826
ops = 210375383
errors = 0
busy_retryable = 0
elapsed_s = 300.004
ops_per_sec = 701242
p50_us = 131
p99_us = 639
p999_us = 4863
p9999_us = 14335
max_us = 2400081
ops = 215722032
errors = 0
busy_retryable = 0
elapsed_s = 300.000
ops_per_sec = 719072
p50_us = 119
p99_us = 639
p999_us = 5247
p9999_us = 18943
max_us = 1696212
ops = 214829041
errors = 0
busy_retryable = 0
elapsed_s = 300.682
ops_per_sec = 714471
p50_us = 127
p99_us = 639
p999_us = 4863
p9999_us = 15103
max_us = 2870248
ops = 238336545
errors = 0
busy_retryable = 0
elapsed_s = 300.000
ops_per_sec = 794454
p50_us = 105
p99_us = 623
p999_us = 4479
p9999_us = 12543
max_us = 1240242
ops = 217481156
errors = 0
busy_retryable = 0
elapsed_s = 300.000
ops_per_sec = 724936
p50_us = 117
p99_us = 671
p999_us = 5247
p9999_us = 16895
max_us = 1707368
ops = 238740308
errors = 0
busy_retryable = 0
elapsed_s = 300.001
ops_per_sec = 795800
p50_us = 113
p99_us = 591
p999_us = 4479
p9999_us = 12031
max_us = 1213935
ops = 214978233
errors = 0
busy_retryable = 0
elapsed_s = 300.001
ops_per_sec = 716592
p50_us = 121
p99_us = 623
p999_us = 4735
p9999_us = 15359
max_us = 4763849
ops = 216016572
errors = 0
busy_retryable = 0
elapsed_s = 300.000
ops_per_sec = 720054
p50_us = 123
p99_us = 639
p999_us = 4991
p9999_us = 14079
max_us = 2049045
ops = 250558375
errors = 0
busy_retryable = 0
elapsed_s = 300.000
ops_per_sec = 835194
p50_us = 103
p99_us = 575
p999_us = 3967
p9999_us = 10239
max_us = 1939492
ops = 223791338
errors = 0
busy_retryable = 0
elapsed_s = 300.000
ops_per_sec = 745970
p50_us = 117
p99_us = 623
p999_us = 4607
p9999_us = 11775
max_us = 1680647
ops = 201412854
errors = 0
busy_retryable = 0
elapsed_s = 300.000
ops_per_sec = 671375
p50_us = 123
p99_us = 671
p999_us = 5119
p9999_us = 13311
max_us = 5273039
ops = 218605097
errors = 0
busy_retryable = 0
elapsed_s = 300.007
ops_per_sec = 728667
p50_us = 115
p99_us = 639
p999_us = 4991
p9999_us = 23039
max_us = 3336271
ops = 145164403
errors = 0
busy_retryable = 0
elapsed_s = 300.763
ops_per_sec = 482654
p50_us = 151
p99_us = 751
p999_us = 6527
p9999_us = 83967
max_us = 4421424
ops = 162156379
errors = 0
busy_retryable = 0
elapsed_s = 300.000
ops_per_sec = 540521
p50_us = 135
p99_us = 703
p999_us = 5759
p9999_us = 73727
max_us = 6980449
ops = 159664108
errors = 0
busy_retryable = 0
elapsed_s = 300.000
ops_per_sec = 532213
p50_us = 135
p99_us = 703
p999_us = 5887
p9999_us = 63487
max_us = 6199330
ops = 144865567
errors = 0
busy_retryable = 0
elapsed_s = 300.000
ops_per_sec = 482885
p50_us = 171
p99_us = 799
p999_us = 7167
p9999_us = 83967
max_us = 4341891
ops = 168180675
errors = 0
busy_retryable = 0
elapsed_s = 302.555
ops_per_sec = 555868
p50_us = 131
p99_us = 719
p999_us = 6015
p9999_us = 62463
max_us = 3758801
ops = 166695454
errors = 0
busy_retryable = 0
elapsed_s = 300.000
ops_per_sec = 555651
p50_us = 131
p99_us = 703
p999_us = 6143
p9999_us = 59391
max_us = 5537036
ops = 183353997
errors = 0
busy_retryable = 0
elapsed_s = 300.000
ops_per_sec = 611179
p50_us = 131
p99_us = 671
p999_us = 5375
p9999_us = 49151
max_us = 4454401
ops = 177195562
errors = 0
busy_retryable = 0
elapsed_s = 300.000
ops_per_sec = 590651
p50_us = 143
p99_us = 687
p999_us = 5887
p9999_us = 44031
max_us = 4490341
ops = 223206751
errors = 0
busy_retryable = 0
elapsed_s = 300.000
ops_per_sec = 744022
p50_us = 109
p99_us = 607
p999_us = 4735
p9999_us = 16383
max_us = 2089844
ops = 212909874
errors = 0
busy_retryable = 0
elapsed_s = 300.000
ops_per_sec = 709698
p50_us = 117
p99_us = 639
p999_us = 4863
p9999_us = 16895
max_us = 1778587
ops = 226198445
errors = 0
busy_retryable = 0
elapsed_s = 300.001
ops_per_sec = 753993
p50_us = 117
p99_us = 607
p999_us = 4479
p9999_us = 13567
max_us = 2394867
ops = 231327285
errors = 0
busy_retryable = 0
elapsed_s = 300.000
ops_per_sec = 771090
p50_us = 119
p99_us = 607
p999_us = 4479
p9999_us = 10495
max_us = 676135
ops = 230365850
errors = 0
busy_retryable = 0
elapsed_s = 300.000
ops_per_sec = 767885
p50_us = 115
p99_us = 623
p999_us = 4479
p9999_us = 11263
max_us = 1235124
ops = 200646228
errors = 0
busy_retryable = 0
elapsed_s = 300.586
ops_per_sec = 667517
p50_us = 119
p99_us = 639
p999_us = 5119
p9999_us = 17919
max_us = 2883005
ops = 225220770
errors = 0
busy_retryable = 0
elapsed_s = 300.000
ops_per_sec = 750735
p50_us = 107
p99_us = 623
p999_us = 4607
p9999_us = 14847
max_us = 3273311
ops = 213920872
errors = 0
busy_retryable = 0
elapsed_s = 300.000
ops_per_sec = 713069
p50_us = 125
p99_us = 639
p999_us = 4991
p9999_us = 13311
max_us = 2485629
ops = 234637393
errors = 0
busy_retryable = 0
elapsed_s = 300.000
ops_per_sec = 782124
p50_us = 109
p99_us = 623
p999_us = 4479
p9999_us = 10239
max_us = 489211
ops = 232057102
errors = 0
busy_retryable = 0
elapsed_s = 300.000
ops_per_sec = 773523
p50_us = 117
p99_us = 591
p999_us = 4351
p9999_us = 11263
max_us = 1762575
ops = 172295858
errors = 0
busy_retryable = 0
elapsed_s = 300.000
ops_per_sec = 574319
p50_us = 131
p99_us = 687
p999_us = 5759
p9999_us = 63487
max_us = 4692688
ops = 161724845
errors = 0
busy_retryable = 0
elapsed_s = 300.000
ops_per_sec = 539082
p50_us = 139
p99_us = 719
p999_us = 6143
p9999_us = 75775
max_us = 4665217
ops = 163920215
errors = 0
busy_retryable = 0
elapsed_s = 300.001
ops_per_sec = 546399
p50_us = 135
p99_us = 687
p999_us = 5759
p9999_us = 71679
max_us = 5165407
ops = 162412250
errors = 0
busy_retryable = 0
elapsed_s = 300.000
ops_per_sec = 541373
p50_us = 139
p99_us = 703
p999_us = 5887
p9999_us = 64511
max_us = 5829247
ops = 166600323
errors = 0
busy_retryable = 0
elapsed_s = 300.000
ops_per_sec = 555334
p50_us = 139
p99_us = 703
p999_us = 5887
p9999_us = 58367
max_us = 6313791
ops = 151015842
errors = 0
busy_retryable = 0
elapsed_s = 300.000
ops_per_sec = 503385
p50_us = 139
p99_us = 703
p999_us = 6143
p9999_us = 155647
max_us = 6714341
ops = 137868593
errors = 0
busy_retryable = 0
elapsed_s = 300.407
ops_per_sec = 458940
p50_us = 167
p99_us = 799
p999_us = 6911
p9999_us = 184319
max_us = 3839258
ops = 164971320
errors = 0
busy_retryable = 0
elapsed_s = 300.000
ops_per_sec = 549904
p50_us = 135
p99_us = 703
p999_us = 6015
p9999_us = 57343
max_us = 5691714
ops = 239226589
errors = 0
busy_retryable = 0
elapsed_s = 300.000
ops_per_sec = 797421
p50_us = 103
p99_us = 607
p999_us = 4351
p9999_us = 10751
max_us = 1377021
ops = 223519570
errors = 0
busy_retryable = 0
elapsed_s = 300.000
ops_per_sec = 745064
p50_us = 111
p99_us = 639
p999_us = 4863
p9999_us = 12799
max_us = 1731820
ops = 224576572
errors = 0
busy_retryable = 0
elapsed_s = 300.000
ops_per_sec = 748588
p50_us = 111
p99_us = 623
p999_us = 4863
p9999_us = 13823
max_us = 1464851
ops = 210144609
errors = 0
busy_retryable = 0
elapsed_s = 300.001
ops_per_sec = 700481
p50_us = 121
p99_us = 671
p999_us = 5247
p9999_us = 21503
max_us = 875031
ops = 231152025
errors = 0
busy_retryable = 0
elapsed_s = 300.001
ops_per_sec = 770505
p50_us = 111
p99_us = 607
p999_us = 4479
p9999_us = 11775
max_us = 1175042
ops = 228744796
errors = 0
busy_retryable = 0
elapsed_s = 300.000
ops_per_sec = 762482
p50_us = 119
p99_us = 607
p999_us = 4479
p9999_us = 11775
max_us = 1636591
ops = 217788952
errors = 0
busy_retryable = 0
elapsed_s = 300.076
ops_per_sec = 725780
p50_us = 117
p99_us = 655
p999_us = 4863
p9999_us = 14847
max_us = 1159357
ops = 191694688
errors = 0
busy_retryable = 0
elapsed_s = 300.000
ops_per_sec = 638982
p50_us = 131
p99_us = 735
p999_us = 5887
p9999_us = 23039
max_us = 753993
ops = 209264722
errors = 0
busy_retryable = 0
elapsed_s = 300.000
ops_per_sec = 697548
p50_us = 111
p99_us = 671
p999_us = 5247
p9999_us = 15871
max_us = 2086302
ops = 164500228
errors = 0
busy_retryable = 0
elapsed_s = 300.000
ops_per_sec = 548333
p50_us = 143
p99_us = 751
p999_us = 6399
p9999_us = 53247
max_us = 5250810
ops = 183681712
errors = 0
busy_retryable = 0
elapsed_s = 300.000
ops_per_sec = 612272
p50_us = 131
p99_us = 703
p999_us = 5631
p9999_us = 30719
max_us = 6443164
ops = 160652629
errors = 0
busy_retryable = 0
elapsed_s = 303.214
ops_per_sec = 529833
p50_us = 151
p99_us = 783
p999_us = 6399
p9999_us = 63487
max_us = 5417447
ops = 159369136
errors = 0
busy_retryable = 0
elapsed_s = 300.158
ops_per_sec = 530951
p50_us = 139
p99_us = 719
p999_us = 6399
p9999_us = 75775
max_us = 5503187
ops = 154512352
errors = 0
busy_retryable = 0
elapsed_s = 300.000
ops_per_sec = 515040
p50_us = 143
p99_us = 751
p999_us = 6655
p9999_us = 88063
max_us = 5730931
ops = 154848630
errors = 0
busy_retryable = 0
elapsed_s = 300.340
ops_per_sec = 515578
p50_us = 139
p99_us = 735
p999_us = 6271
p9999_us = 83967
max_us = 4763520
ops = 161186579
errors = 0
busy_retryable = 0
elapsed_s = 300.000
ops_per_sec = 537288
p50_us = 135
p99_us = 719
p999_us = 6015
p9999_us = 86015
max_us = 5121326
ops = 152654554
errors = 0
busy_retryable = 0
elapsed_s = 300.000
ops_per_sec = 508848
p50_us = 143
p99_us = 783
p999_us = 6783
p9999_us = 77823
max_us = 5975415
ops = 234546492
errors = 0
busy_retryable = 0
elapsed_s = 300.000
ops_per_sec = 781821
p50_us = 103
p99_us = 607
p999_us = 4735
p9999_us = 14591
max_us = 1343710
ops = 206854646
errors = 0
busy_retryable = 0
elapsed_s = 300.000
ops_per_sec = 689515
p50_us = 127
p99_us = 671
p999_us = 5247
p9999_us = 22015
max_us = 1311382
ops = 200630385
errors = 0
busy_retryable = 0
elapsed_s = 300.001
ops_per_sec = 668767
p50_us = 135
p99_us = 671
p999_us = 5119
p9999_us = 17919
max_us = 2867075
ops = 229291826
errors = 0
busy_retryable = 0
elapsed_s = 300.000
ops_per_sec = 764305
p50_us = 121
p99_us = 607
p999_us = 4607
p9999_us = 12799
max_us = 1566206
ops = 206419689
errors = 0
busy_retryable = 0
elapsed_s = 300.046
ops_per_sec = 687960
p50_us = 123
p99_us = 687
p999_us = 5247
p9999_us = 16383
max_us = 1041499
ops = 211757469
errors = 0
busy_retryable = 0
elapsed_s = 300.000
ops_per_sec = 705857
p50_us = 127
p99_us = 687
p999_us = 5375
p9999_us = 15871
max_us = 2613578
ops = 203299754
errors = 0
busy_retryable = 0
elapsed_s = 300.000
ops_per_sec = 677665
p50_us = 127
p99_us = 687
p999_us = 5375
p9999_us = 19455
max_us = 1404420
ops = 200868866
errors = 0
busy_retryable = 0
elapsed_s = 300.000
ops_per_sec = 669562
p50_us = 139
p99_us = 687
p999_us = 5247
p9999_us = 16895
max_us = 1045339
ops = 222035334
errors = 0
busy_retryable = 0
elapsed_s = 300.000
ops_per_sec = 740117
p50_us = 127
p99_us = 655
p999_us = 5119
p9999_us = 14079
max_us = 1750389
ops = 212699111
errors = 0
busy_retryable = 0
elapsed_s = 300.428
ops_per_sec = 707987
p50_us = 135
p99_us = 639
p999_us = 4991
p9999_us = 15359
max_us = 1050610
ops = 228114312
errors = 0
busy_retryable = 0
elapsed_s = 300.000
ops_per_sec = 760380
p50_us = 107
p99_us = 623
p999_us = 4991
p9999_us = 17407
max_us = 1583899
ops = 203367241
errors = 0
busy_retryable = 0
elapsed_s = 300.000
ops_per_sec = 677890
p50_us = 125
p99_us = 687
p999_us = 5631
p9999_us = 19967
max_us = 3977791
ops = 208438722
errors = 0
busy_retryable = 0
elapsed_s = 300.000
ops_per_sec = 694795
p50_us = 123
p99_us = 671
p999_us = 5247
p9999_us = 16383
max_us = 3481610
ops = 229723367
errors = 0
busy_retryable = 0
elapsed_s = 300.001
ops_per_sec = 765743
p50_us = 113
p99_us = 639
p999_us = 4607
p9999_us = 12031
max_us = 1566508
ops = 231106853
errors = 0
busy_retryable = 0
elapsed_s = 300.000
ops_per_sec = 770355
p50_us = 111
p99_us = 607
p999_us = 4607
p9999_us = 13311
max_us = 2568868
ops = 223254184
errors = 0
busy_retryable = 0
elapsed_s = 300.000
ops_per_sec = 744180
p50_us = 113
p99_us = 639
p999_us = 4991
p9999_us = 15615
max_us = 4301062
ops = 208733458
errors = 0
busy_retryable = 0
elapsed_s = 300.005
ops_per_sec = 695766
p50_us = 117
p99_us = 671
p999_us = 5375
p9999_us = 18943
max_us = 3332447
ops = 217630375
errors = 0
busy_retryable = 0
elapsed_s = 300.000
ops_per_sec = 725433
p50_us = 115
p99_us = 639
p999_us = 4607
p9999_us = 13055
max_us = 3551567
ops = 210559897
errors = 0
busy_retryable = 0
elapsed_s = 300.000
ops_per_sec = 701865
p50_us = 135
p99_us = 671
p999_us = 5119
p9999_us = 13823
max_us = 447566
ops = 189019230
errors = 0
busy_retryable = 0
elapsed_s = 300.000
ops_per_sec = 630063
p50_us = 147
p99_us = 735
p999_us = 5503
p9999_us = 18431
max_us = 885475
ops = 219928119
errors = 0
busy_retryable = 0
elapsed_s = 300.000
ops_per_sec = 733093
p50_us = 113
p99_us = 623
p999_us = 4991
p9999_us = 16383
max_us = 1232751
ops = 219553986
errors = 0
busy_retryable = 0
elapsed_s = 300.075
ops_per_sec = 731663
p50_us = 113
p99_us = 639
p999_us = 4991
p9999_us = 16895
max_us = 3163611
ops = 242311504
errors = 0
busy_retryable = 0
elapsed_s = 300.000
ops_per_sec = 807704
p50_us = 103
p99_us = 591
p999_us = 4607
p9999_us = 12799
max_us = 1836439
ops = 243931737
errors = 0
busy_retryable = 0
elapsed_s = 300.000
ops_per_sec = 813105
p50_us = 111
p99_us = 607
p999_us = 4479
p9999_us = 12799
max_us = 503054
ops = 224684886
errors = 0
busy_retryable = 0
elapsed_s = 300.000
ops_per_sec = 748949
p50_us = 115
p99_us = 671
p999_us = 4991
p9999_us = 14079
max_us = 672306
ops = 212698218
errors = 0
busy_retryable = 0
elapsed_s = 300.374
ops_per_sec = 708112
p50_us = 123
p99_us = 655
p999_us = 5119
p9999_us = 16895
max_us = 1367886
ops = 218942759
errors = 0
busy_retryable = 0
elapsed_s = 300.658
ops_per_sec = 728212
p50_us = 115
p99_us = 623
p999_us = 5119
p9999_us = 19967
max_us = 2287047
ops = 162527598
errors = 0
busy_retryable = 0
elapsed_s = 300.132
ops_per_sec = 541520
p50_us = 143
p99_us = 783
p999_us = 6527
p9999_us = 71679
max_us = 4554832
ops = 152175307
errors = 0
busy_retryable = 0
elapsed_s = 300.117
ops_per_sec = 507053
p50_us = 155
p99_us = 799
p999_us = 6911
p9999_us = 58367
max_us = 4252712
ops = 168366368
errors = 0
busy_retryable = 0
elapsed_s = 300.092
ops_per_sec = 561049
p50_us = 135
p99_us = 751
p999_us = 6399
p9999_us = 49151
max_us = 6147942
ops = 148421411
errors = 0
busy_retryable = 0
elapsed_s = 300.051
ops_per_sec = 494654
p50_us = 147
p99_us = 815
p999_us = 7039
p9999_us = 73727
max_us = 7545377
ops = 164120969
errors = 0
busy_retryable = 0
elapsed_s = 300.089
ops_per_sec = 546908
p50_us = 135
p99_us = 735
p999_us = 6271
p9999_us = 71679
max_us = 3885933
ops = 161365130
errors = 0
busy_retryable = 0
elapsed_s = 300.182
ops_per_sec = 537557
p50_us = 139
p99_us = 703
p999_us = 5887
p9999_us = 52223
max_us = 4741804
ops = 188011898
errors = 0
busy_retryable = 0
elapsed_s = 301.449
ops_per_sec = 623694
p50_us = 119
p99_us = 655
p999_us = 5119
p9999_us = 29695
max_us = 3563236
ops = 173544475
errors = 0
busy_retryable = 0
elapsed_s = 300.000
ops_per_sec = 578481
p50_us = 135
p99_us = 719
p999_us = 5887
p9999_us = 48127
max_us = 4964415
ops = 215250176
errors = 0
busy_retryable = 0
elapsed_s = 300.000
ops_per_sec = 717500
p50_us = 125
p99_us = 655
p999_us = 4991
p9999_us = 16127
max_us = 1062002
ops = 231475389
errors = 0
busy_retryable = 0
elapsed_s = 300.001
ops_per_sec = 771582
p50_us = 101
p99_us = 607
p999_us = 4607
p9999_us = 16127
max_us = 1611793
ops = 225891318
errors = 0
busy_retryable = 0
elapsed_s = 300.000
ops_per_sec = 752970
p50_us = 115
p99_us = 623
p999_us = 4607
p9999_us = 12031
max_us = 1465287
ops = 209742794
errors = 0
busy_retryable = 0
elapsed_s = 300.000
ops_per_sec = 699142
p50_us = 139
p99_us = 655
p999_us = 4735
p9999_us = 12031
max_us = 932901
ops = 190161558
errors = 0
busy_retryable = 0
elapsed_s = 300.000
ops_per_sec = 633871
p50_us = 143
p99_us = 703
p999_us = 5375
p9999_us = 16127
max_us = 1503721
ops = 164401259
errors = 0
busy_retryable = 0
elapsed_s = 300.001
ops_per_sec = 548003
p50_us = 135
p99_us = 735
p999_us = 6399
p9999_us = 48127
max_us = 6320681
ops = 152825568
errors = 0
busy_retryable = 0
elapsed_s = 300.002
ops_per_sec = 509416
p50_us = 143
p99_us = 751
p999_us = 6655
p9999_us = 88063
max_us = 5396237
ops = 140018091
errors = 0
busy_retryable = 0
elapsed_s = 300.001
ops_per_sec = 466726
p50_us = 163
p99_us = 831
p999_us = 6783
p9999_us = 92159
max_us = 4686593
ops = 165840458
errors = 0
busy_retryable = 0
elapsed_s = 300.441
ops_per_sec = 551989
p50_us = 131
p99_us = 703
p999_us = 5759
p9999_us = 61439
max_us = 4634913
ops = 167075232
errors = 0
busy_retryable = 0
elapsed_s = 300.000
ops_per_sec = 556917
p50_us = 139
p99_us = 735
p999_us = 6271
p9999_us = 50175
max_us = 4810559
ops = 156519816
errors = 0
busy_retryable = 0
elapsed_s = 300.000
ops_per_sec = 521732
p50_us = 135
p99_us = 719
p999_us = 6399
p9999_us = 102399
max_us = 3996601
ops = 154843594
errors = 0
busy_retryable = 0
elapsed_s = 300.000
ops_per_sec = 516144
p50_us = 143
p99_us = 751
p999_us = 6399
p9999_us = 69631
max_us = 3761063
ops = 130163624
errors = 0
busy_retryable = 0
elapsed_s = 300.001
ops_per_sec = 433878
p50_us = 199
p99_us = 895
p999_us = 7295
p9999_us = 79871
max_us = 4553703
ops = 178926411
errors = 0
busy_retryable = 0
elapsed_s = 300.000
ops_per_sec = 596421
p50_us = 147
p99_us = 703
p999_us = 5375
p9999_us = 17919
max_us = 4174846
ops = 223559469
errors = 0
busy_retryable = 0
elapsed_s = 300.000
ops_per_sec = 745197
p50_us = 113
p99_us = 607
p999_us = 4607
p9999_us = 12031
max_us = 2174510
ops = 224120851
errors = 0
busy_retryable = 0
elapsed_s = 300.000
ops_per_sec = 747069
p50_us = 115
p99_us = 623
p999_us = 4991
p9999_us = 15871
max_us = 1278913
ops = 211797683
errors = 0
busy_retryable = 0
elapsed_s = 300.000
ops_per_sec = 705991
p50_us = 113
p99_us = 655
p999_us = 5119
p9999_us = 17919
max_us = 2473511
ops = 222403497
errors = 0
busy_retryable = 0
elapsed_s = 300.007
ops_per_sec = 741327
p50_us = 111
p99_us = 639
p999_us = 4863
p9999_us = 11519
max_us = 1432080
ops = 233908704
errors = 0
busy_retryable = 0
elapsed_s = 300.001
ops_per_sec = 779694
p50_us = 115
p99_us = 623
p999_us = 4479
p9999_us = 10751
max_us = 591553
ops = 215945946
errors = 0
busy_retryable = 0
elapsed_s = 300.001
ops_per_sec = 719818
p50_us = 127
p99_us = 639
p999_us = 5119
p9999_us = 12799
max_us = 1028236
ops = 206026029
errors = 0
busy_retryable = 0
elapsed_s = 300.000
ops_per_sec = 686753
p50_us = 131
p99_us = 655
p999_us = 5247
p9999_us = 18431
max_us = 2453184
ops = 224977744
errors = 0
busy_retryable = 0
elapsed_s = 300.000
ops_per_sec = 749925
p50_us = 115
p99_us = 623
p999_us = 4735
p9999_us = 16895
max_us = 1677825
ops = 171593711
errors = 0
busy_retryable = 0
elapsed_s = 300.439
ops_per_sec = 571144
p50_us = 127
p99_us = 703
p999_us = 5759
p9999_us = 44031
max_us = 6387126
ops = 160624281
errors = 0
busy_retryable = 0
elapsed_s = 300.000
ops_per_sec = 535414
p50_us = 155
p99_us = 783
p999_us = 6271
p9999_us = 43007
max_us = 5763487
ops = 157297930
errors = 0
busy_retryable = 0
elapsed_s = 300.002
ops_per_sec = 524323
p50_us = 151
p99_us = 751
p999_us = 6399
p9999_us = 60415
max_us = 6121475
ops = 152788206
errors = 0
busy_retryable = 0
elapsed_s = 300.667
ops_per_sec = 508164
p50_us = 155
p99_us = 751
p999_us = 6783
p9999_us = 73727
max_us = 4397453
ops = 152732969
errors = 0
busy_retryable = 0
elapsed_s = 300.001
ops_per_sec = 509109
p50_us = 135
p99_us = 735
p999_us = 6655
p9999_us = 120831
max_us = 4681718
ops = 157989758
errors = 0
busy_retryable = 0
elapsed_s = 300.000
ops_per_sec = 526632
p50_us = 143
p99_us = 735
p999_us = 6399
p9999_us = 71679
max_us = 4009663
ops = 155368882
errors = 0
busy_retryable = 0
elapsed_s = 300.000
ops_per_sec = 517896
p50_us = 147
p99_us = 767
p999_us = 6399
p9999_us = 54271
max_us = 6088435
ops = 149327881
errors = 0
busy_retryable = 0
elapsed_s = 300.001
ops_per_sec = 497759
p50_us = 147
p99_us = 767
p999_us = 6655
p9999_us = 73727
max_us = 6047276
ops = 196923769
errors = 0
busy_retryable = 0
elapsed_s = 300.000
ops_per_sec = 656412
p50_us = 127
p99_us = 687
p999_us = 5503
p9999_us = 27135
max_us = 2576207
ops = 222099924
errors = 0
busy_retryable = 0
elapsed_s = 300.001
ops_per_sec = 740332
p50_us = 113
p99_us = 639
p999_us = 5119
p9999_us = 17407
max_us = 809912
ops = 214034461
errors = 0
busy_retryable = 0
elapsed_s = 300.001
ops_per_sec = 713447
p50_us = 123
p99_us = 671
p999_us = 4991
p9999_us = 13311
max_us = 1458320
ops = 212429285
errors = 0
busy_retryable = 0
elapsed_s = 300.000
ops_per_sec = 708097
p50_us = 123
p99_us = 623
p999_us = 4991
p9999_us = 15615
max_us = 1659468
ops = 224541013
errors = 0
busy_retryable = 0
elapsed_s = 300.134
ops_per_sec = 748136
p50_us = 111
p99_us = 639
p999_us = 4735
p9999_us = 12799
max_us = 1483928
ops = 207158890
errors = 0
busy_retryable = 0
elapsed_s = 300.000
ops_per_sec = 690529
p50_us = 125
p99_us = 671
p999_us = 5503
p9999_us = 18431
max_us = 1265420
ops = 223045186
errors = 0
busy_retryable = 0
elapsed_s = 300.000
ops_per_sec = 743483
p50_us = 113
p99_us = 639
p999_us = 4863
p9999_us = 13823
max_us = 1746850
ops = 241774885
errors = 0
busy_retryable = 0
elapsed_s = 300.000
ops_per_sec = 805915
p50_us = 101
p99_us = 591
p999_us = 4223
p9999_us = 11263
max_us = 1561679
ops = 235401369
errors = 0
busy_retryable = 0
elapsed_s = 300.000
ops_per_sec = 784670
p50_us = 119
p99_us = 623
p999_us = 4351
p9999_us = 10751
max_us = 511733
ops = 209977019
errors = 0
busy_retryable = 0
elapsed_s = 300.000
ops_per_sec = 699922
p50_us = 121
p99_us = 671
p999_us = 5119
p9999_us = 12799
max_us = 1616930
ops = 228564647
errors = 0
busy_retryable = 0
elapsed_s = 300.001
ops_per_sec = 761880
p50_us = 105
p99_us = 607
p999_us = 4607
p9999_us = 18943
max_us = 2036888
ops = 230498347
errors = 0
busy_retryable = 0
elapsed_s = 300.000
ops_per_sec = 768327
p50_us = 103
p99_us = 607
p999_us = 4735
p9999_us = 15871
max_us = 1720194
ops = 226746912
errors = 0
busy_retryable = 0
elapsed_s = 300.000
ops_per_sec = 755822
p50_us = 119
p99_us = 591
p999_us = 4351
p9999_us = 11775
max_us = 1245104
ops = 234366267
errors = 0
busy_retryable = 0
elapsed_s = 300.000
ops_per_sec = 781220
p50_us = 115
p99_us = 607
p999_us = 4479
p9999_us = 11263
max_us = 1724902
ops = 220776652
errors = 0
busy_retryable = 0
elapsed_s = 300.000
ops_per_sec = 735921
p50_us = 119
p99_us = 623
p999_us = 4607
p9999_us = 15103
max_us = 1117760
ops = 193792987
errors = 0
busy_retryable = 0
elapsed_s = 300.000
ops_per_sec = 645976
p50_us = 135
p99_us = 687
p999_us = 5759
p9999_us = 24575
max_us = 1417807
ops = 218551325
errors = 0
busy_retryable = 0
elapsed_s = 300.000
ops_per_sec = 728504
p50_us = 113
p99_us = 623
p999_us = 5119
p9999_us = 15359
max_us = 4376639
ops = 215579270
errors = 0
busy_retryable = 0
elapsed_s = 300.000
ops_per_sec = 718597
p50_us = 125
p99_us = 639
p999_us = 4991
p9999_us = 14079
max_us = 1520109
ops = 239438391
errors = 0
busy_retryable = 0
elapsed_s = 300.001
ops_per_sec = 798126
p50_us = 113
p99_us = 607
p999_us = 4351
p9999_us = 11007
max_us = 1619113
ops = 200699563
errors = 0
busy_retryable = 0
elapsed_s = 301.130
ops_per_sec = 666488
p50_us = 139
p99_us = 687
p999_us = 5119
p9999_us = 15359
max_us = 3486925
ops = 216738324
errors = 0
busy_retryable = 0
elapsed_s = 300.000
ops_per_sec = 722460
p50_us = 121
p99_us = 623
p999_us = 5119
p9999_us = 16383
max_us = 1455954
ops = 209109519
errors = 0
busy_retryable = 0
elapsed_s = 300.000
ops_per_sec = 697031
p50_us = 125
p99_us = 655
p999_us = 5375
p9999_us = 22015
max_us = 1727384
ops = 173743413
errors = 0
busy_retryable = 0
elapsed_s = 300.000
ops_per_sec = 579144
p50_us = 125
p99_us = 703
p999_us = 5759
p9999_us = 56319
max_us = 4391125
ops = 165003572
errors = 0
busy_retryable = 0
elapsed_s = 300.000
ops_per_sec = 550011
p50_us = 147
p99_us = 719
p999_us = 6143
p9999_us = 52223
max_us = 6054917
ops = 135476111
errors = 0
busy_retryable = 0
elapsed_s = 300.001
ops_per_sec = 451586
p50_us = 167
p99_us = 815
p999_us = 7295
p9999_us = 67583
max_us = 4766800
ops = 154461524
errors = 0
busy_retryable = 0
elapsed_s = 300.003
ops_per_sec = 514867
p50_us = 147
p99_us = 799
p999_us = 6911
p9999_us = 69631
max_us = 3919436
ops = 148399320
errors = 0
busy_retryable = 0
elapsed_s = 300.464
ops_per_sec = 493900
p50_us = 151
p99_us = 783
p999_us = 6911
p9999_us = 126975
max_us = 4007412
ops = 163367062
errors = 0
busy_retryable = 0
elapsed_s = 300.250
ops_per_sec = 544103
p50_us = 143
p99_us = 751
p999_us = 6527
p9999_us = 75775
max_us = 4918480
ops = 181354068
errors = 0
busy_retryable = 0
elapsed_s = 300.001
ops_per_sec = 604512
p50_us = 135
p99_us = 735
p999_us = 6143
p9999_us = 40959
max_us = 3859968
ops = 183238784
errors = 0
busy_retryable = 0
elapsed_s = 300.000
ops_per_sec = 610795
p50_us = 125
p99_us = 671
p999_us = 5631
p9999_us = 36863
max_us = 3989636
ops = 231546391
errors = 0
busy_retryable = 0
elapsed_s = 300.001
ops_per_sec = 771820
p50_us = 111
p99_us = 623
p999_us = 4863
p9999_us = 15615
max_us = 768299
ops = 217968573
errors = 0
busy_retryable = 0
elapsed_s = 300.000
ops_per_sec = 726561
p50_us = 113
p99_us = 655
p999_us = 5247
p9999_us = 16895
max_us = 2881064
ops = 188953280
errors = 0
busy_retryable = 0
elapsed_s = 300.008
ops_per_sec = 629828
p50_us = 139
p99_us = 735
p999_us = 5631
p9999_us = 19455
max_us = 5552807
ops = 211294245
errors = 0
busy_retryable = 0
elapsed_s = 300.000
ops_per_sec = 704313
p50_us = 125
p99_us = 687
p999_us = 5247
p9999_us = 14591
max_us = 1624450
ops = 199755126
errors = 0
busy_retryable = 0
elapsed_s = 300.000
ops_per_sec = 665849
p50_us = 131
p99_us = 687
p999_us = 5375
p9999_us = 15615
max_us = 2417258
ops = 201253892
errors = 0
busy_retryable = 0
elapsed_s = 300.000
ops_per_sec = 670845
p50_us = 135
p99_us = 655
p999_us = 5247
p9999_us = 21503
max_us = 1434112
ops = 180214879
errors = 0
busy_retryable = 0
elapsed_s = 300.000
ops_per_sec = 600716
p50_us = 151
p99_us = 767
p999_us = 6015
p9999_us = 20479
max_us = 1632885
ops = 213266453
errors = 0
busy_retryable = 0
elapsed_s = 300.000
ops_per_sec = 710887
p50_us = 123
p99_us = 687
p999_us = 5247
p9999_us = 15103
max_us = 1409382
ops = 234871731
errors = 0
busy_retryable = 0
elapsed_s = 300.568
ops_per_sec = 781427
p50_us = 113
p99_us = 591
p999_us = 4223
p9999_us = 11775
max_us = 1895260
ops = 219753969
errors = 0
busy_retryable = 0
elapsed_s = 300.000
ops_per_sec = 732512
p50_us = 111
p99_us = 639
p999_us = 5119
p9999_us = 15615
max_us = 3977706
ops = 203312140
errors = 0
busy_retryable = 0
elapsed_s = 300.001
ops_per_sec = 677706
p50_us = 127
p99_us = 703
p999_us = 5503
p9999_us = 18943
max_us = 1470229
ops = 165926282
errors = 0
busy_retryable = 0
elapsed_s = 300.123
ops_per_sec = 552861
p50_us = 139
p99_us = 751
p999_us = 6271
p9999_us = 61439
max_us = 4336153
ops = 145060522
errors = 0
busy_retryable = 0
elapsed_s = 302.139
ops_per_sec = 480112
p50_us = 143
p99_us = 783
p999_us = 6655
p9999_us = 88063
max_us = 5103028
ops = 156308998
errors = 0
busy_retryable = 0
elapsed_s = 300.000
ops_per_sec = 521029
p50_us = 163
p99_us = 767
p999_us = 6655
p9999_us = 58367
max_us = 6900907
ops = 156773351
errors = 0
busy_retryable = 0
elapsed_s = 300.001
ops_per_sec = 522577
p50_us = 143
p99_us = 767
p999_us = 6399
p9999_us = 75775
max_us = 7648671
ops = 153323540
errors = 0
busy_retryable = 0
elapsed_s = 300.000
ops_per_sec = 511078
p50_us = 143
p99_us = 815
p999_us = 6783
p9999_us = 79871
max_us = 6145968
ops = 138406033
errors = 0
busy_retryable = 0
elapsed_s = 300.000
ops_per_sec = 461353
p50_us = 151
p99_us = 783
p999_us = 7167
p9999_us = 163839
max_us = 7654763
ops = 162591978
errors = 0
busy_retryable = 0
elapsed_s = 300.000
ops_per_sec = 541973
p50_us = 135
p99_us = 767
p999_us = 6399
p9999_us = 83967
max_us = 3325450
ops = 165707191
errors = 0
busy_retryable = 0
elapsed_s = 300.000
ops_per_sec = 552357
p50_us = 143
p99_us = 783
p999_us = 6271
p9999_us = 39935
max_us = 3588281
ops = 182867158
errors = 0
busy_retryable = 0
elapsed_s = 300.000
ops_per_sec = 609557
p50_us = 135
p99_us = 703
p999_us = 5759
p9999_us = 26623
max_us = 6272257
ops = 219349844
errors = 0
busy_retryable = 0
elapsed_s = 300.346
ops_per_sec = 730325
p50_us = 113
p99_us = 639
p999_us = 5119
p9999_us = 16383
max_us = 4165145
ops = 213516476
errors = 0
busy_retryable = 0
elapsed_s = 300.000
ops_per_sec = 711721
p50_us = 117
p99_us = 655
p999_us = 5247
p9999_us = 16895
max_us = 3102944
ops = 217103354
errors = 0
busy_retryable = 0
elapsed_s = 300.000
ops_per_sec = 723677
p50_us = 127
p99_us = 639
p999_us = 4991
p9999_us = 14847
max_us = 4163456
ops = 219072731
errors = 0
busy_retryable = 0
elapsed_s = 300.000
ops_per_sec = 730241
p50_us = 121
p99_us = 655
p999_us = 4863
p9999_us = 13567
max_us = 1652494
ops = 209893224
errors = 0
busy_retryable = 0
elapsed_s = 300.001
ops_per_sec = 699643
p50_us = 125
p99_us = 639
p999_us = 5119
p9999_us = 16895
max_us = 4753178
ops = 192965803
errors = 0
busy_retryable = 0
elapsed_s = 300.007
ops_per_sec = 643205
p50_us = 135
p99_us = 719
p999_us = 5631
p9999_us = 20479
max_us = 1899354
ops = 158574850
errors = 0
busy_retryable = 0
elapsed_s = 300.001
ops_per_sec = 528582
p50_us = 143
p99_us = 767
p999_us = 6911
p9999_us = 55295
max_us = 6127565
ops = 178423950
errors = 0
busy_retryable = 0
elapsed_s = 300.001
ops_per_sec = 594745
p50_us = 131
p99_us = 735
p999_us = 6143
p9999_us = 43007
max_us = 4658685
ops = 170451045
errors = 0
busy_retryable = 0
elapsed_s = 300.000
ops_per_sec = 568169
p50_us = 135
p99_us = 751
p999_us = 6015
p9999_us = 41983
max_us = 3790023
ops = 149486285
errors = 0
busy_retryable = 0
elapsed_s = 300.000
ops_per_sec = 498287
p50_us = 143
p99_us = 767
p999_us = 6527
p9999_us = 129023
max_us = 5111715
ops = 144794025
errors = 0
busy_retryable = 0
elapsed_s = 300.000
ops_per_sec = 482646
p50_us = 151
p99_us = 815
p999_us = 7295
p9999_us = 122879
max_us = 4764704
ops = 167692301
errors = 0
busy_retryable = 0
elapsed_s = 300.000
ops_per_sec = 558974
p50_us = 139
p99_us = 783
p999_us = 6655
p9999_us = 59391
max_us = 3533774
ops = 160558806
errors = 0
busy_retryable = 0
elapsed_s = 300.000
ops_per_sec = 535195
p50_us = 139
p99_us = 751
p999_us = 6399
p9999_us = 56319
max_us = 7957946
ops = 157984186
errors = 0
busy_retryable = 0
elapsed_s = 300.000
ops_per_sec = 526613
p50_us = 139
p99_us = 751
p999_us = 6271
p9999_us = 51199
max_us = 5288315
ops = 193506124
errors = 0
busy_retryable = 0
elapsed_s = 300.000
ops_per_sec = 645020
p50_us = 131
p99_us = 703
p999_us = 5631
p9999_us = 18943
max_us = 3507562
ops = 167175837
errors = 0
busy_retryable = 0
elapsed_s = 300.000
ops_per_sec = 557252
p50_us = 135
p99_us = 751
p999_us = 6271
p9999_us = 64511
max_us = 3647318
ops = 153029854
errors = 0
busy_retryable = 0
elapsed_s = 300.001
ops_per_sec = 510098
p50_us = 135
p99_us = 735
p999_us = 6527
p9999_us = 96255
max_us = 7547437
ops = 167665863
errors = 0
busy_retryable = 0
elapsed_s = 300.000
ops_per_sec = 558886
p50_us = 139
p99_us = 767
p999_us = 6527
p9999_us = 48127
max_us = 8090444
ops = 168680078
errors = 0
busy_retryable = 0
elapsed_s = 300.005
ops_per_sec = 562258
p50_us = 139
p99_us = 767
p999_us = 6271
p9999_us = 47103
max_us = 4276599
ops = 156811506
errors = 0
busy_retryable = 0
elapsed_s = 300.000
ops_per_sec = 522704
p50_us = 135
p99_us = 719
p999_us = 6143
p9999_us = 69631
max_us = 5178045
ops = 147800841
errors = 0
busy_retryable = 0
elapsed_s = 300.021
ops_per_sec = 492635
p50_us = 159
p99_us = 815
p999_us = 7039
p9999_us = 86015
max_us = 3848415
ops = 149685138
errors = 0
busy_retryable = 0
elapsed_s = 300.000
ops_per_sec = 498950
p50_us = 139
p99_us = 799
p999_us = 7167
p9999_us = 100351
max_us = 4512084
ops = 147930560
errors = 0
busy_retryable = 0
elapsed_s = 300.000
ops_per_sec = 493101
p50_us = 151
p99_us = 799
p999_us = 6783
p9999_us = 83967
max_us = 5020522
ops = 233279117
errors = 0
busy_retryable = 0
elapsed_s = 300.000
ops_per_sec = 777596
p50_us = 109
p99_us = 623
p999_us = 4735
p9999_us = 14079
max_us = 869672
ops = 212505205
errors = 0
busy_retryable = 0
elapsed_s = 300.001
ops_per_sec = 708349
p50_us = 115
p99_us = 655
p999_us = 5119
p9999_us = 15359
max_us = 4610993
ops = 205947180
errors = 0
busy_retryable = 0
elapsed_s = 300.000
ops_per_sec = 686490
p50_us = 115
p99_us = 655
p999_us = 5247
p9999_us = 17919
max_us = 4177708
ops = 229760194
errors = 0
busy_retryable = 0
elapsed_s = 300.000
ops_per_sec = 765866
p50_us = 105
p99_us = 623
p999_us = 4863
p9999_us = 15615
max_us = 1460212
ops = 234742089
errors = 0
busy_retryable = 0
elapsed_s = 300.015
ops_per_sec = 782435
p50_us = 103
p99_us = 639
p999_us = 4735
p9999_us = 13567
max_us = 1145777
ops = 202439866
errors = 0
busy_retryable = 0
elapsed_s = 300.000
ops_per_sec = 674799
p50_us = 123
p99_us = 703
p999_us = 5375
p9999_us = 16127
max_us = 695138
ops = 216942437
errors = 0
busy_retryable = 0
elapsed_s = 300.192
ops_per_sec = 722679
p50_us = 113
p99_us = 671
p999_us = 5375
p9999_us = 17407
max_us = 1986404
ops = 188810693
errors = 0
busy_retryable = 0
elapsed_s = 300.000
ops_per_sec = 629368
p50_us = 139
p99_us = 735
p999_us = 5759
p9999_us = 20991
max_us = 1945676
ops = 207645665
errors = 0
busy_retryable = 0
elapsed_s = 300.001
ops_per_sec = 692151
p50_us = 117
p99_us = 687
p999_us = 5631
p9999_us = 23039
max_us = 2010192
ops = 223368622
errors = 0
busy_retryable = 0
elapsed_s = 300.000
ops_per_sec = 744561
p50_us = 115
p99_us = 655
p999_us = 5119
p9999_us = 14591
max_us = 1410741
ops = 212630275
errors = 0
busy_retryable = 0
elapsed_s = 300.009
ops_per_sec = 708746
p50_us = 135
p99_us = 655
p999_us = 4863
p9999_us = 12799
max_us = 1642300
ops = 222975237
errors = 0
busy_retryable = 0
elapsed_s = 300.002
ops_per_sec = 743245
p50_us = 111
p99_us = 655
p999_us = 5119
p9999_us = 15615
max_us = 1132731
ops = 211260161
errors = 0
busy_retryable = 0
elapsed_s = 300.000
ops_per_sec = 704199
p50_us = 131
p99_us = 671
p999_us = 5375
p9999_us = 18943
max_us = 1579434
ops = 214352437
errors = 0
busy_retryable = 0
elapsed_s = 300.000
ops_per_sec = 714507
p50_us = 117
p99_us = 655
p999_us = 5247
p9999_us = 17407
max_us = 3141660
ops = 202644088
errors = 0
busy_retryable = 0
elapsed_s = 300.000
ops_per_sec = 675480
p50_us = 135
p99_us = 687
p999_us = 5247
p9999_us = 18431
max_us = 1251302
ops = 213693211
errors = 0
busy_retryable = 0
elapsed_s = 300.008
ops_per_sec = 712292
p50_us = 127
p99_us = 703
p999_us = 5119
p9999_us = 13567
max_us = 1621300
ops = 213251880
errors = 0
busy_retryable = 0
elapsed_s = 300.001
ops_per_sec = 710838
p50_us = 119
p99_us = 655
p999_us = 5247
p9999_us = 17407
max_us = 3791205
ops = 199149909
errors = 0
busy_retryable = 0
elapsed_s = 300.732
ops_per_sec = 662216
p50_us = 127
p99_us = 671
p999_us = 5375
p9999_us = 19455
max_us = 1813353
ops = 157914597
errors = 0
busy_retryable = 0
elapsed_s = 300.000
ops_per_sec = 526381
p50_us = 143
p99_us = 767
p999_us = 6655
p9999_us = 83967
max_us = 4529048
ops = 164560284
errors = 0
busy_retryable = 0
elapsed_s = 300.002
ops_per_sec = 548531
p50_us = 135
p99_us = 751
p999_us = 6399
p9999_us = 55295
max_us = 5600759
ops = 145335208
errors = 0
busy_retryable = 0
elapsed_s = 300.000
ops_per_sec = 484450
p50_us = 151
p99_us = 783
p999_us = 6911
p9999_us = 53247
max_us = 6552363
ops = 162827351
errors = 0
busy_retryable = 0
elapsed_s = 300.579
ops_per_sec = 541711
p50_us = 147
p99_us = 815
p999_us = 6655
p9999_us = 54271
max_us = 7193813
ops = 123465202
errors = 0
busy_retryable = 0
elapsed_s = 300.000
ops_per_sec = 411550
p50_us = 187
p99_us = 991
p999_us = 7807
p9999_us = 90111
max_us = 5666694
ops = 143649525
errors = 0
busy_retryable = 0
elapsed_s = 300.000
ops_per_sec = 478831
p50_us = 151
p99_us = 799
p999_us = 7295
p9999_us = 106495
max_us = 5241090
ops = 172701601
errors = 0
busy_retryable = 0
elapsed_s = 300.000
ops_per_sec = 575671
p50_us = 139
p99_us = 767
p999_us = 6271
p9999_us = 48127
max_us = 5080346
ops = 153181635
errors = 0
busy_retryable = 0
elapsed_s = 300.442
ops_per_sec = 509854
p50_us = 147
p99_us = 783
p999_us = 6911
p9999_us = 67583
max_us = 5621041
ops = 156286107
errors = 0
busy_retryable = 0
elapsed_s = 300.000
ops_per_sec = 520953
p50_us = 147
p99_us = 783
p999_us = 6527
p9999_us = 86015
max_us = 4630371
ops = 154702093
errors = 0
busy_retryable = 0
elapsed_s = 300.000
ops_per_sec = 515673
p50_us = 147
p99_us = 767
p999_us = 6527
p9999_us = 79871
max_us = 5562976
ops = 144637348
errors = 0
busy_retryable = 0
elapsed_s = 300.004
ops_per_sec = 482118
p50_us = 151
p99_us = 831
p999_us = 7423
p9999_us = 110591
max_us = 8416320
ops = 142886155
errors = 0
busy_retryable = 0
elapsed_s = 300.000
ops_per_sec = 476287
p50_us = 159
p99_us = 815
p999_us = 7167
p9999_us = 90111
max_us = 5870576
ops = 151117227
errors = 0
busy_retryable = 0
elapsed_s = 300.001
ops_per_sec = 503723
p50_us = 147
p99_us = 719
p999_us = 5887
p9999_us = 75775
max_us = 7199912
ops = 165939167
errors = 0
busy_retryable = 0
elapsed_s = 301.526
ops_per_sec = 550331
p50_us = 131
p99_us = 719
p999_us = 6015
p9999_us = 65535
max_us = 2800317
ops = 164651761
errors = 0
busy_retryable = 0
elapsed_s = 300.002
ops_per_sec = 548836
p50_us = 135
p99_us = 703
p999_us = 6015
p9999_us = 81919
max_us = 3397092
ops = 152692821
errors = 0
busy_retryable = 0
elapsed_s = 300.001
ops_per_sec = 508975
p50_us = 147
p99_us = 735
p999_us = 6527
p9999_us = 86015
max_us = 6554622
ops = 157987590
errors = 0
busy_retryable = 0
elapsed_s = 300.000
ops_per_sec = 526625
p50_us = 135
p99_us = 703
p999_us = 5887
p9999_us = 81919
max_us = 4633630
ops = 158534914
errors = 0
busy_retryable = 0
elapsed_s = 300.394
ops_per_sec = 527756
p50_us = 139
p99_us = 719
p999_us = 6015
p9999_us = 51199
max_us = 3680496
ops = 145907201
errors = 0
busy_retryable = 0
elapsed_s = 300.000
ops_per_sec = 486357
p50_us = 159
p99_us = 783
p999_us = 6527
p9999_us = 92159
max_us = 4883123
ops = 166362124
errors = 0
busy_retryable = 0
elapsed_s = 300.000
ops_per_sec = 554540
p50_us = 135
p99_us = 719
p999_us = 6399
p9999_us = 86015
max_us = 5536217
ops = 166395693
errors = 0
busy_retryable = 0
elapsed_s = 300.000
ops_per_sec = 554652
p50_us = 135
p99_us = 735
p999_us = 6399
p9999_us = 60415
max_us = 5745973
ops = 147485418
errors = 0
busy_retryable = 0
elapsed_s = 300.000
ops_per_sec = 491617
p50_us = 151
p99_us = 767
p999_us = 6911
p9999_us = 106495
max_us = 5196513
ops = 163417691
errors = 0
busy_retryable = 0
elapsed_s = 300.120
ops_per_sec = 544508
p50_us = 139
p99_us = 703
p999_us = 5887
p9999_us = 64511
max_us = 5614664
ops = 153428816
errors = 0
busy_retryable = 0
elapsed_s = 300.000
ops_per_sec = 511429
p50_us = 147
p99_us = 767
p999_us = 6911
p9999_us = 69631
max_us = 5867238
ops = 149113453
errors = 0
busy_retryable = 0
elapsed_s = 300.001
ops_per_sec = 497044
p50_us = 143
p99_us = 719
p999_us = 6655
p9999_us = 129023
max_us = 5902085
ops = 138214652
errors = 0
busy_retryable = 0
elapsed_s = 300.001
ops_per_sec = 460714
p50_us = 171
p99_us = 831
p999_us = 6911
p9999_us = 75775
max_us = 6056334
ops = 164806538
errors = 0
busy_retryable = 0
elapsed_s = 300.001
ops_per_sec = 549354
p50_us = 147
p99_us = 783
p999_us = 6527
p9999_us = 53247
max_us = 5056892
ops = 156020256
errors = 0
busy_retryable = 0
elapsed_s = 300.000
ops_per_sec = 520067
p50_us = 147
p99_us = 751
p999_us = 6271
p9999_us = 60415
max_us = 5352378
ops = 155013413
errors = 0
busy_retryable = 0
elapsed_s = 304.895
ops_per_sec = 508416
p50_us = 147
p99_us = 751
p999_us = 6271
p9999_us = 77823
max_us = 5438097
ops = 159927840
errors = 0
busy_retryable = 0
elapsed_s = 300.000
ops_per_sec = 533092
p50_us = 151
p99_us = 751
p999_us = 6911
p9999_us = 83967
max_us = 5675947
ops = 163503619
errors = 0
busy_retryable = 0
elapsed_s = 300.000
ops_per_sec = 545011
p50_us = 139
p99_us = 735
p999_us = 6655
p9999_us = 92159
max_us = 4975399
ops = 159851686
errors = 0
busy_retryable = 0
elapsed_s = 300.000
ops_per_sec = 532838
p50_us = 151
p99_us = 783
p999_us = 6527
p9999_us = 71679
max_us = 5649418
ops = 166664593
errors = 0
busy_retryable = 0
elapsed_s = 300.000
ops_per_sec = 555548
p50_us = 135
p99_us = 687
p999_us = 5887
p9999_us = 63487
max_us = 7491987
ops = 145830369
errors = 0
busy_retryable = 0
elapsed_s = 300.644
ops_per_sec = 485060
p50_us = 155
p99_us = 767
p999_us = 6911
p9999_us = 102399
max_us = 5078360
ops = 152431918
errors = 0
busy_retryable = 0
elapsed_s = 300.452
ops_per_sec = 507341
p50_us = 143
p99_us = 783
p999_us = 6655
p9999_us = 83967
max_us = 5300421
ops = 150688479
errors = 0
busy_retryable = 0
elapsed_s = 300.000
ops_per_sec = 502294
p50_us = 143
p99_us = 735
p999_us = 6527
p9999_us = 124927
max_us = 4112600
ops = 158795771
errors = 0
busy_retryable = 0
elapsed_s = 300.000
ops_per_sec = 529319
p50_us = 135
p99_us = 687
p999_us = 5887
p9999_us = 73727
max_us = 7244412
ops = 158194488
errors = 0
busy_retryable = 0
elapsed_s = 303.839
ops_per_sec = 520652
p50_us = 155
p99_us = 719
p999_us = 5631
p9999_us = 57343
max_us = 3945046
ops = 167382941
errors = 0
busy_retryable = 0
elapsed_s = 300.001
ops_per_sec = 557942
p50_us = 139
p99_us = 703
p999_us = 6143
p9999_us = 67583
max_us = 6669352
ops = 148377639
errors = 0
busy_retryable = 0
elapsed_s = 300.333
ops_per_sec = 494043
p50_us = 155
p99_us = 751
p999_us = 6783
p9999_us = 122879
max_us = 5699539
ops = 152425523
errors = 0
busy_retryable = 0
elapsed_s = 300.327
ops_per_sec = 507531
p50_us = 147
p99_us = 735
p999_us = 6655
p9999_us = 114687
max_us = 4778626
ops = 160248481
errors = 0
busy_retryable = 0
elapsed_s = 301.557
ops_per_sec = 531403
p50_us = 131
p99_us = 719
p999_us = 6143
p9999_us = 59391
max_us = 4871995
ops = 157997354
errors = 0
busy_retryable = 0
elapsed_s = 300.000
ops_per_sec = 526657
p50_us = 147
p99_us = 719
p999_us = 5759
p9999_us = 73727
max_us = 5922893
ops = 176241823
errors = 0
busy_retryable = 0
elapsed_s = 300.093
ops_per_sec = 587290
p50_us = 131
p99_us = 671
p999_us = 5631
p9999_us = 56319
max_us = 4111988
ops = 180217306
errors = 0
busy_retryable = 0
elapsed_s = 300.121
ops_per_sec = 600483
p50_us = 131
p99_us = 687
p999_us = 5631
p9999_us = 47103
max_us = 5760117
ops = 165331519
errors = 0
busy_retryable = 0
elapsed_s = 300.000
ops_per_sec = 551104
p50_us = 147
p99_us = 735
p999_us = 6143
p9999_us = 60415
max_us = 3790499
ops = 144305442
errors = 0
busy_retryable = 0
elapsed_s = 300.000
ops_per_sec = 481018
p50_us = 155
p99_us = 767
p999_us = 6527
p9999_us = 77823
max_us = 7423630
ops = 174394943
errors = 0
busy_retryable = 0
elapsed_s = 300.000
ops_per_sec = 581316
p50_us = 139
p99_us = 703
p999_us = 5631
p9999_us = 54271
max_us = 5014527
ops = 180356021
errors = 0
busy_retryable = 0
elapsed_s = 300.001
ops_per_sec = 601185
p50_us = 123
p99_us = 671
p999_us = 5503
p9999_us = 63487
max_us = 4419600
ops = 147588682
errors = 0
busy_retryable = 0
elapsed_s = 301.816
ops_per_sec = 489002
p50_us = 159
p99_us = 767
p999_us = 6783
p9999_us = 86015
max_us = 4745623
ops = 169210890
errors = 0
busy_retryable = 0
elapsed_s = 300.000
ops_per_sec = 564036
p50_us = 131
p99_us = 687
p999_us = 5759
p9999_us = 67583
max_us = 7894335
inf-bench: read: Connection reset by peer (os error 104)
