inf-bench env-check
  PROBE                RESULT
  git-dirty-tree       PASS
  cpufreq-governor     PASS
  cpufreq-epp          PASS
  thermal-throttle     PASS
  power-source         SKIP  macos-only probe (this host: linux)
  low-power-mode       SKIP  macos-only probe (this host: linux)

env-check: OK

== pipelined replicates (conns=64 P=16, 10s x 3) ==
  rep 0: 2429864 ops/s, p999 1183 us, windowed sqes/submit 18.6
  rep 1: 2397552 ops/s, p999 991 us, windowed sqes/submit 19.1
  rep 2: 2230943 ops/s, p999 1151 us, windowed sqes/submit 11.9

== cross-cell penalty (natural vs --route-local-only) ==
  natural 2359342 ops/s vs all-local 6587245 ops/s => penalty 64.2%

== comparator anchor (dragonfly --proactor_threads=4) ==
  infinityd natural 2330946 ops/s vs dragonfly 1704501 ops/s => 1.37x

== unpipelined 512-conn A/B vs redis ==
  infinityd 659619 ops/s vs redis 243380 ops/s => 2.71x

== RSS fill: 10000000 keys x (16 B, 64 B), both engines ==
  infinityd fill: 3151178 sets/s
  redis fill: 1166269 sets/s
  RSS: infinityd 1129472000 B vs redis 1850228736 B => 0.610x

== gate verdicts ==
  Pipelined GET/SET node throughput      FAIL
  Unpipelined throughput vs Redis, 512 conns PASS
  io_uring SQEs per submit under pipelined load PASS
  Fabric hop RTT p50 under load          FAIL
  Cross-cell architecture vs Dragonfly, uniform random PASS
  Cross-cell penalty, uniform random keys (informational; M1 S17 target) FAIL (informational)
  p99.9 latency (memtier, 8 threads)     PASS
  RSS @ 10M keys x (16 B, 64 B)          PASS
  Reactor loop iteration p99.9           PASS
  Syscall CPU share under pipelined load PENDING (tooling)

gate-run: report written to .artifacts/m0/1783393058-gate-run/report.md
inf-bench: 2 binding gate(s) FAILED
