infinityd 6bd25b1 (git 6bd25b139d16, x86_64-unknown-linux-gnu)
infinityd: 4 cells, port 6499, backend io_uring, route natural
infinityd: listening on 6499
infinityd: capabilities Capabilities { backend: "io_uring", multishot_accept: true, multishot_recv: true, provided_buffers: true, fixed_buffers: true, single_issuer: true, defer_taskrun: true, performance_tier: true }
control: recovery 0/4 cells ready, 0/0 bytes (100.0%), eta 0s
control: recovery 0/4 cells ready, 0/0 bytes (100.0%), eta 0s
control: recovery 0/4 cells ready, 0/0 bytes (100.0%), eta 0s
control: recovery 0/4 cells ready, 0/0 bytes (100.0%), eta 0s
control: recovery 0/4 cells ready, 0/0 bytes (100.0%), eta 0s
control: cell 0 not ready — in start (0/0 bytes) for 5s
control: cell 1 not ready — in start (0/0 bytes) for 5s
control: cell 2 not ready — in start (0/0 bytes) for 5s
control: cell 3 not ready — in start (0/0 bytes) for 5s
control: recovery 0/4 cells ready, 0/0 bytes (100.0%), eta 0s
control: cell 0 not ready — in start (0/0 bytes) for 6s
control: cell 1 not ready — in start (0/0 bytes) for 6s
control: cell 2 not ready — in start (0/0 bytes) for 6s
control: cell 3 not ready — in start (0/0 bytes) for 6s
control: recovery 0/4 cells ready, 0/0 bytes (100.0%), eta 0s
control: cell 0 not ready — in start (0/0 bytes) for 7s
control: cell 1 not ready — in start (0/0 bytes) for 7s
control: cell 2 not ready — in start (0/0 bytes) for 7s
control: cell 3 not ready — in start (0/0 bytes) for 7s
control: recovery 0/4 cells ready, 0/0 bytes (100.0%), eta 0s
control: cell 0 not ready — in start (0/0 bytes) for 8s
control: cell 1 not ready — in start (0/0 bytes) for 8s
control: cell 2 not ready — in start (0/0 bytes) for 8s
control: cell 3 not ready — in start (0/0 bytes) for 8s
control: recovery 0/4 cells ready, 0/0 bytes (100.0%), eta 0s
control: cell 0 not ready — in start (0/0 bytes) for 9s
control: cell 1 not ready — in start (0/0 bytes) for 9s
control: cell 2 not ready — in start (0/0 bytes) for 9s
control: cell 3 not ready — in start (0/0 bytes) for 9s
control: recovery 0/4 cells ready, 0/0 bytes (100.0%), eta 0s
control: cell 0 not ready — in start (0/0 bytes) for 10s
control: cell 1 not ready — in start (0/0 bytes) for 10s
control: cell 2 not ready — in start (0/0 bytes) for 10s
control: cell 3 not ready — in start (0/0 bytes) for 10s
control: recovery 0/4 cells ready, 0/1108839374 bytes (0.0%), eta 0s
control: cell 0 not ready — in checkpoint (0/1108839374 bytes) for 11s
control: cell 1 not ready — in start (0/0 bytes) for 11s
control: cell 2 not ready — in start (0/0 bytes) for 11s
control: cell 3 not ready — in start (0/0 bytes) for 11s
control: recovery 0/4 cells ready, 1284033023/4167250227 bytes (30.8%), eta 27s
control: cell 0 not ready — in replay (395818386/1108839374 bytes) for 12s
control: cell 1 not ready — in checkpoint (221923574/840232754 bytes) for 12s
control: cell 2 not ready — in replay (320436605/1108964233 bytes) for 12s
control: cell 3 not ready — in replay (345854458/1109213866 bytes) for 12s
control: cell 0 recovered (3 segments, 1108839374 bytes, 3001584 records)
control: cell 3 recovered (3 segments, 1109213866 bytes, 2926104 records)
control: cell 1 recovered (2 segments, 840232754 bytes, 2839051 records)
control: recovery 3/4 cells ready, 3697495067/4167250227 bytes (88.7%), eta 2s
control: cell 2 not ready — in replay (639209073/1108964233 bytes) for 13s
control: cell 2 recovered (3 segments, 1108964233 bytes, 3005640 records)
control: recovery complete — 4 cells serving (13115 ms)
