6429fba43f92d984500e03c10730109f01554431
Linux HomeLab 7.0.0-31-generic #31-Ubuntu SMP PREEMPT_DYNAMIC Sat Aug  1 04:26:38 UTC 2026 x86_64 GNU/Linux
Architecture:                            x86_64
CPU op-mode(s):                          32-bit, 64-bit
Address sizes:                           39 bits physical, 48 bits virtual
Byte Order:                              Little Endian
CPU(s):                                  24
On-line CPU(s) list:                     0-23
Vendor ID:                               GenuineIntel
Model name:                              13th Gen Intel(R) Core(TM) i7-13700KF
CPU family:                              6
Model:                                   183
Thread(s) per core:                      2
Core(s) per socket:                      16
Socket(s):                               1
Stepping:                                1
CPU(s) scaling MHz:                      90%
CPU max MHz:                             3400.0000
CPU min MHz:                             800.0000
BogoMIPS:                                6835.20
Flags:                                   fpu vme de pse tsc msr pae mce cx8 apic sep mtrr pge mca cmov pat pse36 clflush dts acpi mmx fxsr sse sse2 ss ht tm pbe syscall nx pdpe1gb rdtscp lm constant_tsc art arch_perfmon pebs bts rep_good nopl xtopology nonstop_tsc cpuid aperfmperf tsc_known_freq pni pclmulqdq dtes64 monitor ds_cpl vmx est tm2 ssse3 sdbg fma cx16 xtpr pdcm pcid sse4_1 sse4_2 x2apic movbe popcnt tsc_deadline_timer aes xsave avx f16c rdrand lahf_lm abm 3dnowprefetch cpuid_fault epb ssbd ibrs ibpb stibp ibrs_enhanced tpr_shadow flexpriority ept vpid ept_ad fsgsbase tsc_adjust bmi1 avx2 smep bmi2 erms invpcid rdseed adx smap clflushopt clwb intel_pt sha_ni xsaveopt xsavec xgetbv1 xsaves split_lock_detect user_shstk avx_vnni dtherm ida arat pln pts hwp hwp_notify hwp_act_window hwp_epp hwp_pkg_req hfi vnmi umip pku ospke waitpkg gfni vaes vpclmulqdq rdpid movdiri movdir64b fsrm md_clear serialize arch_lbr ibt flush_l1d arch_capabilities
Virtualization:                          VT-x
L1d cache:                               640 KiB (16 instances)
L1i cache:                               768 KiB (16 instances)
L2 cache:                                24 MiB (10 instances)
L3 cache:                                30 MiB (1 instance)
NUMA node(s):                            1
NUMA node0 CPU(s):                       0-23
Vulnerability Gather data sampling:      Not affected
Vulnerability Ghostwrite:                Not affected
Vulnerability Indirect target selection: Not affected
Vulnerability Itlb multihit:             Not affected
Vulnerability L1tf:                      Not affected
Vulnerability Mds:                       Not affected
Vulnerability Meltdown:                  Not affected
Vulnerability Mmio stale data:           Not affected
Vulnerability Old microcode:             Not affected
Vulnerability Reg file data sampling:    Mitigation; Clear Register File
Vulnerability Retbleed:                  Not affected
Vulnerability Spec rstack overflow:      Not affected
Vulnerability Spec store bypass:         Mitigation; Speculative Store Bypass disabled via prctl
Vulnerability Spectre v1:                Mitigation; usercopy/swapgs barriers and __user pointer sanitization
Vulnerability Spectre v2:                Mitigation; Enhanced / Automatic IBRS; IBPB conditional; PBRSB-eIBRS SW sequence; BHI BHI_DIS_S
Vulnerability Srbds:                     Not affected
Vulnerability Tsa:                       Not affected
Vulnerability Tsx async abort:           Not affected
Vulnerability Vmscape:                   Mitigation; IBPB before exit to userspace
   Compiling infinityd v0.0.0 (/home/kcaicedo/Documents/Projects/databases/infinitydb/bins/infinityd)
    Finished `release` profile [optimized + debuginfo] target(s) in 18.74s
infinityd 6429fba (git 6429fba43f92, x86_64-unknown-linux-gnu)
4f580ad16e77e06568cbffc7d321533c835ed510e2abd06a7c12c1e0e86626e6  target/release/infinityd
320513bce126053311bb8a72a6f2217b3f95c291d4e3e0043aa0a8a708f1c3ef  target/release/inf-bench
inf-bench env-check
  PROBE                RESULT
  git-dirty-tree       PASS
  cpufreq-governor     PASS
  cpufreq-epp          PASS
  thermal-throttle     FAIL  thermal throttling occurred: cpu0/package_throttle_count=72, cpu1/package_throttle_count=72, cpu10/core_throttle_count=38, cpu10/package_throttle_count=72
  power-source         SKIP  macos-only probe (this host: linux)
  low-power-mode       SKIP  macos-only probe (this host: linux)
inf-bench: env-check failed: thermal-throttle
