ops = 526296
errors = 4
elapsed_s = 300.013
ops_per_sec = 1754
p50_us = 13823
p99_us = 294911
p999_us = 5111807
p9999_us = 9175039
max_us = 11051015
inf-bench: 4 error replies under load
ops = 698915
errors = 2
elapsed_s = 300.463
ops_per_sec = 2326
p50_us = 15871
p99_us = 184319
p999_us = 2686975
p9999_us = 6291455
max_us = 8363740
inf-bench: 2 error replies under load
ops = 784318
errors = 1
elapsed_s = 300.016
ops_per_sec = 2614
p50_us = 16895
p99_us = 167935
p999_us = 983039
p9999_us = 4587519
max_us = 7161297
inf-bench: 1 error replies under load
ops = 934866
errors = 10
elapsed_s = 300.045
ops_per_sec = 3116
p50_us = 14847
p99_us = 143359
p999_us = 671743
p9999_us = 3538943
max_us = 8612350
inf-bench: 10 error replies under load
ops = 908014
errors = 4
elapsed_s = 300.268
ops_per_sec = 3024
p50_us = 14335
p99_us = 139263
p999_us = 851967
p9999_us = 7340031
max_us = 14573343
inf-bench: 4 error replies under load
ops = 792265
errors = 4
elapsed_s = 300.018
ops_per_sec = 2641
p50_us = 16895
p99_us = 155647
p999_us = 1212415
p9999_us = 5505023
max_us = 7397184
inf-bench: 4 error replies under load
ops = 852669
errors = 1
elapsed_s = 300.012
ops_per_sec = 2842
p50_us = 15871
p99_us = 143359
p999_us = 851967
p9999_us = 5373951
max_us = 8150972
inf-bench: 1 error replies under load
ops = 821088
errors = 1
elapsed_s = 300.019
ops_per_sec = 2737
p50_us = 15615
p99_us = 147455
p999_us = 1441791
p9999_us = 5898239
max_us = 8333008
inf-bench: 1 error replies under load
ops = 821628
errors = 17
elapsed_s = 300.134
ops_per_sec = 2738
p50_us = 16895
p99_us = 147455
p999_us = 884735
p9999_us = 4587519
max_us = 8323307
inf-bench: 17 error replies under load
ops = 806805
errors = 13
elapsed_s = 300.022
ops_per_sec = 2689
p50_us = 17407
p99_us = 163839
p999_us = 851967
p9999_us = 3801087
max_us = 7621344
inf-bench: 13 error replies under load
ops = 769369
errors = 5
elapsed_s = 300.016
ops_per_sec = 2564
p50_us = 16127
p99_us = 159743
p999_us = 1441791
p9999_us = 5636095
max_us = 8166417
inf-bench: 5 error replies under load
ops = 799386
errors = 0
elapsed_s = 300.051
ops_per_sec = 2664
p50_us = 16383
p99_us = 167935
p999_us = 1179647
p9999_us = 5373951
max_us = 8442433
ops = 732658
errors = 2
elapsed_s = 301.184
ops_per_sec = 2433
p50_us = 16895
p99_us = 172031
p999_us = 1409023
p9999_us = 6815743
max_us = 9425088
inf-bench: 2 error replies under load
ops = 832920
errors = 0
elapsed_s = 300.159
ops_per_sec = 2775
p50_us = 16895
p99_us = 151551
p999_us = 901119
p9999_us = 3342335
max_us = 8207357
ops = 818671
errors = 4
elapsed_s = 300.010
ops_per_sec = 2729
p50_us = 15871
p99_us = 151551
p999_us = 901119
p9999_us = 5505023
max_us = 7419589
inf-bench: 4 error replies under load
ops = 906703
errors = 3
elapsed_s = 300.014
ops_per_sec = 3022
p50_us = 15359
p99_us = 143359
p999_us = 704511
p9999_us = 2359295
max_us = 4934434
inf-bench: 3 error replies under load
ops = 854988
errors = 8
elapsed_s = 300.012
ops_per_sec = 2850
p50_us = 15871
p99_us = 155647
p999_us = 1081343
p9999_us = 3604479
max_us = 6781712
inf-bench: 8 error replies under load
ops = 731294
errors = 12
elapsed_s = 300.021
ops_per_sec = 2437
p50_us = 16383
p99_us = 155647
p999_us = 2228223
p9999_us = 6160383
max_us = 8432133
inf-bench: 12 error replies under load
ops = 865617
errors = 8
elapsed_s = 300.266
ops_per_sec = 2883
p50_us = 15615
p99_us = 151551
p999_us = 917503
p9999_us = 3473407
max_us = 7476068
inf-bench: 8 error replies under load
ops = 939757
errors = 4
elapsed_s = 300.009
ops_per_sec = 3132
p50_us = 14591
p99_us = 143359
p999_us = 688127
p9999_us = 3080191
max_us = 9643154
inf-bench: 4 error replies under load
ops = 844508
errors = 14
elapsed_s = 305.642
ops_per_sec = 2763
p50_us = 15615
p99_us = 163839
p999_us = 1048575
p9999_us = 5898239
max_us = 9546805
inf-bench: 14 error replies under load
ops = 765996
errors = 22
elapsed_s = 300.018
ops_per_sec = 2553
p50_us = 16383
p99_us = 155647
p999_us = 1769471
p9999_us = 6160383
max_us = 8779724
inf-bench: 22 error replies under load
ops = 737578
errors = 0
elapsed_s = 300.017
ops_per_sec = 2458
p50_us = 16895
p99_us = 155647
p999_us = 1212415
p9999_us = 9699327
max_us = 14923717
ops = 864456
errors = 4
elapsed_s = 301.846
ops_per_sec = 2864
p50_us = 15359
p99_us = 151551
p999_us = 966655
p9999_us = 5505023
max_us = 7732674
inf-bench: 4 error replies under load
ops = 906919
errors = 0
elapsed_s = 300.014
ops_per_sec = 3023
p50_us = 15615
p99_us = 135167
p999_us = 819199
p9999_us = 4063231
max_us = 8311902
ops = 803046
errors = 9
elapsed_s = 300.017
ops_per_sec = 2677
p50_us = 16895
p99_us = 167935
p999_us = 753663
p9999_us = 2621439
max_us = 8082344
inf-bench: 9 error replies under load
ops = 884621
errors = 6
elapsed_s = 300.018
ops_per_sec = 2949
p50_us = 16127
p99_us = 155647
p999_us = 720895
p9999_us = 1703935
max_us = 2385515
inf-bench: 6 error replies under load
ops = 803235
errors = 17
elapsed_s = 300.014
ops_per_sec = 2677
p50_us = 15871
p99_us = 151551
p999_us = 1310719
p9999_us = 5636095
max_us = 7929630
inf-bench: 17 error replies under load
ops = 893950
errors = 9
elapsed_s = 300.083
ops_per_sec = 2979
p50_us = 15103
p99_us = 147455
p999_us = 835583
p9999_us = 4325375
max_us = 7752624
inf-bench: 9 error replies under load
ops = 884725
errors = 3
elapsed_s = 300.013
ops_per_sec = 2949
p50_us = 15103
p99_us = 143359
p999_us = 884735
p9999_us = 5898239
max_us = 9458907
inf-bench: 3 error replies under load
ops = 805031
errors = 3
elapsed_s = 300.282
ops_per_sec = 2681
p50_us = 16127
p99_us = 151551
p999_us = 1015807
p9999_us = 5898239
max_us = 8918785
inf-bench: 3 error replies under load
ops = 782903
errors = 2
elapsed_s = 300.015
ops_per_sec = 2610
p50_us = 17407
p99_us = 172031
p999_us = 868351
p9999_us = 4456447
max_us = 8950048
inf-bench: 2 error replies under load
ops = 807128
errors = 6
elapsed_s = 300.024
ops_per_sec = 2690
p50_us = 16895
p99_us = 159743
p999_us = 1114111
p9999_us = 5111807
max_us = 7225925
inf-bench: 6 error replies under load
ops = 622242
errors = 17
elapsed_s = 300.017
ops_per_sec = 2074
p50_us = 15871
p99_us = 184319
p999_us = 3997695
p9999_us = 10747903
max_us = 14702426
inf-bench: 17 error replies under load
ops = 820266
errors = 0
elapsed_s = 300.017
ops_per_sec = 2734
p50_us = 16383
p99_us = 151551
p999_us = 950271
p9999_us = 4325375
max_us = 5901897
ops = 833577
errors = 2
elapsed_s = 300.014
ops_per_sec = 2778
p50_us = 15103
p99_us = 143359
p999_us = 1441791
p9999_us = 5636095
max_us = 8613334
inf-bench: 2 error replies under load
ops = 885477
errors = 2
elapsed_s = 300.152
ops_per_sec = 2950
p50_us = 15359
p99_us = 147455
p999_us = 933887
p9999_us = 3014655
max_us = 7178929
inf-bench: 2 error replies under load
ops = 826458
errors = 12
elapsed_s = 300.017
ops_per_sec = 2755
p50_us = 16895
p99_us = 155647
p999_us = 753663
p9999_us = 3080191
max_us = 5723246
inf-bench: 12 error replies under load
ops = 843965
errors = 7
elapsed_s = 302.594
ops_per_sec = 2789
p50_us = 16895
p99_us = 159743
p999_us = 917503
p9999_us = 3997695
max_us = 9075936
inf-bench: 7 error replies under load
ops = 759820
errors = 14
elapsed_s = 300.018
ops_per_sec = 2533
p50_us = 17407
p99_us = 163839
p999_us = 1114111
p9999_us = 4980735
max_us = 7345858
inf-bench: 14 error replies under load
ops = 795800
errors = 6
elapsed_s = 300.018
ops_per_sec = 2653
p50_us = 17919
p99_us = 155647
p999_us = 868351
p9999_us = 1605631
max_us = 2419572
inf-bench: 6 error replies under load
ops = 731708
errors = 7
elapsed_s = 301.813
ops_per_sec = 2424
p50_us = 17407
p99_us = 159743
p999_us = 1671167
p9999_us = 6946815
max_us = 9312281
inf-bench: 7 error replies under load
ops = 733746
errors = 8
elapsed_s = 300.020
ops_per_sec = 2446
p50_us = 17919
p99_us = 176127
p999_us = 1146879
p9999_us = 4980735
max_us = 6746685
inf-bench: 8 error replies under load
ops = 752914
errors = 8
elapsed_s = 300.020
ops_per_sec = 2510
p50_us = 17919
p99_us = 167935
p999_us = 1212415
p9999_us = 4325375
max_us = 7193159
inf-bench: 8 error replies under load
ops = 795053
errors = 0
elapsed_s = 300.172
ops_per_sec = 2649
p50_us = 16895
p99_us = 155647
p999_us = 819199
p9999_us = 4587519
max_us = 8482694
ops = 719424
errors = 20
elapsed_s = 300.018
ops_per_sec = 2398
p50_us = 17919
p99_us = 180223
p999_us = 1245183
p9999_us = 5242879
max_us = 8147097
inf-bench: 20 error replies under load
ops = 793178
errors = 0
elapsed_s = 300.017
ops_per_sec = 2644
p50_us = 16127
p99_us = 155647
p999_us = 1015807
p9999_us = 6684671
max_us = 9196919
ops = 892466
errors = 1
elapsed_s = 300.027
ops_per_sec = 2975
p50_us = 15615
p99_us = 143359
p999_us = 753663
p9999_us = 2883583
max_us = 8970455
inf-bench: 1 error replies under load
ops = 886331
errors = 8
elapsed_s = 300.066
ops_per_sec = 2954
p50_us = 14847
p99_us = 151551
p999_us = 884735
p9999_us = 5111807
max_us = 8188219
inf-bench: 8 error replies under load
ops = 776519
errors = 8
elapsed_s = 300.024
ops_per_sec = 2588
p50_us = 15615
p99_us = 159743
p999_us = 1507327
p9999_us = 6815743
max_us = 9427724
inf-bench: 8 error replies under load
ops = 771694
errors = 14
elapsed_s = 300.022
ops_per_sec = 2572
p50_us = 17407
p99_us = 167935
p999_us = 917503
p9999_us = 4128767
max_us = 7130594
inf-bench: 14 error replies under load
ops = 759648
errors = 5
elapsed_s = 300.017
ops_per_sec = 2532
p50_us = 17919
p99_us = 159743
p999_us = 1048575
p9999_us = 4980735
max_us = 8726270
inf-bench: 5 error replies under load
ops = 739005
errors = 7
elapsed_s = 301.117
ops_per_sec = 2454
p50_us = 17407
p99_us = 151551
p999_us = 1376255
p9999_us = 6553599
max_us = 8504018
inf-bench: 7 error replies under load
ops = 842544
errors = 5
elapsed_s = 300.017
ops_per_sec = 2808
p50_us = 16127
p99_us = 159743
p999_us = 1179647
p9999_us = 5242879
max_us = 8929270
inf-bench: 5 error replies under load
ops = 838364
errors = 6
elapsed_s = 300.017
ops_per_sec = 2794
p50_us = 16895
p99_us = 155647
p999_us = 851967
p9999_us = 3932159
max_us = 8356576
inf-bench: 6 error replies under load
ops = 754297
errors = 7
elapsed_s = 300.052
ops_per_sec = 2514
p50_us = 17407
p99_us = 163839
p999_us = 1146879
p9999_us = 4587519
max_us = 6460765
inf-bench: 7 error replies under load
ops = 859571
errors = 5
elapsed_s = 300.017
ops_per_sec = 2865
p50_us = 16127
p99_us = 159743
p999_us = 835583
p9999_us = 4325375
max_us = 8668800
inf-bench: 5 error replies under load
ops = 712745
errors = 5
elapsed_s = 300.022
ops_per_sec = 2376
p50_us = 17919
p99_us = 176127
p999_us = 1179647
p9999_us = 6815743
max_us = 9259823
inf-bench: 5 error replies under load
ops = 924433
errors = 4
elapsed_s = 300.013
ops_per_sec = 3081
p50_us = 14591
p99_us = 139263
p999_us = 655359
p9999_us = 5111807
max_us = 8399323
inf-bench: 4 error replies under load
ops = 927240
errors = 0
elapsed_s = 300.019
ops_per_sec = 3091
p50_us = 14079
p99_us = 139263
p999_us = 720895
p9999_us = 5505023
max_us = 8365674
ops = 866948
errors = 8
elapsed_s = 300.032
ops_per_sec = 2890
p50_us = 15615
p99_us = 159743
p999_us = 933887
p9999_us = 3538943
max_us = 7628116
inf-bench: 8 error replies under load
ops = 878800
errors = 1
elapsed_s = 300.018
ops_per_sec = 2929
p50_us = 15615
p99_us = 151551
p999_us = 884735
p9999_us = 3473407
max_us = 8082819
inf-bench: 1 error replies under load
ops = 777951
errors = 7
elapsed_s = 300.026
ops_per_sec = 2593
p50_us = 17407
p99_us = 172031
p999_us = 950271
p9999_us = 4849663
max_us = 7589700
inf-bench: 7 error replies under load
ops = 759956
errors = 17
elapsed_s = 300.018
ops_per_sec = 2533
p50_us = 16383
p99_us = 159743
p999_us = 1277951
p9999_us = 6029311
max_us = 7920498
inf-bench: 17 error replies under load
ops = 772742
errors = 4
elapsed_s = 300.019
ops_per_sec = 2576
p50_us = 15871
p99_us = 155647
p999_us = 1802239
p9999_us = 6422527
max_us = 11363385
inf-bench: 4 error replies under load
ops = 805346
errors = 5
elapsed_s = 300.197
ops_per_sec = 2683
p50_us = 16127
p99_us = 163839
p999_us = 966655
p9999_us = 4980735
max_us = 9592319
inf-bench: 5 error replies under load
ops = 746476
errors = 9
elapsed_s = 300.021
ops_per_sec = 2488
p50_us = 17407
p99_us = 163839
p999_us = 1245183
p9999_us = 5111807
max_us = 8165013
inf-bench: 9 error replies under load
ops = 793851
errors = 7
elapsed_s = 309.270
ops_per_sec = 2567
p50_us = 17407
p99_us = 147455
p999_us = 983039
p9999_us = 3997695
max_us = 10274240
inf-bench: 7 error replies under load
ops = 856070
errors = 22
elapsed_s = 300.016
ops_per_sec = 2853
p50_us = 14591
p99_us = 147455
p999_us = 1343487
p9999_us = 7077887
max_us = 15740980
inf-bench: 22 error replies under load
ops = 823152
errors = 13
elapsed_s = 300.026
ops_per_sec = 2744
p50_us = 15871
p99_us = 151551
p999_us = 868351
p9999_us = 6160383
max_us = 8028622
inf-bench: 13 error replies under load
ops = 851993
errors = 0
elapsed_s = 300.019
ops_per_sec = 2840
p50_us = 15615
p99_us = 163839
p999_us = 933887
p9999_us = 5373951
max_us = 8151049
ops = 882020
errors = 5
elapsed_s = 300.021
ops_per_sec = 2940
p50_us = 14847
p99_us = 151551
p999_us = 1032191
p9999_us = 5636095
max_us = 8243064
inf-bench: 5 error replies under load
ops = 853587
errors = 0
elapsed_s = 300.020
ops_per_sec = 2845
p50_us = 15615
p99_us = 151551
p999_us = 1032191
p9999_us = 5505023
max_us = 8254808
ops = 801803
errors = 18
elapsed_s = 305.657
ops_per_sec = 2623
p50_us = 15359
p99_us = 167935
p999_us = 1409023
p9999_us = 6684671
max_us = 11722669
inf-bench: 18 error replies under load
ops = 749495
errors = 24
elapsed_s = 300.022
ops_per_sec = 2498
p50_us = 16127
p99_us = 147455
p999_us = 1277951
p9999_us = 8126463
max_us = 11585023
inf-bench: 24 error replies under load
ops = 671736
errors = 8
elapsed_s = 300.180
ops_per_sec = 2238
p50_us = 17919
p99_us = 176127
p999_us = 1802239
p9999_us = 8388607
max_us = 15486257
inf-bench: 8 error replies under load
ops = 719355
errors = 7
elapsed_s = 307.881
ops_per_sec = 2336
p50_us = 17919
p99_us = 176127
p999_us = 1179647
p9999_us = 6815743
max_us = 8919166
inf-bench: 7 error replies under load
ops = 704220
errors = 38
elapsed_s = 300.016
ops_per_sec = 2347
p50_us = 17407
p99_us = 176127
p999_us = 1277951
p9999_us = 6815743
max_us = 10881423
inf-bench: 38 error replies under load
ops = 705638
errors = 17
elapsed_s = 300.015
ops_per_sec = 2352
p50_us = 15615
p99_us = 176127
p999_us = 2490367
p9999_us = 11272191
max_us = 15800624
inf-bench: 17 error replies under load
ops = 926402
errors = 0
elapsed_s = 300.016
ops_per_sec = 3088
p50_us = 14847
p99_us = 163839
p999_us = 802815
p9999_us = 2555903
max_us = 5560815
ops = 823137
errors = 21
elapsed_s = 306.335
ops_per_sec = 2687
p50_us = 16127
p99_us = 163839
p999_us = 1212415
p9999_us = 4587519
max_us = 7541326
inf-bench: 21 error replies under load
ops = 731075
errors = 1
elapsed_s = 300.174
ops_per_sec = 2436
p50_us = 17407
p99_us = 172031
p999_us = 1310719
p9999_us = 6553599
max_us = 8438805
inf-bench: 1 error replies under load
ops = 806984
errors = 8
elapsed_s = 300.014
ops_per_sec = 2690
p50_us = 16383
p99_us = 151551
p999_us = 1048575
p9999_us = 5242879
max_us = 8369586
inf-bench: 8 error replies under load
ops = 842527
errors = 22
elapsed_s = 300.182
ops_per_sec = 2807
p50_us = 15359
p99_us = 159743
p999_us = 933887
p9999_us = 5242879
max_us = 8674324
inf-bench: 22 error replies under load
ops = 893755
errors = 16
elapsed_s = 300.023
ops_per_sec = 2979
p50_us = 15615
p99_us = 155647
p999_us = 753663
p9999_us = 4194303
max_us = 9377645
inf-bench: 16 error replies under load
ops = 794774
errors = 21
elapsed_s = 300.018
ops_per_sec = 2649
p50_us = 15871
p99_us = 155647
p999_us = 1540095
p9999_us = 5373951
max_us = 7418023
inf-bench: 21 error replies under load
ops = 823357
errors = 3
elapsed_s = 300.054
ops_per_sec = 2744
p50_us = 15615
p99_us = 163839
p999_us = 1343487
p9999_us = 5767167
max_us = 8637390
inf-bench: 3 error replies under load
ops = 823413
errors = 2
elapsed_s = 300.315
ops_per_sec = 2742
p50_us = 16383
p99_us = 151551
p999_us = 950271
p9999_us = 4980735
max_us = 7628627
inf-bench: 2 error replies under load
ops = 696895
errors = 9
elapsed_s = 300.265
ops_per_sec = 2321
p50_us = 16895
p99_us = 176127
p999_us = 2293759
p9999_us = 7733247
max_us = 11324808
inf-bench: 9 error replies under load
ops = 852628
errors = 4
elapsed_s = 300.129
ops_per_sec = 2841
p50_us = 15615
p99_us = 143359
p999_us = 851967
p9999_us = 4849663
max_us = 7979341
inf-bench: 4 error replies under load
ops = 807357
errors = 5
elapsed_s = 300.025
ops_per_sec = 2691
p50_us = 17919
p99_us = 176127
p999_us = 933887
p9999_us = 2162687
max_us = 3893563
inf-bench: 5 error replies under load
ops = 734728
errors = 7
elapsed_s = 300.157
ops_per_sec = 2448
p50_us = 16895
p99_us = 155647
p999_us = 1736703
p9999_us = 6815743
max_us = 8547919
inf-bench: 7 error replies under load
ops = 777720
errors = 0
elapsed_s = 302.408
ops_per_sec = 2572
p50_us = 16895
p99_us = 176127
p999_us = 1343487
p9999_us = 6160383
max_us = 8425310
ops = 768566
errors = 16
elapsed_s = 300.023
ops_per_sec = 2562
p50_us = 17407
p99_us = 151551
p999_us = 1212415
p9999_us = 5373951
max_us = 7290245
inf-bench: 16 error replies under load
ops = 817223
errors = 1
elapsed_s = 300.859
ops_per_sec = 2716
p50_us = 16895
p99_us = 159743
p999_us = 884735
p9999_us = 3932159
max_us = 8335763
inf-bench: 1 error replies under load
ops = 752328
errors = 15
elapsed_s = 300.018
ops_per_sec = 2508
p50_us = 17407
p99_us = 172031
p999_us = 1343487
p9999_us = 4980735
max_us = 8456447
inf-bench: 15 error replies under load
ops = 860085
errors = 15
elapsed_s = 306.749
ops_per_sec = 2804
p50_us = 15359
p99_us = 147455
p999_us = 1343487
p9999_us = 5111807
max_us = 9477423
inf-bench: 15 error replies under load
ops = 776804
errors = 6
elapsed_s = 300.015
ops_per_sec = 2589
p50_us = 16383
p99_us = 167935
p999_us = 1409023
p9999_us = 6291455
max_us = 8373363
inf-bench: 6 error replies under load
ops = 869163
errors = 2
elapsed_s = 300.015
ops_per_sec = 2897
p50_us = 15615
p99_us = 147455
p999_us = 868351
p9999_us = 4718591
max_us = 6494545
inf-bench: 2 error replies under load
ops = 786757
errors = 9
elapsed_s = 304.925
ops_per_sec = 2580
p50_us = 16895
p99_us = 159743
p999_us = 983039
p9999_us = 6553599
max_us = 8606324
inf-bench: 9 error replies under load
ops = 862888
errors = 16
elapsed_s = 300.114
ops_per_sec = 2875
p50_us = 15871
p99_us = 159743
p999_us = 851967
p9999_us = 3211263
max_us = 7246058
inf-bench: 16 error replies under load
ops = 859312
errors = 10
elapsed_s = 300.024
ops_per_sec = 2864
p50_us = 15359
p99_us = 151551
p999_us = 933887
p9999_us = 4980735
max_us = 8411995
inf-bench: 10 error replies under load
ops = 751137
errors = 9
elapsed_s = 300.237
ops_per_sec = 2502
p50_us = 16895
p99_us = 163839
p999_us = 1638399
p9999_us = 6029311
max_us = 8547622
inf-bench: 9 error replies under load
ops = 812438
errors = 0
elapsed_s = 300.023
ops_per_sec = 2708
p50_us = 16895
p99_us = 151551
p999_us = 950271
p9999_us = 4718591
max_us = 7692054
ops = 866853
errors = 12
elapsed_s = 300.015
ops_per_sec = 2889
p50_us = 15103
p99_us = 139263
p999_us = 868351
p9999_us = 5898239
max_us = 8721918
inf-bench: 12 error replies under load
ops = 859494
errors = 13
elapsed_s = 300.021
ops_per_sec = 2865
p50_us = 15615
p99_us = 151551
p999_us = 901119
p9999_us = 4194303
max_us = 6384602
inf-bench: 13 error replies under load
ops = 782651
errors = 1
elapsed_s = 300.015
ops_per_sec = 2609
p50_us = 17407
p99_us = 151551
p999_us = 835583
p9999_us = 5242879
max_us = 8227432
inf-bench: 1 error replies under load
ops = 822055
errors = 7
elapsed_s = 300.016
ops_per_sec = 2740
p50_us = 16895
p99_us = 159743
p999_us = 901119
p9999_us = 3407871
max_us = 6523909
inf-bench: 7 error replies under load
ops = 884614
errors = 17
elapsed_s = 306.283
ops_per_sec = 2888
p50_us = 15103
p99_us = 159743
p999_us = 966655
p9999_us = 6029311
max_us = 9244720
inf-bench: 17 error replies under load
ops = 786599
errors = 11
elapsed_s = 300.071
ops_per_sec = 2621
p50_us = 16383
p99_us = 155647
p999_us = 1179647
p9999_us = 6291455
max_us = 9089973
inf-bench: 11 error replies under load
ops = 865174
errors = 12
elapsed_s = 300.014
ops_per_sec = 2884
p50_us = 15615
p99_us = 163839
p999_us = 819199
p9999_us = 3866623
max_us = 7730293
inf-bench: 12 error replies under load
ops = 917011
errors = 20
elapsed_s = 300.013
ops_per_sec = 3057
p50_us = 15103
p99_us = 147455
p999_us = 688127
p9999_us = 3080191
max_us = 6293159
inf-bench: 20 error replies under load
ops = 830945
errors = 1
elapsed_s = 300.021
ops_per_sec = 2770
p50_us = 16383
p99_us = 151551
p999_us = 966655
p9999_us = 4980735
max_us = 8204559
inf-bench: 1 error replies under load
ops = 846486
errors = 5
elapsed_s = 300.017
ops_per_sec = 2821
p50_us = 15359
p99_us = 139263
p999_us = 1277951
p9999_us = 5767167
max_us = 7796898
inf-bench: 5 error replies under load
ops = 872001
errors = 0
elapsed_s = 300.292
ops_per_sec = 2904
p50_us = 15359
p99_us = 151551
p999_us = 835583
p9999_us = 4718591
max_us = 7903730
ops = 846660
errors = 11
elapsed_s = 300.019
ops_per_sec = 2822
p50_us = 15615
p99_us = 159743
p999_us = 933887
p9999_us = 4849663
max_us = 8369781
inf-bench: 11 error replies under load
ops = 888811
errors = 12
elapsed_s = 300.014
ops_per_sec = 2963
p50_us = 15615
p99_us = 147455
p999_us = 753663
p9999_us = 3604479
max_us = 7883326
inf-bench: 12 error replies under load
ops = 825572
errors = 10
elapsed_s = 300.021
ops_per_sec = 2752
p50_us = 16383
p99_us = 151551
p999_us = 1146879
p9999_us = 4325375
max_us = 7233001
inf-bench: 10 error replies under load
ops = 781771
errors = 14
elapsed_s = 300.321
ops_per_sec = 2603
p50_us = 16895
p99_us = 155647
p999_us = 868351
p9999_us = 6029311
max_us = 8881897
inf-bench: 14 error replies under load
ops = 825459
errors = 9
elapsed_s = 300.103
ops_per_sec = 2751
p50_us = 16895
p99_us = 155647
p999_us = 901119
p9999_us = 3866623
max_us = 7931029
inf-bench: 9 error replies under load
ops = 813468
errors = 6
elapsed_s = 300.012
ops_per_sec = 2711
p50_us = 15615
p99_us = 163839
p999_us = 966655
p9999_us = 6422527
max_us = 8984903
inf-bench: 6 error replies under load
ops = 895192
errors = 8
elapsed_s = 300.017
ops_per_sec = 2984
p50_us = 15359
p99_us = 167935
p999_us = 917503
p9999_us = 5111807
max_us = 8041907
inf-bench: 8 error replies under load
ops = 858446
errors = 11
elapsed_s = 300.048
ops_per_sec = 2861
p50_us = 16383
p99_us = 159743
p999_us = 786431
p9999_us = 3735551
max_us = 7891185
inf-bench: 11 error replies under load
ops = 889721
errors = 4
elapsed_s = 300.016
ops_per_sec = 2966
p50_us = 15103
p99_us = 147455
p999_us = 851967
p9999_us = 4849663
max_us = 6862839
inf-bench: 4 error replies under load
ops = 850157
errors = 7
elapsed_s = 300.020
ops_per_sec = 2834
p50_us = 15615
p99_us = 143359
p999_us = 999423
p9999_us = 5767167
max_us = 8543557
inf-bench: 7 error replies under load
ops = 900164
errors = 3
elapsed_s = 300.101
ops_per_sec = 3000
p50_us = 14847
p99_us = 139263
p999_us = 901119
p9999_us = 2359295
max_us = 7757566
inf-bench: 3 error replies under load
ops = 830033
errors = 0
elapsed_s = 300.023
ops_per_sec = 2767
p50_us = 16383
p99_us = 147455
p999_us = 1048575
p9999_us = 3407871
max_us = 7312113
ops = 761041
errors = 7
elapsed_s = 300.112
ops_per_sec = 2536
p50_us = 18431
p99_us = 159743
p999_us = 901119
p9999_us = 1703935
max_us = 2233317
inf-bench: 7 error replies under load
ops = 836299
errors = 3
elapsed_s = 300.014
ops_per_sec = 2788
p50_us = 16127
p99_us = 155647
p999_us = 917503
p9999_us = 5505023
max_us = 7818271
inf-bench: 3 error replies under load
ops = 825124
errors = 1
elapsed_s = 300.026
ops_per_sec = 2750
p50_us = 15871
p99_us = 151551
p999_us = 933887
p9999_us = 6291455
max_us = 8162799
inf-bench: 1 error replies under load
ops = 835069
errors = 5
elapsed_s = 300.023
ops_per_sec = 2783
p50_us = 16127
p99_us = 163839
p999_us = 966655
p9999_us = 4128767
max_us = 8682440
inf-bench: 5 error replies under load
ops = 767220
errors = 13
elapsed_s = 300.018
ops_per_sec = 2557
p50_us = 16895
p99_us = 176127
p999_us = 1605631
p9999_us = 6160383
max_us = 8548053
inf-bench: 13 error replies under load
ops = 725534
errors = 1
elapsed_s = 300.016
ops_per_sec = 2418
p50_us = 18943
p99_us = 192511
p999_us = 1081343
p9999_us = 4980735
max_us = 8382697
inf-bench: 1 error replies under load
ops = 878110
errors = 1
elapsed_s = 300.016
ops_per_sec = 2927
p50_us = 15359
p99_us = 155647
p999_us = 704511
p9999_us = 4980735
max_us = 8343141
inf-bench: 1 error replies under load
ops = 865867
errors = 7
elapsed_s = 300.156
ops_per_sec = 2885
p50_us = 15615
p99_us = 151551
p999_us = 786431
p9999_us = 5636095
max_us = 8100575
inf-bench: 7 error replies under load
ops = 850841
errors = 14
elapsed_s = 300.177
ops_per_sec = 2834
p50_us = 16383
p99_us = 172031
p999_us = 933887
p9999_us = 3145727
max_us = 5660058
inf-bench: 14 error replies under load
ops = 842807
errors = 0
elapsed_s = 300.184
ops_per_sec = 2808
p50_us = 14847
p99_us = 151551
p999_us = 1343487
p9999_us = 6553599
max_us = 9118759
ops = 756083
errors = 25
elapsed_s = 300.014
ops_per_sec = 2520
p50_us = 17407
p99_us = 163839
p999_us = 1146879
p9999_us = 5767167
max_us = 7417048
inf-bench: 25 error replies under load
ops = 776875
errors = 8
elapsed_s = 300.149
ops_per_sec = 2588
p50_us = 16895
p99_us = 159743
p999_us = 1114111
p9999_us = 4849663
max_us = 8496903
inf-bench: 8 error replies under load
ops = 841067
errors = 4
elapsed_s = 300.019
ops_per_sec = 2803
p50_us = 16383
p99_us = 151551
p999_us = 917503
p9999_us = 3473407
max_us = 8071451
inf-bench: 4 error replies under load
ops = 898936
errors = 16
elapsed_s = 300.014
ops_per_sec = 2996
p50_us = 15871
p99_us = 147455
p999_us = 770047
p9999_us = 1835007
max_us = 2219000
inf-bench: 16 error replies under load
ops = 789511
errors = 9
elapsed_s = 300.021
ops_per_sec = 2632
p50_us = 15359
p99_us = 147455
p999_us = 1900543
p9999_us = 7471103
max_us = 9073287
inf-bench: 9 error replies under load
ops = 812104
errors = 2
elapsed_s = 300.017
ops_per_sec = 2707
p50_us = 16895
p99_us = 163839
p999_us = 819199
p9999_us = 5111807
max_us = 7847045
inf-bench: 2 error replies under load
ops = 849880
errors = 22
elapsed_s = 300.126
ops_per_sec = 2832
p50_us = 15103
p99_us = 155647
p999_us = 1081343
p9999_us = 4456447
max_us = 8572661
inf-bench: 22 error replies under load
ops = 886058
errors = 6
elapsed_s = 300.020
ops_per_sec = 2953
p50_us = 15615
p99_us = 159743
p999_us = 737279
p9999_us = 3997695
max_us = 9038667
inf-bench: 6 error replies under load
ops = 835047
errors = 13
elapsed_s = 300.016
ops_per_sec = 2783
p50_us = 16127
p99_us = 159743
p999_us = 999423
p9999_us = 4325375
max_us = 7350867
inf-bench: 13 error replies under load
ops = 748757
errors = 7
elapsed_s = 300.021
ops_per_sec = 2496
p50_us = 16383
p99_us = 151551
p999_us = 1736703
p9999_us = 6815743
max_us = 8510215
inf-bench: 7 error replies under load
ops = 775893
errors = 3
elapsed_s = 300.014
ops_per_sec = 2586
p50_us = 17919
p99_us = 155647
p999_us = 933887
p9999_us = 2818047
max_us = 7259244
inf-bench: 3 error replies under load
ops = 834780
errors = 1
elapsed_s = 300.021
ops_per_sec = 2782
p50_us = 16127
p99_us = 155647
p999_us = 901119
p9999_us = 5111807
max_us = 8347973
inf-bench: 1 error replies under load
ops = 796708
errors = 2
elapsed_s = 300.136
ops_per_sec = 2654
p50_us = 16895
p99_us = 155647
p999_us = 1032191
p9999_us = 4718591
max_us = 7499046
inf-bench: 2 error replies under load
ops = 812548
errors = 8
elapsed_s = 300.020
ops_per_sec = 2708
p50_us = 16895
p99_us = 167935
p999_us = 999423
p9999_us = 3473407
max_us = 7080472
inf-bench: 8 error replies under load
ops = 718059
errors = 21
elapsed_s = 304.339
ops_per_sec = 2359
p50_us = 17407
p99_us = 167935
p999_us = 1867775
p9999_us = 6684671
max_us = 8928661
inf-bench: 21 error replies under load
ops = 614282
errors = 2
elapsed_s = 300.017
ops_per_sec = 2047
p50_us = 17919
p99_us = 172031
p999_us = 3145727
p9999_us = 13631487
max_us = 22666625
inf-bench: 2 error replies under load
ops = 766364
errors = 11
elapsed_s = 300.019
ops_per_sec = 2554
p50_us = 17407
p99_us = 155647
p999_us = 999423
p9999_us = 3932159
max_us = 6562360
inf-bench: 11 error replies under load
ops = 668122
errors = 9
elapsed_s = 300.184
ops_per_sec = 2226
p50_us = 16383
p99_us = 176127
p999_us = 2883583
p9999_us = 8388607
max_us = 11831089
inf-bench: 9 error replies under load
ops = 878490
errors = 2
elapsed_s = 300.019
ops_per_sec = 2928
p50_us = 15359
p99_us = 147455
p999_us = 868351
p9999_us = 2818047
max_us = 5893606
inf-bench: 2 error replies under load
ops = 887717
errors = 3
elapsed_s = 300.023
ops_per_sec = 2959
p50_us = 14847
p99_us = 151551
p999_us = 983039
p9999_us = 5898239
max_us = 8204819
inf-bench: 3 error replies under load
ops = 808805
errors = 5
elapsed_s = 303.403
ops_per_sec = 2666
p50_us = 16383
p99_us = 155647
p999_us = 1032191
p9999_us = 6422527
max_us = 8560598
inf-bench: 5 error replies under load
ops = 891152
errors = 0
elapsed_s = 300.243
ops_per_sec = 2968
p50_us = 15103
p99_us = 143359
p999_us = 737279
p9999_us = 3014655
max_us = 6508879
ops = 862208
errors = 5
elapsed_s = 300.013
ops_per_sec = 2874
p50_us = 15871
p99_us = 143359
p999_us = 819199
p9999_us = 3342335
max_us = 7123314
inf-bench: 5 error replies under load
ops = 892905
errors = 14
elapsed_s = 300.024
ops_per_sec = 2976
p50_us = 15359
p99_us = 163839
p999_us = 917503
p9999_us = 3407871
max_us = 6146488
inf-bench: 14 error replies under load
ops = 861762
errors = 8
elapsed_s = 300.027
ops_per_sec = 2872
p50_us = 15359
p99_us = 159743
p999_us = 1179647
p9999_us = 4849663
max_us = 6738717
inf-bench: 8 error replies under load
ops = 692634
errors = 12
elapsed_s = 300.013
ops_per_sec = 2309
p50_us = 18431
p99_us = 176127
p999_us = 1605631
p9999_us = 5505023
max_us = 8455457
inf-bench: 12 error replies under load
ops = 854232
errors = 4
elapsed_s = 300.019
ops_per_sec = 2847
p50_us = 14847
p99_us = 151551
p999_us = 1212415
p9999_us = 5636095
max_us = 8287946
inf-bench: 4 error replies under load
ops = 870456
errors = 6
elapsed_s = 300.014
ops_per_sec = 2901
p50_us = 15103
p99_us = 151551
p999_us = 884735
p9999_us = 4718591
max_us = 7735752
inf-bench: 6 error replies under load
ops = 820647
errors = 2
elapsed_s = 300.022
ops_per_sec = 2735
p50_us = 16895
p99_us = 155647
p999_us = 819199
p9999_us = 1736703
max_us = 2775243
inf-bench: 2 error replies under load
ops = 780521
errors = 12
elapsed_s = 300.014
ops_per_sec = 2602
p50_us = 17407
p99_us = 172031
p999_us = 1245183
p9999_us = 4587519
max_us = 8403588
inf-bench: 12 error replies under load
ops = 752661
errors = 17
elapsed_s = 300.019
ops_per_sec = 2509
p50_us = 17919
p99_us = 151551
p999_us = 1146879
p9999_us = 5767167
max_us = 7574902
inf-bench: 17 error replies under load
ops = 899176
errors = 8
elapsed_s = 302.902
ops_per_sec = 2969
p50_us = 14847
p99_us = 151551
p999_us = 1081343
p9999_us = 6422527
max_us = 8521772
inf-bench: 8 error replies under load
ops = 878400
errors = 6
elapsed_s = 300.016
ops_per_sec = 2928
p50_us = 15103
p99_us = 147455
p999_us = 868351
p9999_us = 5636095
max_us = 8888929
inf-bench: 6 error replies under load
ops = 857436
errors = 7
elapsed_s = 300.011
ops_per_sec = 2858
p50_us = 15615
p99_us = 176127
p999_us = 868351
p9999_us = 3080191
max_us = 7768832
inf-bench: 7 error replies under load
ops = 772993
errors = 19
elapsed_s = 300.220
ops_per_sec = 2575
p50_us = 16383
p99_us = 172031
p999_us = 1703935
p9999_us = 5111807
max_us = 7064532
inf-bench: 19 error replies under load
ops = 766077
errors = 6
elapsed_s = 301.255
ops_per_sec = 2543
p50_us = 18431
p99_us = 159743
p999_us = 983039
p9999_us = 3473407
max_us = 6839000
inf-bench: 6 error replies under load
ops = 853678
errors = 12
elapsed_s = 300.073
ops_per_sec = 2845
p50_us = 15615
p99_us = 143359
p999_us = 950271
p9999_us = 4980735
max_us = 7463308
inf-bench: 12 error replies under load
ops = 882186
errors = 7
elapsed_s = 300.011
ops_per_sec = 2941
p50_us = 15359
p99_us = 167935
p999_us = 1081343
p9999_us = 5242879
max_us = 8819442
inf-bench: 7 error replies under load
ops = 792004
errors = 4
elapsed_s = 300.022
ops_per_sec = 2640
p50_us = 16895
p99_us = 176127
p999_us = 1048575
p9999_us = 4849663
max_us = 8313271
inf-bench: 4 error replies under load
ops = 749527
errors = 0
elapsed_s = 300.021
ops_per_sec = 2498
p50_us = 17407
p99_us = 172031
p999_us = 1343487
p9999_us = 6160383
max_us = 8949590
ops = 768252
errors = 11
elapsed_s = 300.015
ops_per_sec = 2561
p50_us = 17407
p99_us = 172031
p999_us = 1245183
p9999_us = 4849663
max_us = 7198946
inf-bench: 11 error replies under load
ops = 919228
errors = 2
elapsed_s = 300.354
ops_per_sec = 3060
p50_us = 14847
p99_us = 155647
p999_us = 884735
p9999_us = 3145727
max_us = 7705487
inf-bench: 2 error replies under load
ops = 804730
errors = 8
elapsed_s = 300.649
ops_per_sec = 2677
p50_us = 16895
p99_us = 155647
p999_us = 1015807
p9999_us = 5111807
max_us = 8428458
inf-bench: 8 error replies under load
ops = 772781
errors = 3
elapsed_s = 301.349
ops_per_sec = 2564
p50_us = 17407
p99_us = 163839
p999_us = 1212415
p9999_us = 5898239
max_us = 8064801
inf-bench: 3 error replies under load
ops = 827436
errors = 4
elapsed_s = 300.013
ops_per_sec = 2758
p50_us = 16383
p99_us = 159743
p999_us = 819199
p9999_us = 4063231
max_us = 8930949
inf-bench: 4 error replies under load
ops = 821603
errors = 10
elapsed_s = 300.823
ops_per_sec = 2731
p50_us = 16383
p99_us = 163839
p999_us = 1277951
p9999_us = 3866623
max_us = 6166469
inf-bench: 10 error replies under load
ops = 843716
errors = 9
elapsed_s = 300.021
ops_per_sec = 2812
p50_us = 15359
p99_us = 147455
p999_us = 1310719
p9999_us = 5636095
max_us = 7770248
inf-bench: 9 error replies under load
ops = 843013
errors = 0
elapsed_s = 300.019
ops_per_sec = 2810
p50_us = 16127
p99_us = 159743
p999_us = 933887
p9999_us = 3211263
max_us = 6829462
ops = 803681
errors = 3
elapsed_s = 300.015
ops_per_sec = 2679
p50_us = 16127
p99_us = 163839
p999_us = 1212415
p9999_us = 6553599
max_us = 8413455
inf-bench: 3 error replies under load
ops = 859342
errors = 6
elapsed_s = 300.062
ops_per_sec = 2864
p50_us = 15103
p99_us = 147455
p999_us = 1114111
p9999_us = 5636095
max_us = 8153887
inf-bench: 6 error replies under load
ops = 752308
errors = 3
elapsed_s = 300.021
ops_per_sec = 2508
p50_us = 17407
p99_us = 176127
p999_us = 1212415
p9999_us = 5242879
max_us = 7709503
inf-bench: 3 error replies under load
ops = 881394
errors = 4
elapsed_s = 300.299
ops_per_sec = 2935
p50_us = 15615
p99_us = 151551
p999_us = 704511
p9999_us = 3538943
max_us = 8141829
inf-bench: 4 error replies under load
ops = 800372
errors = 11
elapsed_s = 300.014
ops_per_sec = 2668
p50_us = 16383
p99_us = 159743
p999_us = 1179647
p9999_us = 6815743
max_us = 8608770
inf-bench: 11 error replies under load
ops = 750657
errors = 15
elapsed_s = 301.432
ops_per_sec = 2490
p50_us = 17919
p99_us = 180223
p999_us = 1146879
p9999_us = 2621439
max_us = 4507871
inf-bench: 15 error replies under load
ops = 741934
errors = 2
elapsed_s = 300.018
ops_per_sec = 2473
p50_us = 16895
p99_us = 159743
p999_us = 1540095
p9999_us = 6684671
max_us = 8623058
inf-bench: 2 error replies under load
ops = 813174
errors = 10
elapsed_s = 300.017
ops_per_sec = 2710
p50_us = 16895
p99_us = 159743
p999_us = 851967
p9999_us = 4325375
max_us = 7513471
inf-bench: 10 error replies under load
ops = 852100
errors = 1
elapsed_s = 300.017
ops_per_sec = 2840
p50_us = 15871
p99_us = 155647
p999_us = 1114111
p9999_us = 3407871
max_us = 5889730
inf-bench: 1 error replies under load
ops = 768326
errors = 6
elapsed_s = 300.029
ops_per_sec = 2561
p50_us = 17407
p99_us = 176127
p999_us = 1540095
p9999_us = 4194303
max_us = 7627693
inf-bench: 6 error replies under load
ops = 829212
errors = 8
elapsed_s = 302.297
ops_per_sec = 2743
p50_us = 16895
p99_us = 151551
p999_us = 868351
p9999_us = 3538943
max_us = 7481409
inf-bench: 8 error replies under load
ops = 799374
errors = 6
elapsed_s = 300.141
ops_per_sec = 2663
p50_us = 15871
p99_us = 155647
p999_us = 1032191
p9999_us = 6422527
max_us = 9220555
inf-bench: 6 error replies under load
ops = 784110
errors = 4
elapsed_s = 300.018
ops_per_sec = 2614
p50_us = 16895
p99_us = 172031
p999_us = 1146879
p9999_us = 5242879
max_us = 9140655
inf-bench: 4 error replies under load
ops = 889767
errors = 0
elapsed_s = 300.023
ops_per_sec = 2966
p50_us = 15103
p99_us = 159743
p999_us = 786431
p9999_us = 5505023
max_us = 9209567
ops = 884821
errors = 10
elapsed_s = 300.020
ops_per_sec = 2949
p50_us = 15359
p99_us = 147455
p999_us = 720895
p9999_us = 4587519
max_us = 6774114
inf-bench: 10 error replies under load
ops = 900003
errors = 3
elapsed_s = 300.014
ops_per_sec = 3000
p50_us = 15615
p99_us = 151551
p999_us = 737279
p9999_us = 2064383
max_us = 4232301
inf-bench: 3 error replies under load
ops = 852800
errors = 0
elapsed_s = 300.014
ops_per_sec = 2843
p50_us = 15103
p99_us = 172031
p999_us = 1114111
p9999_us = 5767167
max_us = 8557878
ops = 841220
errors = 4
elapsed_s = 300.021
ops_per_sec = 2804
p50_us = 16895
p99_us = 155647
p999_us = 786431
p9999_us = 4194303
max_us = 8926467
inf-bench: 4 error replies under load
ops = 779116
errors = 3
elapsed_s = 300.019
ops_per_sec = 2597
p50_us = 16895
p99_us = 163839
p999_us = 1015807
p9999_us = 5242879
max_us = 6663164
inf-bench: 3 error replies under load
ops = 798004
errors = 2
elapsed_s = 300.025
ops_per_sec = 2660
p50_us = 17407
p99_us = 151551
p999_us = 950271
p9999_us = 2752511
max_us = 5804908
inf-bench: 2 error replies under load
ops = 771003
errors = 10
elapsed_s = 300.023
ops_per_sec = 2570
p50_us = 17407
p99_us = 163839
p999_us = 1081343
p9999_us = 2883583
max_us = 4644402
inf-bench: 10 error replies under load
ops = 767678
errors = 8
elapsed_s = 300.021
ops_per_sec = 2559
p50_us = 17407
p99_us = 172031
p999_us = 1245183
p9999_us = 6815743
max_us = 8513252
inf-bench: 8 error replies under load
ops = 751011
errors = 8
elapsed_s = 300.016
ops_per_sec = 2503
p50_us = 17407
p99_us = 172031
p999_us = 1474559
p9999_us = 5767167
max_us = 7726910
inf-bench: 8 error replies under load
ops = 856456
errors = 10
elapsed_s = 300.134
ops_per_sec = 2854
p50_us = 15871
p99_us = 159743
p999_us = 819199
p9999_us = 6291455
max_us = 8654572
inf-bench: 10 error replies under load
ops = 839778
errors = 4
elapsed_s = 300.023
ops_per_sec = 2799
p50_us = 16127
p99_us = 159743
p999_us = 933887
p9999_us = 3211263
max_us = 5100179
inf-bench: 4 error replies under load
ops = 922947
errors = 13
elapsed_s = 300.012
ops_per_sec = 3076
p50_us = 15103
p99_us = 147455
p999_us = 802815
p9999_us = 1638399
max_us = 2422734
inf-bench: 13 error replies under load
ops = 775059
errors = 0
elapsed_s = 300.023
ops_per_sec = 2583
p50_us = 15359
p99_us = 172031
p999_us = 2031615
p9999_us = 7340031
max_us = 8594553
ops = 746112
errors = 0
elapsed_s = 300.759
ops_per_sec = 2481
p50_us = 18431
p99_us = 155647
p999_us = 1146879
p9999_us = 5242879
max_us = 7575587
ops = 894716
errors = 8
elapsed_s = 301.031
ops_per_sec = 2972
p50_us = 15103
p99_us = 147455
p999_us = 868351
p9999_us = 2293759
max_us = 6304442
inf-bench: 8 error replies under load
ops = 942845
errors = 6
elapsed_s = 300.015
ops_per_sec = 3143
p50_us = 14591
p99_us = 147455
p999_us = 851967
p9999_us = 3276799
max_us = 6784237
inf-bench: 6 error replies under load
ops = 903061
errors = 12
elapsed_s = 304.709
ops_per_sec = 2964
p50_us = 14847
p99_us = 155647
p999_us = 1114111
p9999_us = 4587519
max_us = 7054550
inf-bench: 12 error replies under load
ops = 908882
errors = 10
elapsed_s = 300.019
ops_per_sec = 3029
p50_us = 14847
p99_us = 147455
p999_us = 819199
p9999_us = 4980735
max_us = 8728471
inf-bench: 10 error replies under load
ops = 820101
errors = 8
elapsed_s = 300.016
ops_per_sec = 2734
p50_us = 16127
p99_us = 151551
p999_us = 1212415
p9999_us = 5767167
max_us = 9032487
inf-bench: 8 error replies under load
ops = 799405
errors = 0
elapsed_s = 305.396
ops_per_sec = 2618
p50_us = 16895
p99_us = 143359
p999_us = 1245183
p9999_us = 4718591
max_us = 6982651
ops = 840185
errors = 7
elapsed_s = 300.020
ops_per_sec = 2800
p50_us = 16895
p99_us = 147455
p999_us = 786431
p9999_us = 3604479
max_us = 6146270
inf-bench: 7 error replies under load
ops = 852467
errors = 18
elapsed_s = 300.216
ops_per_sec = 2840
p50_us = 16127
p99_us = 155647
p999_us = 753663
p9999_us = 1572863
max_us = 2152204
inf-bench: 18 error replies under load
ops = 889916
errors = 6
elapsed_s = 300.013
ops_per_sec = 2966
p50_us = 15871
p99_us = 159743
p999_us = 917503
p9999_us = 1933311
max_us = 2568482
inf-bench: 6 error replies under load
ops = 763805
errors = 9
elapsed_s = 300.014
ops_per_sec = 2546
p50_us = 15871
p99_us = 159743
p999_us = 2228223
p9999_us = 6684671
max_us = 8670194
inf-bench: 9 error replies under load
ops = 871323
errors = 6
elapsed_s = 300.017
ops_per_sec = 2904
p50_us = 15871
p99_us = 151551
p999_us = 950271
p9999_us = 2686975
max_us = 5295653
inf-bench: 6 error replies under load
ops = 757411
errors = 2
elapsed_s = 300.020
ops_per_sec = 2525
p50_us = 16895
p99_us = 163839
p999_us = 950271
p9999_us = 6291455
max_us = 8092950
inf-bench: 2 error replies under load
ops = 878578
errors = 20
elapsed_s = 300.067
ops_per_sec = 2928
p50_us = 15359
p99_us = 155647
p999_us = 917503
p9999_us = 3473407
max_us = 7085069
inf-bench: 20 error replies under load
ops = 903379
errors = 1
elapsed_s = 300.015
ops_per_sec = 3011
p50_us = 14847
p99_us = 147455
p999_us = 1212415
p9999_us = 3735551
max_us = 8051947
inf-bench: 1 error replies under load
ops = 842250
errors = 7
elapsed_s = 300.018
ops_per_sec = 2807
p50_us = 16127
p99_us = 155647
p999_us = 933887
p9999_us = 4456447
max_us = 7198296
inf-bench: 7 error replies under load
ops = 841383
errors = 8
elapsed_s = 300.013
ops_per_sec = 2804
p50_us = 15103
p99_us = 151551
p999_us = 1409023
p9999_us = 6684671
max_us = 8289601
inf-bench: 8 error replies under load
ops = 843126
errors = 11
elapsed_s = 300.119
ops_per_sec = 2809
p50_us = 15615
p99_us = 167935
p999_us = 1032191
p9999_us = 4587519
max_us = 7595996
inf-bench: 11 error replies under load
ops = 757925
errors = 3
elapsed_s = 300.019
ops_per_sec = 2526
p50_us = 17919
p99_us = 167935
p999_us = 983039
p9999_us = 4980735
max_us = 6996702
inf-bench: 3 error replies under load
ops = 761687
errors = 5
elapsed_s = 300.232
ops_per_sec = 2537
p50_us = 17407
p99_us = 167935
p999_us = 1146879
p9999_us = 6815743
max_us = 8428191
inf-bench: 5 error replies under load
ops = 740107
errors = 16
elapsed_s = 300.015
ops_per_sec = 2467
p50_us = 15359
p99_us = 163839
p999_us = 2228223
p9999_us = 6553599
max_us = 7975139
inf-bench: 16 error replies under load
ops = 753514
errors = 17
elapsed_s = 300.016
ops_per_sec = 2512
p50_us = 15359
p99_us = 163839
p999_us = 1671167
p9999_us = 9175039
max_us = 13735014
inf-bench: 17 error replies under load
ops = 843485
errors = 0
elapsed_s = 300.200
ops_per_sec = 2810
p50_us = 15359
p99_us = 147455
p999_us = 999423
p9999_us = 6684671
max_us = 8722630
ops = 850292
errors = 6
elapsed_s = 300.189
ops_per_sec = 2833
p50_us = 15615
p99_us = 151551
p999_us = 1081343
p9999_us = 4325375
max_us = 8402858
inf-bench: 6 error replies under load
ops = 847000
errors = 5
elapsed_s = 300.027
ops_per_sec = 2823
p50_us = 15359
p99_us = 147455
p999_us = 1179647
p9999_us = 5505023
max_us = 7179039
inf-bench: 5 error replies under load
ops = 774481
errors = 13
elapsed_s = 300.081
ops_per_sec = 2581
p50_us = 16383
p99_us = 159743
p999_us = 1376255
p9999_us = 6029311
max_us = 8200768
inf-bench: 13 error replies under load
ops = 844020
errors = 12
elapsed_s = 300.019
ops_per_sec = 2813
p50_us = 15615
p99_us = 163839
p999_us = 1212415
p9999_us = 4980735
max_us = 7937989
inf-bench: 12 error replies under load
ops = 739295
errors = 9
elapsed_s = 302.197
ops_per_sec = 2446
p50_us = 16895
p99_us = 163839
p999_us = 1638399
p9999_us = 5898239
max_us = 9493068
inf-bench: 9 error replies under load
ops = 849201
errors = 5
elapsed_s = 300.020
ops_per_sec = 2830
p50_us = 16127
p99_us = 172031
p999_us = 819199
p9999_us = 3473407
max_us = 6821454
inf-bench: 5 error replies under load
ops = 800971
errors = 7
elapsed_s = 300.018
ops_per_sec = 2670
p50_us = 16127
p99_us = 159743
p999_us = 1212415
p9999_us = 5505023
max_us = 8001897
inf-bench: 7 error replies under load
ops = 806117
errors = 25
elapsed_s = 300.016
ops_per_sec = 2687
p50_us = 16127
p99_us = 163839
p999_us = 1245183
p9999_us = 6029311
max_us = 7646340
inf-bench: 25 error replies under load
ops = 847720
errors = 15
elapsed_s = 300.019
ops_per_sec = 2826
p50_us = 15615
p99_us = 151551
p999_us = 933887
p9999_us = 5111807
max_us = 6958606
inf-bench: 15 error replies under load
ops = 804518
errors = 9
elapsed_s = 300.173
ops_per_sec = 2680
p50_us = 15871
p99_us = 159743
p999_us = 1409023
p9999_us = 6553599
max_us = 9366072
inf-bench: 9 error replies under load
ops = 843417
errors = 13
elapsed_s = 305.170
ops_per_sec = 2764
p50_us = 15615
p99_us = 159743
p999_us = 917503
p9999_us = 5636095
max_us = 8553997
inf-bench: 13 error replies under load
ops = 779361
errors = 2
elapsed_s = 300.014
ops_per_sec = 2598
p50_us = 15615
p99_us = 163839
p999_us = 1441791
p9999_us = 7208959
max_us = 8763183
inf-bench: 2 error replies under load
ops = 770874
errors = 7
elapsed_s = 300.014
ops_per_sec = 2569
p50_us = 17407
p99_us = 155647
p999_us = 917503
p9999_us = 4325375
max_us = 8153184
inf-bench: 7 error replies under load
ops = 814373
errors = 6
elapsed_s = 300.122
ops_per_sec = 2713
p50_us = 16895
p99_us = 143359
p999_us = 819199
p9999_us = 6160383
max_us = 9087997
inf-bench: 6 error replies under load
ops = 842970
errors = 21
elapsed_s = 300.016
ops_per_sec = 2810
p50_us = 16383
p99_us = 159743
p999_us = 638975
p9999_us = 3276799
max_us = 8401757
inf-bench: 21 error replies under load
ops = 761358
errors = 1
elapsed_s = 300.016
ops_per_sec = 2538
p50_us = 17407
p99_us = 172031
p999_us = 983039
p9999_us = 5898239
max_us = 8172025
inf-bench: 1 error replies under load
ops = 719312
errors = 7
elapsed_s = 300.105
ops_per_sec = 2397
p50_us = 17919
p99_us = 167935
p999_us = 1441791
p9999_us = 6684671
max_us = 9700128
inf-bench: 7 error replies under load
ops = 813860
errors = 7
elapsed_s = 300.020
ops_per_sec = 2713
p50_us = 16127
p99_us = 163839
p999_us = 1015807
p9999_us = 5373951
max_us = 8380957
inf-bench: 7 error replies under load
ops = 844096
errors = 2
elapsed_s = 300.121
ops_per_sec = 2813
p50_us = 15871
p99_us = 155647
p999_us = 851967
p9999_us = 5111807
max_us = 8528837
inf-bench: 2 error replies under load
ops = 775235
errors = 15
elapsed_s = 300.016
ops_per_sec = 2584
p50_us = 17407
p99_us = 147455
p999_us = 901119
p9999_us = 4980735
max_us = 7035636
inf-bench: 15 error replies under load
ops = 697620
errors = 16
elapsed_s = 300.019
ops_per_sec = 2325
p50_us = 16895
p99_us = 172031
p999_us = 1703935
p9999_us = 8912895
max_us = 16331606
inf-bench: 16 error replies under load
ops = 773206
errors = 7
elapsed_s = 300.024
ops_per_sec = 2577
p50_us = 16895
p99_us = 159743
p999_us = 1310719
p9999_us = 5898239
max_us = 7657573
inf-bench: 7 error replies under load
ops = 870072
errors = 1
elapsed_s = 300.020
ops_per_sec = 2900
p50_us = 16127
p99_us = 163839
p999_us = 786431
p9999_us = 2064383
max_us = 2931108
inf-bench: 1 error replies under load
ops = 849786
errors = 13
elapsed_s = 300.019
ops_per_sec = 2832
p50_us = 15359
p99_us = 155647
p999_us = 671743
p9999_us = 6684671
max_us = 16393173
inf-bench: 13 error replies under load
ops = 802814
errors = 9
elapsed_s = 300.029
ops_per_sec = 2676
p50_us = 16895
p99_us = 163839
p999_us = 933887
p9999_us = 4718591
max_us = 7048947
inf-bench: 9 error replies under load
ops = 749957
errors = 18
elapsed_s = 300.128
ops_per_sec = 2499
p50_us = 17407
p99_us = 167935
p999_us = 1343487
p9999_us = 4325375
max_us = 6403535
inf-bench: 18 error replies under load
ops = 766947
errors = 0
elapsed_s = 300.017
ops_per_sec = 2556
p50_us = 16127
p99_us = 147455
p999_us = 1507327
p9999_us = 6684671
max_us = 8456889
ops = 745756
errors = 2
elapsed_s = 300.013
ops_per_sec = 2486
p50_us = 17407
p99_us = 155647
p999_us = 1179647
p9999_us = 5636095
max_us = 8458699
inf-bench: 2 error replies under load
ops = 844820
errors = 2
elapsed_s = 300.017
ops_per_sec = 2816
p50_us = 16383
p99_us = 155647
p999_us = 720895
p9999_us = 3932159
max_us = 6897075
inf-bench: 2 error replies under load
ops = 806647
errors = 7
elapsed_s = 300.023
ops_per_sec = 2689
p50_us = 16895
p99_us = 167935
p999_us = 720895
p9999_us = 3145727
max_us = 8728468
inf-bench: 7 error replies under load
ops = 857535
errors = 5
elapsed_s = 300.389
ops_per_sec = 2855
p50_us = 16127
p99_us = 155647
p999_us = 884735
p9999_us = 3342335
max_us = 5716473
inf-bench: 5 error replies under load
ops = 789978
errors = 7
elapsed_s = 300.023
ops_per_sec = 2633
p50_us = 15359
p99_us = 163839
p999_us = 1736703
p9999_us = 6815743
max_us = 8955689
inf-bench: 7 error replies under load
ops = 738255
errors = 16
elapsed_s = 300.022
ops_per_sec = 2461
p50_us = 16383
p99_us = 163839
p999_us = 1245183
p9999_us = 8650751
max_us = 13880666
inf-bench: 16 error replies under load
ops = 810617
errors = 0
elapsed_s = 300.018
ops_per_sec = 2702
p50_us = 16127
p99_us = 180223
p999_us = 966655
p9999_us = 4587519
max_us = 8555781
ops = 811476
errors = 8
elapsed_s = 300.692
ops_per_sec = 2699
p50_us = 17407
p99_us = 151551
p999_us = 737279
p9999_us = 4128767
max_us = 9056869
inf-bench: 8 error replies under load
ops = 765686
errors = 5
elapsed_s = 300.017
ops_per_sec = 2552
p50_us = 17919
p99_us = 155647
p999_us = 917503
p9999_us = 2686975
max_us = 6655318
inf-bench: 5 error replies under load
ops = 774344
errors = 9
elapsed_s = 300.015
ops_per_sec = 2581
p50_us = 15871
p99_us = 155647
p999_us = 1572863
p9999_us = 6684671
max_us = 8823061
inf-bench: 9 error replies under load
ops = 833547
errors = 0
elapsed_s = 300.020
ops_per_sec = 2778
p50_us = 16127
p99_us = 151551
p999_us = 999423
p9999_us = 4325375
max_us = 7359338
ops = 832874
errors = 8
elapsed_s = 300.097
ops_per_sec = 2775
p50_us = 16895
p99_us = 155647
p999_us = 638975
p9999_us = 3080191
max_us = 6992359
inf-bench: 8 error replies under load
ops = 805904
errors = 6
elapsed_s = 300.021
ops_per_sec = 2686
p50_us = 16895
p99_us = 172031
p999_us = 933887
p9999_us = 4718591
max_us = 6500216
inf-bench: 6 error replies under load
ops = 812674
errors = 13
elapsed_s = 300.022
ops_per_sec = 2709
p50_us = 16895
p99_us = 163839
p999_us = 868351
p9999_us = 4194303
max_us = 6794649
inf-bench: 13 error replies under load
ops = 880046
errors = 1
elapsed_s = 300.017
ops_per_sec = 2933
p50_us = 15103
p99_us = 167935
p999_us = 966655
p9999_us = 5242879
max_us = 8001589
inf-bench: 1 error replies under load
ops = 819659
errors = 10
elapsed_s = 301.064
ops_per_sec = 2723
p50_us = 15615
p99_us = 147455
p999_us = 1376255
p9999_us = 5636095
max_us = 7888129
inf-bench: 10 error replies under load
ops = 863715
errors = 1
elapsed_s = 300.019
ops_per_sec = 2879
p50_us = 15615
p99_us = 147455
p999_us = 737279
p9999_us = 6029311
max_us = 8879550
inf-bench: 1 error replies under load
ops = 776500
errors = 6
elapsed_s = 300.017
ops_per_sec = 2588
p50_us = 17407
p99_us = 151551
p999_us = 884735
p9999_us = 5242879
max_us = 7375734
inf-bench: 6 error replies under load
ops = 757762
errors = 18
elapsed_s = 305.478
ops_per_sec = 2481
p50_us = 17407
p99_us = 167935
p999_us = 1179647
p9999_us = 5636095
max_us = 9105949
inf-bench: 18 error replies under load
ops = 765167
errors = 12
elapsed_s = 300.021
ops_per_sec = 2550
p50_us = 16895
p99_us = 163839
p999_us = 1638399
p9999_us = 5767167
max_us = 7960006
inf-bench: 12 error replies under load
ops = 654809
errors = 10
elapsed_s = 300.016
ops_per_sec = 2183
p50_us = 17919
p99_us = 184319
p999_us = 2162687
p9999_us = 9961471
max_us = 13817140
inf-bench: 10 error replies under load
ops = 845958
errors = 0
elapsed_s = 300.019
ops_per_sec = 2820
p50_us = 15359
p99_us = 151551
p999_us = 1146879
p9999_us = 5767167
max_us = 8402462
ops = 938916
errors = 2
elapsed_s = 300.017
ops_per_sec = 3130
p50_us = 14847
p99_us = 139263
p999_us = 688127
p9999_us = 3604479
max_us = 8582519
inf-bench: 2 error replies under load
ops = 925114
errors = 7
elapsed_s = 300.315
ops_per_sec = 3080
p50_us = 14847
p99_us = 151551
p999_us = 737279
p9999_us = 3604479
max_us = 7427427
inf-bench: 7 error replies under load
ops = 983291
errors = 0
elapsed_s = 300.088
ops_per_sec = 3277
p50_us = 13311
p99_us = 135167
p999_us = 851967
p9999_us = 5373951
max_us = 7755359
inf-bench: server closed connection under load
