ops = 158907131
errors = 0
elapsed_s = 300.000
ops_per_sec = 529690
p50_us = 135
p99_us = 943
p999_us = 9983
p9999_us = 86015
max_us = 1454556
ops = 166059112
errors = 0
elapsed_s = 300.000
ops_per_sec = 553530
p50_us = 179
p99_us = 831
p999_us = 6271
p9999_us = 11519
max_us = 1691147
ops = 161592805
errors = 0
elapsed_s = 300.005
ops_per_sec = 538634
p50_us = 187
p99_us = 863
p999_us = 6655
p9999_us = 11775
max_us = 698529
ops = 156770390
errors = 0
elapsed_s = 300.000
ops_per_sec = 522567
p50_us = 195
p99_us = 863
p999_us = 6527
p9999_us = 10239
max_us = 546033
ops = 169388347
errors = 0
elapsed_s = 300.000
ops_per_sec = 564627
p50_us = 183
p99_us = 815
p999_us = 6015
p9999_us = 9983
max_us = 428346
ops = 161947375
errors = 0
elapsed_s = 300.000
ops_per_sec = 539824
p50_us = 187
p99_us = 847
p999_us = 6527
p9999_us = 10495
max_us = 639012
ops = 147738711
errors = 0
elapsed_s = 300.001
ops_per_sec = 492461
p50_us = 207
p99_us = 943
p999_us = 6911
p9999_us = 11519
max_us = 280790
ops = 156842796
errors = 0
elapsed_s = 300.004
ops_per_sec = 522802
p50_us = 191
p99_us = 911
p999_us = 6655
p9999_us = 11007
max_us = 1084051
ops = 140460576
errors = 0
elapsed_s = 300.005
ops_per_sec = 468194
p50_us = 203
p99_us = 1007
p999_us = 7679
p9999_us = 29183
max_us = 2055828
ops = 147683352
errors = 0
elapsed_s = 300.000
ops_per_sec = 492277
p50_us = 195
p99_us = 927
p999_us = 7551
p9999_us = 31743
max_us = 1486578
ops = 162043688
errors = 0
elapsed_s = 300.002
ops_per_sec = 540143
p50_us = 183
p99_us = 847
p999_us = 6655
p9999_us = 14335
max_us = 2082275
ops = 160754199
errors = 0
elapsed_s = 300.000
ops_per_sec = 535847
p50_us = 187
p99_us = 847
p999_us = 6655
p9999_us = 12031
max_us = 1196141
ops = 162357573
errors = 0
elapsed_s = 300.000
ops_per_sec = 541191
p50_us = 183
p99_us = 863
p999_us = 6655
p9999_us = 11775
max_us = 716466
ops = 154204238
errors = 0
elapsed_s = 300.000
ops_per_sec = 514013
p50_us = 199
p99_us = 895
p999_us = 6527
p9999_us = 10239
max_us = 235093
ops = 154517640
errors = 0
elapsed_s = 300.000
ops_per_sec = 515058
p50_us = 199
p99_us = 879
p999_us = 6399
p9999_us = 10495
max_us = 1687386
ops = 136641035
errors = 0
elapsed_s = 300.000
ops_per_sec = 455470
p50_us = 215
p99_us = 1055
p999_us = 7551
p9999_us = 24575
max_us = 1302059
ops = 147363055
errors = 0
elapsed_s = 300.000
ops_per_sec = 491210
p50_us = 187
p99_us = 959
p999_us = 7551
p9999_us = 38911
max_us = 1077859
ops = 154800175
errors = 0
elapsed_s = 300.000
ops_per_sec = 516000
p50_us = 183
p99_us = 879
p999_us = 7039
p9999_us = 22015
max_us = 1317386
ops = 147800460
errors = 0
elapsed_s = 300.001
ops_per_sec = 492667
p50_us = 207
p99_us = 911
p999_us = 7167
p9999_us = 13055
max_us = 460429
ops = 155112100
errors = 0
elapsed_s = 300.000
ops_per_sec = 517040
p50_us = 195
p99_us = 879
p999_us = 6783
p9999_us = 11775
max_us = 674998
ops = 140506758
errors = 0
elapsed_s = 300.009
ops_per_sec = 468341
p50_us = 199
p99_us = 959
p999_us = 7807
p9999_us = 43007
max_us = 1882327
ops = 157519886
errors = 0
elapsed_s = 300.008
ops_per_sec = 525053
p50_us = 179
p99_us = 831
p999_us = 6911
p9999_us = 20991
max_us = 1454921
ops = 163449793
errors = 0
elapsed_s = 300.000
ops_per_sec = 544832
p50_us = 187
p99_us = 847
p999_us = 6527
p9999_us = 11519
max_us = 824935
ops = 154364503
errors = 0
elapsed_s = 300.000
ops_per_sec = 514548
p50_us = 199
p99_us = 895
p999_us = 6399
p9999_us = 9983
max_us = 313464
ops = 158628050
errors = 0
elapsed_s = 300.000
ops_per_sec = 528760
p50_us = 195
p99_us = 863
p999_us = 6143
p9999_us = 9983
max_us = 441900
ops = 152382961
errors = 0
elapsed_s = 300.001
ops_per_sec = 507941
p50_us = 199
p99_us = 927
p999_us = 6655
p9999_us = 11519
max_us = 692389
ops = 142926142
errors = 0
elapsed_s = 300.000
ops_per_sec = 476420
p50_us = 203
p99_us = 991
p999_us = 7679
p9999_us = 27135
max_us = 634191
ops = 152340029
errors = 0
elapsed_s = 300.546
ops_per_sec = 506877
p50_us = 191
p99_us = 927
p999_us = 7167
p9999_us = 16895
max_us = 1053682
ops = 142315017
errors = 0
elapsed_s = 300.001
ops_per_sec = 474383
p50_us = 207
p99_us = 975
p999_us = 7295
p9999_us = 25599
max_us = 1212028
ops = 163214804
errors = 0
elapsed_s = 300.059
ops_per_sec = 543943
p50_us = 191
p99_us = 831
p999_us = 6143
p9999_us = 10495
max_us = 1422914
ops = 162214732
errors = 0
elapsed_s = 300.000
ops_per_sec = 540715
p50_us = 183
p99_us = 847
p999_us = 6655
p9999_us = 12031
max_us = 1140475
ops = 144543434
errors = 0
elapsed_s = 300.000
ops_per_sec = 481811
p50_us = 207
p99_us = 943
p999_us = 7167
p9999_us = 13311
max_us = 1054659
ops = 143514639
errors = 0
elapsed_s = 300.000
ops_per_sec = 478382
p50_us = 203
p99_us = 959
p999_us = 7423
p9999_us = 18943
max_us = 1186516
ops = 159015790
errors = 0
elapsed_s = 300.000
ops_per_sec = 530052
p50_us = 167
p99_us = 783
p999_us = 6783
p9999_us = 38911
max_us = 2988610
ops = 158288597
errors = 0
elapsed_s = 300.000
ops_per_sec = 527628
p50_us = 191
p99_us = 863
p999_us = 6399
p9999_us = 11519
max_us = 993491
ops = 168070096
errors = 0
elapsed_s = 300.000
ops_per_sec = 560233
p50_us = 179
p99_us = 831
p999_us = 6271
p9999_us = 10495
max_us = 447783
ops = 151938859
errors = 0
elapsed_s = 300.000
ops_per_sec = 506462
p50_us = 203
p99_us = 911
p999_us = 6655
p9999_us = 10751
max_us = 338495
ops = 144498097
errors = 0
elapsed_s = 300.007
ops_per_sec = 481649
p50_us = 199
p99_us = 991
p999_us = 7423
p9999_us = 23551
max_us = 1272133
ops = 137932618
errors = 0
elapsed_s = 300.000
ops_per_sec = 459775
p50_us = 215
p99_us = 991
p999_us = 7679
p9999_us = 32255
max_us = 623788
ops = 166579723
errors = 0
elapsed_s = 300.000
ops_per_sec = 555265
p50_us = 179
p99_us = 815
p999_us = 6143
p9999_us = 11007
max_us = 2316269
ops = 155464211
errors = 0
elapsed_s = 300.001
ops_per_sec = 518213
p50_us = 191
p99_us = 927
p999_us = 7167
p9999_us = 15103
max_us = 378339
ops = 153661730
errors = 0
elapsed_s = 300.000
ops_per_sec = 512205
p50_us = 199
p99_us = 895
p999_us = 6911
p9999_us = 12543
max_us = 896908
ops = 148074255
errors = 0
elapsed_s = 300.000
ops_per_sec = 493580
p50_us = 199
p99_us = 943
p999_us = 7295
p9999_us = 25087
max_us = 1891052
ops = 148803702
errors = 0
elapsed_s = 300.000
ops_per_sec = 496012
p50_us = 199
p99_us = 911
p999_us = 7167
p9999_us = 15615
max_us = 940245
ops = 143672693
errors = 0
elapsed_s = 300.001
ops_per_sec = 478908
p50_us = 215
p99_us = 943
p999_us = 7039
p9999_us = 14335
max_us = 488484
ops = 137153457
errors = 0
elapsed_s = 300.001
ops_per_sec = 457177
p50_us = 211
p99_us = 991
p999_us = 8063
p9999_us = 33791
max_us = 2263434
ops = 151706185
errors = 0
elapsed_s = 300.001
ops_per_sec = 505685
p50_us = 203
p99_us = 911
p999_us = 7039
p9999_us = 17919
max_us = 565602
ops = 148880159
errors = 0
elapsed_s = 300.000
ops_per_sec = 496266
p50_us = 203
p99_us = 959
p999_us = 6911
p9999_us = 11775
max_us = 968407
ops = 150861311
errors = 0
elapsed_s = 300.000
ops_per_sec = 502871
p50_us = 199
p99_us = 927
p999_us = 6911
p9999_us = 15359
max_us = 1036666
ops = 162662212
errors = 0
elapsed_s = 300.000
ops_per_sec = 542207
p50_us = 187
p99_us = 831
p999_us = 6271
p9999_us = 11263
max_us = 1877040
ops = 141426330
errors = 0
elapsed_s = 300.000
ops_per_sec = 471420
p50_us = 203
p99_us = 991
p999_us = 7807
p9999_us = 32767
max_us = 1004397
ops = 148377942
errors = 0
elapsed_s = 300.000
ops_per_sec = 494592
p50_us = 195
p99_us = 975
p999_us = 7423
p9999_us = 17919
max_us = 1097600
ops = 148740142
errors = 0
elapsed_s = 300.000
ops_per_sec = 495800
p50_us = 207
p99_us = 943
p999_us = 6911
p9999_us = 11263
max_us = 1282287
ops = 153198786
errors = 0
elapsed_s = 300.000
ops_per_sec = 510662
p50_us = 195
p99_us = 879
p999_us = 6911
p9999_us = 15871
max_us = 902004
ops = 157456820
errors = 0
elapsed_s = 300.000
ops_per_sec = 524855
p50_us = 195
p99_us = 863
p999_us = 6399
p9999_us = 10751
max_us = 400623
ops = 147166828
errors = 0
elapsed_s = 300.000
ops_per_sec = 490555
p50_us = 195
p99_us = 943
p999_us = 7679
p9999_us = 33791
max_us = 1621271
ops = 150500426
errors = 0
elapsed_s = 300.000
ops_per_sec = 501667
p50_us = 195
p99_us = 927
p999_us = 7167
p9999_us = 17919
max_us = 663222
ops = 155755681
errors = 0
elapsed_s = 300.000
ops_per_sec = 519185
p50_us = 191
p99_us = 879
p999_us = 6911
p9999_us = 13311
max_us = 986954
ops = 153196432
errors = 0
elapsed_s = 300.001
ops_per_sec = 510654
p50_us = 199
p99_us = 895
p999_us = 6655
p9999_us = 11775
max_us = 1408662
ops = 169786374
errors = 0
elapsed_s = 300.000
ops_per_sec = 565954
p50_us = 183
p99_us = 815
p999_us = 6015
p9999_us = 9727
max_us = 256629
ops = 154013471
errors = 0
elapsed_s = 300.000
ops_per_sec = 513377
p50_us = 191
p99_us = 911
p999_us = 6911
p9999_us = 16383
max_us = 1336547
ops = 148677873
errors = 0
elapsed_s = 300.002
ops_per_sec = 495589
p50_us = 195
p99_us = 959
p999_us = 7039
p9999_us = 16895
max_us = 1412322
ops = 145236270
errors = 0
elapsed_s = 300.000
ops_per_sec = 484120
p50_us = 199
p99_us = 975
p999_us = 7807
p9999_us = 24575
max_us = 2250168
ops = 153091349
errors = 0
elapsed_s = 300.000
ops_per_sec = 510304
p50_us = 187
p99_us = 895
p999_us = 7167
p9999_us = 22527
max_us = 2095418
ops = 162472947
errors = 0
elapsed_s = 300.000
ops_per_sec = 541576
p50_us = 179
p99_us = 815
p999_us = 6399
p9999_us = 13567
max_us = 1679452
ops = 164403574
errors = 0
elapsed_s = 300.000
ops_per_sec = 548011
p50_us = 183
p99_us = 847
p999_us = 6527
p9999_us = 11007
max_us = 875024
ops = 149656336
errors = 0
elapsed_s = 300.000
ops_per_sec = 498854
p50_us = 191
p99_us = 943
p999_us = 7295
p9999_us = 24575
max_us = 2022317
ops = 127867323
errors = 0
elapsed_s = 300.000
ops_per_sec = 426224
p50_us = 235
p99_us = 1151
p999_us = 7807
p9999_us = 20991
max_us = 1150832
ops = 164942844
errors = 0
elapsed_s = 300.000
ops_per_sec = 549809
p50_us = 179
p99_us = 799
p999_us = 6143
p9999_us = 12543
max_us = 2195290
ops = 167002095
errors = 0
elapsed_s = 300.000
ops_per_sec = 556673
p50_us = 187
p99_us = 831
p999_us = 6143
p9999_us = 10239
max_us = 1427124
ops = 148952643
errors = 0
elapsed_s = 300.002
ops_per_sec = 496505
p50_us = 203
p99_us = 927
p999_us = 6399
p9999_us = 10495
max_us = 1186797
ops = 157794108
errors = 0
elapsed_s = 300.001
ops_per_sec = 525979
p50_us = 191
p99_us = 895
p999_us = 6655
p9999_us = 11519
max_us = 523127
ops = 146237145
errors = 0
elapsed_s = 300.000
ops_per_sec = 487456
p50_us = 207
p99_us = 975
p999_us = 6655
p9999_us = 11007
max_us = 859691
ops = 153405982
errors = 0
elapsed_s = 300.000
ops_per_sec = 511353
p50_us = 187
p99_us = 863
p999_us = 6783
p9999_us = 29183
max_us = 1700368
ops = 146093630
errors = 0
elapsed_s = 300.000
ops_per_sec = 486978
p50_us = 191
p99_us = 879
p999_us = 7167
p9999_us = 25599
max_us = 2647961
ops = 162171611
errors = 0
elapsed_s = 300.001
ops_per_sec = 540571
p50_us = 179
p99_us = 831
p999_us = 7039
p9999_us = 15871
max_us = 1704702
ops = 148827501
errors = 0
elapsed_s = 300.000
ops_per_sec = 496091
p50_us = 195
p99_us = 927
p999_us = 7167
p9999_us = 25087
max_us = 2204607
ops = 161405338
errors = 0
elapsed_s = 300.000
ops_per_sec = 538017
p50_us = 183
p99_us = 831
p999_us = 6783
p9999_us = 14079
max_us = 2789299
ops = 162708841
errors = 0
elapsed_s = 300.000
ops_per_sec = 542362
p50_us = 175
p99_us = 799
p999_us = 6399
p9999_us = 15615
max_us = 1948774
ops = 154543080
errors = 0
elapsed_s = 300.000
ops_per_sec = 515143
p50_us = 191
p99_us = 863
p999_us = 6911
p9999_us = 15359
max_us = 1479756
ops = 150936055
errors = 0
elapsed_s = 300.000
ops_per_sec = 503120
p50_us = 191
p99_us = 943
p999_us = 7295
p9999_us = 27135
max_us = 544233
ops = 166337327
errors = 0
elapsed_s = 300.001
ops_per_sec = 554457
p50_us = 179
p99_us = 831
p999_us = 6655
p9999_us = 12287
max_us = 879178
ops = 141053736
errors = 0
elapsed_s = 300.003
ops_per_sec = 470175
p50_us = 227
p99_us = 1007
p999_us = 6911
p9999_us = 12799
max_us = 810120
ops = 146591665
errors = 0
elapsed_s = 300.000
ops_per_sec = 488638
p50_us = 191
p99_us = 911
p999_us = 7295
p9999_us = 30719
max_us = 1994741
ops = 156631397
errors = 0
elapsed_s = 300.000
ops_per_sec = 522104
p50_us = 191
p99_us = 879
p999_us = 6655
p9999_us = 12287
max_us = 172970
ops = 153822708
errors = 0
elapsed_s = 300.004
ops_per_sec = 512735
p50_us = 183
p99_us = 879
p999_us = 6911
p9999_us = 22015
max_us = 1943610
ops = 153142820
errors = 0
elapsed_s = 300.000
ops_per_sec = 510475
p50_us = 187
p99_us = 895
p999_us = 6911
p9999_us = 17919
max_us = 1332764
ops = 152038413
errors = 0
elapsed_s = 300.000
ops_per_sec = 506794
p50_us = 195
p99_us = 943
p999_us = 6783
p9999_us = 13567
max_us = 1238459
ops = 162205623
errors = 0
elapsed_s = 300.001
ops_per_sec = 540684
p50_us = 183
p99_us = 831
p999_us = 6655
p9999_us = 13055
max_us = 1243237
ops = 169620992
errors = 0
elapsed_s = 300.000
ops_per_sec = 565403
p50_us = 179
p99_us = 815
p999_us = 6271
p9999_us = 10495
max_us = 2203109
ops = 144236725
errors = 0
elapsed_s = 300.002
ops_per_sec = 480786
p50_us = 199
p99_us = 991
p999_us = 8063
p9999_us = 40959
max_us = 616883
ops = 155938885
errors = 0
elapsed_s = 300.000
ops_per_sec = 519796
p50_us = 191
p99_us = 895
p999_us = 7039
p9999_us = 18431
max_us = 1128202
ops = 161836111
errors = 0
elapsed_s = 300.000
ops_per_sec = 539453
p50_us = 187
p99_us = 863
p999_us = 6527
p9999_us = 11519
max_us = 1001435
ops = 146732989
errors = 0
elapsed_s = 300.001
ops_per_sec = 489109
p50_us = 195
p99_us = 911
p999_us = 7167
p9999_us = 28671
max_us = 2227043
ops = 150627088
errors = 0
elapsed_s = 300.000
ops_per_sec = 502090
p50_us = 207
p99_us = 911
p999_us = 6271
p9999_us = 10239
max_us = 499728
ops = 152309803
errors = 0
elapsed_s = 300.000
ops_per_sec = 507699
p50_us = 183
p99_us = 895
p999_us = 7551
p9999_us = 29695
max_us = 1714780
ops = 136476666
errors = 0
elapsed_s = 300.002
ops_per_sec = 454919
p50_us = 207
p99_us = 1023
p999_us = 7551
p9999_us = 39935
max_us = 2116731
ops = 166285933
errors = 0
elapsed_s = 300.000
ops_per_sec = 554286
p50_us = 179
p99_us = 831
p999_us = 6399
p9999_us = 11007
max_us = 1189938
ops = 154774950
errors = 0
elapsed_s = 300.031
ops_per_sec = 515863
p50_us = 191
p99_us = 895
p999_us = 6911
p9999_us = 15615
max_us = 1527340
ops = 163478299
errors = 0
elapsed_s = 300.000
ops_per_sec = 544927
p50_us = 187
p99_us = 831
p999_us = 6143
p9999_us = 9983
max_us = 947439
ops = 144111981
errors = 0
elapsed_s = 300.000
ops_per_sec = 480373
p50_us = 199
p99_us = 959
p999_us = 7679
p9999_us = 31743
max_us = 1123823
ops = 149998804
errors = 0
elapsed_s = 300.000
ops_per_sec = 499995
p50_us = 187
p99_us = 927
p999_us = 7039
p9999_us = 20991
max_us = 1192847
ops = 157314899
errors = 0
elapsed_s = 300.000
ops_per_sec = 524382
p50_us = 187
p99_us = 863
p999_us = 6911
p9999_us = 15871
max_us = 1413741
ops = 159953974
errors = 0
elapsed_s = 300.000
ops_per_sec = 533179
p50_us = 191
p99_us = 863
p999_us = 6271
p9999_us = 10751
max_us = 1590203
ops = 155941453
errors = 0
elapsed_s = 300.223
ops_per_sec = 519419
p50_us = 203
p99_us = 879
p999_us = 6399
p9999_us = 10239
max_us = 321095
ops = 148297215
errors = 0
elapsed_s = 300.000
ops_per_sec = 494323
p50_us = 195
p99_us = 943
p999_us = 7167
p9999_us = 22527
max_us = 1251451
ops = 149069826
errors = 0
elapsed_s = 300.009
ops_per_sec = 496885
p50_us = 199
p99_us = 943
p999_us = 6911
p9999_us = 15103
max_us = 1031747
ops = 144437815
errors = 0
elapsed_s = 300.000
ops_per_sec = 481459
p50_us = 195
p99_us = 1007
p999_us = 7807
p9999_us = 33791
max_us = 2115085
ops = 147377292
errors = 0
elapsed_s = 300.000
ops_per_sec = 491257
p50_us = 199
p99_us = 927
p999_us = 6911
p9999_us = 17919
max_us = 1185628
ops = 157090930
errors = 0
elapsed_s = 300.000
ops_per_sec = 523636
p50_us = 187
p99_us = 847
p999_us = 6527
p9999_us = 13311
max_us = 1626822
ops = 155709235
errors = 0
elapsed_s = 300.000
ops_per_sec = 519030
p50_us = 191
p99_us = 879
p999_us = 6783
p9999_us = 12799
max_us = 1161643
ops = 150115181
errors = 0
elapsed_s = 300.000
ops_per_sec = 500383
p50_us = 191
p99_us = 959
p999_us = 6911
p9999_us = 23551
max_us = 686855
ops = 154569337
errors = 0
elapsed_s = 300.001
ops_per_sec = 515230
p50_us = 187
p99_us = 911
p999_us = 6911
p9999_us = 16895
max_us = 1446481
ops = 163914311
errors = 0
elapsed_s = 300.000
ops_per_sec = 546380
p50_us = 183
p99_us = 847
p999_us = 6271
p9999_us = 10751
max_us = 880278
ops = 170223533
errors = 0
elapsed_s = 300.000
ops_per_sec = 567411
p50_us = 179
p99_us = 815
p999_us = 6015
p9999_us = 9983
max_us = 375112
ops = 165326916
errors = 0
elapsed_s = 300.011
ops_per_sec = 551070
p50_us = 183
p99_us = 831
p999_us = 6399
p9999_us = 10751
max_us = 488504
ops = 130467370
errors = 0
elapsed_s = 300.000
ops_per_sec = 434891
p50_us = 227
p99_us = 1087
p999_us = 7551
p9999_us = 20479
max_us = 1848152
ops = 132018683
errors = 0
elapsed_s = 300.000
ops_per_sec = 440062
p50_us = 223
p99_us = 1119
p999_us = 7679
p9999_us = 23039
max_us = 1750905
ops = 154702937
errors = 0
elapsed_s = 300.000
ops_per_sec = 515676
p50_us = 183
p99_us = 895
p999_us = 7295
p9999_us = 21503
max_us = 1424512
ops = 158739873
errors = 0
elapsed_s = 300.000
ops_per_sec = 529132
p50_us = 187
p99_us = 863
p999_us = 6783
p9999_us = 15871
max_us = 593931
ops = 165936827
errors = 0
elapsed_s = 300.000
ops_per_sec = 553122
p50_us = 183
p99_us = 831
p999_us = 6399
p9999_us = 11007
max_us = 814448
ops = 158397080
errors = 0
elapsed_s = 300.001
ops_per_sec = 527989
p50_us = 187
p99_us = 863
p999_us = 6783
p9999_us = 13311
max_us = 1553035
ops = 139429155
errors = 0
elapsed_s = 300.004
ops_per_sec = 464758
p50_us = 211
p99_us = 1023
p999_us = 7423
p9999_us = 23551
max_us = 1158866
ops = 132782435
errors = 0
elapsed_s = 300.000
ops_per_sec = 442607
p50_us = 235
p99_us = 1087
p999_us = 7167
p9999_us = 16895
max_us = 432923
ops = 164292385
errors = 0
elapsed_s = 300.000
ops_per_sec = 547640
p50_us = 183
p99_us = 847
p999_us = 6015
p9999_us = 9983
max_us = 692512
ops = 128605141
errors = 0
elapsed_s = 300.000
ops_per_sec = 428683
p50_us = 243
p99_us = 1119
p999_us = 7551
p9999_us = 11775
max_us = 424330
ops = 136802560
errors = 0
elapsed_s = 300.000
ops_per_sec = 456008
p50_us = 223
p99_us = 1055
p999_us = 7039
p9999_us = 11007
max_us = 300214
ops = 135777214
errors = 0
elapsed_s = 300.004
ops_per_sec = 452585
p50_us = 219
p99_us = 1087
p999_us = 7551
p9999_us = 26623
max_us = 1695667
ops = 148810403
errors = 0
elapsed_s = 300.001
ops_per_sec = 496033
p50_us = 191
p99_us = 943
p999_us = 7423
p9999_us = 33791
max_us = 1540396
ops = 150627617
errors = 0
elapsed_s = 300.000
ops_per_sec = 502091
p50_us = 203
p99_us = 911
p999_us = 6655
p9999_us = 11775
max_us = 1037762
ops = 151690514
errors = 0
elapsed_s = 300.001
ops_per_sec = 505634
p50_us = 195
p99_us = 879
p999_us = 7295
p9999_us = 17919
max_us = 1988683
ops = 166857536
errors = 0
elapsed_s = 300.001
ops_per_sec = 556191
p50_us = 183
p99_us = 831
p999_us = 6527
p9999_us = 11263
max_us = 481757
ops = 153569468
errors = 0
elapsed_s = 300.003
ops_per_sec = 511894
p50_us = 191
p99_us = 911
p999_us = 7039
p9999_us = 16895
max_us = 2564321
ops = 147532039
errors = 0
elapsed_s = 300.000
ops_per_sec = 491773
p50_us = 199
p99_us = 927
p999_us = 7039
p9999_us = 17919
max_us = 2214782
ops = 160852893
errors = 0
elapsed_s = 300.000
ops_per_sec = 536176
p50_us = 187
p99_us = 847
p999_us = 6527
p9999_us = 13055
max_us = 1647473
ops = 146246109
errors = 0
elapsed_s = 300.000
ops_per_sec = 487486
p50_us = 195
p99_us = 959
p999_us = 7807
p9999_us = 36863
max_us = 1105424
ops = 164004281
errors = 0
elapsed_s = 300.000
ops_per_sec = 546680
p50_us = 179
p99_us = 831
p999_us = 6655
p9999_us = 15359
max_us = 1252103
ops = 152044813
errors = 0
elapsed_s = 300.000
ops_per_sec = 506815
p50_us = 195
p99_us = 927
p999_us = 7039
p9999_us = 16127
max_us = 1241280
ops = 146628639
errors = 0
elapsed_s = 300.001
ops_per_sec = 488761
p50_us = 203
p99_us = 927
p999_us = 7039
p9999_us = 17407
max_us = 1124514
ops = 146882736
errors = 0
elapsed_s = 300.006
ops_per_sec = 489600
p50_us = 219
p99_us = 943
p999_us = 6911
p9999_us = 11775
max_us = 538111
ops = 147085315
errors = 0
elapsed_s = 300.000
ops_per_sec = 490284
p50_us = 195
p99_us = 991
p999_us = 7551
p9999_us = 28159
max_us = 586177
ops = 168974879
errors = 0
elapsed_s = 300.001
ops_per_sec = 563248
p50_us = 175
p99_us = 831
p999_us = 6527
p9999_us = 16127
max_us = 885984
ops = 162194137
errors = 0
elapsed_s = 300.000
ops_per_sec = 540646
p50_us = 183
p99_us = 863
p999_us = 6655
p9999_us = 12543
max_us = 1053939
ops = 153434152
errors = 0
elapsed_s = 300.000
ops_per_sec = 511446
p50_us = 187
p99_us = 879
p999_us = 7039
p9999_us = 20991
max_us = 1046957
ops = 154397771
errors = 0
elapsed_s = 300.001
ops_per_sec = 514658
p50_us = 199
p99_us = 879
p999_us = 6399
p9999_us = 12031
max_us = 589054
ops = 153243251
errors = 0
elapsed_s = 300.005
ops_per_sec = 510803
p50_us = 187
p99_us = 911
p999_us = 7167
p9999_us = 27135
max_us = 1393875
ops = 157184664
errors = 0
elapsed_s = 300.000
ops_per_sec = 523948
p50_us = 191
p99_us = 895
p999_us = 6655
p9999_us = 13311
max_us = 1320661
ops = 156468594
errors = 0
elapsed_s = 300.001
ops_per_sec = 521560
p50_us = 191
p99_us = 895
p999_us = 7039
p9999_us = 11007
max_us = 705997
ops = 147149285
errors = 0
elapsed_s = 300.001
ops_per_sec = 490497
p50_us = 203
p99_us = 927
p999_us = 7167
p9999_us = 18943
max_us = 1242821
ops = 162375906
errors = 0
elapsed_s = 300.000
ops_per_sec = 541252
p50_us = 187
p99_us = 831
p999_us = 6271
p9999_us = 10495
max_us = 1754483
ops = 141148934
errors = 0
elapsed_s = 300.000
ops_per_sec = 470496
p50_us = 203
p99_us = 1007
p999_us = 7807
p9999_us = 35839
max_us = 1873967
ops = 140825623
errors = 0
elapsed_s = 300.000
ops_per_sec = 469418
p50_us = 203
p99_us = 959
p999_us = 7551
p9999_us = 33791
max_us = 1912553
ops = 183094241
errors = 0
elapsed_s = 300.000
ops_per_sec = 610313
p50_us = 155
p99_us = 751
p999_us = 6143
p9999_us = 11007
max_us = 1991230
ops = 155143427
errors = 0
elapsed_s = 300.001
ops_per_sec = 517144
p50_us = 191
p99_us = 895
p999_us = 7039
p9999_us = 14079
max_us = 1303480
ops = 171899478
errors = 0
elapsed_s = 300.075
ops_per_sec = 572856
p50_us = 175
p99_us = 799
p999_us = 5759
p9999_us = 9983
max_us = 2413421
ops = 146518290
errors = 0
elapsed_s = 300.000
ops_per_sec = 488394
p50_us = 195
p99_us = 991
p999_us = 7295
p9999_us = 32767
max_us = 1614127
ops = 152480282
errors = 0
elapsed_s = 300.000
ops_per_sec = 508267
p50_us = 187
p99_us = 911
p999_us = 7039
p9999_us = 30719
max_us = 1473112
ops = 167138284
errors = 0
elapsed_s = 300.000
ops_per_sec = 557127
p50_us = 179
p99_us = 831
p999_us = 6527
p9999_us = 10751
max_us = 1431755
ops = 161372463
errors = 0
elapsed_s = 300.005
ops_per_sec = 537899
p50_us = 191
p99_us = 863
p999_us = 6271
p9999_us = 9983
max_us = 471819
ops = 155882645
errors = 0
elapsed_s = 300.000
ops_per_sec = 519608
p50_us = 199
p99_us = 895
p999_us = 6399
p9999_us = 10495
max_us = 1405481
ops = 144642752
errors = 0
elapsed_s = 300.000
ops_per_sec = 482142
p50_us = 203
p99_us = 975
p999_us = 7039
p9999_us = 23039
max_us = 1278087
ops = 156588829
errors = 0
elapsed_s = 300.001
ops_per_sec = 521962
p50_us = 183
p99_us = 879
p999_us = 7039
p9999_us = 22015
max_us = 673977
ops = 151907493
errors = 0
elapsed_s = 300.000
ops_per_sec = 506358
p50_us = 187
p99_us = 911
p999_us = 7679
p9999_us = 37887
max_us = 1581885
ops = 161075625
errors = 0
elapsed_s = 300.000
ops_per_sec = 536918
p50_us = 183
p99_us = 831
p999_us = 6527
p9999_us = 11775
max_us = 1606239
ops = 165773029
errors = 0
elapsed_s = 300.058
ops_per_sec = 552470
p50_us = 183
p99_us = 815
p999_us = 6143
p9999_us = 9983
max_us = 925632
ops = 145233909
errors = 0
elapsed_s = 300.000
ops_per_sec = 484112
p50_us = 207
p99_us = 959
p999_us = 7423
p9999_us = 19967
max_us = 335103
ops = 152952397
errors = 0
elapsed_s = 300.000
ops_per_sec = 509841
p50_us = 191
p99_us = 895
p999_us = 7295
p9999_us = 15103
max_us = 1177361
ops = 129790890
errors = 0
elapsed_s = 300.000
ops_per_sec = 432636
p50_us = 219
p99_us = 1087
p999_us = 7935
p9999_us = 38911
max_us = 1588303
ops = 161464872
errors = 0
elapsed_s = 300.000
ops_per_sec = 538215
p50_us = 187
p99_us = 847
p999_us = 6655
p9999_us = 11519
max_us = 781594
ops = 173227808
errors = 0
elapsed_s = 300.001
ops_per_sec = 577424
p50_us = 175
p99_us = 799
p999_us = 5887
p9999_us = 9727
max_us = 534315
ops = 153762193
errors = 0
elapsed_s = 300.000
ops_per_sec = 512540
p50_us = 199
p99_us = 911
p999_us = 6655
p9999_us = 11007
max_us = 300647
ops = 147080083
errors = 0
elapsed_s = 300.003
ops_per_sec = 490261
p50_us = 191
p99_us = 943
p999_us = 7295
p9999_us = 32255
max_us = 1359285
ops = 129806014
errors = 0
elapsed_s = 300.000
ops_per_sec = 432686
p50_us = 223
p99_us = 1087
p999_us = 8447
p9999_us = 32255
max_us = 1821983
ops = 142405938
errors = 0
elapsed_s = 300.000
ops_per_sec = 474686
p50_us = 207
p99_us = 959
p999_us = 7167
p9999_us = 20991
max_us = 1242198
ops = 157554901
errors = 0
elapsed_s = 300.001
ops_per_sec = 525182
p50_us = 195
p99_us = 863
p999_us = 6399
p9999_us = 11519
max_us = 334011
ops = 161022403
errors = 0
elapsed_s = 300.000
ops_per_sec = 536740
p50_us = 187
p99_us = 847
p999_us = 6399
p9999_us = 11263
max_us = 1217339
ops = 150353950
errors = 0
elapsed_s = 300.021
ops_per_sec = 501145
p50_us = 199
p99_us = 895
p999_us = 7039
p9999_us = 17407
max_us = 1794107
ops = 140314746
errors = 0
elapsed_s = 300.028
ops_per_sec = 467672
p50_us = 203
p99_us = 975
p999_us = 7935
p9999_us = 34815
max_us = 2031311
ops = 141993350
errors = 0
elapsed_s = 300.000
ops_per_sec = 473310
p50_us = 215
p99_us = 975
p999_us = 6783
p9999_us = 16383
max_us = 410543
ops = 146132847
errors = 0
elapsed_s = 300.000
ops_per_sec = 487109
p50_us = 207
p99_us = 927
p999_us = 6783
p9999_us = 15103
max_us = 1268020
ops = 162294284
errors = 0
elapsed_s = 300.000
ops_per_sec = 540980
p50_us = 183
p99_us = 847
p999_us = 6783
p9999_us = 12031
max_us = 1051380
ops = 163060894
errors = 0
elapsed_s = 300.000
ops_per_sec = 543536
p50_us = 183
p99_us = 847
p999_us = 6527
p9999_us = 10751
max_us = 845347
ops = 144319122
errors = 0
elapsed_s = 300.000
ops_per_sec = 481063
p50_us = 199
p99_us = 975
p999_us = 7423
p9999_us = 38911
max_us = 1005311
ops = 157577510
errors = 0
elapsed_s = 300.000
ops_per_sec = 525258
p50_us = 191
p99_us = 863
p999_us = 6783
p9999_us = 11775
max_us = 1539659
ops = 143706212
errors = 0
elapsed_s = 300.000
ops_per_sec = 479020
p50_us = 203
p99_us = 911
p999_us = 7167
p9999_us = 19455
max_us = 2145435
ops = 148149492
errors = 0
elapsed_s = 300.000
ops_per_sec = 493831
p50_us = 199
p99_us = 943
p999_us = 7167
p9999_us = 20479
max_us = 921683
ops = 167221044
errors = 0
elapsed_s = 300.000
ops_per_sec = 557403
p50_us = 183
p99_us = 831
p999_us = 6271
p9999_us = 10495
max_us = 467797
ops = 141992892
errors = 0
elapsed_s = 300.000
ops_per_sec = 473309
p50_us = 211
p99_us = 975
p999_us = 7551
p9999_us = 17407
max_us = 682389
ops = 149305343
errors = 0
elapsed_s = 300.000
ops_per_sec = 497684
p50_us = 199
p99_us = 911
p999_us = 6911
p9999_us = 15359
max_us = 1837285
ops = 162404244
errors = 0
elapsed_s = 300.000
ops_per_sec = 541347
p50_us = 183
p99_us = 847
p999_us = 6527
p9999_us = 11007
max_us = 1618219
ops = 142516970
errors = 0
elapsed_s = 300.000
ops_per_sec = 475056
p50_us = 199
p99_us = 975
p999_us = 7935
p9999_us = 40959
max_us = 1985650
ops = 169408846
errors = 0
elapsed_s = 300.000
ops_per_sec = 564695
p50_us = 171
p99_us = 815
p999_us = 6783
p9999_us = 14591
max_us = 888159
ops = 154639774
errors = 0
elapsed_s = 300.000
ops_per_sec = 515465
p50_us = 191
p99_us = 911
p999_us = 6911
p9999_us = 15103
max_us = 791372
ops = 153747509
errors = 0
elapsed_s = 300.000
ops_per_sec = 512491
p50_us = 195
p99_us = 895
p999_us = 6399
p9999_us = 10751
max_us = 1746587
ops = 149091469
errors = 0
elapsed_s = 300.000
ops_per_sec = 496971
p50_us = 199
p99_us = 911
p999_us = 6655
p9999_us = 12543
max_us = 1401866
ops = 153097144
errors = 0
elapsed_s = 300.001
ops_per_sec = 510323
p50_us = 183
p99_us = 927
p999_us = 7679
p9999_us = 28671
max_us = 2281341
ops = 157412236
errors = 0
elapsed_s = 300.000
ops_per_sec = 524707
p50_us = 191
p99_us = 863
p999_us = 6655
p9999_us = 15871
max_us = 1402770
ops = 153259307
errors = 0
elapsed_s = 300.000
ops_per_sec = 510864
p50_us = 191
p99_us = 927
p999_us = 6655
p9999_us = 13567
max_us = 1039027
ops = 159282953
errors = 0
elapsed_s = 300.000
ops_per_sec = 530943
p50_us = 187
p99_us = 863
p999_us = 6911
p9999_us = 15871
max_us = 1194846
ops = 160165135
errors = 0
elapsed_s = 300.049
ops_per_sec = 533796
p50_us = 187
p99_us = 847
p999_us = 6399
p9999_us = 11007
max_us = 1611636
ops = 152049608
errors = 0
elapsed_s = 300.002
ops_per_sec = 506829
p50_us = 191
p99_us = 943
p999_us = 7295
p9999_us = 27647
max_us = 935689
ops = 168543042
errors = 0
elapsed_s = 300.001
ops_per_sec = 561809
p50_us = 179
p99_us = 815
p999_us = 6399
p9999_us = 11007
max_us = 328825
ops = 152621525
errors = 0
elapsed_s = 300.000
ops_per_sec = 508738
p50_us = 195
p99_us = 943
p999_us = 6783
p9999_us = 12543
max_us = 460736
ops = 153151674
errors = 0
elapsed_s = 300.000
ops_per_sec = 510505
p50_us = 199
p99_us = 895
p999_us = 6911
p9999_us = 14847
max_us = 934703
ops = 145808323
errors = 0
elapsed_s = 300.000
ops_per_sec = 486027
p50_us = 211
p99_us = 911
p999_us = 6911
p9999_us = 11263
max_us = 1610082
ops = 134125151
errors = 0
elapsed_s = 300.001
ops_per_sec = 447082
p50_us = 215
p99_us = 1055
p999_us = 8191
p9999_us = 41983
max_us = 1343571
ops = 151491517
errors = 0
elapsed_s = 300.000
ops_per_sec = 504971
p50_us = 195
p99_us = 927
p999_us = 7167
p9999_us = 14847
max_us = 316999
ops = 155055688
errors = 0
elapsed_s = 300.001
ops_per_sec = 516851
p50_us = 195
p99_us = 879
p999_us = 6911
p9999_us = 11519
max_us = 1704710
ops = 148695528
errors = 0
elapsed_s = 300.000
ops_per_sec = 495651
p50_us = 195
p99_us = 895
p999_us = 7039
p9999_us = 24063
max_us = 1463268
ops = 156007314
errors = 0
elapsed_s = 300.004
ops_per_sec = 520017
p50_us = 195
p99_us = 879
p999_us = 6527
p9999_us = 11007
max_us = 1772696
ops = 136772614
errors = 0
elapsed_s = 300.001
ops_per_sec = 455908
p50_us = 211
p99_us = 1023
p999_us = 7679
p9999_us = 35839
max_us = 992711
ops = 157881278
errors = 0
elapsed_s = 300.000
ops_per_sec = 526270
p50_us = 187
p99_us = 879
p999_us = 6655
p9999_us = 15359
max_us = 676706
ops = 163585905
errors = 0
elapsed_s = 300.000
ops_per_sec = 545286
p50_us = 183
p99_us = 847
p999_us = 6783
p9999_us = 11263
max_us = 765587
ops = 142900515
errors = 0
elapsed_s = 300.000
ops_per_sec = 476334
p50_us = 215
p99_us = 959
p999_us = 6911
p9999_us = 11007
max_us = 877720
ops = 152905347
errors = 0
elapsed_s = 300.000
ops_per_sec = 509684
p50_us = 203
p99_us = 879
p999_us = 6271
p9999_us = 10495
max_us = 311855
ops = 140183830
errors = 0
elapsed_s = 300.000
ops_per_sec = 467279
p50_us = 211
p99_us = 975
p999_us = 7423
p9999_us = 27135
max_us = 1448797
ops = 146468678
errors = 0
elapsed_s = 300.004
ops_per_sec = 488223
p50_us = 203
p99_us = 959
p999_us = 7039
p9999_us = 23551
max_us = 886418
ops = 142550486
errors = 0
elapsed_s = 300.001
ops_per_sec = 475167
p50_us = 211
p99_us = 991
p999_us = 7295
p9999_us = 25087
max_us = 1520707
ops = 153377555
errors = 0
elapsed_s = 300.000
ops_per_sec = 511258
p50_us = 191
p99_us = 911
p999_us = 6783
p9999_us = 12287
max_us = 955292
ops = 146509159
errors = 0
elapsed_s = 300.002
ops_per_sec = 488361
p50_us = 207
p99_us = 911
p999_us = 6911
p9999_us = 12543
max_us = 1068136
ops = 145923455
errors = 0
elapsed_s = 300.000
ops_per_sec = 486411
p50_us = 203
p99_us = 1007
p999_us = 7167
p9999_us = 19455
max_us = 299213
ops = 146876018
errors = 0
elapsed_s = 300.000
ops_per_sec = 489586
p50_us = 195
p99_us = 975
p999_us = 7423
p9999_us = 24063
max_us = 576026
ops = 160977607
errors = 0
elapsed_s = 300.327
ops_per_sec = 536008
p50_us = 183
p99_us = 831
p999_us = 6783
p9999_us = 12543
max_us = 1209579
ops = 155577749
errors = 0
elapsed_s = 300.000
ops_per_sec = 518592
p50_us = 195
p99_us = 879
p999_us = 6271
p9999_us = 11007
max_us = 880154
ops = 159749986
errors = 0
elapsed_s = 300.000
ops_per_sec = 532499
p50_us = 191
p99_us = 847
p999_us = 6399
p9999_us = 10239
max_us = 1001880
ops = 156052520
errors = 0
elapsed_s = 300.000
ops_per_sec = 520175
p50_us = 187
p99_us = 879
p999_us = 7039
p9999_us = 14591
max_us = 809794
ops = 148629017
errors = 0
elapsed_s = 300.000
ops_per_sec = 495429
p50_us = 199
p99_us = 927
p999_us = 6911
p9999_us = 17407
max_us = 1782253
ops = 151014490
errors = 0
elapsed_s = 300.000
ops_per_sec = 503381
p50_us = 191
p99_us = 911
p999_us = 7039
p9999_us = 24575
max_us = 1065834
ops = 158614766
errors = 0
elapsed_s = 300.000
ops_per_sec = 528715
p50_us = 191
p99_us = 847
p999_us = 6527
p9999_us = 11519
max_us = 774331
ops = 155654008
errors = 0
elapsed_s = 300.001
ops_per_sec = 518846
p50_us = 195
p99_us = 863
p999_us = 6143
p9999_us = 10239
max_us = 1970572
ops = 158831177
errors = 0
elapsed_s = 300.001
ops_per_sec = 529436
p50_us = 187
p99_us = 863
p999_us = 6911
p9999_us = 15103
max_us = 1087088
ops = 151758697
errors = 0
elapsed_s = 300.000
ops_per_sec = 505862
p50_us = 199
p99_us = 927
p999_us = 7423
p9999_us = 20479
max_us = 1538495
ops = 149427717
errors = 0
elapsed_s = 300.000
ops_per_sec = 498092
p50_us = 187
p99_us = 895
p999_us = 7167
p9999_us = 31231
max_us = 2926854
ops = 156651927
errors = 0
elapsed_s = 300.000
ops_per_sec = 522172
p50_us = 179
p99_us = 831
p999_us = 6911
p9999_us = 20479
max_us = 2474649
ops = 156383519
errors = 0
elapsed_s = 300.001
ops_per_sec = 521277
p50_us = 195
p99_us = 831
p999_us = 6143
p9999_us = 10751
max_us = 2365591
ops = 157294584
errors = 0
elapsed_s = 300.008
ops_per_sec = 524302
p50_us = 191
p99_us = 895
p999_us = 6527
p9999_us = 12287
max_us = 318843
ops = 161375445
errors = 0
elapsed_s = 300.006
ops_per_sec = 537907
p50_us = 187
p99_us = 847
p999_us = 6655
p9999_us = 11263
max_us = 1030004
ops = 148141697
errors = 0
elapsed_s = 300.000
ops_per_sec = 493805
p50_us = 195
p99_us = 943
p999_us = 7551
p9999_us = 26111
max_us = 2082796
ops = 156131852
errors = 0
elapsed_s = 300.000
ops_per_sec = 520439
p50_us = 187
p99_us = 847
p999_us = 6783
p9999_us = 17919
max_us = 1615442
ops = 163575191
errors = 0
elapsed_s = 300.000
ops_per_sec = 545250
p50_us = 183
p99_us = 799
p999_us = 6143
p9999_us = 11519
max_us = 1768336
ops = 160254894
errors = 0
elapsed_s = 300.001
ops_per_sec = 534182
p50_us = 187
p99_us = 863
p999_us = 6527
p9999_us = 13311
max_us = 1577641
ops = 164083265
errors = 0
elapsed_s = 300.000
ops_per_sec = 546943
p50_us = 187
p99_us = 831
p999_us = 6527
p9999_us = 10751
max_us = 446509
ops = 143327791
errors = 0
elapsed_s = 300.000
ops_per_sec = 477759
p50_us = 199
p99_us = 975
p999_us = 7551
p9999_us = 29695
max_us = 1663585
ops = 153602640
errors = 0
elapsed_s = 300.000
ops_per_sec = 512008
p50_us = 191
p99_us = 863
p999_us = 6655
p9999_us = 14335
max_us = 2258403
ops = 154916544
errors = 0
elapsed_s = 300.000
ops_per_sec = 516388
p50_us = 187
p99_us = 831
p999_us = 6655
p9999_us = 16895
max_us = 2294360
ops = 153064745
errors = 0
elapsed_s = 300.000
ops_per_sec = 510215
p50_us = 191
p99_us = 927
p999_us = 7167
p9999_us = 21503
max_us = 1569944
ops = 160892701
errors = 0
elapsed_s = 300.000
ops_per_sec = 536308
p50_us = 187
p99_us = 831
p999_us = 6271
p9999_us = 12031
max_us = 1246383
ops = 145156014
errors = 0
elapsed_s = 300.000
ops_per_sec = 483853
p50_us = 199
p99_us = 991
p999_us = 7423
p9999_us = 19455
max_us = 1472538
ops = 148568440
errors = 0
elapsed_s = 300.000
ops_per_sec = 495228
p50_us = 207
p99_us = 943
p999_us = 7039
p9999_us = 11007
max_us = 857168
ops = 156032237
errors = 0
elapsed_s = 300.000
ops_per_sec = 520107
p50_us = 191
p99_us = 879
p999_us = 7039
p9999_us = 17407
max_us = 1612368
ops = 130835491
errors = 0
elapsed_s = 300.000
ops_per_sec = 436118
p50_us = 227
p99_us = 1151
p999_us = 8063
p9999_us = 36863
max_us = 801560
ops = 161139402
errors = 0
elapsed_s = 300.000
ops_per_sec = 537131
p50_us = 187
p99_us = 831
p999_us = 6783
p9999_us = 11519
max_us = 1425510
ops = 135151257
errors = 0
elapsed_s = 300.001
ops_per_sec = 450503
p50_us = 223
p99_us = 1055
p999_us = 7423
p9999_us = 27135
max_us = 1441433
ops = 157040078
errors = 0
elapsed_s = 300.000
ops_per_sec = 523466
p50_us = 187
p99_us = 863
p999_us = 6527
p9999_us = 12799
max_us = 2051774
ops = 153036114
errors = 0
elapsed_s = 300.000
ops_per_sec = 510120
p50_us = 199
p99_us = 879
p999_us = 6527
p9999_us = 11519
max_us = 1109842
ops = 134981442
errors = 0
elapsed_s = 300.002
ops_per_sec = 449935
p50_us = 219
p99_us = 1087
p999_us = 7807
p9999_us = 32255
max_us = 1321092
ops = 165746190
errors = 0
elapsed_s = 300.000
ops_per_sec = 552487
p50_us = 171
p99_us = 799
p999_us = 6655
p9999_us = 14591
max_us = 2690341
ops = 143388513
errors = 0
elapsed_s = 300.001
ops_per_sec = 477961
p50_us = 211
p99_us = 991
p999_us = 7295
p9999_us = 12799
max_us = 523691
ops = 148582499
errors = 0
elapsed_s = 300.000
ops_per_sec = 495274
p50_us = 199
p99_us = 895
p999_us = 6783
p9999_us = 15871
max_us = 2049423
ops = 147301020
errors = 0
elapsed_s = 300.000
ops_per_sec = 491003
p50_us = 207
p99_us = 911
p999_us = 6911
p9999_us = 12543
max_us = 1296425
ops = 138749739
errors = 0
elapsed_s = 300.001
ops_per_sec = 462498
p50_us = 207
p99_us = 1023
p999_us = 7807
p9999_us = 45055
max_us = 859863
ops = 142334036
errors = 0
elapsed_s = 300.001
ops_per_sec = 474446
p50_us = 211
p99_us = 943
p999_us = 7295
p9999_us = 16383
max_us = 1056413
ops = 149631072
errors = 0
elapsed_s = 300.001
ops_per_sec = 498769
p50_us = 203
p99_us = 895
p999_us = 7039
p9999_us = 11775
max_us = 946687
ops = 151908245
errors = 0
elapsed_s = 300.000
ops_per_sec = 506360
p50_us = 199
p99_us = 895
p999_us = 6911
p9999_us = 14591
max_us = 387653
ops = 151159098
errors = 0
elapsed_s = 300.000
ops_per_sec = 503863
p50_us = 199
p99_us = 863
p999_us = 6399
p9999_us = 10751
max_us = 2118154
ops = 137358307
errors = 0
elapsed_s = 300.000
ops_per_sec = 457860
p50_us = 211
p99_us = 1023
p999_us = 8063
p9999_us = 35839
max_us = 1165505
ops = 144040446
errors = 0
elapsed_s = 300.000
ops_per_sec = 480134
p50_us = 203
p99_us = 975
p999_us = 7039
p9999_us = 28671
max_us = 1370998
ops = 169175641
errors = 0
elapsed_s = 300.000
ops_per_sec = 563918
p50_us = 171
p99_us = 799
p999_us = 6527
p9999_us = 11519
max_us = 1784199
ops = 155784559
errors = 0
elapsed_s = 300.000
ops_per_sec = 519281
p50_us = 195
p99_us = 863
p999_us = 6783
p9999_us = 13823
max_us = 742559
ops = 150194902
errors = 0
elapsed_s = 300.000
ops_per_sec = 500649
p50_us = 207
p99_us = 879
p999_us = 6783
p9999_us = 11775
max_us = 481580
ops = 140266340
errors = 0
elapsed_s = 300.000
ops_per_sec = 467554
p50_us = 207
p99_us = 1055
p999_us = 8063
p9999_us = 30207
max_us = 622949
ops = 163660853
errors = 0
elapsed_s = 300.115
ops_per_sec = 545328
p50_us = 179
p99_us = 847
p999_us = 6911
p9999_us = 14079
max_us = 1156503
ops = 160993075
errors = 0
elapsed_s = 300.000
ops_per_sec = 536643
p50_us = 187
p99_us = 863
p999_us = 6527
p9999_us = 11519
max_us = 609814
ops = 155382031
errors = 0
elapsed_s = 300.000
ops_per_sec = 517939
p50_us = 195
p99_us = 895
p999_us = 6527
p9999_us = 11007
max_us = 813625
ops = 161559732
errors = 0
elapsed_s = 300.006
ops_per_sec = 538522
p50_us = 191
p99_us = 815
p999_us = 6271
p9999_us = 10239
max_us = 642564
ops = 127702935
errors = 0
elapsed_s = 300.001
ops_per_sec = 425676
p50_us = 227
p99_us = 1119
p999_us = 8063
p9999_us = 36863
max_us = 1555262
ops = 151957747
errors = 0
elapsed_s = 300.000
ops_per_sec = 506525
p50_us = 191
p99_us = 911
p999_us = 7039
p9999_us = 16127
max_us = 1414627
ops = 151681631
errors = 0
elapsed_s = 300.000
ops_per_sec = 505605
p50_us = 191
p99_us = 895
p999_us = 7039
p9999_us = 22527
max_us = 1227073
ops = 150413102
errors = 0
elapsed_s = 300.000
ops_per_sec = 501376
p50_us = 199
p99_us = 879
p999_us = 6783
p9999_us = 12799
max_us = 1097963
ops = 166824825
errors = 0
elapsed_s = 300.000
ops_per_sec = 556082
p50_us = 183
p99_us = 815
p999_us = 6143
p9999_us = 10239
max_us = 1148420
ops = 138273007
errors = 0
elapsed_s = 300.000
ops_per_sec = 460909
p50_us = 211
p99_us = 1007
p999_us = 7935
p9999_us = 30719
max_us = 714542
ops = 144764112
errors = 0
elapsed_s = 300.004
ops_per_sec = 482541
p50_us = 211
p99_us = 927
p999_us = 7167
p9999_us = 15615
max_us = 1292830
ops = 156081028
errors = 0
elapsed_s = 300.000
ops_per_sec = 520269
p50_us = 183
p99_us = 847
p999_us = 6911
p9999_us = 16895
max_us = 2783070
ops = 170127031
errors = 0
elapsed_s = 300.011
ops_per_sec = 567070
p50_us = 179
p99_us = 783
p999_us = 6143
p9999_us = 10751
max_us = 1706870
ops = 158550685
errors = 0
elapsed_s = 300.000
ops_per_sec = 528502
p50_us = 195
p99_us = 863
p999_us = 6271
p9999_us = 10239
max_us = 328252
ops = 148443378
errors = 0
elapsed_s = 300.000
ops_per_sec = 494811
p50_us = 203
p99_us = 927
p999_us = 6655
p9999_us = 11775
max_us = 1228381
ops = 162152133
errors = 0
elapsed_s = 300.000
ops_per_sec = 540506
p50_us = 187
p99_us = 847
p999_us = 6271
p9999_us = 11007
max_us = 1107788
inf-bench: read: Connection reset by peer (os error 104)
